[2023-07-04T04:49:09.116+0000][14837][gc] Using G1
[2023-07-04T04:49:09.255+0000][14837][gc,init] Version: 17.0.7+7 (release)
[2023-07-04T04:49:09.255+0000][14837][gc,init] CPUs: 4 total, 4 available
[2023-07-04T04:49:09.255+0000][14837][gc,init] Memory: 15837M
[2023-07-04T04:49:09.255+0000][14837][gc,init] Large Page Support: Disabled
[2023-07-04T04:49:09.255+0000][14837][gc,init] NUMA Support: Disabled
[2023-07-04T04:49:09.255+0000][14837][gc,init] Compressed Oops: Enabled (32-bit)
[2023-07-04T04:49:09.255+0000][14837][gc,init] Heap Region Size: 1M
[2023-07-04T04:49:09.255+0000][14837][gc,init] Heap Min Capacity: 1G
[2023-07-04T04:49:09.255+0000][14837][gc,init] Heap Initial Capacity: 1G
[2023-07-04T04:49:09.255+0000][14837][gc,init] Heap Max Capacity: 1G
[2023-07-04T04:49:09.255+0000][14837][gc,init] Pre-touch: Enabled
[2023-07-04T04:49:09.255+0000][14837][gc,init] Parallel Workers: 4
[2023-07-04T04:49:09.255+0000][14837][gc,init] Concurrent Workers: 1
[2023-07-04T04:49:09.255+0000][14837][gc,init] Concurrent Refinement Workers: 4
[2023-07-04T04:49:09.255+0000][14837][gc,init] Periodic GC: Disabled
[2023-07-04T04:49:09.256+0000][14837][gc,metaspace] CDS archive(s) mapped at: [0x0000000800000000-0x0000000800be1000-0x0000000800be1000), size 12455936, SharedBaseAddress: 0x0000000800000000, ArchiveRelocationMode: 0.
[2023-07-04T04:49:09.256+0000][14837][gc,metaspace] Compressed class space mapped at: 0x0000000801000000-0x0000000841000000, reserved size: 1073741824
[2023-07-04T04:49:09.256+0000][14837][gc,metaspace] Narrow klass base: 0x0000000800000000, Narrow klass shift: 0, Narrow klass range: 0x100000000
[2023-07-04T04:49:09.600+0000][14837][safepoint   ] Safepoint "ICBufferFull", Time since last: 338972855 ns, Reaching safepoint: 172706 ns, At safepoint: 4163 ns, Total: 176869 ns
[2023-07-04T04:49:10.001+0000][14837][safepoint   ] Safepoint "ICBufferFull", Time since last: 401575085 ns, Reaching safepoint: 126943 ns, At safepoint: 5388 ns, Total: 132331 ns
[2023-07-04T04:49:10.058+0000][14837][gc,start    ] GC(0) Pause Young (Normal) (G1 Evacuation Pause)
[2023-07-04T04:49:10.058+0000][14837][gc,task     ] GC(0) Using 4 workers of 4 for evacuation
[2023-07-04T04:49:10.058+0000][14837][gc,age      ] GC(0) Desired survivor size 3670016 bytes, new threshold 15 (max threshold 15)
[2023-07-04T04:49:10.063+0000][14837][gc,age      ] GC(0) Age table with threshold 15 (max threshold 15)
[2023-07-04T04:49:10.063+0000][14837][gc,age      ] GC(0) - age   1:    7245384 bytes,    7245384 total
[2023-07-04T04:49:10.063+0000][14837][gc,phases   ] GC(0)   Pre Evacuate Collection Set: 0.1ms
[2023-07-04T04:49:10.063+0000][14837][gc,phases   ] GC(0)   Merge Heap Roots: 0.1ms
[2023-07-04T04:49:10.063+0000][14837][gc,phases   ] GC(0)   Evacuate Collection Set: 4.4ms
[2023-07-04T04:49:10.063+0000][14837][gc,phases   ] GC(0)   Post Evacuate Collection Set: 0.7ms
[2023-07-04T04:49:10.063+0000][14837][gc,phases   ] GC(0)   Other: 0.2ms
[2023-07-04T04:49:10.063+0000][14837][gc,heap     ] GC(0) Eden regions: 51->0(44)
[2023-07-04T04:49:10.063+0000][14837][gc,heap     ] GC(0) Survivor regions: 0->7(7)
[2023-07-04T04:49:10.063+0000][14837][gc,heap     ] GC(0) Old regions: 0->1
[2023-07-04T04:49:10.063+0000][14837][gc,heap     ] GC(0) Archive regions: 2->2
[2023-07-04T04:49:10.063+0000][14837][gc,heap     ] GC(0) Humongous regions: 1->1
[2023-07-04T04:49:10.063+0000][14837][gc,metaspace] GC(0) Metaspace: 14107K(14336K)->14107K(14336K) NonClass: 12359K(12480K)->12359K(12480K) Class: 1747K(1856K)->1747K(1856K)
[2023-07-04T04:49:10.063+0000][14837][gc          ] GC(0) Pause Young (Normal) (G1 Evacuation Pause) 52M->9M(1024M) 5.539ms
[2023-07-04T04:49:10.063+0000][14837][gc,cpu      ] GC(0) User=0.02s Sys=0.00s Real=0.01s
[2023-07-04T04:49:10.063+0000][14837][safepoint   ] Safepoint "G1CollectForAllocation", Time since last: 56293793 ns, Reaching safepoint: 68195 ns, At safepoint: 5633133 ns, Total: 5701328 ns
[2023-07-04T04:49:10.227+0000][14837][gc,start    ] GC(1) Pause Young (Normal) (G1 Evacuation Pause)
[2023-07-04T04:49:10.227+0000][14837][gc,task     ] GC(1) Using 4 workers of 4 for evacuation
[2023-07-04T04:49:10.227+0000][14837][gc,age      ] GC(1) Desired survivor size 3670016 bytes, new threshold 1 (max threshold 15)
[2023-07-04T04:49:10.232+0000][14837][gc,age      ] GC(1) Age table with threshold 1 (max threshold 15)
[2023-07-04T04:49:10.232+0000][14837][gc,age      ] GC(1) - age   1:    1078128 bytes,    1078128 total
[2023-07-04T04:49:10.232+0000][14837][gc,phases   ] GC(1)   Pre Evacuate Collection Set: 0.1ms
[2023-07-04T04:49:10.232+0000][14837][gc,phases   ] GC(1)   Merge Heap Roots: 0.0ms
[2023-07-04T04:49:10.232+0000][14837][gc,phases   ] GC(1)   Evacuate Collection Set: 4.9ms
[2023-07-04T04:49:10.232+0000][14837][gc,phases   ] GC(1)   Post Evacuate Collection Set: 0.4ms
[2023-07-04T04:49:10.232+0000][14837][gc,phases   ] GC(1)   Other: 0.1ms
[2023-07-04T04:49:10.232+0000][14837][gc,heap     ] GC(1) Eden regions: 44->0(63)
[2023-07-04T04:49:10.232+0000][14837][gc,heap     ] GC(1) Survivor regions: 7->2(7)
[2023-07-04T04:49:10.232+0000][14837][gc,heap     ] GC(1) Old regions: 1->6
[2023-07-04T04:49:10.232+0000][14837][gc,heap     ] GC(1) Archive regions: 2->2
[2023-07-04T04:49:10.232+0000][14837][gc,heap     ] GC(1) Humongous regions: 1->1
[2023-07-04T04:49:10.232+0000][14837][gc,metaspace] GC(1) Metaspace: 14864K(15168K)->14864K(15168K) NonClass: 13055K(13248K)->13055K(13248K) Class: 1808K(1920K)->1808K(1920K)
[2023-07-04T04:49:10.232+0000][14837][gc          ] GC(1) Pause Young (Normal) (G1 Evacuation Pause) 53M->8M(1024M) 5.620ms
[2023-07-04T04:49:10.232+0000][14837][gc,cpu      ] GC(1) User=0.02s Sys=0.00s Real=0.01s
[2023-07-04T04:49:10.232+0000][14837][safepoint   ] Safepoint "G1CollectForAllocation", Time since last: 163237424 ns, Reaching safepoint: 86393 ns, At safepoint: 5681576 ns, Total: 5767969 ns
[2023-07-04T04:49:10.344+0000][14837][gc,start    ] GC(2) Pause Young (Normal) (G1 Evacuation Pause)
[2023-07-04T04:49:10.344+0000][14837][gc,task     ] GC(2) Using 4 workers of 4 for evacuation
[2023-07-04T04:49:10.344+0000][14837][gc,age      ] GC(2) Desired survivor size 4718592 bytes, new threshold 15 (max threshold 15)
[2023-07-04T04:49:10.346+0000][14837][gc,age      ] GC(2) Age table with threshold 15 (max threshold 15)
[2023-07-04T04:49:10.346+0000][14837][gc,age      ] GC(2) - age   1:     471424 bytes,     471424 total
[2023-07-04T04:49:10.346+0000][14837][gc,age      ] GC(2) - age   2:    1068064 bytes,    1539488 total
[2023-07-04T04:49:10.346+0000][14837][gc,phases   ] GC(2)   Pre Evacuate Collection Set: 0.1ms
[2023-07-04T04:49:10.346+0000][14837][gc,phases   ] GC(2)   Merge Heap Roots: 0.1ms
[2023-07-04T04:49:10.346+0000][14837][gc,phases   ] GC(2)   Evacuate Collection Set: 1.7ms
[2023-07-04T04:49:10.346+0000][14837][gc,phases   ] GC(2)   Post Evacuate Collection Set: 0.3ms
[2023-07-04T04:49:10.346+0000][14837][gc,phases   ] GC(2)   Other: 0.1ms
[2023-07-04T04:49:10.346+0000][14837][gc,heap     ] GC(2) Eden regions: 63->0(612)
[2023-07-04T04:49:10.346+0000][14837][gc,heap     ] GC(2) Survivor regions: 2->2(9)
[2023-07-04T04:49:10.346+0000][14837][gc,heap     ] GC(2) Old regions: 6->6
[2023-07-04T04:49:10.346+0000][14837][gc,heap     ] GC(2) Archive regions: 2->2
[2023-07-04T04:49:10.346+0000][14837][gc,heap     ] GC(2) Humongous regions: 1->1
[2023-07-04T04:49:10.346+0000][14837][gc,metaspace] GC(2) Metaspace: 15988K(16256K)->15988K(16256K) NonClass: 14035K(14208K)->14035K(14208K) Class: 1952K(2048K)->1952K(2048K)
[2023-07-04T04:49:10.346+0000][14837][gc          ] GC(2) Pause Young (Normal) (G1 Evacuation Pause) 71M->9M(1024M) 2.383ms
[2023-07-04T04:49:10.346+0000][14837][gc,cpu      ] GC(2) User=0.01s Sys=0.00s Real=0.00s
[2023-07-04T04:49:10.346+0000][14837][safepoint   ] Safepoint "G1CollectForAllocation", Time since last: 111359530 ns, Reaching safepoint: 72371 ns, At safepoint: 2438000 ns, Total: 2510371 ns
[2023-07-04T04:49:10.799+0000][14837][safepoint   ] Safepoint "ICBufferFull", Time since last: 452705094 ns, Reaching safepoint: 108159 ns, At safepoint: 4338 ns, Total: 112497 ns
[2023-07-04T04:49:10.962+0000][14837][gc,start    ] GC(3) Pause Young (Normal) (G1 Evacuation Pause)
[2023-07-04T04:49:10.962+0000][14837][gc,task     ] GC(3) Using 4 workers of 4 for evacuation
[2023-07-04T04:49:10.962+0000][14837][gc,age      ] GC(3) Desired survivor size 40370176 bytes, new threshold 15 (max threshold 15)
[2023-07-04T04:49:10.966+0000][14837][gc,age      ] GC(3) Age table with threshold 15 (max threshold 15)
[2023-07-04T04:49:10.966+0000][14837][gc,age      ] GC(3) - age   1:    7011176 bytes,    7011176 total
[2023-07-04T04:49:10.966+0000][14837][gc,age      ] GC(3) - age   2:     265184 bytes,    7276360 total
[2023-07-04T04:49:10.966+0000][14837][gc,age      ] GC(3) - age   3:    1067968 bytes,    8344328 total
[2023-07-04T04:49:10.966+0000][14837][gc,phases   ] GC(3)   Pre Evacuate Collection Set: 0.1ms
[2023-07-04T04:49:10.966+0000][14837][gc,phases   ] GC(3)   Merge Heap Roots: 0.1ms
[2023-07-04T04:49:10.966+0000][14837][gc,phases   ] GC(3)   Evacuate Collection Set: 2.7ms
[2023-07-04T04:49:10.966+0000][14837][gc,phases   ] GC(3)   Post Evacuate Collection Set: 0.6ms
[2023-07-04T04:49:10.966+0000][14837][gc,phases   ] GC(3)   Other: 0.2ms
[2023-07-04T04:49:10.966+0000][14837][gc,heap     ] GC(3) Eden regions: 612->0(605)
[2023-07-04T04:49:10.966+0000][14837][gc,heap     ] GC(3) Survivor regions: 2->9(77)
[2023-07-04T04:49:10.966+0000][14837][gc,heap     ] GC(3) Old regions: 6->6
[2023-07-04T04:49:10.966+0000][14837][gc,heap     ] GC(3) Archive regions: 2->2
[2023-07-04T04:49:10.966+0000][14837][gc,heap     ] GC(3) Humongous regions: 4->1
[2023-07-04T04:49:10.966+0000][14837][gc,metaspace] GC(3) Metaspace: 17333K(17664K)->17333K(17664K) NonClass: 15213K(15424K)->15213K(15424K) Class: 2120K(2240K)->2120K(2240K)
[2023-07-04T04:49:10.966+0000][14837][gc          ] GC(3) Pause Young (Normal) (G1 Evacuation Pause) 624M->15M(1024M) 3.836ms
[2023-07-04T04:49:10.966+0000][14837][gc,cpu      ] GC(3) User=0.01s Sys=0.00s Real=0.00s
[2023-07-04T04:49:10.966+0000][14837][safepoint   ] Safepoint "G1CollectForAllocation", Time since last: 163155743 ns, Reaching safepoint: 98080 ns, At safepoint: 3882074 ns, Total: 3980154 ns
[2023-07-04T04:49:11.103+0000][14837][gc,start    ] GC(4) Pause Young (Concurrent Start) (Metadata GC Threshold)
[2023-07-04T04:49:11.103+0000][14837][gc,task     ] GC(4) Using 4 workers of 4 for evacuation
[2023-07-04T04:49:11.103+0000][14837][gc,age      ] GC(4) Desired survivor size 40370176 bytes, new threshold 15 (max threshold 15)
[2023-07-04T04:49:11.108+0000][14837][gc,age      ] GC(4) Age table with threshold 15 (max threshold 15)
[2023-07-04T04:49:11.108+0000][14837][gc,age      ] GC(4) - age   1:     525624 bytes,     525624 total
[2023-07-04T04:49:11.108+0000][14837][gc,age      ] GC(4) - age   2:    6943528 bytes,    7469152 total
[2023-07-04T04:49:11.108+0000][14837][gc,age      ] GC(4) - age   3:     265184 bytes,    7734336 total
[2023-07-04T04:49:11.108+0000][14837][gc,age      ] GC(4) - age   4:    1067808 bytes,    8802144 total
[2023-07-04T04:49:11.108+0000][14837][gc,phases   ] GC(4)   Pre Evacuate Collection Set: 0.1ms
[2023-07-04T04:49:11.108+0000][14837][gc,phases   ] GC(4)   Merge Heap Roots: 0.0ms
[2023-07-04T04:49:11.108+0000][14837][gc,phases   ] GC(4)   Evacuate Collection Set: 4.3ms
[2023-07-04T04:49:11.108+0000][14837][gc,phases   ] GC(4)   Post Evacuate Collection Set: 0.4ms
[2023-07-04T04:49:11.108+0000][14837][gc,phases   ] GC(4)   Other: 0.2ms
[2023-07-04T04:49:11.108+0000][14837][gc,heap     ] GC(4) Eden regions: 15->0(605)
[2023-07-04T04:49:11.108+0000][14837][gc,heap     ] GC(4) Survivor regions: 9->9(77)
[2023-07-04T04:49:11.108+0000][14837][gc,heap     ] GC(4) Old regions: 6->6
[2023-07-04T04:49:11.108+0000][14837][gc,heap     ] GC(4) Archive regions: 2->2
[2023-07-04T04:49:11.108+0000][14837][gc,heap     ] GC(4) Humongous regions: 1->1
[2023-07-04T04:49:11.108+0000][14837][gc,metaspace] GC(4) Metaspace: 21198K(21504K)->21198K(21504K) NonClass: 18634K(18816K)->18634K(18816K) Class: 2563K(2688K)->2563K(2688K)
[2023-07-04T04:49:11.108+0000][14837][gc          ] GC(4) Pause Young (Concurrent Start) (Metadata GC Threshold) 30M->16M(1024M) 5.033ms
[2023-07-04T04:49:11.108+0000][14837][gc,cpu      ] GC(4) User=0.02s Sys=0.00s Real=0.00s
[2023-07-04T04:49:11.108+0000][14837][gc          ] GC(5) Concurrent Mark Cycle
[2023-07-04T04:49:11.108+0000][14837][gc,marking  ] GC(5) Concurrent Clear Claimed Marks
[2023-07-04T04:49:11.108+0000][14837][safepoint   ] Safepoint "CollectForMetadataAllocation", Time since last: 136812713 ns, Reaching safepoint: 129919 ns, At safepoint: 5141325 ns, Total: 5271244 ns
[2023-07-04T04:49:11.108+0000][14837][gc,marking  ] GC(5) Concurrent Clear Claimed Marks 0.024ms
[2023-07-04T04:49:11.108+0000][14837][gc,marking  ] GC(5) Concurrent Scan Root Regions
[2023-07-04T04:49:11.110+0000][14837][gc,marking  ] GC(5) Concurrent Scan Root Regions 1.923ms
[2023-07-04T04:49:11.110+0000][14837][gc,marking  ] GC(5) Concurrent Mark
[2023-07-04T04:49:11.110+0000][14837][gc,marking  ] GC(5) Concurrent Mark From Roots
[2023-07-04T04:49:11.110+0000][14837][gc,task     ] GC(5) Using 1 workers of 1 for marking
[2023-07-04T04:49:11.119+0000][14837][gc,marking  ] GC(5) Concurrent Mark From Roots 9.023ms
[2023-07-04T04:49:11.119+0000][14837][gc,marking  ] GC(5) Concurrent Preclean
[2023-07-04T04:49:11.119+0000][14837][gc,marking  ] GC(5) Concurrent Preclean 0.122ms
[2023-07-04T04:49:11.119+0000][14837][gc,start    ] GC(5) Pause Remark
[2023-07-04T04:49:11.122+0000][14837][gc          ] GC(5) Pause Remark 16M->16M(1024M) 2.414ms
[2023-07-04T04:49:11.122+0000][14837][gc,cpu      ] GC(5) User=0.01s Sys=0.00s Real=0.01s
[2023-07-04T04:49:11.122+0000][14837][safepoint   ] Safepoint "G1Concurrent", Time since last: 11174512 ns, Reaching safepoint: 89240 ns, At safepoint: 2469503 ns, Total: 2558743 ns
[2023-07-04T04:49:11.122+0000][14837][gc,marking  ] GC(5) Concurrent Mark 11.780ms
[2023-07-04T04:49:11.122+0000][14837][gc,marking  ] GC(5) Concurrent Rebuild Remembered Sets
[2023-07-04T04:49:11.129+0000][14837][gc,marking  ] GC(5) Concurrent Rebuild Remembered Sets 7.230ms
[2023-07-04T04:49:11.129+0000][14837][gc,start    ] GC(5) Pause Cleanup
[2023-07-04T04:49:11.130+0000][14837][gc          ] GC(5) Pause Cleanup 17M->17M(1024M) 0.110ms
[2023-07-04T04:49:11.130+0000][14837][gc,cpu      ] GC(5) User=0.00s Sys=0.00s Real=0.00s
[2023-07-04T04:49:11.130+0000][14837][safepoint   ] Safepoint "G1Concurrent", Time since last: 7305511 ns, Reaching safepoint: 221058 ns, At safepoint: 137684 ns, Total: 358742 ns
[2023-07-04T04:49:11.130+0000][14837][gc,marking  ] GC(5) Concurrent Cleanup for Next Mark
[2023-07-04T04:49:11.131+0000][14837][gc,marking  ] GC(5) Concurrent Cleanup for Next Mark 1.890ms
[2023-07-04T04:49:11.132+0000][14837][gc          ] GC(5) Concurrent Mark Cycle 23.374ms
[2023-07-04T04:49:11.941+0000][14837][safepoint   ] Safepoint "ICBufferFull", Time since last: 811131505 ns, Reaching safepoint: 138624 ns, At safepoint: 5741 ns, Total: 144365 ns
[2023-07-04T04:49:12.285+0000][14837][gc,start    ] GC(6) Pause Young (Prepare Mixed) (G1 Evacuation Pause)
[2023-07-04T04:49:12.285+0000][14837][gc,task     ] GC(6) Using 4 workers of 4 for evacuation
[2023-07-04T04:49:12.285+0000][14837][gc,age      ] GC(6) Desired survivor size 40370176 bytes, new threshold 15 (max threshold 15)
[2023-07-04T04:49:12.294+0000][14837][gc,age      ] GC(6) Age table with threshold 15 (max threshold 15)
[2023-07-04T04:49:12.294+0000][14837][gc,age      ] GC(6) - age   1:   20017232 bytes,   20017232 total
[2023-07-04T04:49:12.294+0000][14837][gc,age      ] GC(6) - age   2:     508160 bytes,   20525392 total
[2023-07-04T04:49:12.294+0000][14837][gc,age      ] GC(6) - age   3:    6934520 bytes,   27459912 total
[2023-07-04T04:49:12.294+0000][14837][gc,age      ] GC(6) - age   4:     245360 bytes,   27705272 total
[2023-07-04T04:49:12.294+0000][14837][gc,age      ] GC(6) - age   5:    1059296 bytes,   28764568 total
[2023-07-04T04:49:12.294+0000][14837][gc,phases   ] GC(6)   Pre Evacuate Collection Set: 0.1ms
[2023-07-04T04:49:12.294+0000][14837][gc,phases   ] GC(6)   Merge Heap Roots: 0.1ms
[2023-07-04T04:49:12.294+0000][14837][gc,phases   ] GC(6)   Evacuate Collection Set: 7.7ms
[2023-07-04T04:49:12.294+0000][14837][gc,phases   ] GC(6)   Post Evacuate Collection Set: 1.1ms
[2023-07-04T04:49:12.294+0000][14837][gc,phases   ] GC(6)   Other: 0.1ms
[2023-07-04T04:49:12.294+0000][14837][gc,heap     ] GC(6) Eden regions: 605->0(21)
[2023-07-04T04:49:12.294+0000][14837][gc,heap     ] GC(6) Survivor regions: 9->30(77)
[2023-07-04T04:49:12.294+0000][14837][gc,heap     ] GC(6) Old regions: 6->6
[2023-07-04T04:49:12.294+0000][14837][gc,heap     ] GC(6) Archive regions: 2->2
[2023-07-04T04:49:12.294+0000][14837][gc,heap     ] GC(6) Humongous regions: 10->1
[2023-07-04T04:49:12.294+0000][14837][gc,metaspace] GC(6) Metaspace: 31877K(32320K)->31877K(32320K) NonClass: 28011K(28288K)->28011K(28288K) Class: 3865K(4032K)->3865K(4032K)
[2023-07-04T04:49:12.294+0000][14837][gc          ] GC(6) Pause Young (Prepare Mixed) (G1 Evacuation Pause) 630M->37M(1024M) 9.207ms
[2023-07-04T04:49:12.294+0000][14837][gc,cpu      ] GC(6) User=0.03s Sys=0.00s Real=0.01s
[2023-07-04T04:49:12.294+0000][14837][safepoint   ] Safepoint "G1CollectForAllocation", Time since last: 343855925 ns, Reaching safepoint: 116333 ns, At safepoint: 9258894 ns, Total: 9375227 ns
[2023-07-04T04:49:12.312+0000][14837][gc,start    ] GC(7) Pause Young (Mixed) (G1 Evacuation Pause)
[2023-07-04T04:49:12.312+0000][14837][gc,task     ] GC(7) Using 4 workers of 4 for evacuation
[2023-07-04T04:49:12.312+0000][14837][gc,age      ] GC(7) Desired survivor size 3670016 bytes, new threshold 1 (max threshold 15)
[2023-07-04T04:49:12.321+0000][14837][gc,age      ] GC(7) Age table with threshold 1 (max threshold 15)
[2023-07-04T04:49:12.321+0000][14837][gc,age      ] GC(7) - age   1:     244784 bytes,     244784 total
[2023-07-04T04:49:12.321+0000][14837][gc,phases   ] GC(7)   Pre Evacuate Collection Set: 0.1ms
[2023-07-04T04:49:12.321+0000][14837][gc,phases   ] GC(7)   Merge Heap Roots: 0.1ms
[2023-07-04T04:49:12.321+0000][14837][gc,phases   ] GC(7)   Evacuate Collection Set: 7.8ms
[2023-07-04T04:49:12.321+0000][14837][gc,phases   ] GC(7)   Post Evacuate Collection Set: 0.6ms
[2023-07-04T04:49:12.321+0000][14837][gc,phases   ] GC(7)   Other: 0.1ms
[2023-07-04T04:49:12.321+0000][14837][gc,heap     ] GC(7) Eden regions: 21->0(612)
[2023-07-04T04:49:12.321+0000][14837][gc,heap     ] GC(7) Survivor regions: 30->2(7)
[2023-07-04T04:49:12.321+0000][14837][gc,heap     ] GC(7) Old regions: 6->34
[2023-07-04T04:49:12.321+0000][14837][gc,heap     ] GC(7) Archive regions: 2->2
[2023-07-04T04:49:12.321+0000][14837][gc,heap     ] GC(7) Humongous regions: 1->1
[2023-07-04T04:49:12.321+0000][14837][gc,metaspace] GC(7) Metaspace: 31897K(32320K)->31897K(32320K) NonClass: 28029K(28288K)->28029K(28288K) Class: 3868K(4032K)->3868K(4032K)
[2023-07-04T04:49:12.321+0000][14837][gc          ] GC(7) Pause Young (Mixed) (G1 Evacuation Pause) 58M->37M(1024M) 8.818ms
[2023-07-04T04:49:12.321+0000][14837][gc,cpu      ] GC(7) User=0.03s Sys=0.00s Real=0.00s
[2023-07-04T04:49:12.321+0000][14837][safepoint   ] Safepoint "G1CollectForAllocation", Time since last: 17744753 ns, Reaching safepoint: 62019 ns, At safepoint: 8865229 ns, Total: 8927248 ns
[2023-07-04T04:49:12.618+0000][14837][gc,start    ] GC(8) Pause Young (Concurrent Start) (Metadata GC Threshold)
[2023-07-04T04:49:12.618+0000][14837][gc,task     ] GC(8) Using 4 workers of 4 for evacuation
[2023-07-04T04:49:12.618+0000][14837][gc,age      ] GC(8) Desired survivor size 40370176 bytes, new threshold 15 (max threshold 15)
[2023-07-04T04:49:12.621+0000][14837][gc,age      ] GC(8) Age table with threshold 15 (max threshold 15)
[2023-07-04T04:49:12.621+0000][14837][gc,age      ] GC(8) - age   1:    4248192 bytes,    4248192 total
[2023-07-04T04:49:12.621+0000][14837][gc,age      ] GC(8) - age   2:     235752 bytes,    4483944 total
[2023-07-04T04:49:12.621+0000][14837][gc,phases   ] GC(8)   Pre Evacuate Collection Set: 0.2ms
[2023-07-04T04:49:12.621+0000][14837][gc,phases   ] GC(8)   Merge Heap Roots: 0.1ms
[2023-07-04T04:49:12.621+0000][14837][gc,phases   ] GC(8)   Evacuate Collection Set: 2.1ms
[2023-07-04T04:49:12.621+0000][14837][gc,phases   ] GC(8)   Post Evacuate Collection Set: 0.3ms
[2023-07-04T04:49:12.621+0000][14837][gc,phases   ] GC(8)   Other: 0.2ms
[2023-07-04T04:49:12.621+0000][14837][gc,heap     ] GC(8) Eden regions: 109->0(609)
[2023-07-04T04:49:12.621+0000][14837][gc,heap     ] GC(8) Survivor regions: 2->5(77)
[2023-07-04T04:49:12.621+0000][14837][gc,heap     ] GC(8) Old regions: 34->34
[2023-07-04T04:49:12.621+0000][14837][gc,heap     ] GC(8) Archive regions: 2->2
[2023-07-04T04:49:12.621+0000][14837][gc,heap     ] GC(8) Humongous regions: 4->1
[2023-07-04T04:49:12.621+0000][14837][gc,metaspace] GC(8) Metaspace: 35874K(36416K)->35874K(36416K) NonClass: 31478K(31808K)->31478K(31808K) Class: 4396K(4608K)->4396K(4608K)
[2023-07-04T04:49:12.621+0000][14837][gc          ] GC(8) Pause Young (Concurrent Start) (Metadata GC Threshold) 148M->39M(1024M) 2.986ms
[2023-07-04T04:49:12.621+0000][14837][gc,cpu      ] GC(8) User=0.01s Sys=0.01s Real=0.01s
[2023-07-04T04:49:12.621+0000][14837][gc          ] GC(9) Concurrent Mark Cycle
[2023-07-04T04:49:12.621+0000][14837][gc,marking  ] GC(9) Concurrent Clear Claimed Marks
[2023-07-04T04:49:12.621+0000][14837][gc,marking  ] GC(9) Concurrent Clear Claimed Marks 0.025ms
[2023-07-04T04:49:12.621+0000][14837][gc,marking  ] GC(9) Concurrent Scan Root Regions
[2023-07-04T04:49:12.621+0000][14837][safepoint   ] Safepoint "CollectForMetadataAllocation", Time since last: 297233175 ns, Reaching safepoint: 188213 ns, At safepoint: 3114002 ns, Total: 3302215 ns
[2023-07-04T04:49:12.622+0000][14837][gc,marking  ] GC(9) Concurrent Scan Root Regions 1.020ms
[2023-07-04T04:49:12.622+0000][14837][gc,marking  ] GC(9) Concurrent Mark
[2023-07-04T04:49:12.622+0000][14837][gc,marking  ] GC(9) Concurrent Mark From Roots
[2023-07-04T04:49:12.622+0000][14837][gc,task     ] GC(9) Using 1 workers of 1 for marking
[2023-07-04T04:49:12.640+0000][14837][safepoint   ] Safepoint "CollectForMetadataAllocation", Time since last: 18003622 ns, Reaching safepoint: 149700 ns, At safepoint: 47400 ns, Total: 197100 ns
[2023-07-04T04:49:12.643+0000][14837][safepoint   ] Safepoint "CollectForMetadataAllocation", Time since last: 3021298 ns, Reaching safepoint: 154464 ns, At safepoint: 66087 ns, Total: 220551 ns
[2023-07-04T04:49:12.647+0000][14837][safepoint   ] Safepoint "CollectForMetadataAllocation", Time since last: 3958643 ns, Reaching safepoint: 34189 ns, At safepoint: 66579 ns, Total: 100768 ns
[2023-07-04T04:49:12.651+0000][14837][gc,marking  ] GC(9) Concurrent Mark From Roots 28.353ms
[2023-07-04T04:49:12.651+0000][14837][gc,marking  ] GC(9) Concurrent Preclean
[2023-07-04T04:49:12.651+0000][14837][gc,marking  ] GC(9) Concurrent Preclean 0.177ms
[2023-07-04T04:49:12.651+0000][14837][gc,start    ] GC(9) Pause Remark
[2023-07-04T04:49:12.654+0000][14837][gc          ] GC(9) Pause Remark 43M->43M(1024M) 2.708ms
[2023-07-04T04:49:12.654+0000][14837][gc,cpu      ] GC(9) User=0.00s Sys=0.00s Real=0.01s
[2023-07-04T04:49:12.654+0000][14837][safepoint   ] Safepoint "G1Concurrent", Time since last: 4107815 ns, Reaching safepoint: 92475 ns, At safepoint: 2760720 ns, Total: 2853195 ns
[2023-07-04T04:49:12.654+0000][14837][gc,marking  ] GC(9) Concurrent Mark 31.458ms
[2023-07-04T04:49:12.654+0000][14837][gc,marking  ] GC(9) Concurrent Rebuild Remembered Sets
[2023-07-04T04:49:12.664+0000][14837][gc,marking  ] GC(9) Concurrent Rebuild Remembered Sets 10.676ms
[2023-07-04T04:49:12.665+0000][14837][gc,start    ] GC(9) Pause Cleanup
[2023-07-04T04:49:12.665+0000][14837][gc          ] GC(9) Pause Cleanup 44M->44M(1024M) 0.211ms
[2023-07-04T04:49:12.665+0000][14837][gc,cpu      ] GC(9) User=0.00s Sys=0.00s Real=0.00s
[2023-07-04T04:49:12.665+0000][14837][safepoint   ] Safepoint "G1Concurrent", Time since last: 10800956 ns, Reaching safepoint: 174041 ns, At safepoint: 271938 ns, Total: 445979 ns
[2023-07-04T04:49:12.665+0000][14837][gc,marking  ] GC(9) Concurrent Cleanup for Next Mark
[2023-07-04T04:49:12.667+0000][14837][gc,marking  ] GC(9) Concurrent Cleanup for Next Mark 2.140ms
[2023-07-04T04:49:12.667+0000][14837][gc          ] GC(9) Concurrent Mark Cycle 45.987ms
[2023-07-04T04:49:13.340+0000][14837][safepoint   ] Safepoint "ICBufferFull", Time since last: 674971996 ns, Reaching safepoint: 118206 ns, At safepoint: 4540 ns, Total: 122746 ns
[2023-07-04T04:49:14.245+0000][14837][safepoint   ] Safepoint "ICBufferFull", Time since last: 904990816 ns, Reaching safepoint: 137723 ns, At safepoint: 5530 ns, Total: 143253 ns
[2023-07-04T04:49:14.634+0000][14837][safepoint   ] Safepoint "ICBufferFull", Time since last: 388268749 ns, Reaching safepoint: 198741 ns, At safepoint: 20046 ns, Total: 218787 ns
[2023-07-04T04:49:14.653+0000][14837][gc,start    ] GC(10) Pause Young (Concurrent Start) (Metadata GC Threshold)
[2023-07-04T04:49:14.653+0000][14837][gc,task     ] GC(10) Using 4 workers of 4 for evacuation
[2023-07-04T04:49:14.653+0000][14837][gc,age      ] GC(10) Desired survivor size 40370176 bytes, new threshold 15 (max threshold 15)
[2023-07-04T04:49:14.671+0000][14837][gc,age      ] GC(10) Age table with threshold 15 (max threshold 15)
[2023-07-04T04:49:14.671+0000][14837][gc,age      ] GC(10) - age   1:   33896088 bytes,   33896088 total
[2023-07-04T04:49:14.671+0000][14837][gc,age      ] GC(10) - age   2:    4149560 bytes,   38045648 total
[2023-07-04T04:49:14.671+0000][14837][gc,age      ] GC(10) - age   3:     235128 bytes,   38280776 total
[2023-07-04T04:49:14.671+0000][14837][gc,phases   ] GC(10)   Pre Evacuate Collection Set: 0.1ms
[2023-07-04T04:49:14.671+0000][14837][gc,phases   ] GC(10)   Merge Heap Roots: 0.1ms
[2023-07-04T04:49:14.671+0000][14837][gc,phases   ] GC(10)   Evacuate Collection Set: 16.6ms
[2023-07-04T04:49:14.671+0000][14837][gc,phases   ] GC(10)   Post Evacuate Collection Set: 1.3ms
[2023-07-04T04:49:14.671+0000][14837][gc,phases   ] GC(10)   Other: 0.2ms
[2023-07-04T04:49:14.671+0000][14837][gc,heap     ] GC(10) Eden regions: 302->0(576)
[2023-07-04T04:49:14.671+0000][14837][gc,heap     ] GC(10) Survivor regions: 5->38(77)
[2023-07-04T04:49:14.671+0000][14837][gc,heap     ] GC(10) Old regions: 34->34
[2023-07-04T04:49:14.671+0000][14837][gc,heap     ] GC(10) Archive regions: 2->2
[2023-07-04T04:49:14.671+0000][14837][gc,heap     ] GC(10) Humongous regions: 8->1
[2023-07-04T04:49:14.671+0000][14837][gc,metaspace] GC(10) Metaspace: 61422K(62528K)->61422K(62528K) NonClass: 53985K(54592K)->53985K(54592K) Class: 7436K(7936K)->7436K(7936K)
[2023-07-04T04:49:14.671+0000][14837][gc          ] GC(10) Pause Young (Concurrent Start) (Metadata GC Threshold) 348M->72M(1024M) 18.349ms
[2023-07-04T04:49:14.671+0000][14837][gc,cpu      ] GC(10) User=0.07s Sys=0.00s Real=0.02s
[2023-07-04T04:49:14.671+0000][14837][gc          ] GC(11) Concurrent Mark Cycle
[2023-07-04T04:49:14.671+0000][14837][gc,marking  ] GC(11) Concurrent Clear Claimed Marks
[2023-07-04T04:49:14.671+0000][14837][safepoint   ] Safepoint "CollectForMetadataAllocation", Time since last: 19217877 ns, Reaching safepoint: 60854 ns, At safepoint: 18449178 ns, Total: 18510032 ns
[2023-07-04T04:49:14.671+0000][14837][gc,marking  ] GC(11) Concurrent Clear Claimed Marks 0.052ms
[2023-07-04T04:49:14.671+0000][14837][gc,marking  ] GC(11) Concurrent Scan Root Regions
[2023-07-04T04:49:14.691+0000][14837][safepoint   ] Safepoint "CollectForMetadataAllocation", Time since last: 19447461 ns, Reaching safepoint: 28393 ns, At safepoint: 39625 ns, Total: 68018 ns
[2023-07-04T04:49:14.695+0000][14837][gc,marking  ] GC(11) Concurrent Scan Root Regions 23.239ms
[2023-07-04T04:49:14.695+0000][14837][gc,marking  ] GC(11) Concurrent Mark
[2023-07-04T04:49:14.695+0000][14837][gc,marking  ] GC(11) Concurrent Mark From Roots
[2023-07-04T04:49:14.695+0000][14837][gc,task     ] GC(11) Using 1 workers of 1 for marking
[2023-07-04T04:49:14.711+0000][14837][safepoint   ] Safepoint "CollectForMetadataAllocation", Time since last: 20356099 ns, Reaching safepoint: 40454 ns, At safepoint: 57704 ns, Total: 98158 ns
[2023-07-04T04:49:14.722+0000][14837][gc,marking  ] GC(11) Concurrent Mark From Roots 27.020ms
[2023-07-04T04:49:14.722+0000][14837][gc,marking  ] GC(11) Concurrent Preclean
[2023-07-04T04:49:14.722+0000][14837][gc,marking  ] GC(11) Concurrent Preclean 0.217ms
[2023-07-04T04:49:14.722+0000][14837][gc,start    ] GC(11) Pause Remark
[2023-07-04T04:49:14.725+0000][14837][gc          ] GC(11) Pause Remark 77M->77M(1024M) 2.899ms
[2023-07-04T04:49:14.725+0000][14837][gc,cpu      ] GC(11) User=0.01s Sys=0.00s Real=0.00s
[2023-07-04T04:49:14.725+0000][14837][safepoint   ] Safepoint "G1Concurrent", Time since last: 10647986 ns, Reaching safepoint: 199926 ns, At safepoint: 2966550 ns, Total: 3166476 ns
[2023-07-04T04:49:14.726+0000][14837][gc,marking  ] GC(11) Concurrent Mark 31.410ms
[2023-07-04T04:49:14.726+0000][14837][gc,marking  ] GC(11) Concurrent Rebuild Remembered Sets
[2023-07-04T04:49:14.737+0000][14837][gc,marking  ] GC(11) Concurrent Rebuild Remembered Sets 10.413ms
[2023-07-04T04:49:14.737+0000][14837][gc,start    ] GC(11) Pause Cleanup
[2023-07-04T04:49:14.737+0000][14837][gc          ] GC(11) Pause Cleanup 78M->78M(1024M) 0.178ms
[2023-07-04T04:49:14.737+0000][14837][gc,cpu      ] GC(11) User=0.00s Sys=0.00s Real=0.00s
[2023-07-04T04:49:14.737+0000][14837][safepoint   ] Safepoint "G1Concurrent", Time since last: 11431516 ns, Reaching safepoint: 165795 ns, At safepoint: 227836 ns, Total: 393631 ns
[2023-07-04T04:49:14.737+0000][14837][gc,marking  ] GC(11) Concurrent Cleanup for Next Mark
[2023-07-04T04:49:14.739+0000][14837][gc,marking  ] GC(11) Concurrent Cleanup for Next Mark 1.989ms
[2023-07-04T04:49:14.739+0000][14837][gc          ] GC(11) Concurrent Mark Cycle 67.713ms
[2023-07-04T04:49:15.282+0000][14837][safepoint   ] Safepoint "ICBufferFull", Time since last: 544133792 ns, Reaching safepoint: 727654 ns, At safepoint: 4525 ns, Total: 732179 ns
[2023-07-04T04:49:16.235+0000][14837][safepoint   ] Safepoint "ICBufferFull", Time since last: 952216148 ns, Reaching safepoint: 339009 ns, At safepoint: 18235 ns, Total: 357244 ns
[2023-07-04T04:49:16.652+0000][14837][safepoint   ] Safepoint "ICBufferFull", Time since last: 417412871 ns, Reaching safepoint: 158842 ns, At safepoint: 5821 ns, Total: 164663 ns
[2023-07-04T04:49:17.048+0000][14837][safepoint   ] Safepoint "ICBufferFull", Time since last: 395215093 ns, Reaching safepoint: 219379 ns, At safepoint: 6190 ns, Total: 225569 ns
[2023-07-04T04:49:17.121+0000][14837][gc,start    ] GC(12) Pause Young (Concurrent Start) (Metadata GC Threshold)
[2023-07-04T04:49:17.121+0000][14837][gc,task     ] GC(12) Using 4 workers of 4 for evacuation
[2023-07-04T04:49:17.121+0000][14837][gc,age      ] GC(12) Desired survivor size 40370176 bytes, new threshold 15 (max threshold 15)
[2023-07-04T04:49:17.154+0000][14837][gc,age      ] GC(12) Age table with threshold 15 (max threshold 15)
[2023-07-04T04:49:17.154+0000][14837][gc,age      ] GC(12) - age   1:   12898224 bytes,   12898224 total
[2023-07-04T04:49:17.154+0000][14837][gc,age      ] GC(12) - age   2:   33571984 bytes,   46470208 total
[2023-07-04T04:49:17.154+0000][14837][gc,age      ] GC(12) - age   3:    4135320 bytes,   50605528 total
[2023-07-04T04:49:17.154+0000][14837][gc,age      ] GC(12) - age   4:     234304 bytes,   50839832 total
[2023-07-04T04:49:17.154+0000][14837][gc,phases   ] GC(12)   Pre Evacuate Collection Set: 0.2ms
[2023-07-04T04:49:17.154+0000][14837][gc,phases   ] GC(12)   Merge Heap Roots: 0.2ms
[2023-07-04T04:49:17.154+0000][14837][gc,phases   ] GC(12)   Evacuate Collection Set: 29.3ms
[2023-07-04T04:49:17.154+0000][14837][gc,phases   ] GC(12)   Post Evacuate Collection Set: 2.7ms
[2023-07-04T04:49:17.154+0000][14837][gc,phases   ] GC(12)   Other: 0.2ms
[2023-07-04T04:49:17.154+0000][14837][gc,heap     ] GC(12) Eden regions: 243->0(564)
[2023-07-04T04:49:17.154+0000][14837][gc,heap     ] GC(12) Survivor regions: 38->50(77)
[2023-07-04T04:49:17.154+0000][14837][gc,heap     ] GC(12) Old regions: 34->34
[2023-07-04T04:49:17.154+0000][14837][gc,heap     ] GC(12) Archive regions: 2->2
[2023-07-04T04:49:17.154+0000][14837][gc,heap     ] GC(12) Humongous regions: 1->1
[2023-07-04T04:49:17.154+0000][14837][gc,metaspace] GC(12) Metaspace: 104413K(105728K)->104413K(105728K) NonClass: 91149K(91904K)->91149K(91904K) Class: 13264K(13824K)->13264K(13824K)
[2023-07-04T04:49:17.154+0000][14837][gc          ] GC(12) Pause Young (Concurrent Start) (Metadata GC Threshold) 315M->84M(1024M) 32.673ms
[2023-07-04T04:49:17.154+0000][14837][gc,cpu      ] GC(12) User=0.12s Sys=0.00s Real=0.04s
[2023-07-04T04:49:17.154+0000][14837][gc          ] GC(13) Concurrent Mark Cycle
[2023-07-04T04:49:17.154+0000][14837][gc,marking  ] GC(13) Concurrent Clear Claimed Marks
[2023-07-04T04:49:17.154+0000][14837][safepoint   ] Safepoint "CollectForMetadataAllocation", Time since last: 73291589 ns, Reaching safepoint: 212776 ns, At safepoint: 32792789 ns, Total: 33005565 ns
[2023-07-04T04:49:17.154+0000][14837][gc,marking  ] GC(13) Concurrent Clear Claimed Marks 0.076ms
[2023-07-04T04:49:17.154+0000][14837][gc,marking  ] GC(13) Concurrent Scan Root Regions
[2023-07-04T04:49:17.178+0000][14837][safepoint   ] Safepoint "CollectForMetadataAllocation", Time since last: 23833091 ns, Reaching safepoint: 34237 ns, At safepoint: 57757 ns, Total: 91994 ns
[2023-07-04T04:49:17.179+0000][14837][gc,marking  ] GC(13) Concurrent Scan Root Regions 24.866ms
[2023-07-04T04:49:17.179+0000][14837][gc,marking  ] GC(13) Concurrent Mark
[2023-07-04T04:49:17.179+0000][14837][gc,marking  ] GC(13) Concurrent Mark From Roots
[2023-07-04T04:49:17.179+0000][14837][gc,task     ] GC(13) Using 1 workers of 1 for marking
[2023-07-04T04:49:17.204+0000][14837][safepoint   ] Safepoint "CollectForMetadataAllocation", Time since last: 26356432 ns, Reaching safepoint: 46996 ns, At safepoint: 62527 ns, Total: 109523 ns
[2023-07-04T04:49:17.206+0000][14837][gc,marking  ] GC(13) Concurrent Mark From Roots 27.216ms
[2023-07-04T04:49:17.206+0000][14837][gc,marking  ] GC(13) Concurrent Preclean
[2023-07-04T04:49:17.206+0000][14837][gc,marking  ] GC(13) Concurrent Preclean 0.206ms
[2023-07-04T04:49:17.206+0000][14837][gc,start    ] GC(13) Pause Remark
[2023-07-04T04:49:17.210+0000][14837][gc          ] GC(13) Pause Remark 87M->87M(1024M) 4.121ms
[2023-07-04T04:49:17.211+0000][14837][gc,cpu      ] GC(13) User=0.01s Sys=0.00s Real=0.00s
[2023-07-04T04:49:17.211+0000][14837][safepoint   ] Safepoint "G1Concurrent", Time since last: 2016444 ns, Reaching safepoint: 108582 ns, At safepoint: 4179530 ns, Total: 4288112 ns
[2023-07-04T04:49:17.211+0000][14837][gc,marking  ] GC(13) Concurrent Mark 31.811ms
[2023-07-04T04:49:17.211+0000][14837][gc,marking  ] GC(13) Concurrent Rebuild Remembered Sets
[2023-07-04T04:49:17.221+0000][14837][gc,marking  ] GC(13) Concurrent Rebuild Remembered Sets 10.787ms
[2023-07-04T04:49:17.222+0000][14837][gc,start    ] GC(13) Pause Cleanup
[2023-07-04T04:49:17.222+0000][14837][gc          ] GC(13) Pause Cleanup 88M->88M(1024M) 0.130ms
[2023-07-04T04:49:17.222+0000][14837][gc,cpu      ] GC(13) User=0.00s Sys=0.00s Real=0.00s
[2023-07-04T04:49:17.222+0000][14837][safepoint   ] Safepoint "G1Concurrent", Time since last: 10906877 ns, Reaching safepoint: 118287 ns, At safepoint: 174046 ns, Total: 292333 ns
[2023-07-04T04:49:17.222+0000][14837][gc,marking  ] GC(13) Concurrent Cleanup for Next Mark
[2023-07-04T04:49:17.224+0000][14837][gc,marking  ] GC(13) Concurrent Cleanup for Next Mark 2.372ms
[2023-07-04T04:49:17.224+0000][14837][gc          ] GC(13) Concurrent Mark Cycle 70.412ms
[2023-07-04T04:49:17.512+0000][14837][safepoint   ] Safepoint "ICBufferFull", Time since last: 290054758 ns, Reaching safepoint: 664105 ns, At safepoint: 8092 ns, Total: 672197 ns
[2023-07-04T04:49:17.959+0000][14837][safepoint   ] Safepoint "ICBufferFull", Time since last: 446239240 ns, Reaching safepoint: 101886 ns, At safepoint: 6303 ns, Total: 108189 ns
[2023-07-04T04:49:18.115+0000][14837][safepoint   ] Safepoint "ICBufferFull", Time since last: 155744905 ns, Reaching safepoint: 246580 ns, At safepoint: 23617 ns, Total: 270197 ns
[2023-07-04T04:49:18.300+0000][14837][safepoint   ] Safepoint "ICBufferFull", Time since last: 185174139 ns, Reaching safepoint: 168097 ns, At safepoint: 6339 ns, Total: 174436 ns
[2023-07-04T04:49:18.764+0000][14837][safepoint   ] Safepoint "ICBufferFull", Time since last: 464221417 ns, Reaching safepoint: 93920 ns, At safepoint: 4059 ns, Total: 97979 ns
[2023-07-04T04:49:19.765+0000][14837][safepoint   ] Safepoint "Cleanup", Time since last: 1000344402 ns, Reaching safepoint: 267778 ns, At safepoint: 22895 ns, Total: 290673 ns
[2023-07-04T04:49:20.765+0000][14837][safepoint   ] Safepoint "Cleanup", Time since last: 1000188962 ns, Reaching safepoint: 146090 ns, At safepoint: 5415 ns, Total: 151505 ns
[2023-07-04T04:49:21.766+0000][14837][safepoint   ] Safepoint "Cleanup", Time since last: 1000184428 ns, Reaching safepoint: 124296 ns, At safepoint: 14345 ns, Total: 138641 ns
[2023-07-04T04:49:22.766+0000][14837][safepoint   ] Safepoint "Cleanup", Time since last: 1000422708 ns, Reaching safepoint: 135537 ns, At safepoint: 15101 ns, Total: 150638 ns
[2023-07-04T04:49:23.767+0000][14837][safepoint   ] Safepoint "Cleanup", Time since last: 1000351727 ns, Reaching safepoint: 149154 ns, At safepoint: 18985 ns, Total: 168139 ns
[2023-07-04T04:49:25.768+0000][14837][safepoint   ] Safepoint "Cleanup", Time since last: 2000641348 ns, Reaching safepoint: 175859 ns, At safepoint: 20257 ns, Total: 196116 ns
[2023-07-04T04:49:28.769+0000][14837][safepoint   ] Safepoint "Cleanup", Time since last: 3000707586 ns, Reaching safepoint: 146324 ns, At safepoint: 15022 ns, Total: 161346 ns
[2023-07-04T04:49:30.769+0000][14837][safepoint   ] Safepoint "Cleanup", Time since last: 2000520317 ns, Reaching safepoint: 141799 ns, At safepoint: 15461 ns, Total: 157260 ns
[2023-07-04T04:49:31.770+0000][14837][safepoint   ] Safepoint "Cleanup", Time since last: 1000388619 ns, Reaching safepoint: 143193 ns, At safepoint: 15398 ns, Total: 158591 ns
[2023-07-04T04:49:32.770+0000][14837][safepoint   ] Safepoint "Cleanup", Time since last: 1000156885 ns, Reaching safepoint: 145000 ns, At safepoint: 4640 ns, Total: 149640 ns
[2023-07-04T04:49:33.771+0000][14837][safepoint   ] Safepoint "Cleanup", Time since last: 1000342054 ns, Reaching safepoint: 249004 ns, At safepoint: 23453 ns, Total: 272457 ns
[2023-07-04T04:49:34.797+0000][14837][safepoint   ] Safepoint "ICBufferFull", Time since last: 1026433929 ns, Reaching safepoint: 249753 ns, At safepoint: 9861 ns, Total: 259614 ns
[2023-07-04T04:49:35.915+0000][14837][safepoint   ] Safepoint "Cleanup", Time since last: 1116698080 ns, Reaching safepoint: 436550 ns, At safepoint: 25959 ns, Total: 462509 ns
[2023-07-04T04:49:36.915+0000][14837][safepoint   ] Safepoint "Cleanup", Time since last: 1000391949 ns, Reaching safepoint: 140825 ns, At safepoint: 15443 ns, Total: 156268 ns
[2023-07-04T04:49:38.623+0000][14837][safepoint   ] Safepoint "Cleanup", Time since last: 1707670982 ns, Reaching safepoint: 35049 ns, At safepoint: 2991 ns, Total: 38040 ns
[2023-07-04T04:49:39.623+0000][14837][safepoint   ] Safepoint "Cleanup", Time since last: 1000363912 ns, Reaching safepoint: 261181 ns, At safepoint: 24893 ns, Total: 286074 ns
[2023-07-04T04:49:41.624+0000][14837][safepoint   ] Safepoint "Cleanup", Time since last: 2000599620 ns, Reaching safepoint: 150115 ns, At safepoint: 16285 ns, Total: 166400 ns
[2023-07-04T04:49:42.625+0000][14837][safepoint   ] Safepoint "Cleanup", Time since last: 1000237211 ns, Reaching safepoint: 105940 ns, At safepoint: 16047 ns, Total: 121987 ns
[2023-07-04T04:49:43.625+0000][14837][safepoint   ] Safepoint "Cleanup", Time since last: 1000390777 ns, Reaching safepoint: 166423 ns, At safepoint: 22394 ns, Total: 188817 ns
[2023-07-04T04:49:44.626+0000][14837][safepoint   ] Safepoint "Cleanup", Time since last: 1000215185 ns, Reaching safepoint: 172010 ns, At safepoint: 15833 ns, Total: 187843 ns
[2023-07-04T04:49:45.626+0000][14837][safepoint   ] Safepoint "Cleanup", Time since last: 1000339066 ns, Reaching safepoint: 55303 ns, At safepoint: 6084 ns, Total: 61387 ns
[2023-07-04T04:49:46.627+0000][14837][safepoint   ] Safepoint "Cleanup", Time since last: 1000356016 ns, Reaching safepoint: 152544 ns, At safepoint: 21063 ns, Total: 173607 ns
[2023-07-04T04:49:47.627+0000][14837][safepoint   ] Safepoint "Cleanup", Time since last: 1000399994 ns, Reaching safepoint: 218254 ns, At safepoint: 46682 ns, Total: 264936 ns
[2023-07-04T04:49:48.628+0000][14837][safepoint   ] Safepoint "Cleanup", Time since last: 1000422024 ns, Reaching safepoint: 243554 ns, At safepoint: 25027 ns, Total: 268581 ns
[2023-07-04T04:49:51.629+0000][14837][safepoint   ] Safepoint "Cleanup", Time since last: 3001004906 ns, Reaching safepoint: 155581 ns, At safepoint: 21025 ns, Total: 176606 ns
[2023-07-04T04:49:53.630+0000][14837][safepoint   ] Safepoint "Cleanup", Time since last: 2000697506 ns, Reaching safepoint: 170542 ns, At safepoint: 22253 ns, Total: 192795 ns
[2023-07-04T04:49:54.630+0000][14837][safepoint   ] Safepoint "Cleanup", Time since last: 1000386573 ns, Reaching safepoint: 141688 ns, At safepoint: 16269 ns, Total: 157957 ns
[2023-07-04T04:49:55.631+0000][14837][safepoint   ] Safepoint "Cleanup", Time since last: 1000394240 ns, Reaching safepoint: 144630 ns, At safepoint: 20846 ns, Total: 165476 ns
[2023-07-04T04:49:56.632+0000][14837][safepoint   ] Safepoint "Cleanup", Time since last: 1000397137 ns, Reaching safepoint: 149294 ns, At safepoint: 20905 ns, Total: 170199 ns
[2023-07-04T04:49:57.632+0000][14837][safepoint   ] Safepoint "Cleanup", Time since last: 1000410595 ns, Reaching safepoint: 246884 ns, At safepoint: 25856 ns, Total: 272740 ns
[2023-07-04T04:49:58.633+0000][14837][safepoint   ] Safepoint "Cleanup", Time since last: 1000404937 ns, Reaching safepoint: 137906 ns, At safepoint: 15910 ns, Total: 153816 ns
[2023-07-04T04:49:59.633+0000][14837][safepoint   ] Safepoint "Cleanup", Time since last: 1000404696 ns, Reaching safepoint: 134083 ns, At safepoint: 16079 ns, Total: 150162 ns
[2023-07-04T04:50:01.634+0000][14837][safepoint   ] Safepoint "Cleanup", Time since last: 2000712282 ns, Reaching safepoint: 158137 ns, At safepoint: 15470 ns, Total: 173607 ns
[2023-07-04T04:50:03.635+0000][14837][safepoint   ] Safepoint "Cleanup", Time since last: 2000393908 ns, Reaching safepoint: 159892 ns, At safepoint: 21736 ns, Total: 181628 ns
[2023-07-04T04:50:04.635+0000][14837][safepoint   ] Safepoint "Cleanup", Time since last: 1000400858 ns, Reaching safepoint: 141877 ns, At safepoint: 16657 ns, Total: 158534 ns
[2023-07-04T04:50:07.637+0000][14837][safepoint   ] Safepoint "Cleanup", Time since last: 3000982607 ns, Reaching safepoint: 133625 ns, At safepoint: 16433 ns, Total: 150058 ns
[2023-07-04T04:50:08.637+0000][14837][safepoint   ] Safepoint "Cleanup", Time since last: 1000237324 ns, Reaching safepoint: 159838 ns, At safepoint: 22282 ns, Total: 182120 ns
[2023-07-04T04:50:10.638+0000][14837][safepoint   ] Safepoint "Cleanup", Time since last: 2000380383 ns, Reaching safepoint: 139584 ns, At safepoint: 16088 ns, Total: 155672 ns
[2023-07-04T04:50:11.638+0000][14837][safepoint   ] Safepoint "Cleanup", Time since last: 1000233769 ns, Reaching safepoint: 419403 ns, At safepoint: 24988 ns, Total: 444391 ns
[2023-07-04T04:50:15.639+0000][14837][safepoint   ] Safepoint "Cleanup", Time since last: 4000991277 ns, Reaching safepoint: 151245 ns, At safepoint: 20824 ns, Total: 172069 ns
[2023-07-04T04:50:16.640+0000][14837][safepoint   ] Safepoint "Cleanup", Time since last: 1000373076 ns, Reaching safepoint: 110092 ns, At safepoint: 14268 ns, Total: 124360 ns
[2023-07-04T04:50:17.640+0000][14837][safepoint   ] Safepoint "Cleanup", Time since last: 1000203943 ns, Reaching safepoint: 149702 ns, At safepoint: 15713 ns, Total: 165415 ns
[2023-07-04T04:50:18.641+0000][14837][safepoint   ] Safepoint "Cleanup", Time since last: 1000362317 ns, Reaching safepoint: 143595 ns, At safepoint: 20526 ns, Total: 164121 ns
[2023-07-04T04:50:20.642+0000][14837][safepoint   ] Safepoint "Cleanup", Time since last: 2000685304 ns, Reaching safepoint: 177778 ns, At safepoint: 16172 ns, Total: 193950 ns
[2023-07-04T04:50:26.643+0000][14837][safepoint   ] Safepoint "Cleanup", Time since last: 6001636068 ns, Reaching safepoint: 132449 ns, At safepoint: 21959 ns, Total: 154408 ns
[2023-07-04T04:50:30.645+0000][14837][safepoint   ] Safepoint "Cleanup", Time since last: 4001352671 ns, Reaching safepoint: 121167 ns, At safepoint: 15216 ns, Total: 136383 ns
[2023-07-04T04:50:31.645+0000][14837][safepoint   ] Safepoint "Cleanup", Time since last: 1000275520 ns, Reaching safepoint: 43292 ns, At safepoint: 4161 ns, Total: 47453 ns
[2023-07-04T04:50:33.646+0000][14837][safepoint   ] Safepoint "Cleanup", Time since last: 2000602888 ns, Reaching safepoint: 161581 ns, At safepoint: 25659 ns, Total: 187240 ns
[2023-07-04T04:50:35.260+0000][14837][safepoint   ] Safepoint "Cleanup", Time since last: 1614239694 ns, Reaching safepoint: 210095 ns, At safepoint: 7559 ns, Total: 217654 ns
[2023-07-04T04:50:36.261+0000][14837][safepoint   ] Safepoint "Cleanup", Time since last: 1000371206 ns, Reaching safepoint: 262685 ns, At safepoint: 44879 ns, Total: 307564 ns
[2023-07-04T04:50:37.262+0000][14837][safepoint   ] Safepoint "Cleanup", Time since last: 1000305947 ns, Reaching safepoint: 120611 ns, At safepoint: 15819 ns, Total: 136430 ns
[2023-07-04T04:50:38.262+0000][14837][safepoint   ] Safepoint "Cleanup", Time since last: 1000337168 ns, Reaching safepoint: 42150 ns, At safepoint: 5197 ns, Total: 47347 ns
[2023-07-04T04:50:41.263+0000][14837][safepoint   ] Safepoint "Cleanup", Time since last: 3000934933 ns, Reaching safepoint: 123311 ns, At safepoint: 16101 ns, Total: 139412 ns
[2023-07-04T04:50:42.264+0000][14837][safepoint   ] Safepoint "Cleanup", Time since last: 1000296643 ns, Reaching safepoint: 134068 ns, At safepoint: 15815 ns, Total: 149883 ns
[2023-07-04T04:50:43.264+0000][14837][safepoint   ] Safepoint "Cleanup", Time since last: 1000310909 ns, Reaching safepoint: 44148 ns, At safepoint: 5316 ns, Total: 49464 ns
[2023-07-04T04:50:44.264+0000][14837][safepoint   ] Safepoint "Cleanup", Time since last: 1000330712 ns, Reaching safepoint: 124631 ns, At safepoint: 16405 ns, Total: 141036 ns
[2023-07-04T04:50:46.265+0000][14837][safepoint   ] Safepoint "Cleanup", Time since last: 2000532052 ns, Reaching safepoint: 133296 ns, At safepoint: 16056 ns, Total: 149352 ns
[2023-07-04T04:50:48.266+0000][14837][safepoint   ] Safepoint "Cleanup", Time since last: 2000589505 ns, Reaching safepoint: 96446 ns, At safepoint: 9372 ns, Total: 105818 ns
[2023-07-04T04:50:49.266+0000][14837][safepoint   ] Safepoint "Cleanup", Time since last: 1000272127 ns, Reaching safepoint: 176801 ns, At safepoint: 25822 ns, Total: 202623 ns
[2023-07-04T04:50:51.267+0000][14837][safepoint   ] Safepoint "Cleanup", Time since last: 2000295095 ns, Reaching safepoint: 104219 ns, At safepoint: 14953 ns, Total: 119172 ns
[2023-07-04T04:50:53.267+0000][14837][safepoint   ] Safepoint "Cleanup", Time since last: 2000445340 ns, Reaching safepoint: 59594 ns, At safepoint: 6418 ns, Total: 66012 ns
[2023-07-04T04:50:56.268+0000][14837][safepoint   ] Safepoint "Cleanup", Time since last: 3000909365 ns, Reaching safepoint: 146482 ns, At safepoint: 16350 ns, Total: 162832 ns
[2023-07-04T04:50:58.269+0000][14837][safepoint   ] Safepoint "Cleanup", Time since last: 2000566118 ns, Reaching safepoint: 54380 ns, At safepoint: 6143 ns, Total: 60523 ns
[2023-07-04T04:51:01.270+0000][14837][safepoint   ] Safepoint "Cleanup", Time since last: 3000727671 ns, Reaching safepoint: 120701 ns, At safepoint: 15415 ns, Total: 136116 ns
[2023-07-04T04:51:06.271+0000][14837][safepoint   ] Safepoint "Cleanup", Time since last: 5001560903 ns, Reaching safepoint: 115885 ns, At safepoint: 16071 ns, Total: 131956 ns
[2023-07-04T04:51:08.272+0000][14837][safepoint   ] Safepoint "Cleanup", Time since last: 2000437618 ns, Reaching safepoint: 53058 ns, At safepoint: 6033 ns, Total: 59091 ns
[2023-07-04T04:51:13.273+0000][14837][safepoint   ] Safepoint "Cleanup", Time since last: 5000905174 ns, Reaching safepoint: 84134 ns, At safepoint: 9888 ns, Total: 94022 ns
[2023-07-04T04:51:16.274+0000][14837][safepoint   ] Safepoint "Cleanup", Time since last: 3000722258 ns, Reaching safepoint: 129601 ns, At safepoint: 15439 ns, Total: 145040 ns
[2023-07-04T04:51:18.275+0000][14837][safepoint   ] Safepoint "Cleanup", Time since last: 2000617345 ns, Reaching safepoint: 125987 ns, At safepoint: 16013 ns, Total: 142000 ns
[2023-07-04T04:51:21.276+0000][14837][safepoint   ] Safepoint "Cleanup", Time since last: 3000866140 ns, Reaching safepoint: 157735 ns, At safepoint: 15827 ns, Total: 173562 ns
[2023-07-04T04:51:23.276+0000][14837][safepoint   ] Safepoint "Cleanup", Time since last: 2000324201 ns, Reaching safepoint: 115348 ns, At safepoint: 15348 ns, Total: 130696 ns
[2023-07-04T04:51:25.277+0000][14837][safepoint   ] Safepoint "Cleanup", Time since last: 2000447999 ns, Reaching safepoint: 129285 ns, At safepoint: 15435 ns, Total: 144720 ns
[2023-07-04T04:51:26.277+0000][14837][safepoint   ] Safepoint "Cleanup", Time since last: 1000263974 ns, Reaching safepoint: 119602 ns, At safepoint: 15441 ns, Total: 135043 ns
[2023-07-04T04:51:28.277+0000][14837][safepoint   ] Safepoint "Cleanup", Time since last: 2000376466 ns, Reaching safepoint: 56245 ns, At safepoint: 6387 ns, Total: 62632 ns
[2023-07-04T04:51:35.279+0000][14837][safepoint   ] Safepoint "Cleanup", Time since last: 7001549559 ns, Reaching safepoint: 252372 ns, At safepoint: 24525 ns, Total: 276897 ns
[2023-07-04T04:51:36.280+0000][14837][safepoint   ] Safepoint "Cleanup", Time since last: 1000294975 ns, Reaching safepoint: 142297 ns, At safepoint: 36891 ns, Total: 179188 ns
[2023-07-04T04:51:38.280+0000][14837][safepoint   ] Safepoint "Cleanup", Time since last: 2000501554 ns, Reaching safepoint: 41931 ns, At safepoint: 4767 ns, Total: 46698 ns
[2023-07-04T04:51:39.281+0000][14837][safepoint   ] Safepoint "Cleanup", Time since last: 1000166409 ns, Reaching safepoint: 102395 ns, At safepoint: 15292 ns, Total: 117687 ns
[2023-07-04T04:51:41.281+0000][14837][safepoint   ] Safepoint "Cleanup", Time since last: 2000641135 ns, Reaching safepoint: 125964 ns, At safepoint: 15578 ns, Total: 141542 ns
[2023-07-04T04:51:48.283+0000][14837][safepoint   ] Safepoint "Cleanup", Time since last: 7001140591 ns, Reaching safepoint: 198052 ns, At safepoint: 19382 ns, Total: 217434 ns
[2023-07-04T04:51:50.284+0000][14837][safepoint   ] Safepoint "Cleanup", Time since last: 2000714445 ns, Reaching safepoint: 174306 ns, At safepoint: 16241 ns, Total: 190547 ns
[2023-07-04T04:51:51.284+0000][14837][safepoint   ] Safepoint "Cleanup", Time since last: 1000383814 ns, Reaching safepoint: 134350 ns, At safepoint: 39000 ns, Total: 173350 ns
[2023-07-04T04:51:53.285+0000][14837][safepoint   ] Safepoint "Cleanup", Time since last: 2000359094 ns, Reaching safepoint: 92891 ns, At safepoint: 15417 ns, Total: 108308 ns
[2023-07-04T04:51:58.286+0000][14837][safepoint   ] Safepoint "Cleanup", Time since last: 5001450938 ns, Reaching safepoint: 124005 ns, At safepoint: 16600 ns, Total: 140605 ns
[2023-07-04T04:52:01.287+0000][14837][safepoint   ] Safepoint "Cleanup", Time since last: 3000864730 ns, Reaching safepoint: 117060 ns, At safepoint: 16172 ns, Total: 133232 ns
[2023-07-04T04:52:03.288+0000][14837][safepoint   ] Safepoint "Cleanup", Time since last: 2000590404 ns, Reaching safepoint: 40578 ns, At safepoint: 5298 ns, Total: 45876 ns
[2023-07-04T04:52:06.289+0000][14837][safepoint   ] Safepoint "Cleanup", Time since last: 3000750186 ns, Reaching safepoint: 135473 ns, At safepoint: 15780 ns, Total: 151253 ns
[2023-07-04T04:52:08.290+0000][14837][safepoint   ] Safepoint "Cleanup", Time since last: 2000663614 ns, Reaching safepoint: 125045 ns, At safepoint: 16743 ns, Total: 141788 ns
[2023-07-04T04:52:10.059+0000][14837][safepoint   ] Safepoint "ICBufferFull", Time since last: 1768972844 ns, Reaching safepoint: 149387 ns, At safepoint: 7936 ns, Total: 157323 ns
[2023-07-04T04:52:10.185+0000][14837][safepoint   ] Safepoint "ICBufferFull", Time since last: 125763571 ns, Reaching safepoint: 242318 ns, At safepoint: 8857 ns, Total: 251175 ns
[2023-07-04T04:52:11.185+0000][14837][safepoint   ] Safepoint "Cleanup", Time since last: 1000346458 ns, Reaching safepoint: 275980 ns, At safepoint: 25883 ns, Total: 301863 ns
[2023-07-04T04:52:14.187+0000][14837][safepoint   ] Safepoint "Cleanup", Time since last: 3000989312 ns, Reaching safepoint: 140573 ns, At safepoint: 16797 ns, Total: 157370 ns
[2023-07-04T04:52:15.187+0000][14837][safepoint   ] Safepoint "Cleanup", Time since last: 1000183813 ns, Reaching safepoint: 144772 ns, At safepoint: 16601 ns, Total: 161373 ns
[2023-07-04T04:52:18.188+0000][14837][safepoint   ] Safepoint "Cleanup", Time since last: 3000902397 ns, Reaching safepoint: 220148 ns, At safepoint: 26030 ns, Total: 246178 ns
[2023-07-04T04:52:19.188+0000][14837][safepoint   ] Safepoint "Cleanup", Time since last: 1000229743 ns, Reaching safepoint: 207334 ns, At safepoint: 36048 ns, Total: 243382 ns
[2023-07-04T04:52:21.189+0000][14837][safepoint   ] Safepoint "Cleanup", Time since last: 2000632269 ns, Reaching safepoint: 156660 ns, At safepoint: 17636 ns, Total: 174296 ns
[2023-07-04T04:52:24.190+0000][14837][safepoint   ] Safepoint "Cleanup", Time since last: 3000966662 ns, Reaching safepoint: 147046 ns, At safepoint: 22079 ns, Total: 169125 ns
[2023-07-04T04:52:25.191+0000][14837][safepoint   ] Safepoint "Cleanup", Time since last: 1000358568 ns, Reaching safepoint: 395095 ns, At safepoint: 26268 ns, Total: 421363 ns
[2023-07-04T04:52:26.192+0000][14837][safepoint   ] Safepoint "Cleanup", Time since last: 1000233976 ns, Reaching safepoint: 97639 ns, At safepoint: 11287 ns, Total: 108926 ns
[2023-07-04T04:52:27.192+0000][14837][safepoint   ] Safepoint "Cleanup", Time since last: 1000347733 ns, Reaching safepoint: 147301 ns, At safepoint: 16691 ns, Total: 163992 ns
[2023-07-04T04:52:29.193+0000][14837][safepoint   ] Safepoint "Cleanup", Time since last: 2000562109 ns, Reaching safepoint: 75434 ns, At safepoint: 7103 ns, Total: 82537 ns
[2023-07-04T04:52:31.193+0000][14837][safepoint   ] Safepoint "Cleanup", Time since last: 2000575336 ns, Reaching safepoint: 170153 ns, At safepoint: 23179 ns, Total: 193332 ns
[2023-07-04T04:52:34.195+0000][14837][safepoint   ] Safepoint "Cleanup", Time since last: 3000920529 ns, Reaching safepoint: 125419 ns, At safepoint: 16262 ns, Total: 141681 ns
[2023-07-04T04:52:36.195+0000][14837][safepoint   ] Safepoint "Cleanup", Time since last: 2000684374 ns, Reaching safepoint: 126461 ns, At safepoint: 16204 ns, Total: 142665 ns
[2023-07-04T04:52:36.958+0000][14837][safepoint   ] Safepoint "ICBufferFull", Time since last: 762341037 ns, Reaching safepoint: 252126 ns, At safepoint: 14205 ns, Total: 266331 ns
[2023-07-04T04:52:37.057+0000][14837][safepoint   ] Safepoint "ICBufferFull", Time since last: 99376449 ns, Reaching safepoint: 152611 ns, At safepoint: 4176 ns, Total: 156787 ns
[2023-07-04T04:52:38.058+0000][14837][safepoint   ] Safepoint "Cleanup", Time since last: 1000352365 ns, Reaching safepoint: 414777 ns, At safepoint: 26868 ns, Total: 441645 ns
[2023-07-04T04:52:39.059+0000][14837][safepoint   ] Safepoint "Cleanup", Time since last: 1000408548 ns, Reaching safepoint: 146886 ns, At safepoint: 21475 ns, Total: 168361 ns
[2023-07-04T04:52:41.060+0000][14837][safepoint   ] Safepoint "Cleanup", Time since last: 2000707914 ns, Reaching safepoint: 141617 ns, At safepoint: 16283 ns, Total: 157900 ns
[2023-07-04T04:52:46.061+0000][14837][safepoint   ] Safepoint "Cleanup", Time since last: 5001542830 ns, Reaching safepoint: 140688 ns, At safepoint: 16902 ns, Total: 157590 ns
[2023-07-04T04:52:48.062+0000][14837][safepoint   ] Safepoint "Cleanup", Time since last: 2000745965 ns, Reaching safepoint: 155107 ns, At safepoint: 21243 ns, Total: 176350 ns
[2023-07-04T04:52:49.063+0000][14837][safepoint   ] Safepoint "Cleanup", Time since last: 1000406089 ns, Reaching safepoint: 175843 ns, At safepoint: 26692 ns, Total: 202535 ns
[2023-07-04T04:52:51.064+0000][14837][safepoint   ] Safepoint "Cleanup", Time since last: 2000521770 ns, Reaching safepoint: 142069 ns, At safepoint: 16694 ns, Total: 158763 ns
[2023-07-04T04:52:56.065+0000][14837][safepoint   ] Safepoint "Cleanup", Time since last: 5001319479 ns, Reaching safepoint: 147156 ns, At safepoint: 21646 ns, Total: 168802 ns
[2023-07-04T04:52:59.066+0000][14837][safepoint   ] Safepoint "Cleanup", Time since last: 3000800540 ns, Reaching safepoint: 135854 ns, At safepoint: 16508 ns, Total: 152362 ns
[2023-07-04T04:53:03.293+0000][14837][gc,start    ] GC(14) Pause Young (Concurrent Start) (G1 Evacuation Pause)
[2023-07-04T04:53:03.293+0000][14837][gc,task     ] GC(14) Using 4 workers of 4 for evacuation
[2023-07-04T04:53:03.293+0000][14837][gc,age      ] GC(14) Desired survivor size 40370176 bytes, new threshold 2 (max threshold 15)
[2023-07-04T04:53:03.325+0000][14837][gc,age      ] GC(14) Age table with threshold 2 (max threshold 15)
[2023-07-04T04:53:03.325+0000][14837][gc,age      ] GC(14) - age   1:   14175880 bytes,   14175880 total
[2023-07-04T04:53:03.325+0000][14837][gc,age      ] GC(14) - age   2:   12464536 bytes,   26640416 total
[2023-07-04T04:53:03.325+0000][14837][gc,phases   ] GC(14)   Pre Evacuate Collection Set: 0.5ms
[2023-07-04T04:53:03.325+0000][14837][gc,phases   ] GC(14)   Merge Heap Roots: 0.5ms
[2023-07-04T04:53:03.325+0000][14837][gc,phases   ] GC(14)   Evacuate Collection Set: 28.7ms
[2023-07-04T04:53:03.325+0000][14837][gc,phases   ] GC(14)   Post Evacuate Collection Set: 2.1ms
[2023-07-04T04:53:03.325+0000][14837][gc,phases   ] GC(14)   Other: 0.6ms
[2023-07-04T04:53:03.325+0000][14837][gc,heap     ] GC(14) Eden regions: 564->0(587)
[2023-07-04T04:53:03.325+0000][14837][gc,heap     ] GC(14) Survivor regions: 50->27(77)
[2023-07-04T04:53:03.325+0000][14837][gc,heap     ] GC(14) Old regions: 34->70
[2023-07-04T04:53:03.325+0000][14837][gc,heap     ] GC(14) Archive regions: 2->2
[2023-07-04T04:53:03.325+0000][14837][gc,heap     ] GC(14) Humongous regions: 3->2
[2023-07-04T04:53:03.325+0000][14837][gc,metaspace] GC(14) Metaspace: 125910K(127424K)->125910K(127424K) NonClass: 110030K(110848K)->110030K(110848K) Class: 15880K(16576K)->15880K(16576K)
[2023-07-04T04:53:03.325+0000][14837][gc          ] GC(14) Pause Young (Concurrent Start) (G1 Evacuation Pause) 650M->99M(1024M) 32.385ms
[2023-07-04T04:53:03.325+0000][14837][gc,cpu      ] GC(14) User=0.12s Sys=0.00s Real=0.03s
[2023-07-04T04:53:03.325+0000][14837][gc          ] GC(15) Concurrent Mark Cycle
[2023-07-04T04:53:03.325+0000][14837][safepoint   ] Safepoint "G1CollectForAllocation", Time since last: 4226317075 ns, Reaching safepoint: 128240 ns, At safepoint: 32515742 ns, Total: 32643982 ns
[2023-07-04T04:53:03.325+0000][14837][gc,marking  ] GC(15) Concurrent Clear Claimed Marks
[2023-07-04T04:53:03.325+0000][14837][gc,marking  ] GC(15) Concurrent Clear Claimed Marks 0.137ms
[2023-07-04T04:53:03.325+0000][14837][gc,marking  ] GC(15) Concurrent Scan Root Regions
[2023-07-04T04:53:03.353+0000][14837][gc,marking  ] GC(15) Concurrent Scan Root Regions 28.269ms
[2023-07-04T04:53:03.354+0000][14837][gc,marking  ] GC(15) Concurrent Mark
[2023-07-04T04:53:03.354+0000][14837][gc,marking  ] GC(15) Concurrent Mark From Roots
[2023-07-04T04:53:03.354+0000][14837][gc,task     ] GC(15) Using 1 workers of 1 for marking
[2023-07-04T04:53:03.377+0000][14837][gc,marking  ] GC(15) Concurrent Mark From Roots 22.986ms
[2023-07-04T04:53:03.377+0000][14837][gc,marking  ] GC(15) Concurrent Preclean
[2023-07-04T04:53:03.377+0000][14837][gc,marking  ] GC(15) Concurrent Preclean 0.166ms
[2023-07-04T04:53:03.377+0000][14837][gc,start    ] GC(15) Pause Remark
[2023-07-04T04:53:03.381+0000][14837][gc          ] GC(15) Pause Remark 100M->100M(1024M) 4.394ms
[2023-07-04T04:53:03.381+0000][14837][gc,cpu      ] GC(15) User=0.01s Sys=0.00s Real=0.01s
[2023-07-04T04:53:03.381+0000][14837][safepoint   ] Safepoint "G1Concurrent", Time since last: 51718249 ns, Reaching safepoint: 116476 ns, At safepoint: 4489299 ns, Total: 4605775 ns
[2023-07-04T04:53:03.381+0000][14837][gc,marking  ] GC(15) Concurrent Mark 27.896ms
[2023-07-04T04:53:03.381+0000][14837][gc,marking  ] GC(15) Concurrent Rebuild Remembered Sets
[2023-07-04T04:53:03.410+0000][14837][gc,marking  ] GC(15) Concurrent Rebuild Remembered Sets 28.882ms
[2023-07-04T04:53:03.410+0000][14837][gc,start    ] GC(15) Pause Cleanup
[2023-07-04T04:53:03.411+0000][14837][gc          ] GC(15) Pause Cleanup 101M->101M(1024M) 0.162ms
[2023-07-04T04:53:03.411+0000][14837][gc,cpu      ] GC(15) User=0.00s Sys=0.00s Real=0.00s
[2023-07-04T04:53:03.411+0000][14837][safepoint   ] Safepoint "G1Concurrent", Time since last: 29001848 ns, Reaching safepoint: 43775 ns, At safepoint: 237548 ns, Total: 281323 ns
[2023-07-04T04:53:03.411+0000][14837][gc,marking  ] GC(15) Concurrent Cleanup for Next Mark
[2023-07-04T04:53:03.412+0000][14837][gc,marking  ] GC(15) Concurrent Cleanup for Next Mark 1.414ms
[2023-07-04T04:53:03.412+0000][14837][gc          ] GC(15) Concurrent Mark Cycle 87.126ms
[2023-07-04T04:53:08.412+0000][14837][safepoint   ] Safepoint "Cleanup", Time since last: 5001062675 ns, Reaching safepoint: 132907 ns, At safepoint: 16068 ns, Total: 148975 ns
[2023-07-04T04:53:09.412+0000][14837][safepoint   ] Safepoint "Cleanup", Time since last: 1000388382 ns, Reaching safepoint: 131727 ns, At safepoint: 16324 ns, Total: 148051 ns
[2023-07-04T04:53:13.414+0000][14837][safepoint   ] Safepoint "Cleanup", Time since last: 4001035078 ns, Reaching safepoint: 152530 ns, At safepoint: 26893 ns, Total: 179423 ns
[2023-07-04T04:53:15.414+0000][14837][safepoint   ] Safepoint "Cleanup", Time since last: 2000526597 ns, Reaching safepoint: 123953 ns, At safepoint: 15299 ns, Total: 139252 ns
[2023-07-04T04:53:16.415+0000][14837][safepoint   ] Safepoint "Cleanup", Time since last: 1000390167 ns, Reaching safepoint: 133225 ns, At safepoint: 16159 ns, Total: 149384 ns
[2023-07-04T04:53:18.416+0000][14837][safepoint   ] Safepoint "Cleanup", Time since last: 2000673558 ns, Reaching safepoint: 156217 ns, At safepoint: 20592 ns, Total: 176809 ns
[2023-07-04T04:53:23.417+0000][14837][safepoint   ] Safepoint "Cleanup", Time since last: 5001105731 ns, Reaching safepoint: 72742 ns, At safepoint: 5313 ns, Total: 78055 ns
[2023-07-04T04:53:26.417+0000][14837][safepoint   ] Safepoint "Cleanup", Time since last: 3000528879 ns, Reaching safepoint: 34099 ns, At safepoint: 4477 ns, Total: 38576 ns
[2023-07-04T04:53:28.418+0000][14837][safepoint   ] Safepoint "Cleanup", Time since last: 2000246899 ns, Reaching safepoint: 121482 ns, At safepoint: 15020 ns, Total: 136502 ns
[2023-07-04T04:53:29.418+0000][14837][safepoint   ] Safepoint "Cleanup", Time since last: 1000206338 ns, Reaching safepoint: 111482 ns, At safepoint: 15251 ns, Total: 126733 ns
[2023-07-04T04:53:33.419+0000][14837][safepoint   ] Safepoint "Cleanup", Time since last: 4000858169 ns, Reaching safepoint: 138735 ns, At safepoint: 36268 ns, Total: 175003 ns
[2023-07-04T04:53:38.420+0000][14837][safepoint   ] Safepoint "Cleanup", Time since last: 5001107128 ns, Reaching safepoint: 95497 ns, At safepoint: 5574 ns, Total: 101071 ns
[2023-07-04T04:53:43.422+0000][14837][safepoint   ] Safepoint "Cleanup", Time since last: 5001165632 ns, Reaching safepoint: 130144 ns, At safepoint: 16243 ns, Total: 146387 ns
[2023-07-04T04:53:44.422+0000][14837][safepoint   ] Safepoint "Cleanup", Time since last: 1000341939 ns, Reaching safepoint: 183577 ns, At safepoint: 23416 ns, Total: 206993 ns
[2023-07-04T04:53:48.423+0000][14837][safepoint   ] Safepoint "Cleanup", Time since last: 4000769223 ns, Reaching safepoint: 126178 ns, At safepoint: 42183 ns, Total: 168361 ns
[2023-07-04T04:53:51.424+0000][14837][safepoint   ] Safepoint "Cleanup", Time since last: 3000520567 ns, Reaching safepoint: 298333 ns, At safepoint: 35718 ns, Total: 334051 ns
[2023-07-04T04:54:01.426+0000][14837][safepoint   ] Safepoint "Cleanup", Time since last: 10002180510 ns, Reaching safepoint: 128831 ns, At safepoint: 16767 ns, Total: 145598 ns
[2023-07-04T04:54:03.427+0000][14837][safepoint   ] Safepoint "Cleanup", Time since last: 2000340291 ns, Reaching safepoint: 138383 ns, At safepoint: 16559 ns, Total: 154942 ns
[2023-07-04T04:54:04.427+0000][14837][safepoint   ] Safepoint "Cleanup", Time since last: 1000212778 ns, Reaching safepoint: 149015 ns, At safepoint: 16640 ns, Total: 165655 ns
[2023-07-04T04:54:05.428+0000][14837][safepoint   ] Safepoint "Cleanup", Time since last: 1000169411 ns, Reaching safepoint: 159271 ns, At safepoint: 27243 ns, Total: 186514 ns
[2023-07-04T04:54:06.428+0000][14837][safepoint   ] Safepoint "Cleanup", Time since last: 1000225426 ns, Reaching safepoint: 127545 ns, At safepoint: 16170 ns, Total: 143715 ns
[2023-07-04T04:54:11.429+0000][14837][safepoint   ] Safepoint "Cleanup", Time since last: 5000947613 ns, Reaching safepoint: 135959 ns, At safepoint: 16056 ns, Total: 152015 ns
[2023-07-04T04:54:13.430+0000][14837][safepoint   ] Safepoint "Cleanup", Time since last: 2000671754 ns, Reaching safepoint: 118948 ns, At safepoint: 16315 ns, Total: 135263 ns
[2023-07-04T04:54:16.431+0000][14837][safepoint   ] Safepoint "Cleanup", Time since last: 3000994287 ns, Reaching safepoint: 124859 ns, At safepoint: 16234 ns, Total: 141093 ns
[2023-07-04T04:54:17.432+0000][14837][safepoint   ] Safepoint "Cleanup", Time since last: 1000401633 ns, Reaching safepoint: 215904 ns, At safepoint: 20184 ns, Total: 236088 ns
[2023-07-04T04:54:18.432+0000][14837][safepoint   ] Safepoint "Cleanup", Time since last: 1000406710 ns, Reaching safepoint: 75549 ns, At safepoint: 18535 ns, Total: 94084 ns
[2023-07-04T04:54:20.433+0000][14837][safepoint   ] Safepoint "Cleanup", Time since last: 2000671127 ns, Reaching safepoint: 142585 ns, At safepoint: 15558 ns, Total: 158143 ns
[2023-07-04T04:54:23.434+0000][14837][safepoint   ] Safepoint "Cleanup", Time since last: 3000951978 ns, Reaching safepoint: 200226 ns, At safepoint: 48017 ns, Total: 248243 ns
[2023-07-04T04:54:26.435+0000][14837][safepoint   ] Safepoint "Cleanup", Time since last: 3001019144 ns, Reaching safepoint: 184029 ns, At safepoint: 31684 ns, Total: 215713 ns
[2023-07-04T04:54:28.436+0000][14837][safepoint   ] Safepoint "Cleanup", Time since last: 2000504675 ns, Reaching safepoint: 133678 ns, At safepoint: 16161 ns, Total: 149839 ns
[2023-07-04T04:54:31.437+0000][14837][safepoint   ] Safepoint "Cleanup", Time since last: 3000805319 ns, Reaching safepoint: 124055 ns, At safepoint: 16185 ns, Total: 140240 ns
[2023-07-04T04:54:33.438+0000][14837][safepoint   ] Safepoint "Cleanup", Time since last: 2000661476 ns, Reaching safepoint: 98244 ns, At safepoint: 10967 ns, Total: 109211 ns
[2023-07-04T04:54:34.439+0000][14837][safepoint   ] Safepoint "Cleanup", Time since last: 1000417687 ns, Reaching safepoint: 345841 ns, At safepoint: 33032 ns, Total: 378873 ns
[2023-07-04T04:54:35.439+0000][14837][safepoint   ] Safepoint "Cleanup", Time since last: 1000406885 ns, Reaching safepoint: 236886 ns, At safepoint: 20112 ns, Total: 256998 ns
[2023-07-04T04:54:36.440+0000][14837][safepoint   ] Safepoint "Cleanup", Time since last: 1000405211 ns, Reaching safepoint: 277770 ns, At safepoint: 32378 ns, Total: 310148 ns
[2023-07-04T04:54:38.441+0000][14837][safepoint   ] Safepoint "Cleanup", Time since last: 2000657084 ns, Reaching safepoint: 152225 ns, At safepoint: 19141 ns, Total: 171366 ns
[2023-07-04T04:54:39.441+0000][14837][safepoint   ] Safepoint "Cleanup", Time since last: 1000179153 ns, Reaching safepoint: 203096 ns, At safepoint: 8671 ns, Total: 211767 ns
[2023-07-04T04:54:41.442+0000][14837][safepoint   ] Safepoint "Cleanup", Time since last: 2000268538 ns, Reaching safepoint: 133016 ns, At safepoint: 15766 ns, Total: 148782 ns
[2023-07-04T04:54:48.443+0000][14837][safepoint   ] Safepoint "Cleanup", Time since last: 7001818106 ns, Reaching safepoint: 82052 ns, At safepoint: 7587 ns, Total: 89639 ns
[2023-07-04T04:54:51.444+0000][14837][safepoint   ] Safepoint "Cleanup", Time since last: 3000560275 ns, Reaching safepoint: 73881 ns, At safepoint: 11913 ns, Total: 85794 ns
[2023-07-04T04:54:56.446+0000][14837][safepoint   ] Safepoint "Cleanup", Time since last: 5001378019 ns, Reaching safepoint: 175540 ns, At safepoint: 25950 ns, Total: 201490 ns
[2023-07-04T04:55:00.447+0000][14837][safepoint   ] Safepoint "Cleanup", Time since last: 4001297832 ns, Reaching safepoint: 218504 ns, At safepoint: 25782 ns, Total: 244286 ns
[2023-07-04T04:55:01.448+0000][14837][safepoint   ] Safepoint "Cleanup", Time since last: 1000378184 ns, Reaching safepoint: 140662 ns, At safepoint: 16603 ns, Total: 157265 ns
[2023-07-04T04:55:03.449+0000][14837][safepoint   ] Safepoint "Cleanup", Time since last: 2000528250 ns, Reaching safepoint: 155340 ns, At safepoint: 27716 ns, Total: 183056 ns
[2023-07-04T04:55:13.451+0000][14837][safepoint   ] Safepoint "Cleanup", Time since last: 10002471769 ns, Reaching safepoint: 83202 ns, At safepoint: 10741 ns, Total: 93943 ns
[2023-07-04T04:55:17.452+0000][14837][safepoint   ] Safepoint "Cleanup", Time since last: 4000985354 ns, Reaching safepoint: 168820 ns, At safepoint: 22184 ns, Total: 191004 ns
[2023-07-04T04:55:18.453+0000][14837][safepoint   ] Safepoint "Cleanup", Time since last: 1000178283 ns, Reaching safepoint: 76694 ns, At safepoint: 6342 ns, Total: 83036 ns
[2023-07-04T04:55:21.454+0000][14837][safepoint   ] Safepoint "Cleanup", Time since last: 3001006072 ns, Reaching safepoint: 188013 ns, At safepoint: 16743 ns, Total: 204756 ns
[2023-07-04T04:55:22.454+0000][14837][safepoint   ] Safepoint "Cleanup", Time since last: 1000365602 ns, Reaching safepoint: 137995 ns, At safepoint: 16625 ns, Total: 154620 ns
[2023-07-04T04:55:23.455+0000][14837][safepoint   ] Safepoint "Cleanup", Time since last: 1000374295 ns, Reaching safepoint: 66747 ns, At safepoint: 7051 ns, Total: 73798 ns
[2023-07-04T04:55:28.456+0000][14837][safepoint   ] Safepoint "Cleanup", Time since last: 5001560960 ns, Reaching safepoint: 62748 ns, At safepoint: 7065 ns, Total: 69813 ns
[2023-07-04T04:55:33.458+0000][14837][safepoint   ] Safepoint "Cleanup", Time since last: 5001496125 ns, Reaching safepoint: 135477 ns, At safepoint: 16601 ns, Total: 152078 ns
[2023-07-04T04:55:38.460+0000][14837][safepoint   ] Safepoint "Cleanup", Time since last: 5001390214 ns, Reaching safepoint: 137151 ns, At safepoint: 16602 ns, Total: 153753 ns
[2023-07-04T04:55:39.460+0000][14837][safepoint   ] Safepoint "Cleanup", Time since last: 1000399501 ns, Reaching safepoint: 144917 ns, At safepoint: 17120 ns, Total: 162037 ns
[2023-07-04T04:55:40.461+0000][14837][safepoint   ] Safepoint "Cleanup", Time since last: 1000397347 ns, Reaching safepoint: 226523 ns, At safepoint: 25880 ns, Total: 252403 ns
[2023-07-04T04:55:41.461+0000][14837][safepoint   ] Safepoint "Cleanup", Time since last: 1000399791 ns, Reaching safepoint: 161405 ns, At safepoint: 16272 ns, Total: 177677 ns
[2023-07-04T04:55:43.462+0000][14837][safepoint   ] Safepoint "Cleanup", Time since last: 2000678862 ns, Reaching safepoint: 137436 ns, At safepoint: 16853 ns, Total: 154289 ns
[2023-07-04T04:55:48.463+0000][14837][safepoint   ] Safepoint "Cleanup", Time since last: 5001281008 ns, Reaching safepoint: 79898 ns, At safepoint: 4624 ns, Total: 84522 ns
[2023-07-04T04:55:53.465+0000][14837][safepoint   ] Safepoint "Cleanup", Time since last: 5001439146 ns, Reaching safepoint: 134786 ns, At safepoint: 11320 ns, Total: 146106 ns
[2023-07-04T04:55:56.466+0000][14837][safepoint   ] Safepoint "Cleanup", Time since last: 3000955001 ns, Reaching safepoint: 195180 ns, At safepoint: 23161 ns, Total: 218341 ns
[2023-07-04T04:55:58.467+0000][14837][safepoint   ] Safepoint "Cleanup", Time since last: 2000448279 ns, Reaching safepoint: 157138 ns, At safepoint: 21441 ns, Total: 178579 ns
[2023-07-04T04:55:59.467+0000][14837][safepoint   ] Safepoint "Cleanup", Time since last: 1000403294 ns, Reaching safepoint: 141900 ns, At safepoint: 16700 ns, Total: 158600 ns
[2023-07-04T04:56:10.471+0000][14837][safepoint   ] Safepoint "Cleanup", Time since last: 11003384242 ns, Reaching safepoint: 142995 ns, At safepoint: 16742 ns, Total: 159737 ns
[2023-07-04T04:56:16.473+0000][14837][safepoint   ] Safepoint "Cleanup", Time since last: 6001636940 ns, Reaching safepoint: 146860 ns, At safepoint: 16836 ns, Total: 163696 ns
[2023-07-04T04:56:18.474+0000][14837][safepoint   ] Safepoint "Cleanup", Time since last: 2000670413 ns, Reaching safepoint: 59839 ns, At safepoint: 6726 ns, Total: 66565 ns
[2023-07-04T04:56:21.474+0000][14837][safepoint   ] Safepoint "Cleanup", Time since last: 3000704386 ns, Reaching safepoint: 172231 ns, At safepoint: 16000 ns, Total: 188231 ns
[2023-07-04T04:56:23.475+0000][14837][safepoint   ] Safepoint "Cleanup", Time since last: 2000536564 ns, Reaching safepoint: 179506 ns, At safepoint: 13400 ns, Total: 192906 ns
[2023-07-04T04:56:26.476+0000][14837][safepoint   ] Safepoint "Cleanup", Time since last: 3000475348 ns, Reaching safepoint: 141439 ns, At safepoint: 16692 ns, Total: 158131 ns
[2023-07-04T04:56:28.476+0000][14837][safepoint   ] Safepoint "Cleanup", Time since last: 2000480596 ns, Reaching safepoint: 121541 ns, At safepoint: 16253 ns, Total: 137794 ns
[2023-07-04T04:56:33.477+0000][14837][safepoint   ] Safepoint "Cleanup", Time since last: 5000818565 ns, Reaching safepoint: 102778 ns, At safepoint: 11251 ns, Total: 114029 ns
[2023-07-04T04:56:35.478+0000][14837][safepoint   ] Safepoint "Cleanup", Time since last: 2000576716 ns, Reaching safepoint: 374394 ns, At safepoint: 25892 ns, Total: 400286 ns
[2023-07-04T04:56:36.479+0000][14837][safepoint   ] Safepoint "Cleanup", Time since last: 1000368906 ns, Reaching safepoint: 161728 ns, At safepoint: 21532 ns, Total: 183260 ns
[2023-07-04T04:56:38.480+0000][14837][safepoint   ] Safepoint "Cleanup", Time since last: 2000494728 ns, Reaching safepoint: 149583 ns, At safepoint: 16207 ns, Total: 165790 ns
[2023-07-04T04:56:41.480+0000][14837][safepoint   ] Safepoint "Cleanup", Time since last: 3000691515 ns, Reaching safepoint: 139324 ns, At safepoint: 16462 ns, Total: 155786 ns
[2023-07-04T04:56:48.482+0000][14837][safepoint   ] Safepoint "Cleanup", Time since last: 7001828468 ns, Reaching safepoint: 127346 ns, At safepoint: 16181 ns, Total: 143527 ns
[2023-07-04T04:56:54.484+0000][14837][safepoint   ] Safepoint "Cleanup", Time since last: 6001722611 ns, Reaching safepoint: 201197 ns, At safepoint: 27529 ns, Total: 228726 ns
[2023-07-04T04:57:01.486+0000][14837][safepoint   ] Safepoint "Cleanup", Time since last: 7001983514 ns, Reaching safepoint: 136350 ns, At safepoint: 15897 ns, Total: 152247 ns
[2023-07-04T04:57:03.487+0000][14837][safepoint   ] Safepoint "Cleanup", Time since last: 2000626046 ns, Reaching safepoint: 157012 ns, At safepoint: 17051 ns, Total: 174063 ns
[2023-07-04T04:57:06.488+0000][14837][safepoint   ] Safepoint "Cleanup", Time since last: 3000840705 ns, Reaching safepoint: 142513 ns, At safepoint: 16755 ns, Total: 159268 ns
[2023-07-04T04:57:08.489+0000][14837][safepoint   ] Safepoint "Cleanup", Time since last: 2000698575 ns, Reaching safepoint: 127951 ns, At safepoint: 15790 ns, Total: 143741 ns
[2023-07-04T04:57:16.491+0000][14837][safepoint   ] Safepoint "Cleanup", Time since last: 8002040240 ns, Reaching safepoint: 159870 ns, At safepoint: 16691 ns, Total: 176561 ns
[2023-07-04T04:57:18.492+0000][14837][safepoint   ] Safepoint "Cleanup", Time since last: 2000653356 ns, Reaching safepoint: 68004 ns, At safepoint: 5991 ns, Total: 73995 ns
[2023-07-04T04:57:20.493+0000][14837][safepoint   ] Safepoint "Cleanup", Time since last: 2000541442 ns, Reaching safepoint: 120414 ns, At safepoint: 15574 ns, Total: 135988 ns
[2023-07-04T04:57:21.493+0000][14837][safepoint   ] Safepoint "Cleanup", Time since last: 1000167664 ns, Reaching safepoint: 74600 ns, At safepoint: 4601 ns, Total: 79201 ns
[2023-07-04T04:57:22.493+0000][14837][safepoint   ] Safepoint "Cleanup", Time since last: 1000361676 ns, Reaching safepoint: 141240 ns, At safepoint: 16200 ns, Total: 157440 ns
[2023-07-04T04:57:23.494+0000][14837][safepoint   ] Safepoint "Cleanup", Time since last: 1000394781 ns, Reaching safepoint: 146567 ns, At safepoint: 16395 ns, Total: 162962 ns
[2023-07-04T04:57:26.495+0000][14837][safepoint   ] Safepoint "Cleanup", Time since last: 3000855841 ns, Reaching safepoint: 183514 ns, At safepoint: 16567 ns, Total: 200081 ns
[2023-07-04T04:57:29.496+0000][14837][safepoint   ] Safepoint "Cleanup", Time since last: 3000887915 ns, Reaching safepoint: 319910 ns, At safepoint: 25662 ns, Total: 345572 ns
[2023-07-04T04:57:31.497+0000][14837][safepoint   ] Safepoint "Cleanup", Time since last: 2000363985 ns, Reaching safepoint: 153167 ns, At safepoint: 21274 ns, Total: 174441 ns
[2023-07-04T04:57:36.499+0000][14837][safepoint   ] Safepoint "Cleanup", Time since last: 5001499576 ns, Reaching safepoint: 209952 ns, At safepoint: 25603 ns, Total: 235555 ns
[2023-07-04T04:57:38.499+0000][14837][safepoint   ] Safepoint "Cleanup", Time since last: 2000628982 ns, Reaching safepoint: 63849 ns, At safepoint: 6224 ns, Total: 70073 ns
[2023-07-04T04:57:44.501+0000][14837][safepoint   ] Safepoint "Cleanup", Time since last: 6001901388 ns, Reaching safepoint: 138444 ns, At safepoint: 16265 ns, Total: 154709 ns
[2023-07-04T04:57:47.502+0000][14837][safepoint   ] Safepoint "Cleanup", Time since last: 3000840896 ns, Reaching safepoint: 119940 ns, At safepoint: 15911 ns, Total: 135851 ns
[2023-07-04T04:57:48.503+0000][14837][safepoint   ] Safepoint "Cleanup", Time since last: 1000241132 ns, Reaching safepoint: 43590 ns, At safepoint: 4950 ns, Total: 48540 ns
[2023-07-04T04:57:51.566+0000][14837][safepoint   ] Safepoint "Cleanup", Time since last: 3063789001 ns, Reaching safepoint: 69019 ns, At safepoint: 7992 ns, Total: 77011 ns
[2023-07-04T04:57:53.004+0000][14837][safepoint   ] Safepoint "Cleanup", Time since last: 1437389533 ns, Reaching safepoint: 279424 ns, At safepoint: 51952 ns, Total: 331376 ns
[2023-07-04T04:57:54.005+0000][14837][safepoint   ] Safepoint "Cleanup", Time since last: 1000228053 ns, Reaching safepoint: 140589 ns, At safepoint: 17028 ns, Total: 157617 ns
[2023-07-04T04:57:55.005+0000][14837][safepoint   ] Safepoint "Cleanup", Time since last: 1000387785 ns, Reaching safepoint: 292556 ns, At safepoint: 26394 ns, Total: 318950 ns
[2023-07-04T04:57:56.006+0000][14837][safepoint   ] Safepoint "Cleanup", Time since last: 1000341021 ns, Reaching safepoint: 131566 ns, At safepoint: 15876 ns, Total: 147442 ns
[2023-07-04T04:57:57.006+0000][14837][safepoint   ] Safepoint "Cleanup", Time since last: 1000421567 ns, Reaching safepoint: 160677 ns, At safepoint: 26094 ns, Total: 186771 ns
[2023-07-04T04:57:58.007+0000][14837][safepoint   ] Safepoint "Cleanup", Time since last: 1000393946 ns, Reaching safepoint: 129909 ns, At safepoint: 15700 ns, Total: 145609 ns
[2023-07-04T04:57:59.007+0000][14837][safepoint   ] Safepoint "Cleanup", Time since last: 1000390487 ns, Reaching safepoint: 134053 ns, At safepoint: 15577 ns, Total: 149630 ns
[2023-07-04T04:58:01.008+0000][14837][safepoint   ] Safepoint "Cleanup", Time since last: 2000471064 ns, Reaching safepoint: 129142 ns, At safepoint: 16243 ns, Total: 145385 ns
[2023-07-04T04:58:04.009+0000][14837][safepoint   ] Safepoint "Cleanup", Time since last: 3000989394 ns, Reaching safepoint: 153822 ns, At safepoint: 16875 ns, Total: 170697 ns
[2023-07-04T04:58:05.010+0000][14837][safepoint   ] Safepoint "Cleanup", Time since last: 1000393270 ns, Reaching safepoint: 121155 ns, At safepoint: 15732 ns, Total: 136887 ns
[2023-07-04T04:58:06.010+0000][14837][safepoint   ] Safepoint "Cleanup", Time since last: 1000358797 ns, Reaching safepoint: 175608 ns, At safepoint: 16826 ns, Total: 192434 ns
[2023-07-04T04:58:14.013+0000][14837][safepoint   ] Safepoint "Cleanup", Time since last: 8002077669 ns, Reaching safepoint: 138675 ns, At safepoint: 16580 ns, Total: 155255 ns
[2023-07-04T04:58:19.014+0000][14837][safepoint   ] Safepoint "Cleanup", Time since last: 5001470224 ns, Reaching safepoint: 156350 ns, At safepoint: 17293 ns, Total: 173643 ns
[2023-07-04T04:58:34.018+0000][14837][safepoint   ] Safepoint "Cleanup", Time since last: 15004038154 ns, Reaching safepoint: 171165 ns, At safepoint: 15951 ns, Total: 187116 ns
[2023-07-04T04:58:36.019+0000][14837][safepoint   ] Safepoint "Cleanup", Time since last: 2000660868 ns, Reaching safepoint: 142218 ns, At safepoint: 16516 ns, Total: 158734 ns
[2023-07-04T04:58:41.021+0000][14837][safepoint   ] Safepoint "Cleanup", Time since last: 5001361561 ns, Reaching safepoint: 64027 ns, At safepoint: 4035 ns, Total: 68062 ns
[2023-07-04T04:58:46.022+0000][14837][safepoint   ] Safepoint "Cleanup", Time since last: 5001278205 ns, Reaching safepoint: 142400 ns, At safepoint: 17373 ns, Total: 159773 ns
[2023-07-04T04:58:48.023+0000][14837][safepoint   ] Safepoint "Cleanup", Time since last: 2000647630 ns, Reaching safepoint: 156682 ns, At safepoint: 20912 ns, Total: 177594 ns
[2023-07-04T04:58:49.023+0000][14837][safepoint   ] Safepoint "Cleanup", Time since last: 1000351908 ns, Reaching safepoint: 139167 ns, At safepoint: 17380 ns, Total: 156547 ns
[2023-07-04T04:58:51.024+0000][14837][safepoint   ] Safepoint "Cleanup", Time since last: 2000449126 ns, Reaching safepoint: 132810 ns, At safepoint: 16455 ns, Total: 149265 ns
[2023-07-04T04:58:53.025+0000][14837][safepoint   ] Safepoint "Cleanup", Time since last: 2000337903 ns, Reaching safepoint: 132723 ns, At safepoint: 16130 ns, Total: 148853 ns
[2023-07-04T04:58:54.025+0000][14837][safepoint   ] Safepoint "Cleanup", Time since last: 1000228063 ns, Reaching safepoint: 129985 ns, At safepoint: 15807 ns, Total: 145792 ns
[2023-07-04T04:58:56.025+0000][14837][safepoint   ] Safepoint "Cleanup", Time since last: 2000308067 ns, Reaching safepoint: 129978 ns, At safepoint: 25206 ns, Total: 155184 ns
[2023-07-04T04:58:59.026+0000][14837][safepoint   ] Safepoint "Cleanup", Time since last: 3000457504 ns, Reaching safepoint: 141548 ns, At safepoint: 16445 ns, Total: 157993 ns
[2023-07-04T04:59:02.027+0000][14837][safepoint   ] Safepoint "Cleanup", Time since last: 3000707325 ns, Reaching safepoint: 124347 ns, At safepoint: 16120 ns, Total: 140467 ns
[2023-07-04T04:59:04.028+0000][14837][safepoint   ] Safepoint "Cleanup", Time since last: 2000533608 ns, Reaching safepoint: 175008 ns, At safepoint: 23915 ns, Total: 198923 ns
[2023-07-04T04:59:07.028+0000][14837][safepoint   ] Safepoint "Cleanup", Time since last: 3000687135 ns, Reaching safepoint: 139061 ns, At safepoint: 16697 ns, Total: 155758 ns
[2023-07-04T04:59:09.029+0000][14837][safepoint   ] Safepoint "Cleanup", Time since last: 2000478518 ns, Reaching safepoint: 135351 ns, At safepoint: 16855 ns, Total: 152206 ns
[2023-07-04T04:59:14.031+0000][14837][safepoint   ] Safepoint "Cleanup", Time since last: 5001335352 ns, Reaching safepoint: 143730 ns, At safepoint: 16981 ns, Total: 160711 ns
[2023-07-04T04:59:18.031+0000][14837][safepoint   ] Safepoint "Cleanup", Time since last: 4000854202 ns, Reaching safepoint: 45958 ns, At safepoint: 4957 ns, Total: 50915 ns
[2023-07-04T04:59:21.032+0000][14837][safepoint   ] Safepoint "Cleanup", Time since last: 3000508517 ns, Reaching safepoint: 40697 ns, At safepoint: 4294 ns, Total: 44991 ns
[2023-07-04T04:59:25.033+0000][14837][safepoint   ] Safepoint "Cleanup", Time since last: 4000697935 ns, Reaching safepoint: 171279 ns, At safepoint: 26813 ns, Total: 198092 ns
[2023-07-04T04:59:29.034+0000][14837][safepoint   ] Safepoint "Cleanup", Time since last: 4000907419 ns, Reaching safepoint: 117676 ns, At safepoint: 15909 ns, Total: 133585 ns
[2023-07-04T04:59:30.034+0000][14837][safepoint   ] Safepoint "Cleanup", Time since last: 1000398604 ns, Reaching safepoint: 108760 ns, At safepoint: 15797 ns, Total: 124557 ns
[2023-07-04T04:59:34.036+0000][14837][safepoint   ] Safepoint "Cleanup", Time since last: 4001024546 ns, Reaching safepoint: 133670 ns, At safepoint: 15921 ns, Total: 149591 ns
[2023-07-04T04:59:44.039+0000][14837][safepoint   ] Safepoint "Cleanup", Time since last: 10002515330 ns, Reaching safepoint: 438029 ns, At safepoint: 26014 ns, Total: 464043 ns
[2023-07-04T04:59:46.039+0000][14837][safepoint   ] Safepoint "Cleanup", Time since last: 2000461507 ns, Reaching safepoint: 44970 ns, At safepoint: 3873 ns, Total: 48843 ns
[2023-07-04T04:59:48.040+0000][14837][safepoint   ] Safepoint "Cleanup", Time since last: 2000634277 ns, Reaching safepoint: 153917 ns, At safepoint: 22218 ns, Total: 176135 ns
[2023-07-04T04:59:53.041+0000][14837][safepoint   ] Safepoint "Cleanup", Time since last: 5001246418 ns, Reaching safepoint: 204086 ns, At safepoint: 26793 ns, Total: 230879 ns
[2023-07-04T04:59:54.042+0000][14837][safepoint   ] Safepoint "Cleanup", Time since last: 1000402580 ns, Reaching safepoint: 143848 ns, At safepoint: 16188 ns, Total: 160036 ns
[2023-07-04T04:59:56.043+0000][14837][safepoint   ] Safepoint "Cleanup", Time since last: 2000645561 ns, Reaching safepoint: 165787 ns, At safepoint: 25346 ns, Total: 191133 ns
[2023-07-04T05:00:01.600+0000][14837][safepoint   ] Safepoint "ICBufferFull", Time since last: 5557352739 ns, Reaching safepoint: 148571 ns, At safepoint: 22774 ns, Total: 171345 ns
[2023-07-04T05:00:02.601+0000][14837][safepoint   ] Safepoint "Cleanup", Time since last: 1000364512 ns, Reaching safepoint: 167696 ns, At safepoint: 24248 ns, Total: 191944 ns
[2023-07-04T05:00:06.602+0000][14837][safepoint   ] Safepoint "Cleanup", Time since last: 4000889981 ns, Reaching safepoint: 226938 ns, At safepoint: 26812 ns, Total: 253750 ns
[2023-07-04T05:00:08.603+0000][14837][safepoint   ] Safepoint "Cleanup", Time since last: 2000690650 ns, Reaching safepoint: 145024 ns, At safepoint: 15866 ns, Total: 160890 ns
[2023-07-04T05:00:18.605+0000][14837][safepoint   ] Safepoint "Cleanup", Time since last: 10002306796 ns, Reaching safepoint: 137198 ns, At safepoint: 16179 ns, Total: 153377 ns
[2023-07-04T05:00:21.606+0000][14837][safepoint   ] Safepoint "Cleanup", Time since last: 3000570242 ns, Reaching safepoint: 67136 ns, At safepoint: 8449 ns, Total: 75585 ns
[2023-07-04T05:00:26.549+0000][14837][gc,start    ] GC(16) Pause Young (Normal) (G1 Evacuation Pause)
[2023-07-04T05:00:26.549+0000][14837][gc,task     ] GC(16) Using 4 workers of 4 for evacuation
[2023-07-04T05:00:26.549+0000][14837][gc,age      ] GC(16) Desired survivor size 40370176 bytes, new threshold 15 (max threshold 15)
[2023-07-04T05:00:26.564+0000][14837][gc,age      ] GC(16) Age table with threshold 15 (max threshold 15)
[2023-07-04T05:00:26.564+0000][14837][gc,age      ] GC(16) - age   1:     799488 bytes,     799488 total
[2023-07-04T05:00:26.564+0000][14837][gc,age      ] GC(16) - age   2:   10374728 bytes,   11174216 total
[2023-07-04T05:00:26.564+0000][14837][gc,age      ] GC(16) - age   3:   12404424 bytes,   23578640 total
[2023-07-04T05:00:26.564+0000][14837][gc,phases   ] GC(16)   Pre Evacuate Collection Set: 0.2ms
[2023-07-04T05:00:26.564+0000][14837][gc,phases   ] GC(16)   Merge Heap Roots: 0.2ms
[2023-07-04T05:00:26.564+0000][14837][gc,phases   ] GC(16)   Evacuate Collection Set: 12.3ms
[2023-07-04T05:00:26.564+0000][14837][gc,phases   ] GC(16)   Post Evacuate Collection Set: 1.7ms
[2023-07-04T05:00:26.564+0000][14837][gc,phases   ] GC(16)   Other: 0.2ms
[2023-07-04T05:00:26.564+0000][14837][gc,heap     ] GC(16) Eden regions: 587->0(590)
[2023-07-04T05:00:26.564+0000][14837][gc,heap     ] GC(16) Survivor regions: 27->24(77)
[2023-07-04T05:00:26.564+0000][14837][gc,heap     ] GC(16) Old regions: 70->70
[2023-07-04T05:00:26.564+0000][14837][gc,heap     ] GC(16) Archive regions: 2->2
[2023-07-04T05:00:26.564+0000][14837][gc,heap     ] GC(16) Humongous regions: 2->2
[2023-07-04T05:00:26.564+0000][14837][gc,metaspace] GC(16) Metaspace: 129100K(130624K)->129100K(130624K) NonClass: 112986K(113792K)->112986K(113792K) Class: 16113K(16832K)->16113K(16832K)
[2023-07-04T05:00:26.564+0000][14837][gc          ] GC(16) Pause Young (Normal) (G1 Evacuation Pause) 686M->96M(1024M) 14.626ms
[2023-07-04T05:00:26.564+0000][14837][gc,cpu      ] GC(16) User=0.05s Sys=0.00s Real=0.02s
[2023-07-04T05:00:26.564+0000][14837][safepoint   ] Safepoint "G1CollectForAllocation", Time since last: 4943140154 ns, Reaching safepoint: 215081 ns, At safepoint: 14719512 ns, Total: 14934593 ns
[2023-07-04T05:00:26.571+0000][14837][gc,heap,exit] Heap
[2023-07-04T05:00:26.571+0000][14837][gc,heap,exit]  garbage-first heap   total 1048576K, used 107700K [0x00000000c0000000, 0x0000000100000000)
[2023-07-04T05:00:26.571+0000][14837][gc,heap,exit]   region size 1024K, 33 young (33792K), 24 survivors (24576K)
[2023-07-04T05:00:26.571+0000][14837][gc,heap,exit]  Metaspace       used 129105K, committed 130624K, reserved 1179648K
[2023-07-04T05:00:26.571+0000][14837][gc,heap,exit]   class space    used 16114K, committed 16832K, reserved 1048576K
