[2023-07-04T04:47:51.374+0000][14184][gc] Using G1
[2023-07-04T04:47:51.514+0000][14184][gc,init] Version: 17.0.7+7 (release)
[2023-07-04T04:47:51.514+0000][14184][gc,init] CPUs: 4 total, 4 available
[2023-07-04T04:47:51.514+0000][14184][gc,init] Memory: 15837M
[2023-07-04T04:47:51.514+0000][14184][gc,init] Large Page Support: Disabled
[2023-07-04T04:47:51.514+0000][14184][gc,init] NUMA Support: Disabled
[2023-07-04T04:47:51.514+0000][14184][gc,init] Compressed Oops: Enabled (32-bit)
[2023-07-04T04:47:51.514+0000][14184][gc,init] Heap Region Size: 1M
[2023-07-04T04:47:51.514+0000][14184][gc,init] Heap Min Capacity: 1G
[2023-07-04T04:47:51.514+0000][14184][gc,init] Heap Initial Capacity: 1G
[2023-07-04T04:47:51.514+0000][14184][gc,init] Heap Max Capacity: 1G
[2023-07-04T04:47:51.514+0000][14184][gc,init] Pre-touch: Enabled
[2023-07-04T04:47:51.514+0000][14184][gc,init] Parallel Workers: 4
[2023-07-04T04:47:51.514+0000][14184][gc,init] Concurrent Workers: 1
[2023-07-04T04:47:51.514+0000][14184][gc,init] Concurrent Refinement Workers: 4
[2023-07-04T04:47:51.514+0000][14184][gc,init] Periodic GC: Disabled
[2023-07-04T04:47:51.514+0000][14184][gc,metaspace] CDS archive(s) mapped at: [0x0000000800000000-0x0000000800be1000-0x0000000800be1000), size 12455936, SharedBaseAddress: 0x0000000800000000, ArchiveRelocationMode: 0.
[2023-07-04T04:47:51.514+0000][14184][gc,metaspace] Compressed class space mapped at: 0x0000000801000000-0x0000000841000000, reserved size: 1073741824
[2023-07-04T04:47:51.514+0000][14184][gc,metaspace] Narrow klass base: 0x0000000800000000, Narrow klass shift: 0, Narrow klass range: 0x100000000
[2023-07-04T04:47:51.873+0000][14184][safepoint   ] Safepoint "ICBufferFull", Time since last: 353423532 ns, Reaching safepoint: 190298 ns, At safepoint: 4966 ns, Total: 195264 ns
[2023-07-04T04:47:52.269+0000][14184][safepoint   ] Safepoint "ICBufferFull", Time since last: 396595718 ns, Reaching safepoint: 135958 ns, At safepoint: 4857 ns, Total: 140815 ns
[2023-07-04T04:47:52.270+0000][14184][safepoint   ] Safepoint "ICBufferFull", Time since last: 50441 ns, Reaching safepoint: 11256 ns, At safepoint: 5540 ns, Total: 16796 ns
[2023-07-04T04:47:52.318+0000][14184][gc,start    ] GC(0) Pause Young (Normal) (G1 Evacuation Pause)
[2023-07-04T04:47:52.318+0000][14184][gc,task     ] GC(0) Using 4 workers of 4 for evacuation
[2023-07-04T04:47:52.318+0000][14184][gc,age      ] GC(0) Desired survivor size 3670016 bytes, new threshold 15 (max threshold 15)
[2023-07-04T04:47:52.325+0000][14184][gc,age      ] GC(0) Age table with threshold 15 (max threshold 15)
[2023-07-04T04:47:52.325+0000][14184][gc,age      ] GC(0) - age   1:    7318272 bytes,    7318272 total
[2023-07-04T04:47:52.325+0000][14184][gc,phases   ] GC(0)   Pre Evacuate Collection Set: 0.1ms
[2023-07-04T04:47:52.325+0000][14184][gc,phases   ] GC(0)   Merge Heap Roots: 0.1ms
[2023-07-04T04:47:52.325+0000][14184][gc,phases   ] GC(0)   Evacuate Collection Set: 4.2ms
[2023-07-04T04:47:52.325+0000][14184][gc,phases   ] GC(0)   Post Evacuate Collection Set: 2.2ms
[2023-07-04T04:47:52.325+0000][14184][gc,phases   ] GC(0)   Other: 0.2ms
[2023-07-04T04:47:52.325+0000][14184][gc,heap     ] GC(0) Eden regions: 51->0(44)
[2023-07-04T04:47:52.325+0000][14184][gc,heap     ] GC(0) Survivor regions: 0->7(7)
[2023-07-04T04:47:52.325+0000][14184][gc,heap     ] GC(0) Old regions: 0->1
[2023-07-04T04:47:52.325+0000][14184][gc,heap     ] GC(0) Archive regions: 2->2
[2023-07-04T04:47:52.325+0000][14184][gc,heap     ] GC(0) Humongous regions: 1->1
[2023-07-04T04:47:52.325+0000][14184][gc,metaspace] GC(0) Metaspace: 13997K(14208K)->13997K(14208K) NonClass: 12261K(12352K)->12261K(12352K) Class: 1736K(1856K)->1736K(1856K)
[2023-07-04T04:47:52.325+0000][14184][gc          ] GC(0) Pause Young (Normal) (G1 Evacuation Pause) 52M->9M(1024M) 6.852ms
[2023-07-04T04:47:52.325+0000][14184][gc,cpu      ] GC(0) User=0.02s Sys=0.00s Real=0.01s
[2023-07-04T04:47:52.325+0000][14184][safepoint   ] Safepoint "G1CollectForAllocation", Time since last: 48506478 ns, Reaching safepoint: 109280 ns, At safepoint: 6960919 ns, Total: 7070199 ns
[2023-07-04T04:47:52.492+0000][14184][gc,start    ] GC(1) Pause Young (Normal) (G1 Evacuation Pause)
[2023-07-04T04:47:52.492+0000][14184][gc,task     ] GC(1) Using 4 workers of 4 for evacuation
[2023-07-04T04:47:52.492+0000][14184][gc,age      ] GC(1) Desired survivor size 3670016 bytes, new threshold 1 (max threshold 15)
[2023-07-04T04:47:52.496+0000][14184][gc,age      ] GC(1) Age table with threshold 1 (max threshold 15)
[2023-07-04T04:47:52.496+0000][14184][gc,age      ] GC(1) - age   1:    1072576 bytes,    1072576 total
[2023-07-04T04:47:52.496+0000][14184][gc,phases   ] GC(1)   Pre Evacuate Collection Set: 0.1ms
[2023-07-04T04:47:52.496+0000][14184][gc,phases   ] GC(1)   Merge Heap Roots: 0.0ms
[2023-07-04T04:47:52.496+0000][14184][gc,phases   ] GC(1)   Evacuate Collection Set: 3.3ms
[2023-07-04T04:47:52.496+0000][14184][gc,phases   ] GC(1)   Post Evacuate Collection Set: 0.5ms
[2023-07-04T04:47:52.496+0000][14184][gc,phases   ] GC(1)   Other: 0.2ms
[2023-07-04T04:47:52.496+0000][14184][gc,heap     ] GC(1) Eden regions: 44->0(63)
[2023-07-04T04:47:52.496+0000][14184][gc,heap     ] GC(1) Survivor regions: 7->2(7)
[2023-07-04T04:47:52.496+0000][14184][gc,heap     ] GC(1) Old regions: 1->6
[2023-07-04T04:47:52.496+0000][14184][gc,heap     ] GC(1) Archive regions: 2->2
[2023-07-04T04:47:52.496+0000][14184][gc,heap     ] GC(1) Humongous regions: 1->1
[2023-07-04T04:47:52.496+0000][14184][gc,metaspace] GC(1) Metaspace: 14772K(15040K)->14772K(15040K) NonClass: 12974K(13120K)->12974K(13120K) Class: 1797K(1920K)->1797K(1920K)
[2023-07-04T04:47:52.496+0000][14184][gc          ] GC(1) Pause Young (Normal) (G1 Evacuation Pause) 53M->8M(1024M) 4.189ms
[2023-07-04T04:47:52.496+0000][14184][gc,cpu      ] GC(1) User=0.01s Sys=0.00s Real=0.00s
[2023-07-04T04:47:52.496+0000][14184][safepoint   ] Safepoint "G1CollectForAllocation", Time since last: 166940220 ns, Reaching safepoint: 51566 ns, At safepoint: 4236727 ns, Total: 4288293 ns
[2023-07-04T04:47:52.607+0000][14184][gc,start    ] GC(2) Pause Young (Normal) (G1 Evacuation Pause)
[2023-07-04T04:47:52.607+0000][14184][gc,task     ] GC(2) Using 4 workers of 4 for evacuation
[2023-07-04T04:47:52.607+0000][14184][gc,age      ] GC(2) Desired survivor size 4718592 bytes, new threshold 15 (max threshold 15)
[2023-07-04T04:47:52.609+0000][14184][gc,age      ] GC(2) Age table with threshold 15 (max threshold 15)
[2023-07-04T04:47:52.609+0000][14184][gc,age      ] GC(2) - age   1:     628440 bytes,     628440 total
[2023-07-04T04:47:52.609+0000][14184][gc,age      ] GC(2) - age   2:    1062032 bytes,    1690472 total
[2023-07-04T04:47:52.609+0000][14184][gc,phases   ] GC(2)   Pre Evacuate Collection Set: 0.1ms
[2023-07-04T04:47:52.609+0000][14184][gc,phases   ] GC(2)   Merge Heap Roots: 0.0ms
[2023-07-04T04:47:52.609+0000][14184][gc,phases   ] GC(2)   Evacuate Collection Set: 1.4ms
[2023-07-04T04:47:52.609+0000][14184][gc,phases   ] GC(2)   Post Evacuate Collection Set: 0.3ms
[2023-07-04T04:47:52.609+0000][14184][gc,phases   ] GC(2)   Other: 0.1ms
[2023-07-04T04:47:52.609+0000][14184][gc,heap     ] GC(2) Eden regions: 63->0(612)
[2023-07-04T04:47:52.609+0000][14184][gc,heap     ] GC(2) Survivor regions: 2->2(9)
[2023-07-04T04:47:52.609+0000][14184][gc,heap     ] GC(2) Old regions: 6->6
[2023-07-04T04:47:52.609+0000][14184][gc,heap     ] GC(2) Archive regions: 2->2
[2023-07-04T04:47:52.609+0000][14184][gc,heap     ] GC(2) Humongous regions: 1->1
[2023-07-04T04:47:52.609+0000][14184][gc,metaspace] GC(2) Metaspace: 15898K(16128K)->15898K(16128K) NonClass: 13957K(14080K)->13957K(14080K) Class: 1940K(2048K)->1940K(2048K)
[2023-07-04T04:47:52.609+0000][14184][gc          ] GC(2) Pause Young (Normal) (G1 Evacuation Pause) 71M->8M(1024M) 2.008ms
[2023-07-04T04:47:52.609+0000][14184][gc,cpu      ] GC(2) User=0.01s Sys=0.00s Real=0.00s
[2023-07-04T04:47:52.609+0000][14184][safepoint   ] Safepoint "G1CollectForAllocation", Time since last: 110217766 ns, Reaching safepoint: 69191 ns, At safepoint: 2066313 ns, Total: 2135504 ns
[2023-07-04T04:47:53.111+0000][14184][safepoint   ] Safepoint "ICBufferFull", Time since last: 502189607 ns, Reaching safepoint: 114029 ns, At safepoint: 4454 ns, Total: 118483 ns
[2023-07-04T04:47:53.220+0000][14184][gc,start    ] GC(3) Pause Young (Normal) (G1 Evacuation Pause)
[2023-07-04T04:47:53.220+0000][14184][gc,task     ] GC(3) Using 4 workers of 4 for evacuation
[2023-07-04T04:47:53.220+0000][14184][gc,age      ] GC(3) Desired survivor size 40370176 bytes, new threshold 15 (max threshold 15)
[2023-07-04T04:47:53.224+0000][14184][gc,age      ] GC(3) Age table with threshold 15 (max threshold 15)
[2023-07-04T04:47:53.224+0000][14184][gc,age      ] GC(3) - age   1:    6463560 bytes,    6463560 total
[2023-07-04T04:47:53.224+0000][14184][gc,age      ] GC(3) - age   2:     267104 bytes,    6730664 total
[2023-07-04T04:47:53.224+0000][14184][gc,age      ] GC(3) - age   3:    1061936 bytes,    7792600 total
[2023-07-04T04:47:53.224+0000][14184][gc,phases   ] GC(3)   Pre Evacuate Collection Set: 0.1ms
[2023-07-04T04:47:53.224+0000][14184][gc,phases   ] GC(3)   Merge Heap Roots: 0.1ms
[2023-07-04T04:47:53.224+0000][14184][gc,phases   ] GC(3)   Evacuate Collection Set: 2.9ms
[2023-07-04T04:47:53.224+0000][14184][gc,phases   ] GC(3)   Post Evacuate Collection Set: 0.7ms
[2023-07-04T04:47:53.224+0000][14184][gc,phases   ] GC(3)   Other: 0.2ms
[2023-07-04T04:47:53.224+0000][14184][gc,heap     ] GC(3) Eden regions: 612->0(606)
[2023-07-04T04:47:53.224+0000][14184][gc,heap     ] GC(3) Survivor regions: 2->8(77)
[2023-07-04T04:47:53.224+0000][14184][gc,heap     ] GC(3) Old regions: 6->6
[2023-07-04T04:47:53.224+0000][14184][gc,heap     ] GC(3) Archive regions: 2->2
[2023-07-04T04:47:53.224+0000][14184][gc,heap     ] GC(3) Humongous regions: 4->1
[2023-07-04T04:47:53.224+0000][14184][gc,metaspace] GC(3) Metaspace: 17172K(17536K)->17172K(17536K) NonClass: 15071K(15296K)->15071K(15296K) Class: 2100K(2240K)->2100K(2240K)
[2023-07-04T04:47:53.224+0000][14184][gc          ] GC(3) Pause Young (Normal) (G1 Evacuation Pause) 623M->15M(1024M) 4.153ms
[2023-07-04T04:47:53.224+0000][14184][gc,cpu      ] GC(3) User=0.01s Sys=0.00s Real=0.01s
[2023-07-04T04:47:53.224+0000][14184][safepoint   ] Safepoint "G1CollectForAllocation", Time since last: 108621852 ns, Reaching safepoint: 34324 ns, At safepoint: 4203084 ns, Total: 4237408 ns
[2023-07-04T04:47:53.371+0000][14184][gc,start    ] GC(4) Pause Young (Concurrent Start) (Metadata GC Threshold)
[2023-07-04T04:47:53.371+0000][14184][gc,task     ] GC(4) Using 4 workers of 4 for evacuation
[2023-07-04T04:47:53.371+0000][14184][gc,age      ] GC(4) Desired survivor size 40370176 bytes, new threshold 15 (max threshold 15)
[2023-07-04T04:47:53.375+0000][14184][gc,age      ] GC(4) Age table with threshold 15 (max threshold 15)
[2023-07-04T04:47:53.375+0000][14184][gc,age      ] GC(4) - age   1:    1053232 bytes,    1053232 total
[2023-07-04T04:47:53.375+0000][14184][gc,age      ] GC(4) - age   2:    6444720 bytes,    7497952 total
[2023-07-04T04:47:53.375+0000][14184][gc,age      ] GC(4) - age   3:     267016 bytes,    7764968 total
[2023-07-04T04:47:53.375+0000][14184][gc,age      ] GC(4) - age   4:    1061776 bytes,    8826744 total
[2023-07-04T04:47:53.375+0000][14184][gc,phases   ] GC(4)   Pre Evacuate Collection Set: 0.1ms
[2023-07-04T04:47:53.375+0000][14184][gc,phases   ] GC(4)   Merge Heap Roots: 0.1ms
[2023-07-04T04:47:53.375+0000][14184][gc,phases   ] GC(4)   Evacuate Collection Set: 3.0ms
[2023-07-04T04:47:53.375+0000][14184][gc,phases   ] GC(4)   Post Evacuate Collection Set: 0.5ms
[2023-07-04T04:47:53.375+0000][14184][gc,phases   ] GC(4)   Other: 0.2ms
[2023-07-04T04:47:53.375+0000][14184][gc,heap     ] GC(4) Eden regions: 20->0(221)
[2023-07-04T04:47:53.375+0000][14184][gc,heap     ] GC(4) Survivor regions: 8->9(77)
[2023-07-04T04:47:53.375+0000][14184][gc,heap     ] GC(4) Old regions: 6->6
[2023-07-04T04:47:53.375+0000][14184][gc,heap     ] GC(4) Archive regions: 2->2
[2023-07-04T04:47:53.375+0000][14184][gc,heap     ] GC(4) Humongous regions: 1->1
[2023-07-04T04:47:53.375+0000][14184][gc,metaspace] GC(4) Metaspace: 21146K(21504K)->21146K(21504K) NonClass: 18587K(18752K)->18587K(18752K) Class: 2558K(2752K)->2558K(2752K)
[2023-07-04T04:47:53.375+0000][14184][gc          ] GC(4) Pause Young (Concurrent Start) (Metadata GC Threshold) 35M->16M(1024M) 4.102ms
[2023-07-04T04:47:53.375+0000][14184][gc,cpu      ] GC(4) User=0.01s Sys=0.00s Real=0.01s
[2023-07-04T04:47:53.375+0000][14184][gc          ] GC(5) Concurrent Mark Cycle
[2023-07-04T04:47:53.375+0000][14184][gc,marking  ] GC(5) Concurrent Clear Claimed Marks
[2023-07-04T04:47:53.375+0000][14184][safepoint   ] Safepoint "CollectForMetadataAllocation", Time since last: 146607420 ns, Reaching safepoint: 146898 ns, At safepoint: 4195374 ns, Total: 4342272 ns
[2023-07-04T04:47:53.375+0000][14184][gc,marking  ] GC(5) Concurrent Clear Claimed Marks 0.033ms
[2023-07-04T04:47:53.375+0000][14184][gc,marking  ] GC(5) Concurrent Scan Root Regions
[2023-07-04T04:47:53.377+0000][14184][gc,marking  ] GC(5) Concurrent Scan Root Regions 1.991ms
[2023-07-04T04:47:53.377+0000][14184][gc,marking  ] GC(5) Concurrent Mark
[2023-07-04T04:47:53.377+0000][14184][gc,marking  ] GC(5) Concurrent Mark From Roots
[2023-07-04T04:47:53.377+0000][14184][gc,task     ] GC(5) Using 1 workers of 1 for marking
[2023-07-04T04:47:53.382+0000][14184][safepoint   ] Safepoint "CollectForMetadataAllocation", Time since last: 7344329 ns, Reaching safepoint: 100289 ns, At safepoint: 54244 ns, Total: 154533 ns
[2023-07-04T04:47:53.384+0000][14184][safepoint   ] Safepoint "CollectForMetadataAllocation", Time since last: 1892932 ns, Reaching safepoint: 34127 ns, At safepoint: 6248 ns, Total: 40375 ns
[2023-07-04T04:47:53.386+0000][14184][gc,marking  ] GC(5) Concurrent Mark From Roots 9.113ms
[2023-07-04T04:47:53.386+0000][14184][gc,marking  ] GC(5) Concurrent Preclean
[2023-07-04T04:47:53.386+0000][14184][gc,marking  ] GC(5) Concurrent Preclean 0.124ms
[2023-07-04T04:47:53.386+0000][14184][gc,start    ] GC(5) Pause Remark
[2023-07-04T04:47:53.388+0000][14184][gc          ] GC(5) Pause Remark 16M->16M(1024M) 2.268ms
[2023-07-04T04:47:53.389+0000][14184][gc,cpu      ] GC(5) User=0.01s Sys=0.00s Real=0.00s
[2023-07-04T04:47:53.389+0000][14184][safepoint   ] Safepoint "G1Concurrent", Time since last: 1905500 ns, Reaching safepoint: 100988 ns, At safepoint: 2310593 ns, Total: 2411581 ns
[2023-07-04T04:47:53.389+0000][14184][gc,marking  ] GC(5) Concurrent Mark 11.734ms
[2023-07-04T04:47:53.389+0000][14184][gc,marking  ] GC(5) Concurrent Rebuild Remembered Sets
[2023-07-04T04:47:53.392+0000][14184][gc,marking  ] GC(5) Concurrent Rebuild Remembered Sets 3.267ms
[2023-07-04T04:47:53.392+0000][14184][gc,start    ] GC(5) Pause Cleanup
[2023-07-04T04:47:53.392+0000][14184][gc          ] GC(5) Pause Cleanup 17M->17M(1024M) 0.113ms
[2023-07-04T04:47:53.392+0000][14184][gc,cpu      ] GC(5) User=0.00s Sys=0.00s Real=0.00s
[2023-07-04T04:47:53.392+0000][14184][safepoint   ] Safepoint "G1Concurrent", Time since last: 3355366 ns, Reaching safepoint: 78878 ns, At safepoint: 139517 ns, Total: 218395 ns
[2023-07-04T04:47:53.392+0000][14184][gc,marking  ] GC(5) Concurrent Cleanup for Next Mark
[2023-07-04T04:47:53.394+0000][14184][gc,marking  ] GC(5) Concurrent Cleanup for Next Mark 1.782ms
[2023-07-04T04:47:53.394+0000][14184][gc          ] GC(5) Concurrent Mark Cycle 19.193ms
[2023-07-04T04:47:53.963+0000][14184][safepoint   ] Safepoint "ICBufferFull", Time since last: 570237549 ns, Reaching safepoint: 212442 ns, At safepoint: 5649 ns, Total: 218091 ns
[2023-07-04T04:47:54.077+0000][14184][gc,start    ] GC(6) Pause Young (Prepare Mixed) (G1 Evacuation Pause)
[2023-07-04T04:47:54.077+0000][14184][gc,task     ] GC(6) Using 4 workers of 4 for evacuation
[2023-07-04T04:47:54.077+0000][14184][gc,age      ] GC(6) Desired survivor size 17301504 bytes, new threshold 15 (max threshold 15)
[2023-07-04T04:47:54.084+0000][14184][gc,age      ] GC(6) Age table with threshold 15 (max threshold 15)
[2023-07-04T04:47:54.085+0000][14184][gc,age      ] GC(6) - age   1:   10390272 bytes,   10390272 total
[2023-07-04T04:47:54.085+0000][14184][gc,age      ] GC(6) - age   2:    1034360 bytes,   11424632 total
[2023-07-04T04:47:54.085+0000][14184][gc,age      ] GC(6) - age   3:    6440888 bytes,   17865520 total
[2023-07-04T04:47:54.085+0000][14184][gc,age      ] GC(6) - age   4:     266408 bytes,   18131928 total
[2023-07-04T04:47:54.085+0000][14184][gc,age      ] GC(6) - age   5:    1054864 bytes,   19186792 total
[2023-07-04T04:47:54.085+0000][14184][gc,phases   ] GC(6)   Pre Evacuate Collection Set: 0.2ms
[2023-07-04T04:47:54.085+0000][14184][gc,phases   ] GC(6)   Merge Heap Roots: 0.1ms
[2023-07-04T04:47:54.085+0000][14184][gc,phases   ] GC(6)   Evacuate Collection Set: 6.0ms
[2023-07-04T04:47:54.085+0000][14184][gc,phases   ] GC(6)   Post Evacuate Collection Set: 0.7ms
[2023-07-04T04:47:54.085+0000][14184][gc,phases   ] GC(6)   Other: 0.2ms
[2023-07-04T04:47:54.085+0000][14184][gc,heap     ] GC(6) Eden regions: 250->0(32)
[2023-07-04T04:47:54.085+0000][14184][gc,heap     ] GC(6) Survivor regions: 9->19(33)
[2023-07-04T04:47:54.085+0000][14184][gc,heap     ] GC(6) Old regions: 6->6
[2023-07-04T04:47:54.085+0000][14184][gc,heap     ] GC(6) Archive regions: 2->2
[2023-07-04T04:47:54.085+0000][14184][gc,heap     ] GC(6) Humongous regions: 7->1
[2023-07-04T04:47:54.085+0000][14184][gc,metaspace] GC(6) Metaspace: 28044K(28480K)->28044K(28480K) NonClass: 24654K(24896K)->24654K(24896K) Class: 3390K(3584K)->3390K(3584K)
[2023-07-04T04:47:54.085+0000][14184][gc          ] GC(6) Pause Young (Prepare Mixed) (G1 Evacuation Pause) 272M->26M(1024M) 7.195ms
[2023-07-04T04:47:54.085+0000][14184][gc,cpu      ] GC(6) User=0.02s Sys=0.00s Real=0.01s
[2023-07-04T04:47:54.085+0000][14184][safepoint   ] Safepoint "G1CollectForAllocation", Time since last: 114757347 ns, Reaching safepoint: 83900 ns, At safepoint: 7255655 ns, Total: 7339555 ns
[2023-07-04T04:47:54.112+0000][14184][gc,start    ] GC(7) Pause Young (Mixed) (G1 Evacuation Pause)
[2023-07-04T04:47:54.112+0000][14184][gc,task     ] GC(7) Using 4 workers of 4 for evacuation
[2023-07-04T04:47:54.112+0000][14184][gc,age      ] GC(7) Desired survivor size 3670016 bytes, new threshold 1 (max threshold 15)
[2023-07-04T04:47:54.119+0000][14184][gc,age      ] GC(7) Age table with threshold 1 (max threshold 15)
[2023-07-04T04:47:54.119+0000][14184][gc,age      ] GC(7) - age   1:    1516392 bytes,    1516392 total
[2023-07-04T04:47:54.119+0000][14184][gc,phases   ] GC(7)   Pre Evacuate Collection Set: 0.2ms
[2023-07-04T04:47:54.119+0000][14184][gc,phases   ] GC(7)   Merge Heap Roots: 0.1ms
[2023-07-04T04:47:54.119+0000][14184][gc,phases   ] GC(7)   Evacuate Collection Set: 6.6ms
[2023-07-04T04:47:54.119+0000][14184][gc,phases   ] GC(7)   Post Evacuate Collection Set: 0.5ms
[2023-07-04T04:47:54.119+0000][14184][gc,phases   ] GC(7)   Other: 0.1ms
[2023-07-04T04:47:54.119+0000][14184][gc,heap     ] GC(7) Eden regions: 32->0(411)
[2023-07-04T04:47:54.119+0000][14184][gc,heap     ] GC(7) Survivor regions: 19->3(7)
[2023-07-04T04:47:54.119+0000][14184][gc,heap     ] GC(7) Old regions: 6->24
[2023-07-04T04:47:54.119+0000][14184][gc,heap     ] GC(7) Archive regions: 2->2
[2023-07-04T04:47:54.119+0000][14184][gc,heap     ] GC(7) Humongous regions: 1->1
[2023-07-04T04:47:54.119+0000][14184][gc,metaspace] GC(7) Metaspace: 28090K(28544K)->28090K(28544K) NonClass: 24698K(24960K)->24698K(24960K) Class: 3392K(3584K)->3392K(3584K)
[2023-07-04T04:47:54.119+0000][14184][gc          ] GC(7) Pause Young (Mixed) (G1 Evacuation Pause) 58M->28M(1024M) 7.572ms
[2023-07-04T04:47:54.119+0000][14184][gc,cpu      ] GC(7) User=0.02s Sys=0.01s Real=0.00s
[2023-07-04T04:47:54.119+0000][14184][safepoint   ] Safepoint "G1CollectForAllocation", Time since last: 27057246 ns, Reaching safepoint: 41652 ns, At safepoint: 7631769 ns, Total: 7673421 ns
[2023-07-04T04:47:54.651+0000][14184][gc,start    ] GC(8) Pause Young (Concurrent Start) (G1 Evacuation Pause)
[2023-07-04T04:47:54.651+0000][14184][gc,task     ] GC(8) Using 4 workers of 4 for evacuation
[2023-07-04T04:47:54.651+0000][14184][gc,age      ] GC(8) Desired survivor size 27262976 bytes, new threshold 15 (max threshold 15)
[2023-07-04T04:47:54.654+0000][14184][gc,age      ] GC(8) Age table with threshold 15 (max threshold 15)
[2023-07-04T04:47:54.654+0000][14184][gc,age      ] GC(8) - age   1:   11236984 bytes,   11236984 total
[2023-07-04T04:47:54.654+0000][14184][gc,age      ] GC(8) - age   2:     717152 bytes,   11954136 total
[2023-07-04T04:47:54.654+0000][14184][gc,phases   ] GC(8)   Pre Evacuate Collection Set: 0.1ms
[2023-07-04T04:47:54.654+0000][14184][gc,phases   ] GC(8)   Merge Heap Roots: 0.1ms
[2023-07-04T04:47:54.654+0000][14184][gc,phases   ] GC(8)   Evacuate Collection Set: 2.5ms
[2023-07-04T04:47:54.654+0000][14184][gc,phases   ] GC(8)   Post Evacuate Collection Set: 0.6ms
[2023-07-04T04:47:54.654+0000][14184][gc,phases   ] GC(8)   Other: 0.2ms
[2023-07-04T04:47:54.654+0000][14184][gc,heap     ] GC(8) Eden regions: 411->0(452)
[2023-07-04T04:47:54.654+0000][14184][gc,heap     ] GC(8) Survivor regions: 3->13(52)
[2023-07-04T04:47:54.654+0000][14184][gc,heap     ] GC(8) Old regions: 24->24
[2023-07-04T04:47:54.654+0000][14184][gc,heap     ] GC(8) Archive regions: 2->2
[2023-07-04T04:47:54.654+0000][14184][gc,heap     ] GC(8) Humongous regions: 7->1
[2023-07-04T04:47:54.654+0000][14184][gc,metaspace] GC(8) Metaspace: 31912K(32448K)->31912K(32448K) NonClass: 28032K(28352K)->28032K(28352K) Class: 3879K(4096K)->3879K(4096K)
[2023-07-04T04:47:54.654+0000][14184][gc          ] GC(8) Pause Young (Concurrent Start) (G1 Evacuation Pause) 445M->37M(1024M) 3.609ms
[2023-07-04T04:47:54.654+0000][14184][gc,cpu      ] GC(8) User=0.01s Sys=0.00s Real=0.01s
[2023-07-04T04:47:54.654+0000][14184][safepoint   ] Safepoint "G1CollectForAllocation", Time since last: 531192687 ns, Reaching safepoint: 153105 ns, At safepoint: 3688729 ns, Total: 3841834 ns
[2023-07-04T04:47:54.654+0000][14184][gc          ] GC(9) Concurrent Mark Cycle
[2023-07-04T04:47:54.654+0000][14184][gc,marking  ] GC(9) Concurrent Clear Claimed Marks
[2023-07-04T04:47:54.654+0000][14184][gc,marking  ] GC(9) Concurrent Clear Claimed Marks 0.037ms
[2023-07-04T04:47:54.654+0000][14184][gc,marking  ] GC(9) Concurrent Scan Root Regions
[2023-07-04T04:47:54.656+0000][14184][gc,marking  ] GC(9) Concurrent Scan Root Regions 1.191ms
[2023-07-04T04:47:54.656+0000][14184][gc,marking  ] GC(9) Concurrent Mark
[2023-07-04T04:47:54.656+0000][14184][gc,marking  ] GC(9) Concurrent Mark From Roots
[2023-07-04T04:47:54.656+0000][14184][gc,task     ] GC(9) Using 1 workers of 1 for marking
[2023-07-04T04:47:54.681+0000][14184][gc,marking  ] GC(9) Concurrent Mark From Roots 24.992ms
[2023-07-04T04:47:54.681+0000][14184][gc,marking  ] GC(9) Concurrent Preclean
[2023-07-04T04:47:54.681+0000][14184][gc,marking  ] GC(9) Concurrent Preclean 0.144ms
[2023-07-04T04:47:54.681+0000][14184][gc,start    ] GC(9) Pause Remark
[2023-07-04T04:47:54.684+0000][14184][gc          ] GC(9) Pause Remark 41M->41M(1024M) 3.250ms
[2023-07-04T04:47:54.684+0000][14184][gc,cpu      ] GC(9) User=0.01s Sys=0.00s Real=0.01s
[2023-07-04T04:47:54.684+0000][14184][safepoint   ] Safepoint "G1Concurrent", Time since last: 26522616 ns, Reaching safepoint: 105747 ns, At safepoint: 3308742 ns, Total: 3414489 ns
[2023-07-04T04:47:54.684+0000][14184][gc,marking  ] GC(9) Concurrent Mark 28.686ms
[2023-07-04T04:47:54.684+0000][14184][gc,marking  ] GC(9) Concurrent Rebuild Remembered Sets
[2023-07-04T04:47:54.694+0000][14184][gc,marking  ] GC(9) Concurrent Rebuild Remembered Sets 9.531ms
[2023-07-04T04:47:54.694+0000][14184][gc,start    ] GC(9) Pause Cleanup
[2023-07-04T04:47:54.694+0000][14184][gc          ] GC(9) Pause Cleanup 43M->43M(1024M) 0.107ms
[2023-07-04T04:47:54.694+0000][14184][gc,cpu      ] GC(9) User=0.00s Sys=0.00s Real=0.00s
[2023-07-04T04:47:54.694+0000][14184][safepoint   ] Safepoint "G1Concurrent", Time since last: 9634583 ns, Reaching safepoint: 112985 ns, At safepoint: 136266 ns, Total: 249251 ns
[2023-07-04T04:47:54.694+0000][14184][gc,marking  ] GC(9) Concurrent Cleanup for Next Mark
[2023-07-04T04:47:54.696+0000][14184][gc,marking  ] GC(9) Concurrent Cleanup for Next Mark 2.044ms
[2023-07-04T04:47:54.696+0000][14184][gc          ] GC(9) Concurrent Mark Cycle 41.888ms
[2023-07-04T04:47:55.081+0000][14184][safepoint   ] Safepoint "ICBufferFull", Time since last: 386725032 ns, Reaching safepoint: 319163 ns, At safepoint: 18589 ns, Total: 337752 ns
[2023-07-04T04:47:56.165+0000][14184][safepoint   ] Safepoint "Cleanup", Time since last: 1083327076 ns, Reaching safepoint: 202487 ns, At safepoint: 6727 ns, Total: 209214 ns
[2023-07-04T04:47:56.551+0000][14184][gc,start    ] GC(10) Pause Young (Concurrent Start) (Metadata GC Threshold)
[2023-07-04T04:47:56.551+0000][14184][gc,task     ] GC(10) Using 4 workers of 4 for evacuation
[2023-07-04T04:47:56.551+0000][14184][gc,age      ] GC(10) Desired survivor size 33554432 bytes, new threshold 15 (max threshold 15)
[2023-07-04T04:47:56.573+0000][14184][gc,age      ] GC(10) Age table with threshold 15 (max threshold 15)
[2023-07-04T04:47:56.573+0000][14184][gc,age      ] GC(10) - age   1:   32594696 bytes,   32594696 total
[2023-07-04T04:47:56.573+0000][14184][gc,age      ] GC(10) - age   2:   11210704 bytes,   43805400 total
[2023-07-04T04:47:56.573+0000][14184][gc,age      ] GC(10) - age   3:     716040 bytes,   44521440 total
[2023-07-04T04:47:56.573+0000][14184][gc,phases   ] GC(10)   Pre Evacuate Collection Set: 0.1ms
[2023-07-04T04:47:56.573+0000][14184][gc,phases   ] GC(10)   Merge Heap Roots: 0.1ms
[2023-07-04T04:47:56.573+0000][14184][gc,phases   ] GC(10)   Evacuate Collection Set: 19.9ms
[2023-07-04T04:47:56.573+0000][14184][gc,phases   ] GC(10)   Post Evacuate Collection Set: 1.3ms
[2023-07-04T04:47:56.573+0000][14184][gc,phases   ] GC(10)   Other: 0.2ms
[2023-07-04T04:47:56.573+0000][14184][gc,heap     ] GC(10) Eden regions: 281->0(471)
[2023-07-04T04:47:56.573+0000][14184][gc,heap     ] GC(10) Survivor regions: 13->43(64)
[2023-07-04T04:47:56.573+0000][14184][gc,heap     ] GC(10) Old regions: 24->24
[2023-07-04T04:47:56.573+0000][14184][gc,heap     ] GC(10) Archive regions: 2->2
[2023-07-04T04:47:56.573+0000][14184][gc,heap     ] GC(10) Humongous regions: 8->1
[2023-07-04T04:47:56.573+0000][14184][gc,metaspace] GC(10) Metaspace: 53529K(54528K)->53529K(54528K) NonClass: 47304K(47872K)->47304K(47872K) Class: 6224K(6656K)->6224K(6656K)
[2023-07-04T04:47:56.573+0000][14184][gc          ] GC(10) Pause Young (Concurrent Start) (Metadata GC Threshold) 325M->68M(1024M) 21.698ms
[2023-07-04T04:47:56.573+0000][14184][gc,cpu      ] GC(10) User=0.08s Sys=0.00s Real=0.03s
[2023-07-04T04:47:56.573+0000][14184][gc          ] GC(11) Concurrent Mark Cycle
[2023-07-04T04:47:56.573+0000][14184][gc,marking  ] GC(11) Concurrent Clear Claimed Marks
[2023-07-04T04:47:56.573+0000][14184][safepoint   ] Safepoint "CollectForMetadataAllocation", Time since last: 386157782 ns, Reaching safepoint: 82861 ns, At safepoint: 21826121 ns, Total: 21908982 ns
[2023-07-04T04:47:56.573+0000][14184][gc,marking  ] GC(11) Concurrent Clear Claimed Marks 0.063ms
[2023-07-04T04:47:56.573+0000][14184][gc,marking  ] GC(11) Concurrent Scan Root Regions
[2023-07-04T04:47:56.590+0000][14184][gc,marking  ] GC(11) Concurrent Scan Root Regions 17.082ms
[2023-07-04T04:47:56.590+0000][14184][gc,marking  ] GC(11) Concurrent Mark
[2023-07-04T04:47:56.590+0000][14184][gc,marking  ] GC(11) Concurrent Mark From Roots
[2023-07-04T04:47:56.590+0000][14184][gc,task     ] GC(11) Using 1 workers of 1 for marking
[2023-07-04T04:47:56.596+0000][14184][safepoint   ] Safepoint "CollectForMetadataAllocation", Time since last: 23353542 ns, Reaching safepoint: 77626 ns, At safepoint: 55094 ns, Total: 132720 ns
[2023-07-04T04:47:56.606+0000][14184][safepoint   ] Safepoint "CollectForMetadataAllocation", Time since last: 9478759 ns, Reaching safepoint: 29896 ns, At safepoint: 47799 ns, Total: 77695 ns
[2023-07-04T04:47:56.615+0000][14184][gc,marking  ] GC(11) Concurrent Mark From Roots 24.678ms
[2023-07-04T04:47:56.615+0000][14184][gc,marking  ] GC(11) Concurrent Preclean
[2023-07-04T04:47:56.615+0000][14184][gc,marking  ] GC(11) Concurrent Preclean 0.171ms
[2023-07-04T04:47:56.615+0000][14184][gc,start    ] GC(11) Pause Remark
[2023-07-04T04:47:56.618+0000][14184][gc          ] GC(11) Pause Remark 79M->79M(1024M) 2.973ms
[2023-07-04T04:47:56.618+0000][14184][gc,cpu      ] GC(11) User=0.01s Sys=0.00s Real=0.00s
[2023-07-04T04:47:56.618+0000][14184][safepoint   ] Safepoint "G1Concurrent", Time since last: 9013733 ns, Reaching safepoint: 126686 ns, At safepoint: 3035501 ns, Total: 3162187 ns
[2023-07-04T04:47:56.618+0000][14184][gc,marking  ] GC(11) Concurrent Mark 28.124ms
[2023-07-04T04:47:56.618+0000][14184][gc,marking  ] GC(11) Concurrent Rebuild Remembered Sets
[2023-07-04T04:47:56.628+0000][14184][gc,marking  ] GC(11) Concurrent Rebuild Remembered Sets 9.709ms
[2023-07-04T04:47:56.628+0000][14184][gc,start    ] GC(11) Pause Cleanup
[2023-07-04T04:47:56.628+0000][14184][gc          ] GC(11) Pause Cleanup 80M->80M(1024M) 0.115ms
[2023-07-04T04:47:56.628+0000][14184][gc,cpu      ] GC(11) User=0.00s Sys=0.00s Real=0.00s
[2023-07-04T04:47:56.628+0000][14184][safepoint   ] Safepoint "G1Concurrent", Time since last: 9817038 ns, Reaching safepoint: 99413 ns, At safepoint: 143884 ns, Total: 243297 ns
[2023-07-04T04:47:56.628+0000][14184][gc,marking  ] GC(11) Concurrent Cleanup for Next Mark
[2023-07-04T04:47:56.630+0000][14184][gc,marking  ] GC(11) Concurrent Cleanup for Next Mark 1.658ms
[2023-07-04T04:47:56.630+0000][14184][gc          ] GC(11) Concurrent Mark Cycle 57.025ms
[2023-07-04T04:47:57.198+0000][14184][safepoint   ] Safepoint "ICBufferFull", Time since last: 569720841 ns, Reaching safepoint: 588654 ns, At safepoint: 7152 ns, Total: 595806 ns
[2023-07-04T04:47:57.987+0000][14184][safepoint   ] Safepoint "ICBufferFull", Time since last: 788234331 ns, Reaching safepoint: 247062 ns, At safepoint: 5718 ns, Total: 252780 ns
[2023-07-04T04:47:58.385+0000][14184][gc,start    ] GC(12) Pause Young (Concurrent Start) (Metadata GC Threshold)
[2023-07-04T04:47:58.385+0000][14184][gc,task     ] GC(12) Using 4 workers of 4 for evacuation
[2023-07-04T04:47:58.385+0000][14184][gc,age      ] GC(12) Desired survivor size 37748736 bytes, new threshold 2 (max threshold 15)
[2023-07-04T04:47:58.425+0000][14184][gc,age      ] GC(12) Age table with threshold 2 (max threshold 15)
[2023-07-04T04:47:58.425+0000][14184][gc,age      ] GC(12) - age   1:    8566440 bytes,    8566440 total
[2023-07-04T04:47:58.425+0000][14184][gc,age      ] GC(12) - age   2:   32327144 bytes,   40893584 total
[2023-07-04T04:47:58.425+0000][14184][gc,phases   ] GC(12)   Pre Evacuate Collection Set: 0.2ms
[2023-07-04T04:47:58.425+0000][14184][gc,phases   ] GC(12)   Merge Heap Roots: 0.1ms
[2023-07-04T04:47:58.425+0000][14184][gc,phases   ] GC(12)   Evacuate Collection Set: 38.8ms
[2023-07-04T04:47:58.425+0000][14184][gc,phases   ] GC(12)   Post Evacuate Collection Set: 1.2ms
[2023-07-04T04:47:58.425+0000][14184][gc,phases   ] GC(12)   Other: 0.2ms
[2023-07-04T04:47:58.425+0000][14184][gc,heap     ] GC(12) Eden regions: 195->0(442)
[2023-07-04T04:47:58.425+0000][14184][gc,heap     ] GC(12) Survivor regions: 43->40(72)
[2023-07-04T04:47:58.425+0000][14184][gc,heap     ] GC(12) Old regions: 24->36
[2023-07-04T04:47:58.425+0000][14184][gc,heap     ] GC(12) Archive regions: 2->2
[2023-07-04T04:47:58.425+0000][14184][gc,heap     ] GC(12) Humongous regions: 1->1
[2023-07-04T04:47:58.425+0000][14184][gc,metaspace] GC(12) Metaspace: 90959K(92160K)->90959K(92160K) NonClass: 79548K(80256K)->79548K(80256K) Class: 11410K(11904K)->11410K(11904K)
[2023-07-04T04:47:58.425+0000][14184][gc          ] GC(12) Pause Young (Concurrent Start) (Metadata GC Threshold) 263M->77M(1024M) 40.594ms
[2023-07-04T04:47:58.425+0000][14184][gc,cpu      ] GC(12) User=0.16s Sys=0.00s Real=0.04s
[2023-07-04T04:47:58.425+0000][14184][gc          ] GC(13) Concurrent Mark Cycle
[2023-07-04T04:47:58.425+0000][14184][gc,marking  ] GC(13) Concurrent Clear Claimed Marks
[2023-07-04T04:47:58.425+0000][14184][safepoint   ] Safepoint "CollectForMetadataAllocation", Time since last: 397629872 ns, Reaching safepoint: 137233 ns, At safepoint: 40701005 ns, Total: 40838238 ns
[2023-07-04T04:47:58.425+0000][14184][gc,marking  ] GC(13) Concurrent Clear Claimed Marks 0.058ms
[2023-07-04T04:47:58.425+0000][14184][gc,marking  ] GC(13) Concurrent Scan Root Regions
[2023-07-04T04:47:58.448+0000][14184][gc,marking  ] GC(13) Concurrent Scan Root Regions 22.298ms
[2023-07-04T04:47:58.448+0000][14184][gc,marking  ] GC(13) Concurrent Mark
[2023-07-04T04:47:58.448+0000][14184][gc,marking  ] GC(13) Concurrent Mark From Roots
[2023-07-04T04:47:58.448+0000][14184][gc,task     ] GC(13) Using 1 workers of 1 for marking
[2023-07-04T04:47:58.449+0000][14184][safepoint   ] Safepoint "CollectForMetadataAllocation", Time since last: 23919572 ns, Reaching safepoint: 37464 ns, At safepoint: 49094 ns, Total: 86558 ns
[2023-07-04T04:47:58.465+0000][14184][safepoint   ] Safepoint "CollectForMetadataAllocation", Time since last: 15376591 ns, Reaching safepoint: 41835 ns, At safepoint: 62094 ns, Total: 103929 ns
[2023-07-04T04:47:58.472+0000][14184][gc,marking  ] GC(13) Concurrent Mark From Roots 24.588ms
[2023-07-04T04:47:58.472+0000][14184][gc,marking  ] GC(13) Concurrent Preclean
[2023-07-04T04:47:58.473+0000][14184][gc,marking  ] GC(13) Concurrent Preclean 0.194ms
[2023-07-04T04:47:58.473+0000][14184][gc,start    ] GC(13) Pause Remark
[2023-07-04T04:47:58.477+0000][14184][gc          ] GC(13) Pause Remark 81M->81M(1024M) 4.550ms
[2023-07-04T04:47:58.477+0000][14184][gc,cpu      ] GC(13) User=0.01s Sys=0.00s Real=0.00s
[2023-07-04T04:47:58.477+0000][14184][safepoint   ] Safepoint "G1Concurrent", Time since last: 7721867 ns, Reaching safepoint: 116541 ns, At safepoint: 4606943 ns, Total: 4723484 ns
[2023-07-04T04:47:58.480+0000][14184][gc,marking  ] GC(13) Concurrent Mark 32.356ms
[2023-07-04T04:47:58.480+0000][14184][gc,marking  ] GC(13) Concurrent Rebuild Remembered Sets
[2023-07-04T04:47:58.490+0000][14184][gc,marking  ] GC(13) Concurrent Rebuild Remembered Sets 10.067ms
[2023-07-04T04:47:58.491+0000][14184][gc,start    ] GC(13) Pause Cleanup
[2023-07-04T04:47:58.491+0000][14184][gc          ] GC(13) Pause Cleanup 82M->82M(1024M) 0.221ms
[2023-07-04T04:47:58.491+0000][14184][gc,cpu      ] GC(13) User=0.00s Sys=0.00s Real=0.00s
[2023-07-04T04:47:58.491+0000][14184][safepoint   ] Safepoint "G1Concurrent", Time since last: 12979311 ns, Reaching safepoint: 248741 ns, At safepoint: 272500 ns, Total: 521241 ns
[2023-07-04T04:47:58.494+0000][14184][gc,marking  ] GC(13) Concurrent Cleanup for Next Mark
[2023-07-04T04:47:58.501+0000][14184][gc,marking  ] GC(13) Concurrent Cleanup for Next Mark 6.685ms
[2023-07-04T04:47:58.501+0000][14184][gc          ] GC(13) Concurrent Mark Cycle 75.608ms
[2023-07-04T04:47:58.978+0000][14184][safepoint   ] Safepoint "ICBufferFull", Time since last: 487207164 ns, Reaching safepoint: 199271 ns, At safepoint: 4703 ns, Total: 203974 ns
[2023-07-04T04:47:59.361+0000][14184][safepoint   ] Safepoint "ICBufferFull", Time since last: 382890270 ns, Reaching safepoint: 94490 ns, At safepoint: 3170 ns, Total: 97660 ns
[2023-07-04T04:47:59.590+0000][14184][safepoint   ] Safepoint "ICBufferFull", Time since last: 228778413 ns, Reaching safepoint: 249958 ns, At safepoint: 8198 ns, Total: 258156 ns
[2023-07-04T04:47:59.940+0000][14184][safepoint   ] Safepoint "ICBufferFull", Time since last: 349663179 ns, Reaching safepoint: 157997 ns, At safepoint: 4798 ns, Total: 162795 ns
[2023-07-04T04:48:00.096+0000][14184][safepoint   ] Safepoint "ICBufferFull", Time since last: 155874698 ns, Reaching safepoint: 239378 ns, At safepoint: 9573 ns, Total: 248951 ns
[2023-07-04T04:48:00.294+0000][14184][safepoint   ] Safepoint "ICBufferFull", Time since last: 197633775 ns, Reaching safepoint: 194920 ns, At safepoint: 7067 ns, Total: 201987 ns
[2023-07-04T04:48:00.886+0000][14184][safepoint   ] Safepoint "ICBufferFull", Time since last: 592068560 ns, Reaching safepoint: 112383 ns, At safepoint: 3722 ns, Total: 116105 ns
[2023-07-04T04:48:01.886+0000][14184][safepoint   ] Safepoint "Cleanup", Time since last: 1000107637 ns, Reaching safepoint: 87376 ns, At safepoint: 7782 ns, Total: 95158 ns
[2023-07-04T04:48:03.887+0000][14184][safepoint   ] Safepoint "Cleanup", Time since last: 2000559262 ns, Reaching safepoint: 227493 ns, At safepoint: 22705 ns, Total: 250198 ns
[2023-07-04T04:48:04.888+0000][14184][safepoint   ] Safepoint "Cleanup", Time since last: 1000416092 ns, Reaching safepoint: 132181 ns, At safepoint: 14440 ns, Total: 146621 ns
[2023-07-04T04:48:05.888+0000][14184][safepoint   ] Safepoint "Cleanup", Time since last: 1000392145 ns, Reaching safepoint: 121659 ns, At safepoint: 13969 ns, Total: 135628 ns
[2023-07-04T04:48:07.889+0000][14184][safepoint   ] Safepoint "Cleanup", Time since last: 2000694754 ns, Reaching safepoint: 149552 ns, At safepoint: 19267 ns, Total: 168819 ns
[2023-07-04T04:48:08.890+0000][14184][safepoint   ] Safepoint "Cleanup", Time since last: 1000407332 ns, Reaching safepoint: 167533 ns, At safepoint: 20279 ns, Total: 187812 ns
[2023-07-04T04:48:10.891+0000][14184][safepoint   ] Safepoint "Cleanup", Time since last: 2000664597 ns, Reaching safepoint: 145366 ns, At safepoint: 15024 ns, Total: 160390 ns
[2023-07-04T04:48:11.891+0000][14184][safepoint   ] Safepoint "Cleanup", Time since last: 1000403792 ns, Reaching safepoint: 147851 ns, At safepoint: 20054 ns, Total: 167905 ns
[2023-07-04T04:48:12.892+0000][14184][safepoint   ] Safepoint "Cleanup", Time since last: 1000185081 ns, Reaching safepoint: 108921 ns, At safepoint: 14435 ns, Total: 123356 ns
[2023-07-04T04:48:13.892+0000][14184][safepoint   ] Safepoint "Cleanup", Time since last: 1000402329 ns, Reaching safepoint: 142562 ns, At safepoint: 17944 ns, Total: 160506 ns
[2023-07-04T04:48:15.893+0000][14184][safepoint   ] Safepoint "Cleanup", Time since last: 2000511619 ns, Reaching safepoint: 140985 ns, At safepoint: 17626 ns, Total: 158611 ns
[2023-07-04T04:48:17.894+0000][14184][safepoint   ] Safepoint "Cleanup", Time since last: 2000696159 ns, Reaching safepoint: 131858 ns, At safepoint: 14498 ns, Total: 146356 ns
[2023-07-04T04:48:18.894+0000][14184][safepoint   ] Safepoint "Cleanup", Time since last: 1000308456 ns, Reaching safepoint: 157316 ns, At safepoint: 24300 ns, Total: 181616 ns
[2023-07-04T04:48:19.614+0000][14184][safepoint   ] Safepoint "ICBufferFull", Time since last: 719987873 ns, Reaching safepoint: 236991 ns, At safepoint: 8073 ns, Total: 245064 ns
[2023-07-04T04:48:20.615+0000][14184][safepoint   ] Safepoint "Cleanup", Time since last: 1000196603 ns, Reaching safepoint: 135159 ns, At safepoint: 23808 ns, Total: 158967 ns
[2023-07-04T04:48:21.342+0000][14184][safepoint   ] Safepoint "ICBufferFull", Time since last: 726773013 ns, Reaching safepoint: 117464 ns, At safepoint: 4392 ns, Total: 121856 ns
[2023-07-04T04:48:21.515+0000][14184][safepoint   ] Safepoint "ICBufferFull", Time since last: 173342572 ns, Reaching safepoint: 156986 ns, At safepoint: 4535 ns, Total: 161521 ns
[2023-07-04T04:48:22.516+0000][14184][safepoint   ] Safepoint "Cleanup", Time since last: 1000293231 ns, Reaching safepoint: 148528 ns, At safepoint: 14973 ns, Total: 163501 ns
[2023-07-04T04:48:23.516+0000][14184][safepoint   ] Safepoint "Cleanup", Time since last: 1000405352 ns, Reaching safepoint: 144042 ns, At safepoint: 15044 ns, Total: 159086 ns
[2023-07-04T04:48:24.517+0000][14184][safepoint   ] Safepoint "Cleanup", Time since last: 1000401953 ns, Reaching safepoint: 281843 ns, At safepoint: 25014 ns, Total: 306857 ns
[2023-07-04T04:48:25.517+0000][14184][safepoint   ] Safepoint "Cleanup", Time since last: 1000180696 ns, Reaching safepoint: 142484 ns, At safepoint: 16442 ns, Total: 158926 ns
[2023-07-04T04:48:26.151+0000][14184][safepoint   ] Safepoint "ICBufferFull", Time since last: 633847594 ns, Reaching safepoint: 145184 ns, At safepoint: 9399 ns, Total: 154583 ns
[2023-07-04T04:48:26.683+0000][14184][safepoint   ] Safepoint "ICBufferFull", Time since last: 531279993 ns, Reaching safepoint: 211396 ns, At safepoint: 11975 ns, Total: 223371 ns
[2023-07-04T04:48:26.953+0000][14184][safepoint   ] Safepoint "ICBufferFull", Time since last: 270279901 ns, Reaching safepoint: 256517 ns, At safepoint: 16549 ns, Total: 273066 ns
[2023-07-04T04:48:27.824+0000][14184][safepoint   ] Safepoint "ICBufferFull", Time since last: 870968576 ns, Reaching safepoint: 171644 ns, At safepoint: 13335 ns, Total: 184979 ns
[2023-07-04T04:48:28.282+0000][14184][safepoint   ] Safepoint "ICBufferFull", Time since last: 457240088 ns, Reaching safepoint: 164154 ns, At safepoint: 9003 ns, Total: 173157 ns
[2023-07-04T04:48:28.513+0000][14184][gc,start    ] GC(14) Pause Young (Concurrent Start) (G1 Evacuation Pause)
[2023-07-04T04:48:28.513+0000][14184][gc,task     ] GC(14) Using 4 workers of 4 for evacuation
[2023-07-04T04:48:28.513+0000][14184][gc,age      ] GC(14) Desired survivor size 36700160 bytes, new threshold 2 (max threshold 15)
[2023-07-04T04:48:28.594+0000][14184][gc,age      ] GC(14) Age table with threshold 2 (max threshold 15)
[2023-07-04T04:48:28.594+0000][14184][gc,age      ] GC(14) - age   1:   17461624 bytes,   17461624 total
[2023-07-04T04:48:28.594+0000][14184][gc,age      ] GC(14) - age   2:    8023848 bytes,   25485472 total
[2023-07-04T04:48:28.594+0000][14184][gc,phases   ] GC(14)   Pre Evacuate Collection Set: 0.4ms
[2023-07-04T04:48:28.594+0000][14184][gc,phases   ] GC(14)   Merge Heap Roots: 0.4ms
[2023-07-04T04:48:28.594+0000][14184][gc,phases   ] GC(14)   Evacuate Collection Set: 77.1ms
[2023-07-04T04:48:28.594+0000][14184][gc,phases   ] GC(14)   Post Evacuate Collection Set: 2.8ms
[2023-07-04T04:48:28.594+0000][14184][gc,phases   ] GC(14)   Other: 0.6ms
[2023-07-04T04:48:28.594+0000][14184][gc,heap     ] GC(14) Eden regions: 517->0(567)
[2023-07-04T04:48:28.594+0000][14184][gc,heap     ] GC(14) Survivor regions: 40->25(70)
[2023-07-04T04:48:28.594+0000][14184][gc,heap     ] GC(14) Old regions: 36->67
[2023-07-04T04:48:28.594+0000][14184][gc,heap     ] GC(14) Archive regions: 2->2
[2023-07-04T04:48:28.594+0000][14184][gc,heap     ] GC(14) Humongous regions: 1->1
[2023-07-04T04:48:28.594+0000][14184][gc,metaspace] GC(14) Metaspace: 123265K(124736K)->123265K(124736K) NonClass: 107614K(108416K)->107614K(108416K) Class: 15650K(16320K)->15650K(16320K)
[2023-07-04T04:48:28.594+0000][14184][gc          ] GC(14) Pause Young (Concurrent Start) (G1 Evacuation Pause) 594M->93M(1024M) 81.415ms
[2023-07-04T04:48:28.594+0000][14184][gc,cpu      ] GC(14) User=0.31s Sys=0.00s Real=0.08s
[2023-07-04T04:48:28.594+0000][14184][gc          ] GC(15) Concurrent Mark Cycle
[2023-07-04T04:48:28.594+0000][14184][safepoint   ] Safepoint "G1CollectForAllocation", Time since last: 230642274 ns, Reaching safepoint: 303548 ns, At safepoint: 81575267 ns, Total: 81878815 ns
[2023-07-04T04:48:28.594+0000][14184][gc,marking  ] GC(15) Concurrent Clear Claimed Marks
[2023-07-04T04:48:28.597+0000][14184][gc,marking  ] GC(15) Concurrent Clear Claimed Marks 2.975ms
[2023-07-04T04:48:28.597+0000][14184][gc,marking  ] GC(15) Concurrent Scan Root Regions
[2023-07-04T04:48:28.637+0000][14184][gc,marking  ] GC(15) Concurrent Scan Root Regions 39.696ms
[2023-07-04T04:48:28.637+0000][14184][gc,marking  ] GC(15) Concurrent Mark
[2023-07-04T04:48:28.637+0000][14184][gc,marking  ] GC(15) Concurrent Mark From Roots
[2023-07-04T04:48:28.637+0000][14184][gc,task     ] GC(15) Using 1 workers of 1 for marking
[2023-07-04T04:48:28.664+0000][14184][gc,marking  ] GC(15) Concurrent Mark From Roots 27.352ms
[2023-07-04T04:48:28.664+0000][14184][gc,marking  ] GC(15) Concurrent Preclean
[2023-07-04T04:48:28.665+0000][14184][gc,marking  ] GC(15) Concurrent Preclean 0.226ms
[2023-07-04T04:48:28.665+0000][14184][gc,start    ] GC(15) Pause Remark
[2023-07-04T04:48:28.670+0000][14184][gc          ] GC(15) Pause Remark 116M->116M(1024M) 4.853ms
[2023-07-04T04:48:28.670+0000][14184][gc,cpu      ] GC(15) User=0.01s Sys=0.00s Real=0.00s
[2023-07-04T04:48:28.670+0000][14184][safepoint   ] Safepoint "G1Concurrent", Time since last: 70360215 ns, Reaching safepoint: 155356 ns, At safepoint: 4956297 ns, Total: 5111653 ns
[2023-07-04T04:48:28.670+0000][14184][gc,marking  ] GC(15) Concurrent Mark 32.776ms
[2023-07-04T04:48:28.670+0000][14184][gc,marking  ] GC(15) Concurrent Rebuild Remembered Sets
[2023-07-04T04:48:28.714+0000][14184][gc,marking  ] GC(15) Concurrent Rebuild Remembered Sets 43.770ms
[2023-07-04T04:48:28.714+0000][14184][gc,start    ] GC(15) Pause Cleanup
[2023-07-04T04:48:28.714+0000][14184][gc          ] GC(15) Pause Cleanup 131M->131M(1024M) 0.176ms
[2023-07-04T04:48:28.714+0000][14184][gc,cpu      ] GC(15) User=0.00s Sys=0.00s Real=0.00s
[2023-07-04T04:48:28.714+0000][14184][safepoint   ] Safepoint "G1Concurrent", Time since last: 43881401 ns, Reaching safepoint: 130889 ns, At safepoint: 237088 ns, Total: 367977 ns
[2023-07-04T04:48:28.714+0000][14184][gc,marking  ] GC(15) Concurrent Cleanup for Next Mark
[2023-07-04T04:48:28.716+0000][14184][gc,marking  ] GC(15) Concurrent Cleanup for Next Mark 1.527ms
[2023-07-04T04:48:28.716+0000][14184][gc          ] GC(15) Concurrent Mark Cycle 121.305ms
[2023-07-04T04:48:29.715+0000][14184][safepoint   ] Safepoint "Cleanup", Time since last: 1000269398 ns, Reaching safepoint: 206824 ns, At safepoint: 14032 ns, Total: 220856 ns
[2023-07-04T04:48:30.715+0000][14184][safepoint   ] Safepoint "Cleanup", Time since last: 1000363944 ns, Reaching safepoint: 107348 ns, At safepoint: 11071 ns, Total: 118419 ns
[2023-07-04T04:48:32.716+0000][14184][safepoint   ] Safepoint "Cleanup", Time since last: 2000635515 ns, Reaching safepoint: 120023 ns, At safepoint: 15946 ns, Total: 135969 ns
[2023-07-04T04:48:33.716+0000][14184][safepoint   ] Safepoint "Cleanup", Time since last: 1000396928 ns, Reaching safepoint: 151276 ns, At safepoint: 16650 ns, Total: 167926 ns
[2023-07-04T04:48:35.717+0000][14184][safepoint   ] Safepoint "Cleanup", Time since last: 2000553162 ns, Reaching safepoint: 49532 ns, At safepoint: 4618 ns, Total: 54150 ns
[2023-07-04T04:48:36.718+0000][14184][safepoint   ] Safepoint "Cleanup", Time since last: 1000352018 ns, Reaching safepoint: 223666 ns, At safepoint: 27241 ns, Total: 250907 ns
[2023-07-04T04:48:37.718+0000][14184][safepoint   ] Safepoint "Cleanup", Time since last: 1000386671 ns, Reaching safepoint: 149750 ns, At safepoint: 17378 ns, Total: 167128 ns
[2023-07-04T04:48:38.719+0000][14184][safepoint   ] Safepoint "Cleanup", Time since last: 1000422255 ns, Reaching safepoint: 136701 ns, At safepoint: 17596 ns, Total: 154297 ns
[2023-07-04T04:48:39.719+0000][14184][safepoint   ] Safepoint "Cleanup", Time since last: 1000407594 ns, Reaching safepoint: 138000 ns, At safepoint: 17485 ns, Total: 155485 ns
[2023-07-04T04:48:41.720+0000][14184][safepoint   ] Safepoint "Cleanup", Time since last: 2000720468 ns, Reaching safepoint: 137685 ns, At safepoint: 38131 ns, Total: 175816 ns
[2023-07-04T04:48:43.056+0000][14184][gc,heap,exit] Heap
[2023-07-04T04:48:43.056+0000][14184][gc,heap,exit]  garbage-first heap   total 1048576K, used 221942K [0x00000000c0000000, 0x0000000100000000)
[2023-07-04T04:48:43.056+0000][14184][gc,heap,exit]   region size 1024K, 148 young (151552K), 25 survivors (25600K)
[2023-07-04T04:48:43.056+0000][14184][gc,heap,exit]  Metaspace       used 124178K, committed 125696K, reserved 1179648K
[2023-07-04T04:48:43.056+0000][14184][gc,heap,exit]   class space    used 15745K, committed 16448K, reserved 1048576K
