[2023-07-04T04:37:50.727+0000][12682][gc] Using G1
[2023-07-04T04:37:50.866+0000][12682][gc,init] Version: 17.0.7+7 (release)
[2023-07-04T04:37:50.866+0000][12682][gc,init] CPUs: 4 total, 4 available
[2023-07-04T04:37:50.866+0000][12682][gc,init] Memory: 15837M
[2023-07-04T04:37:50.866+0000][12682][gc,init] Large Page Support: Disabled
[2023-07-04T04:37:50.866+0000][12682][gc,init] NUMA Support: Disabled
[2023-07-04T04:37:50.866+0000][12682][gc,init] Compressed Oops: Enabled (32-bit)
[2023-07-04T04:37:50.866+0000][12682][gc,init] Heap Region Size: 1M
[2023-07-04T04:37:50.866+0000][12682][gc,init] Heap Min Capacity: 1G
[2023-07-04T04:37:50.866+0000][12682][gc,init] Heap Initial Capacity: 1G
[2023-07-04T04:37:50.866+0000][12682][gc,init] Heap Max Capacity: 1G
[2023-07-04T04:37:50.866+0000][12682][gc,init] Pre-touch: Enabled
[2023-07-04T04:37:50.866+0000][12682][gc,init] Parallel Workers: 4
[2023-07-04T04:37:50.866+0000][12682][gc,init] Concurrent Workers: 1
[2023-07-04T04:37:50.866+0000][12682][gc,init] Concurrent Refinement Workers: 4
[2023-07-04T04:37:50.866+0000][12682][gc,init] Periodic GC: Disabled
[2023-07-04T04:37:50.866+0000][12682][gc,metaspace] CDS archive(s) mapped at: [0x0000000800000000-0x0000000800be1000-0x0000000800be1000), size 12455936, SharedBaseAddress: 0x0000000800000000, ArchiveRelocationMode: 0.
[2023-07-04T04:37:50.866+0000][12682][gc,metaspace] Compressed class space mapped at: 0x0000000801000000-0x0000000841000000, reserved size: 1073741824
[2023-07-04T04:37:50.866+0000][12682][gc,metaspace] Narrow klass base: 0x0000000800000000, Narrow klass shift: 0, Narrow klass range: 0x100000000
[2023-07-04T04:37:51.211+0000][12682][safepoint   ] Safepoint "ICBufferFull", Time since last: 339644472 ns, Reaching safepoint: 150203 ns, At safepoint: 2945 ns, Total: 153148 ns
[2023-07-04T04:37:51.592+0000][12682][safepoint   ] Safepoint "ICBufferFull", Time since last: 380964890 ns, Reaching safepoint: 77486 ns, At safepoint: 3319 ns, Total: 80805 ns
[2023-07-04T04:37:51.672+0000][12682][gc,start    ] GC(0) Pause Young (Normal) (G1 Evacuation Pause)
[2023-07-04T04:37:51.672+0000][12682][gc,task     ] GC(0) Using 4 workers of 4 for evacuation
[2023-07-04T04:37:51.672+0000][12682][gc,age      ] GC(0) Desired survivor size 3670016 bytes, new threshold 15 (max threshold 15)
[2023-07-04T04:37:51.678+0000][12682][gc,age      ] GC(0) Age table with threshold 15 (max threshold 15)
[2023-07-04T04:37:51.678+0000][12682][gc,age      ] GC(0) - age   1:    7246176 bytes,    7246176 total
[2023-07-04T04:37:51.678+0000][12682][gc,phases   ] GC(0)   Pre Evacuate Collection Set: 0.1ms
[2023-07-04T04:37:51.678+0000][12682][gc,phases   ] GC(0)   Merge Heap Roots: 0.1ms
[2023-07-04T04:37:51.678+0000][12682][gc,phases   ] GC(0)   Evacuate Collection Set: 4.1ms
[2023-07-04T04:37:51.678+0000][12682][gc,phases   ] GC(0)   Post Evacuate Collection Set: 1.4ms
[2023-07-04T04:37:51.678+0000][12682][gc,phases   ] GC(0)   Other: 0.2ms
[2023-07-04T04:37:51.678+0000][12682][gc,heap     ] GC(0) Eden regions: 51->0(44)
[2023-07-04T04:37:51.678+0000][12682][gc,heap     ] GC(0) Survivor regions: 0->7(7)
[2023-07-04T04:37:51.678+0000][12682][gc,heap     ] GC(0) Old regions: 0->1
[2023-07-04T04:37:51.678+0000][12682][gc,heap     ] GC(0) Archive regions: 2->2
[2023-07-04T04:37:51.678+0000][12682][gc,heap     ] GC(0) Humongous regions: 1->1
[2023-07-04T04:37:51.678+0000][12682][gc,metaspace] GC(0) Metaspace: 14076K(14336K)->14076K(14336K) NonClass: 12328K(12480K)->12328K(12480K) Class: 1747K(1856K)->1747K(1856K)
[2023-07-04T04:37:51.678+0000][12682][gc          ] GC(0) Pause Young (Normal) (G1 Evacuation Pause) 52M->9M(1024M) 5.945ms
[2023-07-04T04:37:51.678+0000][12682][gc,cpu      ] GC(0) User=0.02s Sys=0.00s Real=0.00s
[2023-07-04T04:37:51.678+0000][12682][safepoint   ] Safepoint "G1CollectForAllocation", Time since last: 80001354 ns, Reaching safepoint: 41473 ns, At safepoint: 6038924 ns, Total: 6080397 ns
[2023-07-04T04:37:51.858+0000][12682][gc,start    ] GC(1) Pause Young (Normal) (G1 Evacuation Pause)
[2023-07-04T04:37:51.858+0000][12682][gc,task     ] GC(1) Using 4 workers of 4 for evacuation
[2023-07-04T04:37:51.858+0000][12682][gc,age      ] GC(1) Desired survivor size 3670016 bytes, new threshold 1 (max threshold 15)
[2023-07-04T04:37:51.862+0000][12682][gc,age      ] GC(1) Age table with threshold 1 (max threshold 15)
[2023-07-04T04:37:51.862+0000][12682][gc,age      ] GC(1) - age   1:    1078840 bytes,    1078840 total
[2023-07-04T04:37:51.862+0000][12682][gc,phases   ] GC(1)   Pre Evacuate Collection Set: 0.1ms
[2023-07-04T04:37:51.862+0000][12682][gc,phases   ] GC(1)   Merge Heap Roots: 0.0ms
[2023-07-04T04:37:51.862+0000][12682][gc,phases   ] GC(1)   Evacuate Collection Set: 3.2ms
[2023-07-04T04:37:51.862+0000][12682][gc,phases   ] GC(1)   Post Evacuate Collection Set: 0.3ms
[2023-07-04T04:37:51.862+0000][12682][gc,phases   ] GC(1)   Other: 0.1ms
[2023-07-04T04:37:51.862+0000][12682][gc,heap     ] GC(1) Eden regions: 44->0(62)
[2023-07-04T04:37:51.862+0000][12682][gc,heap     ] GC(1) Survivor regions: 7->2(7)
[2023-07-04T04:37:51.862+0000][12682][gc,heap     ] GC(1) Old regions: 1->6
[2023-07-04T04:37:51.862+0000][12682][gc,heap     ] GC(1) Archive regions: 2->2
[2023-07-04T04:37:51.862+0000][12682][gc,heap     ] GC(1) Humongous regions: 1->1
[2023-07-04T04:37:51.862+0000][12682][gc,metaspace] GC(1) Metaspace: 14827K(15104K)->14827K(15104K) NonClass: 13018K(13184K)->13018K(13184K) Class: 1808K(1920K)->1808K(1920K)
[2023-07-04T04:37:51.862+0000][12682][gc          ] GC(1) Pause Young (Normal) (G1 Evacuation Pause) 53M->8M(1024M) 3.889ms
[2023-07-04T04:37:51.862+0000][12682][gc,cpu      ] GC(1) User=0.01s Sys=0.00s Real=0.01s
[2023-07-04T04:37:51.862+0000][12682][safepoint   ] Safepoint "G1CollectForAllocation", Time since last: 180379427 ns, Reaching safepoint: 87496 ns, At safepoint: 3944856 ns, Total: 4032352 ns
[2023-07-04T04:37:51.983+0000][12682][gc,start    ] GC(2) Pause Young (Normal) (G1 Evacuation Pause)
[2023-07-04T04:37:51.983+0000][12682][gc,task     ] GC(2) Using 4 workers of 4 for evacuation
[2023-07-04T04:37:51.983+0000][12682][gc,age      ] GC(2) Desired survivor size 4194304 bytes, new threshold 15 (max threshold 15)
[2023-07-04T04:37:51.986+0000][12682][gc,age      ] GC(2) Age table with threshold 15 (max threshold 15)
[2023-07-04T04:37:51.986+0000][12682][gc,age      ] GC(2) - age   1:    1110080 bytes,    1110080 total
[2023-07-04T04:37:51.986+0000][12682][gc,age      ] GC(2) - age   2:    1068488 bytes,    2178568 total
[2023-07-04T04:37:51.986+0000][12682][gc,phases   ] GC(2)   Pre Evacuate Collection Set: 0.2ms
[2023-07-04T04:37:51.986+0000][12682][gc,phases   ] GC(2)   Merge Heap Roots: 0.1ms
[2023-07-04T04:37:51.986+0000][12682][gc,phases   ] GC(2)   Evacuate Collection Set: 1.9ms
[2023-07-04T04:37:51.986+0000][12682][gc,phases   ] GC(2)   Post Evacuate Collection Set: 0.3ms
[2023-07-04T04:37:51.986+0000][12682][gc,phases   ] GC(2)   Other: 0.1ms
[2023-07-04T04:37:51.986+0000][12682][gc,heap     ] GC(2) Eden regions: 62->0(611)
[2023-07-04T04:37:51.986+0000][12682][gc,heap     ] GC(2) Survivor regions: 2->3(8)
[2023-07-04T04:37:51.986+0000][12682][gc,heap     ] GC(2) Old regions: 6->6
[2023-07-04T04:37:51.986+0000][12682][gc,heap     ] GC(2) Archive regions: 2->2
[2023-07-04T04:37:51.986+0000][12682][gc,heap     ] GC(2) Humongous regions: 1->1
[2023-07-04T04:37:51.986+0000][12682][gc,metaspace] GC(2) Metaspace: 15971K(16256K)->15971K(16256K) NonClass: 14018K(14208K)->14018K(14208K) Class: 1952K(2048K)->1952K(2048K)
[2023-07-04T04:37:51.986+0000][12682][gc          ] GC(2) Pause Young (Normal) (G1 Evacuation Pause) 70M->9M(1024M) 2.609ms
[2023-07-04T04:37:51.986+0000][12682][gc,cpu      ] GC(2) User=0.01s Sys=0.00s Real=0.00s
[2023-07-04T04:37:51.986+0000][12682][safepoint   ] Safepoint "G1CollectForAllocation", Time since last: 120872081 ns, Reaching safepoint: 102058 ns, At safepoint: 2669064 ns, Total: 2771122 ns
[2023-07-04T04:37:52.630+0000][12682][safepoint   ] Safepoint "ICBufferFull", Time since last: 643882324 ns, Reaching safepoint: 118545 ns, At safepoint: 5890 ns, Total: 124435 ns
[2023-07-04T04:37:52.681+0000][12682][gc,start    ] GC(3) Pause Young (Normal) (G1 Evacuation Pause)
[2023-07-04T04:37:52.681+0000][12682][gc,task     ] GC(3) Using 4 workers of 4 for evacuation
[2023-07-04T04:37:52.681+0000][12682][gc,age      ] GC(3) Desired survivor size 40370176 bytes, new threshold 15 (max threshold 15)
[2023-07-04T04:37:52.685+0000][12682][gc,age      ] GC(3) Age table with threshold 15 (max threshold 15)
[2023-07-04T04:37:52.685+0000][12682][gc,age      ] GC(3) - age   1:    7233424 bytes,    7233424 total
[2023-07-04T04:37:52.685+0000][12682][gc,age      ] GC(3) - age   2:     263864 bytes,    7497288 total
[2023-07-04T04:37:52.685+0000][12682][gc,age      ] GC(3) - age   3:    1068312 bytes,    8565600 total
[2023-07-04T04:37:52.685+0000][12682][gc,phases   ] GC(3)   Pre Evacuate Collection Set: 0.1ms
[2023-07-04T04:37:52.685+0000][12682][gc,phases   ] GC(3)   Merge Heap Roots: 0.1ms
[2023-07-04T04:37:52.685+0000][12682][gc,phases   ] GC(3)   Evacuate Collection Set: 2.5ms
[2023-07-04T04:37:52.685+0000][12682][gc,phases   ] GC(3)   Post Evacuate Collection Set: 0.6ms
[2023-07-04T04:37:52.685+0000][12682][gc,phases   ] GC(3)   Other: 0.2ms
[2023-07-04T04:37:52.685+0000][12682][gc,heap     ] GC(3) Eden regions: 611->0(605)
[2023-07-04T04:37:52.685+0000][12682][gc,heap     ] GC(3) Survivor regions: 3->9(77)
[2023-07-04T04:37:52.685+0000][12682][gc,heap     ] GC(3) Old regions: 6->6
[2023-07-04T04:37:52.685+0000][12682][gc,heap     ] GC(3) Archive regions: 2->2
[2023-07-04T04:37:52.685+0000][12682][gc,heap     ] GC(3) Humongous regions: 4->1
[2023-07-04T04:37:52.685+0000][12682][gc,metaspace] GC(3) Metaspace: 19099K(19456K)->19099K(19456K) NonClass: 16786K(16960K)->16786K(16960K) Class: 2312K(2496K)->2312K(2496K)
[2023-07-04T04:37:52.685+0000][12682][gc          ] GC(3) Pause Young (Normal) (G1 Evacuation Pause) 623M->16M(1024M) 3.584ms
[2023-07-04T04:37:52.685+0000][12682][gc,cpu      ] GC(3) User=0.01s Sys=0.00s Real=0.00s
[2023-07-04T04:37:52.685+0000][12682][safepoint   ] Safepoint "G1CollectForAllocation", Time since last: 51361142 ns, Reaching safepoint: 158958 ns, At safepoint: 3631233 ns, Total: 3790191 ns
[2023-07-04T04:37:52.754+0000][12682][gc,start    ] GC(4) Pause Young (Concurrent Start) (Metadata GC Threshold)
[2023-07-04T04:37:52.754+0000][12682][gc,task     ] GC(4) Using 4 workers of 4 for evacuation
[2023-07-04T04:37:52.754+0000][12682][gc,age      ] GC(4) Desired survivor size 40370176 bytes, new threshold 15 (max threshold 15)
[2023-07-04T04:37:52.759+0000][12682][gc,age      ] GC(4) Age table with threshold 15 (max threshold 15)
[2023-07-04T04:37:52.759+0000][12682][gc,age      ] GC(4) - age   1:     263336 bytes,     263336 total
[2023-07-04T04:37:52.759+0000][12682][gc,age      ] GC(4) - age   2:    7206408 bytes,    7469744 total
[2023-07-04T04:37:52.759+0000][12682][gc,age      ] GC(4) - age   3:     263864 bytes,    7733608 total
[2023-07-04T04:37:52.759+0000][12682][gc,age      ] GC(4) - age   4:    1068232 bytes,    8801840 total
[2023-07-04T04:37:52.759+0000][12682][gc,phases   ] GC(4)   Pre Evacuate Collection Set: 0.1ms
[2023-07-04T04:37:52.759+0000][12682][gc,phases   ] GC(4)   Merge Heap Roots: 0.1ms
[2023-07-04T04:37:52.759+0000][12682][gc,phases   ] GC(4)   Evacuate Collection Set: 4.1ms
[2023-07-04T04:37:52.759+0000][12682][gc,phases   ] GC(4)   Post Evacuate Collection Set: 0.3ms
[2023-07-04T04:37:52.759+0000][12682][gc,phases   ] GC(4)   Other: 0.2ms
[2023-07-04T04:37:52.759+0000][12682][gc,heap     ] GC(4) Eden regions: 8->0(448)
[2023-07-04T04:37:52.759+0000][12682][gc,heap     ] GC(4) Survivor regions: 9->9(77)
[2023-07-04T04:37:52.759+0000][12682][gc,heap     ] GC(4) Old regions: 6->6
[2023-07-04T04:37:52.759+0000][12682][gc,heap     ] GC(4) Archive regions: 2->2
[2023-07-04T04:37:52.759+0000][12682][gc,heap     ] GC(4) Humongous regions: 1->1
[2023-07-04T04:37:52.759+0000][12682][gc,metaspace] GC(4) Metaspace: 21197K(21504K)->21197K(21504K) NonClass: 18632K(18816K)->18632K(18816K) Class: 2565K(2688K)->2565K(2688K)
[2023-07-04T04:37:52.759+0000][12682][gc          ] GC(4) Pause Young (Concurrent Start) (Metadata GC Threshold) 24M->16M(1024M) 4.880ms
[2023-07-04T04:37:52.759+0000][12682][gc,cpu      ] GC(4) User=0.01s Sys=0.00s Real=0.00s
[2023-07-04T04:37:52.759+0000][12682][gc          ] GC(5) Concurrent Mark Cycle
[2023-07-04T04:37:52.759+0000][12682][gc,marking  ] GC(5) Concurrent Clear Claimed Marks
[2023-07-04T04:37:52.759+0000][12682][safepoint   ] Safepoint "CollectForMetadataAllocation", Time since last: 69303899 ns, Reaching safepoint: 131112 ns, At safepoint: 4986141 ns, Total: 5117253 ns
[2023-07-04T04:37:52.759+0000][12682][gc,marking  ] GC(5) Concurrent Clear Claimed Marks 0.034ms
[2023-07-04T04:37:52.759+0000][12682][gc,marking  ] GC(5) Concurrent Scan Root Regions
[2023-07-04T04:37:52.761+0000][12682][gc,marking  ] GC(5) Concurrent Scan Root Regions 1.908ms
[2023-07-04T04:37:52.761+0000][12682][gc,marking  ] GC(5) Concurrent Mark
[2023-07-04T04:37:52.761+0000][12682][gc,marking  ] GC(5) Concurrent Mark From Roots
[2023-07-04T04:37:52.761+0000][12682][gc,task     ] GC(5) Using 1 workers of 1 for marking
[2023-07-04T04:37:52.770+0000][12682][gc,marking  ] GC(5) Concurrent Mark From Roots 8.921ms
[2023-07-04T04:37:52.770+0000][12682][gc,marking  ] GC(5) Concurrent Preclean
[2023-07-04T04:37:52.770+0000][12682][gc,marking  ] GC(5) Concurrent Preclean 0.124ms
[2023-07-04T04:37:52.771+0000][12682][gc,start    ] GC(5) Pause Remark
[2023-07-04T04:37:52.773+0000][12682][gc          ] GC(5) Pause Remark 16M->16M(1024M) 2.205ms
[2023-07-04T04:37:52.773+0000][12682][gc,cpu      ] GC(5) User=0.01s Sys=0.00s Real=0.01s
[2023-07-04T04:37:52.773+0000][12682][safepoint   ] Safepoint "G1Concurrent", Time since last: 11051508 ns, Reaching safepoint: 91870 ns, At safepoint: 2247231 ns, Total: 2339101 ns
[2023-07-04T04:37:52.773+0000][12682][gc,marking  ] GC(5) Concurrent Mark 11.466ms
[2023-07-04T04:37:52.773+0000][12682][gc,marking  ] GC(5) Concurrent Rebuild Remembered Sets
[2023-07-04T04:37:52.776+0000][12682][gc,marking  ] GC(5) Concurrent Rebuild Remembered Sets 3.368ms
[2023-07-04T04:37:52.776+0000][12682][gc,start    ] GC(5) Pause Cleanup
[2023-07-04T04:37:52.776+0000][12682][gc          ] GC(5) Pause Cleanup 16M->16M(1024M) 0.142ms
[2023-07-04T04:37:52.776+0000][12682][gc,cpu      ] GC(5) User=0.00s Sys=0.00s Real=0.00s
[2023-07-04T04:37:52.776+0000][12682][safepoint   ] Safepoint "G1Concurrent", Time since last: 3438147 ns, Reaching safepoint: 82534 ns, At safepoint: 173745 ns, Total: 256279 ns
[2023-07-04T04:37:52.776+0000][12682][gc,marking  ] GC(5) Concurrent Cleanup for Next Mark
[2023-07-04T04:37:52.778+0000][12682][gc,marking  ] GC(5) Concurrent Cleanup for Next Mark 1.817ms
[2023-07-04T04:37:52.778+0000][12682][gc          ] GC(5) Concurrent Mark Cycle 18.975ms
[2023-07-04T04:37:53.270+0000][12682][safepoint   ] Safepoint "ICBufferFull", Time since last: 492924435 ns, Reaching safepoint: 116718 ns, At safepoint: 4208 ns, Total: 120926 ns
[2023-07-04T04:37:53.806+0000][12682][safepoint   ] Safepoint "ICBufferFull", Time since last: 536536241 ns, Reaching safepoint: 137169 ns, At safepoint: 3386 ns, Total: 140555 ns
[2023-07-04T04:37:53.812+0000][12682][gc,start    ] GC(6) Pause Young (Prepare Mixed) (G1 Evacuation Pause)
[2023-07-04T04:37:53.812+0000][12682][gc,task     ] GC(6) Using 4 workers of 4 for evacuation
[2023-07-04T04:37:53.812+0000][12682][gc,age      ] GC(6) Desired survivor size 34078720 bytes, new threshold 15 (max threshold 15)
[2023-07-04T04:37:53.822+0000][12682][gc,age      ] GC(6) Age table with threshold 15 (max threshold 15)
[2023-07-04T04:37:53.822+0000][12682][gc,age      ] GC(6) - age   1:   17375184 bytes,   17375184 total
[2023-07-04T04:37:53.822+0000][12682][gc,age      ] GC(6) - age   2:     250616 bytes,   17625800 total
[2023-07-04T04:37:53.822+0000][12682][gc,age      ] GC(6) - age   3:    7193432 bytes,   24819232 total
[2023-07-04T04:37:53.822+0000][12682][gc,age      ] GC(6) - age   4:     244072 bytes,   25063304 total
[2023-07-04T04:37:53.822+0000][12682][gc,age      ] GC(6) - age   5:    1058864 bytes,   26122168 total
[2023-07-04T04:37:53.822+0000][12682][gc,phases   ] GC(6)   Pre Evacuate Collection Set: 0.2ms
[2023-07-04T04:37:53.822+0000][12682][gc,phases   ] GC(6)   Merge Heap Roots: 0.2ms
[2023-07-04T04:37:53.822+0000][12682][gc,phases   ] GC(6)   Evacuate Collection Set: 8.3ms
[2023-07-04T04:37:53.822+0000][12682][gc,phases   ] GC(6)   Post Evacuate Collection Set: 1.0ms
[2023-07-04T04:37:53.822+0000][12682][gc,phases   ] GC(6)   Other: 0.2ms
[2023-07-04T04:37:53.822+0000][12682][gc,heap     ] GC(6) Eden regions: 506->0(24)
[2023-07-04T04:37:53.822+0000][12682][gc,heap     ] GC(6) Survivor regions: 9->27(65)
[2023-07-04T04:37:53.822+0000][12682][gc,heap     ] GC(6) Old regions: 6->6
[2023-07-04T04:37:53.822+0000][12682][gc,heap     ] GC(6) Archive regions: 2->2
[2023-07-04T04:37:53.822+0000][12682][gc,heap     ] GC(6) Humongous regions: 10->1
[2023-07-04T04:37:53.822+0000][12682][gc,metaspace] GC(6) Metaspace: 31797K(32256K)->31797K(32256K) NonClass: 27951K(28224K)->27951K(28224K) Class: 3846K(4032K)->3846K(4032K)
[2023-07-04T04:37:53.822+0000][12682][gc          ] GC(6) Pause Young (Prepare Mixed) (G1 Evacuation Pause) 531M->33M(1024M) 9.932ms
[2023-07-04T04:37:53.822+0000][12682][gc,cpu      ] GC(6) User=0.03s Sys=0.00s Real=0.01s
[2023-07-04T04:37:53.822+0000][12682][safepoint   ] Safepoint "G1CollectForAllocation", Time since last: 5511188 ns, Reaching safepoint: 23793 ns, At safepoint: 9984490 ns, Total: 10008283 ns
[2023-07-04T04:37:53.841+0000][12682][gc,start    ] GC(7) Pause Young (Mixed) (G1 Evacuation Pause)
[2023-07-04T04:37:53.841+0000][12682][gc,task     ] GC(7) Using 4 workers of 4 for evacuation
[2023-07-04T04:37:53.841+0000][12682][gc,age      ] GC(7) Desired survivor size 3670016 bytes, new threshold 1 (max threshold 15)
[2023-07-04T04:37:53.852+0000][12682][gc,age      ] GC(7) Age table with threshold 1 (max threshold 15)
[2023-07-04T04:37:53.852+0000][12682][gc,age      ] GC(7) - age   1:     107184 bytes,     107184 total
[2023-07-04T04:37:53.852+0000][12682][gc,phases   ] GC(7)   Pre Evacuate Collection Set: 0.2ms
[2023-07-04T04:37:53.852+0000][12682][gc,phases   ] GC(7)   Merge Heap Roots: 0.1ms
[2023-07-04T04:37:53.852+0000][12682][gc,phases   ] GC(7)   Evacuate Collection Set: 10.4ms
[2023-07-04T04:37:53.852+0000][12682][gc,phases   ] GC(7)   Post Evacuate Collection Set: 0.8ms
[2023-07-04T04:37:53.852+0000][12682][gc,phases   ] GC(7)   Other: 0.2ms
[2023-07-04T04:37:53.852+0000][12682][gc,heap     ] GC(7) Eden regions: 24->0(612)
[2023-07-04T04:37:53.852+0000][12682][gc,heap     ] GC(7) Survivor regions: 27->2(7)
[2023-07-04T04:37:53.852+0000][12682][gc,heap     ] GC(7) Old regions: 6->31
[2023-07-04T04:37:53.852+0000][12682][gc,heap     ] GC(7) Archive regions: 2->2
[2023-07-04T04:37:53.852+0000][12682][gc,heap     ] GC(7) Humongous regions: 1->1
[2023-07-04T04:37:53.852+0000][12682][gc,metaspace] GC(7) Metaspace: 31798K(32256K)->31798K(32256K) NonClass: 27952K(28224K)->27952K(28224K) Class: 3846K(4032K)->3846K(4032K)
[2023-07-04T04:37:53.852+0000][12682][gc          ] GC(7) Pause Young (Mixed) (G1 Evacuation Pause) 57M->34M(1024M) 11.546ms
[2023-07-04T04:37:53.852+0000][12682][gc,cpu      ] GC(7) User=0.04s Sys=0.00s Real=0.02s
[2023-07-04T04:37:53.852+0000][12682][safepoint   ] Safepoint "G1CollectForAllocation", Time since last: 18810101 ns, Reaching safepoint: 17662 ns, At safepoint: 11633884 ns, Total: 11651546 ns
[2023-07-04T04:37:54.208+0000][12682][gc,start    ] GC(8) Pause Young (Concurrent Start) (Metadata GC Threshold)
[2023-07-04T04:37:54.208+0000][12682][gc,task     ] GC(8) Using 4 workers of 4 for evacuation
[2023-07-04T04:37:54.208+0000][12682][gc,age      ] GC(8) Desired survivor size 40370176 bytes, new threshold 15 (max threshold 15)
[2023-07-04T04:37:54.211+0000][12682][gc,age      ] GC(8) Age table with threshold 15 (max threshold 15)
[2023-07-04T04:37:54.211+0000][12682][gc,age      ] GC(8) - age   1:    5670216 bytes,    5670216 total
[2023-07-04T04:37:54.211+0000][12682][gc,age      ] GC(8) - age   2:     103736 bytes,    5773952 total
[2023-07-04T04:37:54.211+0000][12682][gc,phases   ] GC(8)   Pre Evacuate Collection Set: 0.1ms
[2023-07-04T04:37:54.211+0000][12682][gc,phases   ] GC(8)   Merge Heap Roots: 0.1ms
[2023-07-04T04:37:54.211+0000][12682][gc,phases   ] GC(8)   Evacuate Collection Set: 1.7ms
[2023-07-04T04:37:54.211+0000][12682][gc,phases   ] GC(8)   Post Evacuate Collection Set: 0.6ms
[2023-07-04T04:37:54.211+0000][12682][gc,phases   ] GC(8)   Other: 0.2ms
[2023-07-04T04:37:54.211+0000][12682][gc,heap     ] GC(8) Eden regions: 179->0(552)
[2023-07-04T04:37:54.211+0000][12682][gc,heap     ] GC(8) Survivor regions: 2->7(77)
[2023-07-04T04:37:54.211+0000][12682][gc,heap     ] GC(8) Old regions: 31->31
[2023-07-04T04:37:54.211+0000][12682][gc,heap     ] GC(8) Archive regions: 2->2
[2023-07-04T04:37:54.211+0000][12682][gc,heap     ] GC(8) Humongous regions: 4->1
[2023-07-04T04:37:54.211+0000][12682][gc,metaspace] GC(8) Metaspace: 35903K(36416K)->35903K(36416K) NonClass: 31502K(31808K)->31502K(31808K) Class: 4401K(4608K)->4401K(4608K)
[2023-07-04T04:37:54.211+0000][12682][gc          ] GC(8) Pause Young (Concurrent Start) (Metadata GC Threshold) 216M->39M(1024M) 2.784ms
[2023-07-04T04:37:54.211+0000][12682][gc,cpu      ] GC(8) User=0.00s Sys=0.00s Real=0.00s
[2023-07-04T04:37:54.211+0000][12682][gc          ] GC(9) Concurrent Mark Cycle
[2023-07-04T04:37:54.211+0000][12682][gc,marking  ] GC(9) Concurrent Clear Claimed Marks
[2023-07-04T04:37:54.211+0000][12682][gc,marking  ] GC(9) Concurrent Clear Claimed Marks 0.021ms
[2023-07-04T04:37:54.211+0000][12682][safepoint   ] Safepoint "CollectForMetadataAllocation", Time since last: 355771258 ns, Reaching safepoint: 77140 ns, At safepoint: 2871893 ns, Total: 2949033 ns
[2023-07-04T04:37:54.211+0000][12682][gc,marking  ] GC(9) Concurrent Scan Root Regions
[2023-07-04T04:37:54.212+0000][12682][gc,marking  ] GC(9) Concurrent Scan Root Regions 0.975ms
[2023-07-04T04:37:54.212+0000][12682][gc,marking  ] GC(9) Concurrent Mark
[2023-07-04T04:37:54.212+0000][12682][gc,marking  ] GC(9) Concurrent Mark From Roots
[2023-07-04T04:37:54.212+0000][12682][gc,task     ] GC(9) Using 1 workers of 1 for marking
[2023-07-04T04:37:54.222+0000][12682][safepoint   ] Safepoint "CollectForMetadataAllocation", Time since last: 10681036 ns, Reaching safepoint: 49151 ns, At safepoint: 59197 ns, Total: 108348 ns
[2023-07-04T04:37:54.225+0000][12682][safepoint   ] Safepoint "CollectForMetadataAllocation", Time since last: 2816725 ns, Reaching safepoint: 24761 ns, At safepoint: 62696 ns, Total: 87457 ns
[2023-07-04T04:37:54.228+0000][12682][safepoint   ] Safepoint "CollectForMetadataAllocation", Time since last: 3582769 ns, Reaching safepoint: 22901 ns, At safepoint: 61005 ns, Total: 83906 ns
[2023-07-04T04:37:54.237+0000][12682][gc,marking  ] GC(9) Concurrent Mark From Roots 25.456ms
[2023-07-04T04:37:54.237+0000][12682][gc,marking  ] GC(9) Concurrent Preclean
[2023-07-04T04:37:54.238+0000][12682][gc,marking  ] GC(9) Concurrent Preclean 0.196ms
[2023-07-04T04:37:54.238+0000][12682][gc,start    ] GC(9) Pause Remark
[2023-07-04T04:37:54.240+0000][12682][gc          ] GC(9) Pause Remark 43M->43M(1024M) 2.079ms
[2023-07-04T04:37:54.240+0000][12682][gc,cpu      ] GC(9) User=0.00s Sys=0.00s Real=0.00s
[2023-07-04T04:37:54.240+0000][12682][safepoint   ] Safepoint "G1Concurrent", Time since last: 9371211 ns, Reaching safepoint: 79577 ns, At safepoint: 2123255 ns, Total: 2202832 ns
[2023-07-04T04:37:54.240+0000][12682][gc,marking  ] GC(9) Concurrent Mark 27.945ms
[2023-07-04T04:37:54.240+0000][12682][gc,marking  ] GC(9) Concurrent Rebuild Remembered Sets
[2023-07-04T04:37:54.250+0000][12682][gc,marking  ] GC(9) Concurrent Rebuild Remembered Sets 10.440ms
[2023-07-04T04:37:54.250+0000][12682][gc,start    ] GC(9) Pause Cleanup
[2023-07-04T04:37:54.251+0000][12682][gc          ] GC(9) Pause Cleanup 44M->44M(1024M) 0.139ms
[2023-07-04T04:37:54.251+0000][12682][gc,cpu      ] GC(9) User=0.00s Sys=0.00s Real=0.00s
[2023-07-04T04:37:54.251+0000][12682][safepoint   ] Safepoint "G1Concurrent", Time since last: 10512499 ns, Reaching safepoint: 98980 ns, At safepoint: 193609 ns, Total: 292589 ns
[2023-07-04T04:37:54.251+0000][12682][gc,marking  ] GC(9) Concurrent Cleanup for Next Mark
[2023-07-04T04:37:54.253+0000][12682][gc,marking  ] GC(9) Concurrent Cleanup for Next Mark 1.903ms
[2023-07-04T04:37:54.253+0000][12682][gc          ] GC(9) Concurrent Mark Cycle 41.742ms
[2023-07-04T04:37:54.912+0000][12682][safepoint   ] Safepoint "ICBufferFull", Time since last: 660871430 ns, Reaching safepoint: 208021 ns, At safepoint: 6101 ns, Total: 214122 ns
[2023-07-04T04:37:55.815+0000][12682][safepoint   ] Safepoint "ICBufferFull", Time since last: 902933589 ns, Reaching safepoint: 121802 ns, At safepoint: 4298 ns, Total: 126100 ns
[2023-07-04T04:37:56.267+0000][12682][gc,start    ] GC(10) Pause Young (Concurrent Start) (Metadata GC Threshold)
[2023-07-04T04:37:56.267+0000][12682][gc,task     ] GC(10) Using 4 workers of 4 for evacuation
[2023-07-04T04:37:56.267+0000][12682][gc,age      ] GC(10) Desired survivor size 38797312 bytes, new threshold 15 (max threshold 15)
[2023-07-04T04:37:56.291+0000][12682][gc,age      ] GC(10) Age table with threshold 15 (max threshold 15)
[2023-07-04T04:37:56.291+0000][12682][gc,age      ] GC(10) - age   1:   33956424 bytes,   33956424 total
[2023-07-04T04:37:56.291+0000][12682][gc,age      ] GC(10) - age   2:    5568768 bytes,   39525192 total
[2023-07-04T04:37:56.291+0000][12682][gc,age      ] GC(10) - age   3:     103688 bytes,   39628880 total
[2023-07-04T04:37:56.291+0000][12682][gc,phases   ] GC(10)   Pre Evacuate Collection Set: 0.1ms
[2023-07-04T04:37:56.291+0000][12682][gc,phases   ] GC(10)   Merge Heap Roots: 0.1ms
[2023-07-04T04:37:56.291+0000][12682][gc,phases   ] GC(10)   Evacuate Collection Set: 22.0ms
[2023-07-04T04:37:56.291+0000][12682][gc,phases   ] GC(10)   Post Evacuate Collection Set: 1.2ms
[2023-07-04T04:37:56.291+0000][12682][gc,phases   ] GC(10)   Other: 0.2ms
[2023-07-04T04:37:56.291+0000][12682][gc,heap     ] GC(10) Eden regions: 303->0(455)
[2023-07-04T04:37:56.291+0000][12682][gc,heap     ] GC(10) Survivor regions: 7->39(74)
[2023-07-04T04:37:56.291+0000][12682][gc,heap     ] GC(10) Old regions: 31->31
[2023-07-04T04:37:56.291+0000][12682][gc,heap     ] GC(10) Archive regions: 2->2
[2023-07-04T04:37:56.291+0000][12682][gc,heap     ] GC(10) Humongous regions: 8->1
[2023-07-04T04:37:56.291+0000][12682][gc,metaspace] GC(10) Metaspace: 61655K(62720K)->61655K(62720K) NonClass: 54168K(54784K)->54168K(54784K) Class: 7486K(7936K)->7486K(7936K)
[2023-07-04T04:37:56.291+0000][12682][gc          ] GC(10) Pause Young (Concurrent Start) (Metadata GC Threshold) 349M->71M(1024M) 23.685ms
[2023-07-04T04:37:56.291+0000][12682][gc,cpu      ] GC(10) User=0.10s Sys=0.00s Real=0.02s
[2023-07-04T04:37:56.291+0000][12682][gc          ] GC(11) Concurrent Mark Cycle
[2023-07-04T04:37:56.291+0000][12682][gc,marking  ] GC(11) Concurrent Clear Claimed Marks
[2023-07-04T04:37:56.291+0000][12682][safepoint   ] Safepoint "CollectForMetadataAllocation", Time since last: 452314592 ns, Reaching safepoint: 107233 ns, At safepoint: 23799354 ns, Total: 23906587 ns
[2023-07-04T04:37:56.291+0000][12682][gc,marking  ] GC(11) Concurrent Clear Claimed Marks 0.065ms
[2023-07-04T04:37:56.291+0000][12682][gc,marking  ] GC(11) Concurrent Scan Root Regions
[2023-07-04T04:37:56.310+0000][12682][gc,marking  ] GC(11) Concurrent Scan Root Regions 18.815ms
[2023-07-04T04:37:56.310+0000][12682][gc,marking  ] GC(11) Concurrent Mark
[2023-07-04T04:37:56.310+0000][12682][gc,marking  ] GC(11) Concurrent Mark From Roots
[2023-07-04T04:37:56.310+0000][12682][gc,task     ] GC(11) Using 1 workers of 1 for marking
[2023-07-04T04:37:56.311+0000][12682][safepoint   ] Safepoint "CollectForMetadataAllocation", Time since last: 20315032 ns, Reaching safepoint: 124496 ns, At safepoint: 52870 ns, Total: 177366 ns
[2023-07-04T04:37:56.328+0000][12682][safepoint   ] Safepoint "CollectForMetadataAllocation", Time since last: 16453724 ns, Reaching safepoint: 158303 ns, At safepoint: 86414 ns, Total: 244717 ns
[2023-07-04T04:37:56.341+0000][12682][gc,marking  ] GC(11) Concurrent Mark From Roots 30.849ms
[2023-07-04T04:37:56.341+0000][12682][gc,marking  ] GC(11) Concurrent Preclean
[2023-07-04T04:37:56.341+0000][12682][gc,marking  ] GC(11) Concurrent Preclean 0.215ms
[2023-07-04T04:37:56.341+0000][12682][gc,start    ] GC(11) Pause Remark
[2023-07-04T04:37:56.345+0000][12682][gc          ] GC(11) Pause Remark 76M->76M(1024M) 3.740ms
[2023-07-04T04:37:56.345+0000][12682][gc,cpu      ] GC(11) User=0.01s Sys=0.00s Real=0.00s
[2023-07-04T04:37:56.345+0000][12682][safepoint   ] Safepoint "G1Concurrent", Time since last: 12816423 ns, Reaching safepoint: 151641 ns, At safepoint: 3791406 ns, Total: 3943047 ns
[2023-07-04T04:37:56.345+0000][12682][gc,marking  ] GC(11) Concurrent Mark 35.274ms
[2023-07-04T04:37:56.345+0000][12682][gc,marking  ] GC(11) Concurrent Rebuild Remembered Sets
[2023-07-04T04:37:56.356+0000][12682][gc,marking  ] GC(11) Concurrent Rebuild Remembered Sets 10.785ms
[2023-07-04T04:37:56.356+0000][12682][gc,start    ] GC(11) Pause Cleanup
[2023-07-04T04:37:56.356+0000][12682][gc          ] GC(11) Pause Cleanup 77M->77M(1024M) 0.126ms
[2023-07-04T04:37:56.356+0000][12682][gc,cpu      ] GC(11) User=0.00s Sys=0.00s Real=0.00s
[2023-07-04T04:37:56.356+0000][12682][safepoint   ] Safepoint "G1Concurrent", Time since last: 11041900 ns, Reaching safepoint: 104817 ns, At safepoint: 168766 ns, Total: 273583 ns
[2023-07-04T04:37:56.356+0000][12682][gc,marking  ] GC(11) Concurrent Cleanup for Next Mark
[2023-07-04T04:37:56.358+0000][12682][gc,marking  ] GC(11) Concurrent Cleanup for Next Mark 2.197ms
[2023-07-04T04:37:56.359+0000][12682][gc          ] GC(11) Concurrent Mark Cycle 67.580ms
[2023-07-04T04:37:56.885+0000][12682][safepoint   ] Safepoint "ICBufferFull", Time since last: 528494504 ns, Reaching safepoint: 636556 ns, At safepoint: 5504 ns, Total: 642060 ns
[2023-07-04T04:37:57.895+0000][12682][safepoint   ] Safepoint "ICBufferFull", Time since last: 1009529408 ns, Reaching safepoint: 204474 ns, At safepoint: 4200 ns, Total: 208674 ns
[2023-07-04T04:37:58.283+0000][12682][safepoint   ] Safepoint "ICBufferFull", Time since last: 388128365 ns, Reaching safepoint: 183064 ns, At safepoint: 4200 ns, Total: 187264 ns
[2023-07-04T04:37:58.654+0000][12682][safepoint   ] Safepoint "ICBufferFull", Time since last: 370730947 ns, Reaching safepoint: 156477 ns, At safepoint: 4818 ns, Total: 161295 ns
[2023-07-04T04:37:58.725+0000][12682][gc,start    ] GC(12) Pause Young (Concurrent Start) (Metadata GC Threshold)
[2023-07-04T04:37:58.725+0000][12682][gc,task     ] GC(12) Using 4 workers of 4 for evacuation
[2023-07-04T04:37:58.725+0000][12682][gc,age      ] GC(12) Desired survivor size 36175872 bytes, new threshold 2 (max threshold 15)
[2023-07-04T04:37:58.754+0000][12682][gc,age      ] GC(12) Age table with threshold 2 (max threshold 15)
[2023-07-04T04:37:58.754+0000][12682][gc,age      ] GC(12) - age   1:   12838080 bytes,   12838080 total
[2023-07-04T04:37:58.754+0000][12682][gc,age      ] GC(12) - age   2:   33632152 bytes,   46470232 total
[2023-07-04T04:37:58.754+0000][12682][gc,phases   ] GC(12)   Pre Evacuate Collection Set: 0.2ms
[2023-07-04T04:37:58.754+0000][12682][gc,phases   ] GC(12)   Merge Heap Roots: 0.1ms
[2023-07-04T04:37:58.754+0000][12682][gc,phases   ] GC(12)   Evacuate Collection Set: 27.2ms
[2023-07-04T04:37:58.754+0000][12682][gc,phases   ] GC(12)   Post Evacuate Collection Set: 1.6ms
[2023-07-04T04:37:58.754+0000][12682][gc,phases   ] GC(12)   Other: 0.2ms
[2023-07-04T04:37:58.754+0000][12682][gc,heap     ] GC(12) Eden regions: 242->0(496)
[2023-07-04T04:37:58.754+0000][12682][gc,heap     ] GC(12) Survivor regions: 39->46(69)
[2023-07-04T04:37:58.754+0000][12682][gc,heap     ] GC(12) Old regions: 31->37
[2023-07-04T04:37:58.754+0000][12682][gc,heap     ] GC(12) Archive regions: 2->2
[2023-07-04T04:37:58.754+0000][12682][gc,heap     ] GC(12) Humongous regions: 1->1
[2023-07-04T04:37:58.754+0000][12682][gc,metaspace] GC(12) Metaspace: 104859K(106048K)->104859K(106048K) NonClass: 91530K(92224K)->91530K(92224K) Class: 13329K(13824K)->13329K(13824K)
[2023-07-04T04:37:58.754+0000][12682][gc          ] GC(12) Pause Young (Concurrent Start) (Metadata GC Threshold) 313M->84M(1024M) 29.265ms
[2023-07-04T04:37:58.754+0000][12682][gc,cpu      ] GC(12) User=0.11s Sys=0.00s Real=0.03s
[2023-07-04T04:37:58.754+0000][12682][gc          ] GC(13) Concurrent Mark Cycle
[2023-07-04T04:37:58.754+0000][12682][gc,marking  ] GC(13) Concurrent Clear Claimed Marks
[2023-07-04T04:37:58.754+0000][12682][safepoint   ] Safepoint "CollectForMetadataAllocation", Time since last: 70324361 ns, Reaching safepoint: 84471 ns, At safepoint: 29390119 ns, Total: 29474590 ns
[2023-07-04T04:37:58.754+0000][12682][gc,marking  ] GC(13) Concurrent Clear Claimed Marks 0.064ms
[2023-07-04T04:37:58.754+0000][12682][gc,marking  ] GC(13) Concurrent Scan Root Regions
[2023-07-04T04:37:58.782+0000][12682][gc,marking  ] GC(13) Concurrent Scan Root Regions 27.493ms
[2023-07-04T04:37:58.782+0000][12682][gc,marking  ] GC(13) Concurrent Mark
[2023-07-04T04:37:58.782+0000][12682][gc,marking  ] GC(13) Concurrent Mark From Roots
[2023-07-04T04:37:58.782+0000][12682][gc,task     ] GC(13) Using 1 workers of 1 for marking
[2023-07-04T04:37:58.784+0000][12682][safepoint   ] Safepoint "CollectForMetadataAllocation", Time since last: 29575650 ns, Reaching safepoint: 259093 ns, At safepoint: 50800 ns, Total: 309893 ns
[2023-07-04T04:37:58.801+0000][12682][safepoint   ] Safepoint "CollectForMetadataAllocation", Time since last: 16562248 ns, Reaching safepoint: 190533 ns, At safepoint: 64586 ns, Total: 255119 ns
[2023-07-04T04:37:58.809+0000][12682][gc,marking  ] GC(13) Concurrent Mark From Roots 27.438ms
[2023-07-04T04:37:58.809+0000][12682][gc,marking  ] GC(13) Concurrent Preclean
[2023-07-04T04:37:58.809+0000][12682][gc,marking  ] GC(13) Concurrent Preclean 0.219ms
[2023-07-04T04:37:58.810+0000][12682][gc,start    ] GC(13) Pause Remark
[2023-07-04T04:37:58.814+0000][12682][gc          ] GC(13) Pause Remark 92M->92M(1024M) 4.026ms
[2023-07-04T04:37:58.814+0000][12682][gc,cpu      ] GC(13) User=0.01s Sys=0.00s Real=0.01s
[2023-07-04T04:37:58.814+0000][12682][safepoint   ] Safepoint "G1Concurrent", Time since last: 8583933 ns, Reaching safepoint: 270239 ns, At safepoint: 4101782 ns, Total: 4372021 ns
[2023-07-04T04:37:58.814+0000][12682][gc,marking  ] GC(13) Concurrent Mark 32.109ms
[2023-07-04T04:37:58.814+0000][12682][gc,marking  ] GC(13) Concurrent Rebuild Remembered Sets
[2023-07-04T04:37:58.825+0000][12682][gc,marking  ] GC(13) Concurrent Rebuild Remembered Sets 11.464ms
[2023-07-04T04:37:58.826+0000][12682][gc,start    ] GC(13) Pause Cleanup
[2023-07-04T04:37:58.826+0000][12682][gc          ] GC(13) Pause Cleanup 92M->92M(1024M) 0.146ms
[2023-07-04T04:37:58.826+0000][12682][gc,cpu      ] GC(13) User=0.00s Sys=0.00s Real=0.00s
[2023-07-04T04:37:58.826+0000][12682][safepoint   ] Safepoint "G1Concurrent", Time since last: 11574175 ns, Reaching safepoint: 121613 ns, At safepoint: 188639 ns, Total: 310252 ns
[2023-07-04T04:37:58.826+0000][12682][gc,marking  ] GC(13) Concurrent Cleanup for Next Mark
[2023-07-04T04:37:58.828+0000][12682][gc,marking  ] GC(13) Concurrent Cleanup for Next Mark 2.088ms
[2023-07-04T04:37:58.828+0000][12682][gc          ] GC(13) Concurrent Mark Cycle 73.733ms
[2023-07-04T04:37:59.146+0000][12682][safepoint   ] Safepoint "ICBufferFull", Time since last: 319595643 ns, Reaching safepoint: 186834 ns, At safepoint: 37968 ns, Total: 224802 ns
[2023-07-04T04:37:59.349+0000][12682][safepoint   ] Safepoint "ICBufferFull", Time since last: 203337478 ns, Reaching safepoint: 169039 ns, At safepoint: 5096 ns, Total: 174135 ns
[2023-07-04T04:38:00.169+0000][12682][safepoint   ] Safepoint "ICBufferFull", Time since last: 819788844 ns, Reaching safepoint: 139488 ns, At safepoint: 7988 ns, Total: 147476 ns
[2023-07-04T04:38:01.170+0000][12682][safepoint   ] Safepoint "Cleanup", Time since last: 1000361470 ns, Reaching safepoint: 217710 ns, At safepoint: 21968 ns, Total: 239678 ns
[2023-07-04T04:38:02.170+0000][12682][safepoint   ] Safepoint "Cleanup", Time since last: 1000368804 ns, Reaching safepoint: 126745 ns, At safepoint: 13689 ns, Total: 140434 ns
[2023-07-04T04:38:07.171+0000][12682][safepoint   ] Safepoint "Cleanup", Time since last: 5000616732 ns, Reaching safepoint: 144551 ns, At safepoint: 16373 ns, Total: 160924 ns
[2023-07-04T04:38:09.171+0000][12682][safepoint   ] Safepoint "Cleanup", Time since last: 2000493403 ns, Reaching safepoint: 144396 ns, At safepoint: 14398 ns, Total: 158794 ns
[2023-07-04T04:38:15.173+0000][12682][safepoint   ] Safepoint "Cleanup", Time since last: 6001154242 ns, Reaching safepoint: 129295 ns, At safepoint: 14564 ns, Total: 143859 ns
[2023-07-04T04:38:17.173+0000][12682][safepoint   ] Safepoint "Cleanup", Time since last: 2000447398 ns, Reaching safepoint: 131382 ns, At safepoint: 14235 ns, Total: 145617 ns
[2023-07-04T04:38:20.306+0000][12682][safepoint   ] Safepoint "Cleanup", Time since last: 3132443591 ns, Reaching safepoint: 140593 ns, At safepoint: 20017 ns, Total: 160610 ns
[2023-07-04T04:38:20.847+0000][12682][safepoint   ] Safepoint "ICBufferFull", Time since last: 540577948 ns, Reaching safepoint: 161623 ns, At safepoint: 6960 ns, Total: 168583 ns
[2023-07-04T04:38:22.079+0000][12682][safepoint   ] Safepoint "Cleanup", Time since last: 1231662834 ns, Reaching safepoint: 272775 ns, At safepoint: 23098 ns, Total: 295873 ns
[2023-07-04T04:38:23.079+0000][12682][safepoint   ] Safepoint "Cleanup", Time since last: 1000404005 ns, Reaching safepoint: 211273 ns, At safepoint: 14755 ns, Total: 226028 ns
[2023-07-04T04:38:24.080+0000][12682][safepoint   ] Safepoint "Cleanup", Time since last: 1000390965 ns, Reaching safepoint: 123706 ns, At safepoint: 14606 ns, Total: 138312 ns
[2023-07-04T04:38:26.081+0000][12682][safepoint   ] Safepoint "Cleanup", Time since last: 2000702801 ns, Reaching safepoint: 154225 ns, At safepoint: 18679 ns, Total: 172904 ns
[2023-07-04T04:38:29.082+0000][12682][safepoint   ] Safepoint "Cleanup", Time since last: 3000767599 ns, Reaching safepoint: 134418 ns, At safepoint: 7568 ns, Total: 141986 ns
[2023-07-04T04:38:29.350+0000][12682][safepoint   ] Safepoint "ICBufferFull", Time since last: 268223172 ns, Reaching safepoint: 257574 ns, At safepoint: 8946 ns, Total: 266520 ns
[2023-07-04T04:38:29.491+0000][12682][safepoint   ] Safepoint "ICBufferFull", Time since last: 140390367 ns, Reaching safepoint: 167247 ns, At safepoint: 5604 ns, Total: 172851 ns
[2023-07-04T04:38:30.492+0000][12682][safepoint   ] Safepoint "Cleanup", Time since last: 1000342217 ns, Reaching safepoint: 490214 ns, At safepoint: 24782 ns, Total: 514996 ns
[2023-07-04T04:38:31.492+0000][12682][safepoint   ] Safepoint "Cleanup", Time since last: 1000192941 ns, Reaching safepoint: 259096 ns, At safepoint: 25331 ns, Total: 284427 ns
[2023-07-04T04:38:32.574+0000][12682][safepoint   ] Safepoint "Cleanup", Time since last: 1081752957 ns, Reaching safepoint: 343744 ns, At safepoint: 52868 ns, Total: 396612 ns
[2023-07-04T04:38:33.575+0000][12682][safepoint   ] Safepoint "Cleanup", Time since last: 1000404750 ns, Reaching safepoint: 206661 ns, At safepoint: 25191 ns, Total: 231852 ns
[2023-07-04T04:38:35.576+0000][12682][safepoint   ] Safepoint "Cleanup", Time since last: 2000596207 ns, Reaching safepoint: 162746 ns, At safepoint: 22395 ns, Total: 185141 ns
[2023-07-04T04:38:36.576+0000][12682][safepoint   ] Safepoint "Cleanup", Time since last: 1000373241 ns, Reaching safepoint: 387884 ns, At safepoint: 25455 ns, Total: 413339 ns
[2023-07-04T04:38:37.577+0000][12682][safepoint   ] Safepoint "Cleanup", Time since last: 1000393480 ns, Reaching safepoint: 93247 ns, At safepoint: 11205 ns, Total: 104452 ns
[2023-07-04T04:38:38.577+0000][12682][safepoint   ] Safepoint "Cleanup", Time since last: 1000336142 ns, Reaching safepoint: 147537 ns, At safepoint: 27492 ns, Total: 175029 ns
[2023-07-04T04:38:40.578+0000][12682][safepoint   ] Safepoint "Cleanup", Time since last: 2000619079 ns, Reaching safepoint: 155146 ns, At safepoint: 16732 ns, Total: 171878 ns
[2023-07-04T04:38:41.579+0000][12682][safepoint   ] Safepoint "Cleanup", Time since last: 1000221651 ns, Reaching safepoint: 114374 ns, At safepoint: 15302 ns, Total: 129676 ns
[2023-07-04T04:38:43.579+0000][12682][safepoint   ] Safepoint "Cleanup", Time since last: 2000334073 ns, Reaching safepoint: 54289 ns, At safepoint: 7432 ns, Total: 61721 ns
[2023-07-04T04:38:44.580+0000][12682][safepoint   ] Safepoint "Cleanup", Time since last: 1000298330 ns, Reaching safepoint: 270647 ns, At safepoint: 31687 ns, Total: 302334 ns
[2023-07-04T04:38:45.580+0000][12682][safepoint   ] Safepoint "Cleanup", Time since last: 1000238860 ns, Reaching safepoint: 141166 ns, At safepoint: 20362 ns, Total: 161528 ns
[2023-07-04T04:38:48.581+0000][12682][safepoint   ] Safepoint "Cleanup", Time since last: 3000679728 ns, Reaching safepoint: 133747 ns, At safepoint: 18487 ns, Total: 152234 ns
[2023-07-04T04:38:49.581+0000][12682][safepoint   ] Safepoint "Cleanup", Time since last: 1000428760 ns, Reaching safepoint: 133658 ns, At safepoint: 16315 ns, Total: 149973 ns
[2023-07-04T04:38:50.582+0000][12682][safepoint   ] Safepoint "Cleanup", Time since last: 1000408048 ns, Reaching safepoint: 136833 ns, At safepoint: 16167 ns, Total: 153000 ns
[2023-07-04T04:38:51.582+0000][12682][safepoint   ] Safepoint "Cleanup", Time since last: 1000404047 ns, Reaching safepoint: 148748 ns, At safepoint: 21027 ns, Total: 169775 ns
[2023-07-04T04:38:52.583+0000][12682][safepoint   ] Safepoint "Cleanup", Time since last: 1000372649 ns, Reaching safepoint: 147610 ns, At safepoint: 16875 ns, Total: 164485 ns
[2023-07-04T04:38:53.584+0000][12682][safepoint   ] Safepoint "Cleanup", Time since last: 1000404500 ns, Reaching safepoint: 180715 ns, At safepoint: 16475 ns, Total: 197190 ns
[2023-07-04T04:38:55.584+0000][12682][safepoint   ] Safepoint "Cleanup", Time since last: 2000702108 ns, Reaching safepoint: 119424 ns, At safepoint: 15860 ns, Total: 135284 ns
[2023-07-04T04:38:56.585+0000][12682][safepoint   ] Safepoint "Cleanup", Time since last: 1000371718 ns, Reaching safepoint: 138101 ns, At safepoint: 16089 ns, Total: 154190 ns
[2023-07-04T04:38:58.586+0000][12682][safepoint   ] Safepoint "Cleanup", Time since last: 2000460060 ns, Reaching safepoint: 269228 ns, At safepoint: 19822 ns, Total: 289050 ns
[2023-07-04T04:38:58.683+0000][12682][safepoint   ] Safepoint "ICBufferFull", Time since last: 96726211 ns, Reaching safepoint: 182183 ns, At safepoint: 6695 ns, Total: 188878 ns
[2023-07-04T04:38:59.683+0000][12682][safepoint   ] Safepoint "Cleanup", Time since last: 1000185148 ns, Reaching safepoint: 217355 ns, At safepoint: 26684 ns, Total: 244039 ns
[2023-07-04T04:39:00.684+0000][12682][safepoint   ] Safepoint "Cleanup", Time since last: 1000429217 ns, Reaching safepoint: 146054 ns, At safepoint: 20581 ns, Total: 166635 ns
[2023-07-04T04:39:01.684+0000][12682][safepoint   ] Safepoint "Cleanup", Time since last: 1000358717 ns, Reaching safepoint: 188033 ns, At safepoint: 22841 ns, Total: 210874 ns
[2023-07-04T04:39:03.685+0000][12682][safepoint   ] Safepoint "Cleanup", Time since last: 2000317691 ns, Reaching safepoint: 102887 ns, At safepoint: 15130 ns, Total: 118017 ns
[2023-07-04T04:39:04.685+0000][12682][safepoint   ] Safepoint "Cleanup", Time since last: 1000435137 ns, Reaching safepoint: 151334 ns, At safepoint: 37345 ns, Total: 188679 ns
[2023-07-04T04:39:05.686+0000][12682][safepoint   ] Safepoint "Cleanup", Time since last: 1000357837 ns, Reaching safepoint: 147170 ns, At safepoint: 16526 ns, Total: 163696 ns
[2023-07-04T04:39:06.686+0000][12682][safepoint   ] Safepoint "Cleanup", Time since last: 1000408950 ns, Reaching safepoint: 142620 ns, At safepoint: 16233 ns, Total: 158853 ns
[2023-07-04T04:39:09.687+0000][12682][safepoint   ] Safepoint "Cleanup", Time since last: 3000817742 ns, Reaching safepoint: 135646 ns, At safepoint: 16232 ns, Total: 151878 ns
[2023-07-04T04:39:10.688+0000][12682][safepoint   ] Safepoint "Cleanup", Time since last: 1000252252 ns, Reaching safepoint: 44577 ns, At safepoint: 4512 ns, Total: 49089 ns
[2023-07-04T04:39:11.688+0000][12682][safepoint   ] Safepoint "Cleanup", Time since last: 1000285357 ns, Reaching safepoint: 124686 ns, At safepoint: 20909 ns, Total: 145595 ns
[2023-07-04T04:39:12.970+0000][12682][gc,heap,exit] Heap
[2023-07-04T04:39:12.970+0000][12682][gc,heap,exit]  garbage-first heap   total 1048576K, used 423187K [0x00000000c0000000, 0x0000000100000000)
[2023-07-04T04:39:12.970+0000][12682][gc,heap,exit]   region size 1024K, 375 young (384000K), 46 survivors (47104K)
[2023-07-04T04:39:12.970+0000][12682][gc,heap,exit]  Metaspace       used 123996K, committed 125440K, reserved 1179648K
[2023-07-04T04:39:12.970+0000][12682][gc,heap,exit]   class space    used 15852K, committed 16448K, reserved 1048576K
