[2023-07-04T05:51:20.689+0000][22853][gc] Using G1
[2023-07-04T05:51:20.835+0000][22853][gc,init] Version: 17.0.7+7 (release)
[2023-07-04T05:51:20.835+0000][22853][gc,init] CPUs: 4 total, 4 available
[2023-07-04T05:51:20.835+0000][22853][gc,init] Memory: 15837M
[2023-07-04T05:51:20.835+0000][22853][gc,init] Large Page Support: Disabled
[2023-07-04T05:51:20.835+0000][22853][gc,init] NUMA Support: Disabled
[2023-07-04T05:51:20.835+0000][22853][gc,init] Compressed Oops: Enabled (32-bit)
[2023-07-04T05:51:20.835+0000][22853][gc,init] Heap Region Size: 1M
[2023-07-04T05:51:20.835+0000][22853][gc,init] Heap Min Capacity: 1G
[2023-07-04T05:51:20.835+0000][22853][gc,init] Heap Initial Capacity: 1G
[2023-07-04T05:51:20.835+0000][22853][gc,init] Heap Max Capacity: 1G
[2023-07-04T05:51:20.835+0000][22853][gc,init] Pre-touch: Enabled
[2023-07-04T05:51:20.835+0000][22853][gc,init] Parallel Workers: 4
[2023-07-04T05:51:20.835+0000][22853][gc,init] Concurrent Workers: 1
[2023-07-04T05:51:20.835+0000][22853][gc,init] Concurrent Refinement Workers: 4
[2023-07-04T05:51:20.835+0000][22853][gc,init] Periodic GC: Disabled
[2023-07-04T05:51:20.835+0000][22853][gc,metaspace] CDS archive(s) mapped at: [0x0000000800000000-0x0000000800be1000-0x0000000800be1000), size 12455936, SharedBaseAddress: 0x0000000800000000, ArchiveRelocationMode: 0.
[2023-07-04T05:51:20.835+0000][22853][gc,metaspace] Compressed class space mapped at: 0x0000000801000000-0x0000000841000000, reserved size: 1073741824
[2023-07-04T05:51:20.835+0000][22853][gc,metaspace] Narrow klass base: 0x0000000800000000, Narrow klass shift: 0, Narrow klass range: 0x100000000
[2023-07-04T05:51:21.195+0000][22853][safepoint   ] Safepoint "ICBufferFull", Time since last: 354717509 ns, Reaching safepoint: 192968 ns, At safepoint: 5232 ns, Total: 198200 ns
[2023-07-04T05:51:21.605+0000][22853][safepoint   ] Safepoint "ICBufferFull", Time since last: 409100567 ns, Reaching safepoint: 89381 ns, At safepoint: 4590 ns, Total: 93971 ns
[2023-07-04T05:51:21.638+0000][22853][gc,start    ] GC(0) Pause Young (Normal) (G1 Evacuation Pause)
[2023-07-04T05:51:21.638+0000][22853][gc,task     ] GC(0) Using 4 workers of 4 for evacuation
[2023-07-04T05:51:21.638+0000][22853][gc,age      ] GC(0) Desired survivor size 3670016 bytes, new threshold 15 (max threshold 15)
[2023-07-04T05:51:21.645+0000][22853][gc,age      ] GC(0) Age table with threshold 15 (max threshold 15)
[2023-07-04T05:51:21.645+0000][22853][gc,age      ] GC(0) - age   1:    7130992 bytes,    7130992 total
[2023-07-04T05:51:21.645+0000][22853][gc,phases   ] GC(0)   Pre Evacuate Collection Set: 0.2ms
[2023-07-04T05:51:21.645+0000][22853][gc,phases   ] GC(0)   Merge Heap Roots: 0.1ms
[2023-07-04T05:51:21.645+0000][22853][gc,phases   ] GC(0)   Evacuate Collection Set: 4.3ms
[2023-07-04T05:51:21.645+0000][22853][gc,phases   ] GC(0)   Post Evacuate Collection Set: 1.9ms
[2023-07-04T05:51:21.645+0000][22853][gc,phases   ] GC(0)   Other: 0.2ms
[2023-07-04T05:51:21.645+0000][22853][gc,heap     ] GC(0) Eden regions: 51->0(44)
[2023-07-04T05:51:21.645+0000][22853][gc,heap     ] GC(0) Survivor regions: 0->7(7)
[2023-07-04T05:51:21.645+0000][22853][gc,heap     ] GC(0) Old regions: 0->1
[2023-07-04T05:51:21.645+0000][22853][gc,heap     ] GC(0) Archive regions: 2->2
[2023-07-04T05:51:21.645+0000][22853][gc,heap     ] GC(0) Humongous regions: 1->1
[2023-07-04T05:51:21.645+0000][22853][gc,metaspace] GC(0) Metaspace: 14016K(14272K)->14016K(14272K) NonClass: 12280K(12416K)->12280K(12416K) Class: 1736K(1856K)->1736K(1856K)
[2023-07-04T05:51:21.645+0000][22853][gc          ] GC(0) Pause Young (Normal) (G1 Evacuation Pause) 52M->9M(1024M) 6.740ms
[2023-07-04T05:51:21.645+0000][22853][gc,cpu      ] GC(0) User=0.01s Sys=0.00s Real=0.01s
[2023-07-04T05:51:21.645+0000][22853][safepoint   ] Safepoint "G1CollectForAllocation", Time since last: 33521467 ns, Reaching safepoint: 57153 ns, At safepoint: 6843418 ns, Total: 6900571 ns
[2023-07-04T05:51:21.825+0000][22853][gc,start    ] GC(1) Pause Young (Normal) (G1 Evacuation Pause)
[2023-07-04T05:51:21.825+0000][22853][gc,task     ] GC(1) Using 4 workers of 4 for evacuation
[2023-07-04T05:51:21.825+0000][22853][gc,age      ] GC(1) Desired survivor size 3670016 bytes, new threshold 1 (max threshold 15)
[2023-07-04T05:51:21.830+0000][22853][gc,age      ] GC(1) Age table with threshold 1 (max threshold 15)
[2023-07-04T05:51:21.830+0000][22853][gc,age      ] GC(1) - age   1:    1064056 bytes,    1064056 total
[2023-07-04T05:51:21.830+0000][22853][gc,phases   ] GC(1)   Pre Evacuate Collection Set: 0.1ms
[2023-07-04T05:51:21.830+0000][22853][gc,phases   ] GC(1)   Merge Heap Roots: 0.1ms
[2023-07-04T05:51:21.830+0000][22853][gc,phases   ] GC(1)   Evacuate Collection Set: 3.5ms
[2023-07-04T05:51:21.830+0000][22853][gc,phases   ] GC(1)   Post Evacuate Collection Set: 0.5ms
[2023-07-04T05:51:21.830+0000][22853][gc,phases   ] GC(1)   Other: 0.1ms
[2023-07-04T05:51:21.830+0000][22853][gc,heap     ] GC(1) Eden regions: 44->0(62)
[2023-07-04T05:51:21.830+0000][22853][gc,heap     ] GC(1) Survivor regions: 7->2(7)
[2023-07-04T05:51:21.830+0000][22853][gc,heap     ] GC(1) Old regions: 1->6
[2023-07-04T05:51:21.830+0000][22853][gc,heap     ] GC(1) Archive regions: 2->2
[2023-07-04T05:51:21.830+0000][22853][gc,heap     ] GC(1) Humongous regions: 1->1
[2023-07-04T05:51:21.830+0000][22853][gc,metaspace] GC(1) Metaspace: 14760K(15040K)->14760K(15040K) NonClass: 12963K(13120K)->12963K(13120K) Class: 1797K(1920K)->1797K(1920K)
[2023-07-04T05:51:21.830+0000][22853][gc          ] GC(1) Pause Young (Normal) (G1 Evacuation Pause) 53M->8M(1024M) 4.410ms
[2023-07-04T05:51:21.830+0000][22853][gc,cpu      ] GC(1) User=0.02s Sys=0.00s Real=0.00s
[2023-07-04T05:51:21.830+0000][22853][safepoint   ] Safepoint "G1CollectForAllocation", Time since last: 180222602 ns, Reaching safepoint: 57286 ns, At safepoint: 4461109 ns, Total: 4518395 ns
[2023-07-04T05:51:21.983+0000][22853][gc,start    ] GC(2) Pause Young (Normal) (G1 Evacuation Pause)
[2023-07-04T05:51:21.983+0000][22853][gc,task     ] GC(2) Using 4 workers of 4 for evacuation
[2023-07-04T05:51:21.983+0000][22853][gc,age      ] GC(2) Desired survivor size 4194304 bytes, new threshold 15 (max threshold 15)
[2023-07-04T05:51:21.986+0000][22853][gc,age      ] GC(2) Age table with threshold 15 (max threshold 15)
[2023-07-04T05:51:21.986+0000][22853][gc,age      ] GC(2) - age   1:    1941176 bytes,    1941176 total
[2023-07-04T05:51:21.986+0000][22853][gc,age      ] GC(2) - age   2:    1053480 bytes,    2994656 total
[2023-07-04T05:51:21.986+0000][22853][gc,phases   ] GC(2)   Pre Evacuate Collection Set: 0.1ms
[2023-07-04T05:51:21.986+0000][22853][gc,phases   ] GC(2)   Merge Heap Roots: 0.1ms
[2023-07-04T05:51:21.986+0000][22853][gc,phases   ] GC(2)   Evacuate Collection Set: 2.9ms
[2023-07-04T05:51:21.986+0000][22853][gc,phases   ] GC(2)   Post Evacuate Collection Set: 0.3ms
[2023-07-04T05:51:21.986+0000][22853][gc,phases   ] GC(2)   Other: 0.1ms
[2023-07-04T05:51:21.986+0000][22853][gc,heap     ] GC(2) Eden regions: 62->0(611)
[2023-07-04T05:51:21.986+0000][22853][gc,heap     ] GC(2) Survivor regions: 2->3(8)
[2023-07-04T05:51:21.986+0000][22853][gc,heap     ] GC(2) Old regions: 6->6
[2023-07-04T05:51:21.986+0000][22853][gc,heap     ] GC(2) Archive regions: 2->2
[2023-07-04T05:51:21.986+0000][22853][gc,heap     ] GC(2) Humongous regions: 1->1
[2023-07-04T05:51:21.986+0000][22853][gc,metaspace] GC(2) Metaspace: 15900K(16128K)->15900K(16128K) NonClass: 13959K(14080K)->13959K(14080K) Class: 1940K(2048K)->1940K(2048K)
[2023-07-04T05:51:21.986+0000][22853][gc          ] GC(2) Pause Young (Normal) (G1 Evacuation Pause) 70M->10M(1024M) 3.577ms
[2023-07-04T05:51:21.986+0000][22853][gc,cpu      ] GC(2) User=0.01s Sys=0.00s Real=0.00s
[2023-07-04T05:51:21.986+0000][22853][safepoint   ] Safepoint "G1CollectForAllocation", Time since last: 152740795 ns, Reaching safepoint: 88539 ns, At safepoint: 3640112 ns, Total: 3728651 ns
[2023-07-04T05:51:22.462+0000][22853][safepoint   ] Safepoint "ICBufferFull", Time since last: 476036160 ns, Reaching safepoint: 105669 ns, At safepoint: 5017 ns, Total: 110686 ns
[2023-07-04T05:51:22.722+0000][22853][gc,start    ] GC(3) Pause Young (Concurrent Start) (Metadata GC Threshold)
[2023-07-04T05:51:22.722+0000][22853][gc,task     ] GC(3) Using 4 workers of 4 for evacuation
[2023-07-04T05:51:22.722+0000][22853][gc,age      ] GC(3) Desired survivor size 40370176 bytes, new threshold 15 (max threshold 15)
[2023-07-04T05:51:22.728+0000][22853][gc,age      ] GC(3) Age table with threshold 15 (max threshold 15)
[2023-07-04T05:51:22.728+0000][22853][gc,age      ] GC(3) - age   1:    7520288 bytes,    7520288 total
[2023-07-04T05:51:22.728+0000][22853][gc,age      ] GC(3) - age   2:     264104 bytes,    7784392 total
[2023-07-04T05:51:22.728+0000][22853][gc,age      ] GC(3) - age   3:    1053224 bytes,    8837616 total
[2023-07-04T05:51:22.728+0000][22853][gc,phases   ] GC(3)   Pre Evacuate Collection Set: 0.1ms
[2023-07-04T05:51:22.728+0000][22853][gc,phases   ] GC(3)   Merge Heap Roots: 0.1ms
[2023-07-04T05:51:22.728+0000][22853][gc,phases   ] GC(3)   Evacuate Collection Set: 4.9ms
[2023-07-04T05:51:22.728+0000][22853][gc,phases   ] GC(3)   Post Evacuate Collection Set: 0.9ms
[2023-07-04T05:51:22.728+0000][22853][gc,phases   ] GC(3)   Other: 0.3ms
[2023-07-04T05:51:22.728+0000][22853][gc,heap     ] GC(3) Eden regions: 445->0(604)
[2023-07-04T05:51:22.728+0000][22853][gc,heap     ] GC(3) Survivor regions: 3->10(77)
[2023-07-04T05:51:22.728+0000][22853][gc,heap     ] GC(3) Old regions: 6->6
[2023-07-04T05:51:22.728+0000][22853][gc,heap     ] GC(3) Archive regions: 2->2
[2023-07-04T05:51:22.728+0000][22853][gc,heap     ] GC(3) Humongous regions: 4->1
[2023-07-04T05:51:22.728+0000][22853][gc,metaspace] GC(3) Metaspace: 21163K(21504K)->21163K(21504K) NonClass: 18596K(18752K)->18596K(18752K) Class: 2566K(2752K)->2566K(2752K)
[2023-07-04T05:51:22.728+0000][22853][gc          ] GC(3) Pause Young (Concurrent Start) (Metadata GC Threshold) 458M->16M(1024M) 6.307ms
[2023-07-04T05:51:22.728+0000][22853][gc,cpu      ] GC(3) User=0.02s Sys=0.00s Real=0.00s
[2023-07-04T05:51:22.728+0000][22853][gc          ] GC(4) Concurrent Mark Cycle
[2023-07-04T05:51:22.728+0000][22853][gc,marking  ] GC(4) Concurrent Clear Claimed Marks
[2023-07-04T05:51:22.728+0000][22853][safepoint   ] Safepoint "CollectForMetadataAllocation", Time since last: 258984311 ns, Reaching safepoint: 194708 ns, At safepoint: 6413873 ns, Total: 6608581 ns
[2023-07-04T05:51:22.728+0000][22853][gc,marking  ] GC(4) Concurrent Clear Claimed Marks 0.039ms
[2023-07-04T05:51:22.728+0000][22853][gc,marking  ] GC(4) Concurrent Scan Root Regions
[2023-07-04T05:51:22.730+0000][22853][gc,marking  ] GC(4) Concurrent Scan Root Regions 1.979ms
[2023-07-04T05:51:22.730+0000][22853][gc,marking  ] GC(4) Concurrent Mark
[2023-07-04T05:51:22.730+0000][22853][gc,marking  ] GC(4) Concurrent Mark From Roots
[2023-07-04T05:51:22.730+0000][22853][gc,task     ] GC(4) Using 1 workers of 1 for marking
[2023-07-04T05:51:22.739+0000][22853][gc,marking  ] GC(4) Concurrent Mark From Roots 8.710ms
[2023-07-04T05:51:22.739+0000][22853][gc,marking  ] GC(4) Concurrent Preclean
[2023-07-04T05:51:22.739+0000][22853][gc,marking  ] GC(4) Concurrent Preclean 0.136ms
[2023-07-04T05:51:22.739+0000][22853][gc,start    ] GC(4) Pause Remark
[2023-07-04T05:51:22.742+0000][22853][gc          ] GC(4) Pause Remark 17M->17M(1024M) 2.761ms
[2023-07-04T05:51:22.742+0000][22853][gc,cpu      ] GC(4) User=0.01s Sys=0.00s Real=0.01s
[2023-07-04T05:51:22.742+0000][22853][safepoint   ] Safepoint "G1Concurrent", Time since last: 10968825 ns, Reaching safepoint: 220908 ns, At safepoint: 2830551 ns, Total: 3051459 ns
[2023-07-04T05:51:22.742+0000][22853][gc,marking  ] GC(4) Concurrent Mark 11.997ms
[2023-07-04T05:51:22.742+0000][22853][gc,marking  ] GC(4) Concurrent Rebuild Remembered Sets
[2023-07-04T05:51:22.745+0000][22853][gc,marking  ] GC(4) Concurrent Rebuild Remembered Sets 3.345ms
[2023-07-04T05:51:22.746+0000][22853][gc,start    ] GC(4) Pause Cleanup
[2023-07-04T05:51:22.746+0000][22853][gc          ] GC(4) Pause Cleanup 17M->17M(1024M) 0.122ms
[2023-07-04T05:51:22.746+0000][22853][gc,cpu      ] GC(4) User=0.00s Sys=0.00s Real=0.00s
[2023-07-04T05:51:22.746+0000][22853][safepoint   ] Safepoint "G1Concurrent", Time since last: 3451115 ns, Reaching safepoint: 153906 ns, At safepoint: 159801 ns, Total: 313707 ns
[2023-07-04T05:51:22.746+0000][22853][gc,marking  ] GC(4) Concurrent Cleanup for Next Mark
[2023-07-04T05:51:22.748+0000][22853][gc,marking  ] GC(4) Concurrent Cleanup for Next Mark 1.847ms
[2023-07-04T05:51:22.748+0000][22853][gc          ] GC(4) Concurrent Mark Cycle 19.712ms
[2023-07-04T05:51:23.314+0000][22853][safepoint   ] Safepoint "ICBufferFull", Time since last: 567599819 ns, Reaching safepoint: 191309 ns, At safepoint: 4678 ns, Total: 195987 ns
[2023-07-04T05:51:23.874+0000][22853][gc,start    ] GC(5) Pause Young (Prepare Mixed) (G1 Evacuation Pause)
[2023-07-04T05:51:23.874+0000][22853][gc,task     ] GC(5) Using 4 workers of 4 for evacuation
[2023-07-04T05:51:23.874+0000][22853][gc,age      ] GC(5) Desired survivor size 40370176 bytes, new threshold 15 (max threshold 15)
[2023-07-04T05:51:23.884+0000][22853][gc,age      ] GC(5) Age table with threshold 15 (max threshold 15)
[2023-07-04T05:51:23.884+0000][22853][gc,age      ] GC(5) - age   1:   19579320 bytes,   19579320 total
[2023-07-04T05:51:23.884+0000][22853][gc,age      ] GC(5) - age   2:    7480624 bytes,   27059944 total
[2023-07-04T05:51:23.884+0000][22853][gc,age      ] GC(5) - age   3:     244280 bytes,   27304224 total
[2023-07-04T05:51:23.884+0000][22853][gc,age      ] GC(5) - age   4:    1046304 bytes,   28350528 total
[2023-07-04T05:51:23.884+0000][22853][gc,phases   ] GC(5)   Pre Evacuate Collection Set: 0.1ms
[2023-07-04T05:51:23.884+0000][22853][gc,phases   ] GC(5)   Merge Heap Roots: 0.1ms
[2023-07-04T05:51:23.884+0000][22853][gc,phases   ] GC(5)   Evacuate Collection Set: 7.8ms
[2023-07-04T05:51:23.884+0000][22853][gc,phases   ] GC(5)   Post Evacuate Collection Set: 1.4ms
[2023-07-04T05:51:23.884+0000][22853][gc,phases   ] GC(5)   Other: 0.2ms
[2023-07-04T05:51:23.884+0000][22853][gc,heap     ] GC(5) Eden regions: 604->0(23)
[2023-07-04T05:51:23.884+0000][22853][gc,heap     ] GC(5) Survivor regions: 10->28(77)
[2023-07-04T05:51:23.884+0000][22853][gc,heap     ] GC(5) Old regions: 6->6
[2023-07-04T05:51:23.884+0000][22853][gc,heap     ] GC(5) Archive regions: 2->2
[2023-07-04T05:51:23.884+0000][22853][gc,heap     ] GC(5) Humongous regions: 10->1
[2023-07-04T05:51:23.884+0000][22853][gc,metaspace] GC(5) Metaspace: 31799K(32384K)->31799K(32384K) NonClass: 27939K(28288K)->27939K(28288K) Class: 3860K(4096K)->3860K(4096K)
[2023-07-04T05:51:23.884+0000][22853][gc          ] GC(5) Pause Young (Prepare Mixed) (G1 Evacuation Pause) 629M->35M(1024M) 9.750ms
[2023-07-04T05:51:23.884+0000][22853][gc,cpu      ] GC(5) User=0.03s Sys=0.00s Real=0.01s
[2023-07-04T05:51:23.884+0000][22853][safepoint   ] Safepoint "G1CollectForAllocation", Time since last: 560660699 ns, Reaching safepoint: 92957 ns, At safepoint: 9801169 ns, Total: 9894126 ns
[2023-07-04T05:51:23.904+0000][22853][gc,start    ] GC(6) Pause Young (Mixed) (G1 Evacuation Pause)
[2023-07-04T05:51:23.904+0000][22853][gc,task     ] GC(6) Using 4 workers of 4 for evacuation
[2023-07-04T05:51:23.904+0000][22853][gc,age      ] GC(6) Desired survivor size 3670016 bytes, new threshold 1 (max threshold 15)
[2023-07-04T05:51:23.912+0000][22853][gc,age      ] GC(6) Age table with threshold 1 (max threshold 15)
[2023-07-04T05:51:23.913+0000][22853][gc,age      ] GC(6) - age   1:     245912 bytes,     245912 total
[2023-07-04T05:51:23.913+0000][22853][gc,phases   ] GC(6)   Pre Evacuate Collection Set: 0.2ms
[2023-07-04T05:51:23.913+0000][22853][gc,phases   ] GC(6)   Merge Heap Roots: 0.2ms
[2023-07-04T05:51:23.913+0000][22853][gc,phases   ] GC(6)   Evacuate Collection Set: 8.0ms
[2023-07-04T05:51:23.913+0000][22853][gc,phases   ] GC(6)   Post Evacuate Collection Set: 0.6ms
[2023-07-04T05:51:23.913+0000][22853][gc,phases   ] GC(6)   Other: 0.1ms
[2023-07-04T05:51:23.913+0000][22853][gc,heap     ] GC(6) Eden regions: 23->0(612)
[2023-07-04T05:51:23.913+0000][22853][gc,heap     ] GC(6) Survivor regions: 28->2(7)
[2023-07-04T05:51:23.913+0000][22853][gc,heap     ] GC(6) Old regions: 6->33
[2023-07-04T05:51:23.913+0000][22853][gc,heap     ] GC(6) Archive regions: 2->2
[2023-07-04T05:51:23.913+0000][22853][gc,heap     ] GC(6) Humongous regions: 1->1
[2023-07-04T05:51:23.913+0000][22853][gc,metaspace] GC(6) Metaspace: 31820K(32384K)->31820K(32384K) NonClass: 27956K(28288K)->27956K(28288K) Class: 3863K(4096K)->3863K(4096K)
[2023-07-04T05:51:23.913+0000][22853][gc          ] GC(6) Pause Young (Mixed) (G1 Evacuation Pause) 58M->36M(1024M) 9.105ms
[2023-07-04T05:51:23.913+0000][22853][gc,cpu      ] GC(6) User=0.02s Sys=0.00s Real=0.01s
[2023-07-04T05:51:23.913+0000][22853][safepoint   ] Safepoint "G1CollectForAllocation", Time since last: 19251145 ns, Reaching safepoint: 44270 ns, At safepoint: 9169235 ns, Total: 9213505 ns
[2023-07-04T05:51:24.208+0000][22853][gc,start    ] GC(7) Pause Young (Concurrent Start) (Metadata GC Threshold)
[2023-07-04T05:51:24.208+0000][22853][gc,task     ] GC(7) Using 4 workers of 4 for evacuation
[2023-07-04T05:51:24.208+0000][22853][gc,age      ] GC(7) Desired survivor size 40370176 bytes, new threshold 15 (max threshold 15)
[2023-07-04T05:51:24.211+0000][22853][gc,age      ] GC(7) Age table with threshold 15 (max threshold 15)
[2023-07-04T05:51:24.211+0000][22853][gc,age      ] GC(7) - age   1:    4209416 bytes,    4209416 total
[2023-07-04T05:51:24.211+0000][22853][gc,age      ] GC(7) - age   2:     235752 bytes,    4445168 total
[2023-07-04T05:51:24.211+0000][22853][gc,phases   ] GC(7)   Pre Evacuate Collection Set: 0.1ms
[2023-07-04T05:51:24.211+0000][22853][gc,phases   ] GC(7)   Merge Heap Roots: 0.1ms
[2023-07-04T05:51:24.211+0000][22853][gc,phases   ] GC(7)   Evacuate Collection Set: 2.4ms
[2023-07-04T05:51:24.211+0000][22853][gc,phases   ] GC(7)   Post Evacuate Collection Set: 0.5ms
[2023-07-04T05:51:24.211+0000][22853][gc,phases   ] GC(7)   Other: 0.2ms
[2023-07-04T05:51:24.211+0000][22853][gc,heap     ] GC(7) Eden regions: 129->0(609)
[2023-07-04T05:51:24.211+0000][22853][gc,heap     ] GC(7) Survivor regions: 2->5(77)
[2023-07-04T05:51:24.211+0000][22853][gc,heap     ] GC(7) Old regions: 33->33
[2023-07-04T05:51:24.211+0000][22853][gc,heap     ] GC(7) Archive regions: 2->2
[2023-07-04T05:51:24.211+0000][22853][gc,heap     ] GC(7) Humongous regions: 5->1
[2023-07-04T05:51:24.211+0000][22853][gc,metaspace] GC(7) Metaspace: 35771K(36416K)->35771K(36416K) NonClass: 31452K(31808K)->31452K(31808K) Class: 4318K(4608K)->4318K(4608K)
[2023-07-04T05:51:24.211+0000][22853][gc          ] GC(7) Pause Young (Concurrent Start) (Metadata GC Threshold) 168M->39M(1024M) 3.294ms
[2023-07-04T05:51:24.211+0000][22853][gc,cpu      ] GC(7) User=0.01s Sys=0.00s Real=0.00s
[2023-07-04T05:51:24.211+0000][22853][gc          ] GC(8) Concurrent Mark Cycle
[2023-07-04T05:51:24.211+0000][22853][gc,marking  ] GC(8) Concurrent Clear Claimed Marks
[2023-07-04T05:51:24.211+0000][22853][gc,marking  ] GC(8) Concurrent Clear Claimed Marks 0.025ms
[2023-07-04T05:51:24.211+0000][22853][gc,marking  ] GC(8) Concurrent Scan Root Regions
[2023-07-04T05:51:24.211+0000][22853][safepoint   ] Safepoint "CollectForMetadataAllocation", Time since last: 294858368 ns, Reaching safepoint: 101122 ns, At safepoint: 3408643 ns, Total: 3509765 ns
[2023-07-04T05:51:24.212+0000][22853][gc,marking  ] GC(8) Concurrent Scan Root Regions 0.942ms
[2023-07-04T05:51:24.212+0000][22853][gc,marking  ] GC(8) Concurrent Mark
[2023-07-04T05:51:24.212+0000][22853][gc,marking  ] GC(8) Concurrent Mark From Roots
[2023-07-04T05:51:24.212+0000][22853][gc,task     ] GC(8) Using 1 workers of 1 for marking
[2023-07-04T05:51:24.227+0000][22853][safepoint   ] Safepoint "CollectForMetadataAllocation", Time since last: 15684013 ns, Reaching safepoint: 104853 ns, At safepoint: 65877 ns, Total: 170730 ns
[2023-07-04T05:51:24.239+0000][22853][gc,marking  ] GC(8) Concurrent Mark From Roots 26.995ms
[2023-07-04T05:51:24.239+0000][22853][gc,marking  ] GC(8) Concurrent Preclean
[2023-07-04T05:51:24.239+0000][22853][gc,marking  ] GC(8) Concurrent Preclean 0.208ms
[2023-07-04T05:51:24.239+0000][22853][gc,start    ] GC(8) Pause Remark
[2023-07-04T05:51:24.242+0000][22853][gc          ] GC(8) Pause Remark 41M->41M(1024M) 2.367ms
[2023-07-04T05:51:24.242+0000][22853][gc,cpu      ] GC(8) User=0.01s Sys=0.00s Real=0.01s
[2023-07-04T05:51:24.242+0000][22853][safepoint   ] Safepoint "G1Concurrent", Time since last: 12365205 ns, Reaching safepoint: 149478 ns, At safepoint: 2426417 ns, Total: 2575895 ns
[2023-07-04T05:51:24.242+0000][22853][gc,marking  ] GC(8) Concurrent Mark 29.884ms
[2023-07-04T05:51:24.242+0000][22853][gc,marking  ] GC(8) Concurrent Rebuild Remembered Sets
[2023-07-04T05:51:24.252+0000][22853][gc,marking  ] GC(8) Concurrent Rebuild Remembered Sets 10.627ms
[2023-07-04T05:51:24.253+0000][22853][gc,start    ] GC(8) Pause Cleanup
[2023-07-04T05:51:24.253+0000][22853][gc          ] GC(8) Pause Cleanup 42M->42M(1024M) 0.146ms
[2023-07-04T05:51:24.253+0000][22853][gc,cpu      ] GC(8) User=0.00s Sys=0.00s Real=0.00s
[2023-07-04T05:51:24.253+0000][22853][safepoint   ] Safepoint "G1Concurrent", Time since last: 10776753 ns, Reaching safepoint: 15089 ns, At safepoint: 184776 ns, Total: 199865 ns
[2023-07-04T05:51:24.253+0000][22853][gc,marking  ] GC(8) Concurrent Cleanup for Next Mark
[2023-07-04T05:51:24.255+0000][22853][gc,marking  ] GC(8) Concurrent Cleanup for Next Mark 2.098ms
[2023-07-04T05:51:24.255+0000][22853][gc          ] GC(8) Concurrent Mark Cycle 43.972ms
[2023-07-04T05:51:24.574+0000][22853][safepoint   ] Safepoint "ICBufferFull", Time since last: 321175213 ns, Reaching safepoint: 163126 ns, At safepoint: 4139 ns, Total: 167265 ns
[2023-07-04T05:51:25.316+0000][22853][safepoint   ] Safepoint "ICBufferFull", Time since last: 742081956 ns, Reaching safepoint: 110577 ns, At safepoint: 5013 ns, Total: 115590 ns
[2023-07-04T05:51:26.037+0000][22853][safepoint   ] Safepoint "ICBufferFull", Time since last: 720438672 ns, Reaching safepoint: 124504 ns, At safepoint: 6422 ns, Total: 130926 ns
[2023-07-04T05:51:26.138+0000][22853][gc,start    ] GC(9) Pause Young (Concurrent Start) (Metadata GC Threshold)
[2023-07-04T05:51:26.138+0000][22853][gc,task     ] GC(9) Using 4 workers of 4 for evacuation
[2023-07-04T05:51:26.138+0000][22853][gc,age      ] GC(9) Desired survivor size 40370176 bytes, new threshold 15 (max threshold 15)
[2023-07-04T05:51:26.160+0000][22853][gc,age      ] GC(9) Age table with threshold 15 (max threshold 15)
[2023-07-04T05:51:26.160+0000][22853][gc,age      ] GC(9) - age   1:   33853912 bytes,   33853912 total
[2023-07-04T05:51:26.160+0000][22853][gc,age      ] GC(9) - age   2:    4123040 bytes,   37976952 total
[2023-07-04T05:51:26.160+0000][22853][gc,age      ] GC(9) - age   3:     235128 bytes,   38212080 total
[2023-07-04T05:51:26.160+0000][22853][gc,phases   ] GC(9)   Pre Evacuate Collection Set: 0.2ms
[2023-07-04T05:51:26.160+0000][22853][gc,phases   ] GC(9)   Merge Heap Roots: 0.2ms
[2023-07-04T05:51:26.160+0000][22853][gc,phases   ] GC(9)   Evacuate Collection Set: 20.6ms
[2023-07-04T05:51:26.160+0000][22853][gc,phases   ] GC(9)   Post Evacuate Collection Set: 1.5ms
[2023-07-04T05:51:26.160+0000][22853][gc,phases   ] GC(9)   Other: 0.2ms
[2023-07-04T05:51:26.160+0000][22853][gc,heap     ] GC(9) Eden regions: 299->0(435)
[2023-07-04T05:51:26.160+0000][22853][gc,heap     ] GC(9) Survivor regions: 5->38(77)
[2023-07-04T05:51:26.160+0000][22853][gc,heap     ] GC(9) Old regions: 33->33
[2023-07-04T05:51:26.160+0000][22853][gc,heap     ] GC(9) Archive regions: 2->2
[2023-07-04T05:51:26.160+0000][22853][gc,heap     ] GC(9) Humongous regions: 7->1
[2023-07-04T05:51:26.160+0000][22853][gc,metaspace] GC(9) Metaspace: 60439K(61440K)->60439K(61440K) NonClass: 53112K(53696K)->53112K(53696K) Class: 7327K(7744K)->7327K(7744K)
[2023-07-04T05:51:26.160+0000][22853][gc          ] GC(9) Pause Young (Concurrent Start) (Metadata GC Threshold) 344M->71M(1024M) 22.695ms
[2023-07-04T05:51:26.160+0000][22853][gc,cpu      ] GC(9) User=0.09s Sys=0.00s Real=0.02s
[2023-07-04T05:51:26.160+0000][22853][gc          ] GC(10) Concurrent Mark Cycle
[2023-07-04T05:51:26.160+0000][22853][gc,marking  ] GC(10) Concurrent Clear Claimed Marks
[2023-07-04T05:51:26.160+0000][22853][safepoint   ] Safepoint "CollectForMetadataAllocation", Time since last: 100682210 ns, Reaching safepoint: 25199 ns, At safepoint: 22810895 ns, Total: 22836094 ns
[2023-07-04T05:51:26.160+0000][22853][gc,marking  ] GC(10) Concurrent Clear Claimed Marks 0.061ms
[2023-07-04T05:51:26.160+0000][22853][gc,marking  ] GC(10) Concurrent Scan Root Regions
[2023-07-04T05:51:26.178+0000][22853][safepoint   ] Safepoint "CollectForMetadataAllocation", Time since last: 17302216 ns, Reaching safepoint: 42514 ns, At safepoint: 60578 ns, Total: 103092 ns
[2023-07-04T05:51:26.183+0000][22853][gc,marking  ] GC(10) Concurrent Scan Root Regions 22.437ms
[2023-07-04T05:51:26.183+0000][22853][gc,marking  ] GC(10) Concurrent Mark
[2023-07-04T05:51:26.183+0000][22853][gc,marking  ] GC(10) Concurrent Mark From Roots
[2023-07-04T05:51:26.183+0000][22853][gc,task     ] GC(10) Using 1 workers of 1 for marking
[2023-07-04T05:51:26.193+0000][22853][safepoint   ] Safepoint "CollectForMetadataAllocation", Time since last: 14605093 ns, Reaching safepoint: 67284 ns, At safepoint: 61593 ns, Total: 128877 ns
[2023-07-04T05:51:26.209+0000][22853][safepoint   ] Safepoint "CollectForMetadataAllocation", Time since last: 15837049 ns, Reaching safepoint: 138686 ns, At safepoint: 71376 ns, Total: 210062 ns
[2023-07-04T05:51:26.209+0000][22853][gc,marking  ] GC(10) Concurrent Mark From Roots 25.903ms
[2023-07-04T05:51:26.209+0000][22853][gc,marking  ] GC(10) Concurrent Preclean
[2023-07-04T05:51:26.209+0000][22853][gc,marking  ] GC(10) Concurrent Preclean 0.194ms
[2023-07-04T05:51:26.209+0000][22853][gc,start    ] GC(10) Pause Remark
[2023-07-04T05:51:26.212+0000][22853][gc          ] GC(10) Pause Remark 76M->76M(1024M) 2.735ms
[2023-07-04T05:51:26.212+0000][22853][gc,cpu      ] GC(10) User=0.01s Sys=0.00s Real=0.01s
[2023-07-04T05:51:26.212+0000][22853][safepoint   ] Safepoint "G1Concurrent", Time since last: 496934 ns, Reaching safepoint: 144495 ns, At safepoint: 2783285 ns, Total: 2927780 ns
[2023-07-04T05:51:26.212+0000][22853][gc,marking  ] GC(10) Concurrent Mark 29.134ms
[2023-07-04T05:51:26.212+0000][22853][gc,marking  ] GC(10) Concurrent Rebuild Remembered Sets
[2023-07-04T05:51:26.224+0000][22853][gc,marking  ] GC(10) Concurrent Rebuild Remembered Sets 11.581ms
[2023-07-04T05:51:26.224+0000][22853][gc,start    ] GC(10) Pause Cleanup
[2023-07-04T05:51:26.224+0000][22853][gc          ] GC(10) Pause Cleanup 78M->78M(1024M) 0.208ms
[2023-07-04T05:51:26.224+0000][22853][gc,cpu      ] GC(10) User=0.00s Sys=0.00s Real=0.00s
[2023-07-04T05:51:26.224+0000][22853][safepoint   ] Safepoint "G1Concurrent", Time since last: 11672776 ns, Reaching safepoint: 135502 ns, At safepoint: 247938 ns, Total: 383440 ns
[2023-07-04T05:51:26.224+0000][22853][gc,marking  ] GC(10) Concurrent Cleanup for Next Mark
[2023-07-04T05:51:26.226+0000][22853][gc,marking  ] GC(10) Concurrent Cleanup for Next Mark 1.903ms
[2023-07-04T05:51:26.226+0000][22853][gc          ] GC(10) Concurrent Mark Cycle 65.670ms
[2023-07-04T05:51:26.579+0000][22853][safepoint   ] Safepoint "ICBufferFull", Time since last: 354607285 ns, Reaching safepoint: 176652 ns, At safepoint: 4436 ns, Total: 181088 ns
[2023-07-04T05:51:27.594+0000][22853][safepoint   ] Safepoint "ICBufferFull", Time since last: 1014211733 ns, Reaching safepoint: 819981 ns, At safepoint: 5270 ns, Total: 825251 ns
[2023-07-04T05:51:28.089+0000][22853][safepoint   ] Safepoint "ICBufferFull", Time since last: 494653762 ns, Reaching safepoint: 170076 ns, At safepoint: 6268 ns, Total: 176344 ns
[2023-07-04T05:51:29.380+0000][22853][safepoint   ] Safepoint "Cleanup", Time since last: 1290964766 ns, Reaching safepoint: 235928 ns, At safepoint: 22285 ns, Total: 258213 ns
[2023-07-04T05:51:30.380+0000][22853][safepoint   ] Safepoint "Cleanup", Time since last: 1000318328 ns, Reaching safepoint: 127446 ns, At safepoint: 12606 ns, Total: 140052 ns
[2023-07-04T05:51:31.381+0000][22853][safepoint   ] Safepoint "Cleanup", Time since last: 1000229105 ns, Reaching safepoint: 108369 ns, At safepoint: 12449 ns, Total: 120818 ns
[2023-07-04T05:51:33.381+0000][22853][safepoint   ] Safepoint "Cleanup", Time since last: 2000567787 ns, Reaching safepoint: 133480 ns, At safepoint: 12478 ns, Total: 145958 ns
[2023-07-04T05:51:39.382+0000][22853][safepoint   ] Safepoint "Cleanup", Time since last: 6000841973 ns, Reaching safepoint: 116955 ns, At safepoint: 13047 ns, Total: 130002 ns
[2023-07-04T05:51:40.383+0000][22853][safepoint   ] Safepoint "Cleanup", Time since last: 1000231042 ns, Reaching safepoint: 125384 ns, At safepoint: 12853 ns, Total: 138237 ns
[2023-07-04T05:51:41.383+0000][22853][safepoint   ] Safepoint "Cleanup", Time since last: 1000466877 ns, Reaching safepoint: 109445 ns, At safepoint: 12773 ns, Total: 122218 ns
