[2023-07-04T05:51:46.813+0000][23695][gc] Using G1
[2023-07-04T05:51:46.822+0000][23695][gc,init] Version: 17.0.7+7 (release)
[2023-07-04T05:51:46.822+0000][23695][gc,init] CPUs: 4 total, 4 available
[2023-07-04T05:51:46.822+0000][23695][gc,init] Memory: 15837M
[2023-07-04T05:51:46.822+0000][23695][gc,init] Large Page Support: Disabled
[2023-07-04T05:51:46.822+0000][23695][gc,init] NUMA Support: Disabled
[2023-07-04T05:51:46.822+0000][23695][gc,init] Compressed Oops: Enabled (32-bit)
[2023-07-04T05:51:46.822+0000][23695][gc,init] Heap Region Size: 1M
[2023-07-04T05:51:46.822+0000][23695][gc,init] Heap Min Capacity: 1G
[2023-07-04T05:51:46.822+0000][23695][gc,init] Heap Initial Capacity: 1G
[2023-07-04T05:51:46.822+0000][23695][gc,init] Heap Max Capacity: 1G
[2023-07-04T05:51:46.822+0000][23695][gc,init] Pre-touch: Disabled
[2023-07-04T05:51:46.822+0000][23695][gc,init] Parallel Workers: 4
[2023-07-04T05:51:46.822+0000][23695][gc,init] Concurrent Workers: 1
[2023-07-04T05:51:46.822+0000][23695][gc,init] Concurrent Refinement Workers: 4
[2023-07-04T05:51:46.822+0000][23695][gc,init] Periodic GC: Disabled
[2023-07-04T05:51:46.822+0000][23695][gc,metaspace] CDS archive(s) not mapped
[2023-07-04T05:51:46.822+0000][23695][gc,metaspace] Compressed class space mapped at: 0x0000000100000000-0x0000000140000000, reserved size: 1073741824
[2023-07-04T05:51:46.822+0000][23695][gc,metaspace] Narrow klass base: 0x0000000000000000, Narrow klass shift: 3, Narrow klass range: 0x140000000
[2023-07-04T05:51:46.889+0000][23695][gc,heap,exit] Heap
[2023-07-04T05:51:46.889+0000][23695][gc,heap,exit]  garbage-first heap   total 1048576K, used 1538K [0x00000000c0000000, 0x0000000100000000)
[2023-07-04T05:51:46.889+0000][23695][gc,heap,exit]   region size 1024K, 2 young (2048K), 0 survivors (0K)
[2023-07-04T05:51:46.889+0000][23695][gc,heap,exit]  Metaspace       used 3439K, committed 3520K, reserved 1114112K
[2023-07-04T05:51:46.889+0000][23695][gc,heap,exit]   class space    used 270K, committed 320K, reserved 1048576K
