[2023-07-06T23:02:50.091+0000][29442][gc] Using G1
[2023-07-06T23:02:50.230+0000][29442][gc,init] Version: 17.0.7+7 (release)
[2023-07-06T23:02:50.230+0000][29442][gc,init] CPUs: 4 total, 4 available
[2023-07-06T23:02:50.230+0000][29442][gc,init] Memory: 15837M
[2023-07-06T23:02:50.230+0000][29442][gc,init] Large Page Support: Disabled
[2023-07-06T23:02:50.230+0000][29442][gc,init] NUMA Support: Disabled
[2023-07-06T23:02:50.230+0000][29442][gc,init] Compressed Oops: Enabled (32-bit)
[2023-07-06T23:02:50.230+0000][29442][gc,init] Heap Region Size: 1M
[2023-07-06T23:02:50.230+0000][29442][gc,init] Heap Min Capacity: 1G
[2023-07-06T23:02:50.230+0000][29442][gc,init] Heap Initial Capacity: 1G
[2023-07-06T23:02:50.230+0000][29442][gc,init] Heap Max Capacity: 1G
[2023-07-06T23:02:50.230+0000][29442][gc,init] Pre-touch: Enabled
[2023-07-06T23:02:50.230+0000][29442][gc,init] Parallel Workers: 4
[2023-07-06T23:02:50.230+0000][29442][gc,init] Concurrent Workers: 1
[2023-07-06T23:02:50.230+0000][29442][gc,init] Concurrent Refinement Workers: 4
[2023-07-06T23:02:50.230+0000][29442][gc,init] Periodic GC: Disabled
[2023-07-06T23:02:50.231+0000][29442][gc,metaspace] CDS archive(s) mapped at: [0x0000000800000000-0x0000000800be1000-0x0000000800be1000), size 12455936, SharedBaseAddress: 0x0000000800000000, ArchiveRelocationMode: 0.
[2023-07-06T23:02:50.231+0000][29442][gc,metaspace] Compressed class space mapped at: 0x0000000801000000-0x0000000841000000, reserved size: 1073741824
[2023-07-06T23:02:50.231+0000][29442][gc,metaspace] Narrow klass base: 0x0000000800000000, Narrow klass shift: 0, Narrow klass range: 0x100000000
[2023-07-06T23:02:50.580+0000][29442][safepoint   ] Safepoint "ICBufferFull", Time since last: 344689223 ns, Reaching safepoint: 88541 ns, At safepoint: 5400 ns, Total: 93941 ns
[2023-07-06T23:02:50.988+0000][29442][safepoint   ] Safepoint "ICBufferFull", Time since last: 407405486 ns, Reaching safepoint: 180887 ns, At safepoint: 3165 ns, Total: 184052 ns
[2023-07-06T23:02:51.049+0000][29442][gc,start    ] GC(0) Pause Young (Normal) (G1 Evacuation Pause)
[2023-07-06T23:02:51.049+0000][29442][gc,task     ] GC(0) Using 4 workers of 4 for evacuation
[2023-07-06T23:02:51.049+0000][29442][gc,age      ] GC(0) Desired survivor size 3670016 bytes, new threshold 15 (max threshold 15)
[2023-07-06T23:02:51.056+0000][29442][gc,age      ] GC(0) Age table with threshold 15 (max threshold 15)
[2023-07-06T23:02:51.056+0000][29442][gc,age      ] GC(0) - age   1:    7309520 bytes,    7309520 total
[2023-07-06T23:02:51.056+0000][29442][gc,phases   ] GC(0)   Pre Evacuate Collection Set: 0.1ms
[2023-07-06T23:02:51.056+0000][29442][gc,phases   ] GC(0)   Merge Heap Roots: 0.1ms
[2023-07-06T23:02:51.056+0000][29442][gc,phases   ] GC(0)   Evacuate Collection Set: 5.3ms
[2023-07-06T23:02:51.056+0000][29442][gc,phases   ] GC(0)   Post Evacuate Collection Set: 0.8ms
[2023-07-06T23:02:51.056+0000][29442][gc,phases   ] GC(0)   Other: 0.2ms
[2023-07-06T23:02:51.056+0000][29442][gc,heap     ] GC(0) Eden regions: 51->0(44)
[2023-07-06T23:02:51.056+0000][29442][gc,heap     ] GC(0) Survivor regions: 0->7(7)
[2023-07-06T23:02:51.056+0000][29442][gc,heap     ] GC(0) Old regions: 0->1
[2023-07-06T23:02:51.056+0000][29442][gc,heap     ] GC(0) Archive regions: 2->2
[2023-07-06T23:02:51.056+0000][29442][gc,heap     ] GC(0) Humongous regions: 1->1
[2023-07-06T23:02:51.056+0000][29442][gc,metaspace] GC(0) Metaspace: 14108K(14336K)->14108K(14336K) NonClass: 12358K(12480K)->12358K(12480K) Class: 1749K(1856K)->1749K(1856K)
[2023-07-06T23:02:51.056+0000][29442][gc          ] GC(0) Pause Young (Normal) (G1 Evacuation Pause) 52M->9M(1024M) 6.493ms
[2023-07-06T23:02:51.056+0000][29442][gc,cpu      ] GC(0) User=0.02s Sys=0.00s Real=0.01s
[2023-07-06T23:02:51.056+0000][29442][safepoint   ] Safepoint "G1CollectForAllocation", Time since last: 61222234 ns, Reaching safepoint: 131714 ns, At safepoint: 6596955 ns, Total: 6728669 ns
[2023-07-06T23:02:51.241+0000][29442][gc,start    ] GC(1) Pause Young (Normal) (G1 Evacuation Pause)
[2023-07-06T23:02:51.242+0000][29442][gc,task     ] GC(1) Using 4 workers of 4 for evacuation
[2023-07-06T23:02:51.242+0000][29442][gc,age      ] GC(1) Desired survivor size 3670016 bytes, new threshold 1 (max threshold 15)
[2023-07-06T23:02:51.245+0000][29442][gc,age      ] GC(1) Age table with threshold 1 (max threshold 15)
[2023-07-06T23:02:51.245+0000][29442][gc,age      ] GC(1) - age   1:    1076120 bytes,    1076120 total
[2023-07-06T23:02:51.245+0000][29442][gc,phases   ] GC(1)   Pre Evacuate Collection Set: 0.1ms
[2023-07-06T23:02:51.245+0000][29442][gc,phases   ] GC(1)   Merge Heap Roots: 0.1ms
[2023-07-06T23:02:51.245+0000][29442][gc,phases   ] GC(1)   Evacuate Collection Set: 3.1ms
[2023-07-06T23:02:51.245+0000][29442][gc,phases   ] GC(1)   Post Evacuate Collection Set: 0.4ms
[2023-07-06T23:02:51.245+0000][29442][gc,phases   ] GC(1)   Other: 0.2ms
[2023-07-06T23:02:51.245+0000][29442][gc,heap     ] GC(1) Eden regions: 44->0(61)
[2023-07-06T23:02:51.245+0000][29442][gc,heap     ] GC(1) Survivor regions: 7->2(7)
[2023-07-06T23:02:51.245+0000][29442][gc,heap     ] GC(1) Old regions: 1->6
[2023-07-06T23:02:51.245+0000][29442][gc,heap     ] GC(1) Archive regions: 2->2
[2023-07-06T23:02:51.245+0000][29442][gc,heap     ] GC(1) Humongous regions: 1->1
[2023-07-06T23:02:51.245+0000][29442][gc,metaspace] GC(1) Metaspace: 14851K(15104K)->14851K(15104K) NonClass: 13040K(13184K)->13040K(13184K) Class: 1811K(1920K)->1811K(1920K)
[2023-07-06T23:02:51.245+0000][29442][gc          ] GC(1) Pause Young (Normal) (G1 Evacuation Pause) 53M->9M(1024M) 3.893ms
[2023-07-06T23:02:51.245+0000][29442][gc,cpu      ] GC(1) User=0.01s Sys=0.00s Real=0.00s
[2023-07-06T23:02:51.245+0000][29442][safepoint   ] Safepoint "G1CollectForAllocation", Time since last: 185566946 ns, Reaching safepoint: 123599 ns, At safepoint: 3944758 ns, Total: 4068357 ns
[2023-07-06T23:02:51.377+0000][29442][gc,start    ] GC(2) Pause Young (Normal) (G1 Evacuation Pause)
[2023-07-06T23:02:51.377+0000][29442][gc,task     ] GC(2) Using 4 workers of 4 for evacuation
[2023-07-06T23:02:51.377+0000][29442][gc,age      ] GC(2) Desired survivor size 4194304 bytes, new threshold 15 (max threshold 15)
[2023-07-06T23:02:51.380+0000][29442][gc,age      ] GC(2) Age table with threshold 15 (max threshold 15)
[2023-07-06T23:02:51.381+0000][29442][gc,age      ] GC(2) - age   1:    1642384 bytes,    1642384 total
[2023-07-06T23:02:51.381+0000][29442][gc,age      ] GC(2) - age   2:    1065392 bytes,    2707776 total
[2023-07-06T23:02:51.381+0000][29442][gc,phases   ] GC(2)   Pre Evacuate Collection Set: 0.2ms
[2023-07-06T23:02:51.381+0000][29442][gc,phases   ] GC(2)   Merge Heap Roots: 0.1ms
[2023-07-06T23:02:51.381+0000][29442][gc,phases   ] GC(2)   Evacuate Collection Set: 3.1ms
[2023-07-06T23:02:51.381+0000][29442][gc,phases   ] GC(2)   Post Evacuate Collection Set: 0.3ms
[2023-07-06T23:02:51.381+0000][29442][gc,phases   ] GC(2)   Other: 0.1ms
[2023-07-06T23:02:51.381+0000][29442][gc,heap     ] GC(2) Eden regions: 61->0(611)
[2023-07-06T23:02:51.381+0000][29442][gc,heap     ] GC(2) Survivor regions: 2->3(8)
[2023-07-06T23:02:51.381+0000][29442][gc,heap     ] GC(2) Old regions: 6->6
[2023-07-06T23:02:51.381+0000][29442][gc,heap     ] GC(2) Archive regions: 2->2
[2023-07-06T23:02:51.381+0000][29442][gc,heap     ] GC(2) Humongous regions: 1->1
[2023-07-06T23:02:51.381+0000][29442][gc,metaspace] GC(2) Metaspace: 15975K(16256K)->15975K(16256K) NonClass: 14020K(14208K)->14020K(14208K) Class: 1955K(2048K)->1955K(2048K)
[2023-07-06T23:02:51.381+0000][29442][gc          ] GC(2) Pause Young (Normal) (G1 Evacuation Pause) 70M->10M(1024M) 3.876ms
[2023-07-06T23:02:51.381+0000][29442][gc,cpu      ] GC(2) User=0.01s Sys=0.00s Real=0.00s
[2023-07-06T23:02:51.381+0000][29442][safepoint   ] Safepoint "G1CollectForAllocation", Time since last: 131301810 ns, Reaching safepoint: 36594 ns, At safepoint: 3929785 ns, Total: 3966379 ns
[2023-07-06T23:02:51.896+0000][29442][safepoint   ] Safepoint "ICBufferFull", Time since last: 515205841 ns, Reaching safepoint: 120480 ns, At safepoint: 5859 ns, Total: 126339 ns
[2023-07-06T23:02:52.212+0000][29442][gc,start    ] GC(3) Pause Young (Concurrent Start) (Metadata GC Threshold)
[2023-07-06T23:02:52.212+0000][29442][gc,task     ] GC(3) Using 4 workers of 4 for evacuation
[2023-07-06T23:02:52.212+0000][29442][gc,age      ] GC(3) Desired survivor size 40370176 bytes, new threshold 15 (max threshold 15)
[2023-07-06T23:02:52.217+0000][29442][gc,age      ] GC(3) Age table with threshold 15 (max threshold 15)
[2023-07-06T23:02:52.217+0000][29442][gc,age      ] GC(3) - age   1:    7488248 bytes,    7488248 total
[2023-07-06T23:02:52.217+0000][29442][gc,age      ] GC(3) - age   2:     263216 bytes,    7751464 total
[2023-07-06T23:02:52.217+0000][29442][gc,age      ] GC(3) - age   3:    1065136 bytes,    8816600 total
[2023-07-06T23:02:52.217+0000][29442][gc,phases   ] GC(3)   Pre Evacuate Collection Set: 0.2ms
[2023-07-06T23:02:52.217+0000][29442][gc,phases   ] GC(3)   Merge Heap Roots: 0.1ms
[2023-07-06T23:02:52.217+0000][29442][gc,phases   ] GC(3)   Evacuate Collection Set: 3.2ms
[2023-07-06T23:02:52.217+0000][29442][gc,phases   ] GC(3)   Post Evacuate Collection Set: 0.7ms
[2023-07-06T23:02:52.217+0000][29442][gc,phases   ] GC(3)   Other: 0.3ms
[2023-07-06T23:02:52.217+0000][29442][gc,heap     ] GC(3) Eden regions: 609->0(605)
[2023-07-06T23:02:52.217+0000][29442][gc,heap     ] GC(3) Survivor regions: 3->9(77)
[2023-07-06T23:02:52.217+0000][29442][gc,heap     ] GC(3) Old regions: 6->6
[2023-07-06T23:02:52.217+0000][29442][gc,heap     ] GC(3) Archive regions: 2->2
[2023-07-06T23:02:52.217+0000][29442][gc,heap     ] GC(3) Humongous regions: 4->1
[2023-07-06T23:02:52.217+0000][29442][gc,metaspace] GC(3) Metaspace: 21204K(21504K)->21204K(21504K) NonClass: 18635K(18816K)->18635K(18816K) Class: 2568K(2688K)->2568K(2688K)
[2023-07-06T23:02:52.217+0000][29442][gc          ] GC(3) Pause Young (Concurrent Start) (Metadata GC Threshold) 621M->16M(1024M) 4.475ms
[2023-07-06T23:02:52.217+0000][29442][gc,cpu      ] GC(3) User=0.01s Sys=0.00s Real=0.00s
[2023-07-06T23:02:52.217+0000][29442][gc          ] GC(4) Concurrent Mark Cycle
[2023-07-06T23:02:52.217+0000][29442][gc,marking  ] GC(4) Concurrent Clear Claimed Marks
[2023-07-06T23:02:52.217+0000][29442][safepoint   ] Safepoint "CollectForMetadataAllocation", Time since last: 316114039 ns, Reaching safepoint: 254638 ns, At safepoint: 4575504 ns, Total: 4830142 ns
[2023-07-06T23:02:52.217+0000][29442][gc,marking  ] GC(4) Concurrent Clear Claimed Marks 0.021ms
[2023-07-06T23:02:52.217+0000][29442][gc,marking  ] GC(4) Concurrent Scan Root Regions
[2023-07-06T23:02:52.219+0000][29442][gc,marking  ] GC(4) Concurrent Scan Root Regions 1.932ms
[2023-07-06T23:02:52.219+0000][29442][gc,marking  ] GC(4) Concurrent Mark
[2023-07-06T23:02:52.219+0000][29442][gc,marking  ] GC(4) Concurrent Mark From Roots
[2023-07-06T23:02:52.219+0000][29442][gc,task     ] GC(4) Using 1 workers of 1 for marking
[2023-07-06T23:02:52.228+0000][29442][gc,marking  ] GC(4) Concurrent Mark From Roots 8.793ms
[2023-07-06T23:02:52.228+0000][29442][gc,marking  ] GC(4) Concurrent Preclean
[2023-07-06T23:02:52.228+0000][29442][gc,marking  ] GC(4) Concurrent Preclean 0.124ms
[2023-07-06T23:02:52.228+0000][29442][gc,start    ] GC(4) Pause Remark
[2023-07-06T23:02:52.230+0000][29442][gc          ] GC(4) Pause Remark 16M->16M(1024M) 2.377ms
[2023-07-06T23:02:52.230+0000][29442][gc,cpu      ] GC(4) User=0.01s Sys=0.01s Real=0.00s
[2023-07-06T23:02:52.230+0000][29442][safepoint   ] Safepoint "G1Concurrent", Time since last: 10995270 ns, Reaching safepoint: 107663 ns, At safepoint: 2425723 ns, Total: 2533386 ns
[2023-07-06T23:02:52.231+0000][29442][gc,marking  ] GC(4) Concurrent Mark 11.573ms
[2023-07-06T23:02:52.231+0000][29442][gc,marking  ] GC(4) Concurrent Rebuild Remembered Sets
[2023-07-06T23:02:52.234+0000][29442][gc,marking  ] GC(4) Concurrent Rebuild Remembered Sets 3.337ms
[2023-07-06T23:02:52.234+0000][29442][gc,start    ] GC(4) Pause Cleanup
[2023-07-06T23:02:52.234+0000][29442][gc          ] GC(4) Pause Cleanup 17M->17M(1024M) 0.114ms
[2023-07-06T23:02:52.234+0000][29442][gc,cpu      ] GC(4) User=0.00s Sys=0.00s Real=0.00s
[2023-07-06T23:02:52.235+0000][29442][safepoint   ] Safepoint "G1Concurrent", Time since last: 3417878 ns, Reaching safepoint: 471751 ns, At safepoint: 150693 ns, Total: 622444 ns
[2023-07-06T23:02:52.235+0000][29442][gc,marking  ] GC(4) Concurrent Cleanup for Next Mark
[2023-07-06T23:02:52.236+0000][29442][gc,marking  ] GC(4) Concurrent Cleanup for Next Mark 1.778ms
[2023-07-06T23:02:52.236+0000][29442][gc          ] GC(4) Concurrent Mark Cycle 19.433ms
[2023-07-06T23:02:52.886+0000][29442][safepoint   ] Safepoint "ICBufferFull", Time since last: 651474098 ns, Reaching safepoint: 125441 ns, At safepoint: 4571 ns, Total: 130012 ns
[2023-07-06T23:02:53.517+0000][29442][gc,start    ] GC(5) Pause Young (Prepare Mixed) (G1 Evacuation Pause)
[2023-07-06T23:02:53.517+0000][29442][gc,task     ] GC(5) Using 4 workers of 4 for evacuation
[2023-07-06T23:02:53.517+0000][29442][gc,age      ] GC(5) Desired survivor size 40370176 bytes, new threshold 15 (max threshold 15)
[2023-07-06T23:02:53.527+0000][29442][gc,age      ] GC(5) Age table with threshold 15 (max threshold 15)
[2023-07-06T23:02:53.527+0000][29442][gc,age      ] GC(5) - age   1:   19809584 bytes,   19809584 total
[2023-07-06T23:02:53.527+0000][29442][gc,age      ] GC(5) - age   2:    7448040 bytes,   27257624 total
[2023-07-06T23:02:53.527+0000][29442][gc,age      ] GC(5) - age   3:     243392 bytes,   27501016 total
[2023-07-06T23:02:53.527+0000][29442][gc,age      ] GC(5) - age   4:    1062224 bytes,   28563240 total
[2023-07-06T23:02:53.527+0000][29442][gc,phases   ] GC(5)   Pre Evacuate Collection Set: 0.2ms
[2023-07-06T23:02:53.527+0000][29442][gc,phases   ] GC(5)   Merge Heap Roots: 0.1ms
[2023-07-06T23:02:53.527+0000][29442][gc,phases   ] GC(5)   Evacuate Collection Set: 8.8ms
[2023-07-06T23:02:53.527+0000][29442][gc,phases   ] GC(5)   Post Evacuate Collection Set: 1.1ms
[2023-07-06T23:02:53.527+0000][29442][gc,phases   ] GC(5)   Other: 0.2ms
[2023-07-06T23:02:53.527+0000][29442][gc,heap     ] GC(5) Eden regions: 605->0(22)
[2023-07-06T23:02:53.527+0000][29442][gc,heap     ] GC(5) Survivor regions: 9->29(77)
[2023-07-06T23:02:53.527+0000][29442][gc,heap     ] GC(5) Old regions: 6->6
[2023-07-06T23:02:53.527+0000][29442][gc,heap     ] GC(5) Archive regions: 2->2
[2023-07-06T23:02:53.527+0000][29442][gc,heap     ] GC(5) Humongous regions: 10->1
[2023-07-06T23:02:53.527+0000][29442][gc,metaspace] GC(5) Metaspace: 31870K(32320K)->31870K(32320K) NonClass: 28003K(28288K)->28003K(28288K) Class: 3867K(4032K)->3867K(4032K)
[2023-07-06T23:02:53.527+0000][29442][gc          ] GC(5) Pause Young (Prepare Mixed) (G1 Evacuation Pause) 630M->36M(1024M) 10.360ms
[2023-07-06T23:02:53.527+0000][29442][gc,cpu      ] GC(5) User=0.03s Sys=0.01s Real=0.01s
[2023-07-06T23:02:53.527+0000][29442][safepoint   ] Safepoint "G1CollectForAllocation", Time since last: 630795543 ns, Reaching safepoint: 134381 ns, At safepoint: 10415012 ns, Total: 10549393 ns
[2023-07-06T23:02:53.547+0000][29442][gc,start    ] GC(6) Pause Young (Mixed) (G1 Evacuation Pause)
[2023-07-06T23:02:53.547+0000][29442][gc,task     ] GC(6) Using 4 workers of 4 for evacuation
[2023-07-06T23:02:53.547+0000][29442][gc,age      ] GC(6) Desired survivor size 3670016 bytes, new threshold 1 (max threshold 15)
[2023-07-06T23:02:53.555+0000][29442][gc,age      ] GC(6) Age table with threshold 1 (max threshold 15)
[2023-07-06T23:02:53.555+0000][29442][gc,age      ] GC(6) - age   1:     245392 bytes,     245392 total
[2023-07-06T23:02:53.555+0000][29442][gc,phases   ] GC(6)   Pre Evacuate Collection Set: 0.1ms
[2023-07-06T23:02:53.555+0000][29442][gc,phases   ] GC(6)   Merge Heap Roots: 0.1ms
[2023-07-06T23:02:53.555+0000][29442][gc,phases   ] GC(6)   Evacuate Collection Set: 7.8ms
[2023-07-06T23:02:53.555+0000][29442][gc,phases   ] GC(6)   Post Evacuate Collection Set: 0.6ms
[2023-07-06T23:02:53.555+0000][29442][gc,phases   ] GC(6)   Other: 0.1ms
[2023-07-06T23:02:53.555+0000][29442][gc,heap     ] GC(6) Eden regions: 22->0(612)
[2023-07-06T23:02:53.555+0000][29442][gc,heap     ] GC(6) Survivor regions: 29->2(7)
[2023-07-06T23:02:53.555+0000][29442][gc,heap     ] GC(6) Old regions: 6->33
[2023-07-06T23:02:53.555+0000][29442][gc,heap     ] GC(6) Archive regions: 2->2
[2023-07-06T23:02:53.555+0000][29442][gc,heap     ] GC(6) Humongous regions: 1->1
[2023-07-06T23:02:53.555+0000][29442][gc,metaspace] GC(6) Metaspace: 31890K(32320K)->31890K(32320K) NonClass: 28020K(28288K)->28020K(28288K) Class: 3870K(4032K)->3870K(4032K)
[2023-07-06T23:02:53.555+0000][29442][gc          ] GC(6) Pause Young (Mixed) (G1 Evacuation Pause) 58M->36M(1024M) 8.771ms
[2023-07-06T23:02:53.555+0000][29442][gc,cpu      ] GC(6) User=0.03s Sys=0.00s Real=0.01s
[2023-07-06T23:02:53.555+0000][29442][safepoint   ] Safepoint "G1CollectForAllocation", Time since last: 19158412 ns, Reaching safepoint: 39109 ns, At safepoint: 8821963 ns, Total: 8861072 ns
[2023-07-06T23:02:53.897+0000][29442][gc,start    ] GC(7) Pause Young (Concurrent Start) (Metadata GC Threshold)
[2023-07-06T23:02:53.897+0000][29442][gc,task     ] GC(7) Using 4 workers of 4 for evacuation
[2023-07-06T23:02:53.897+0000][29442][gc,age      ] GC(7) Desired survivor size 40370176 bytes, new threshold 15 (max threshold 15)
[2023-07-06T23:02:53.900+0000][29442][gc,age      ] GC(7) Age table with threshold 15 (max threshold 15)
[2023-07-06T23:02:53.900+0000][29442][gc,age      ] GC(7) - age   1:    4186656 bytes,    4186656 total
[2023-07-06T23:02:53.900+0000][29442][gc,age      ] GC(7) - age   2:     235752 bytes,    4422408 total
[2023-07-06T23:02:53.900+0000][29442][gc,phases   ] GC(7)   Pre Evacuate Collection Set: 0.2ms
[2023-07-06T23:02:53.900+0000][29442][gc,phases   ] GC(7)   Merge Heap Roots: 0.1ms
[2023-07-06T23:02:53.900+0000][29442][gc,phases   ] GC(7)   Evacuate Collection Set: 1.6ms
[2023-07-06T23:02:53.900+0000][29442][gc,phases   ] GC(7)   Post Evacuate Collection Set: 0.6ms
[2023-07-06T23:02:53.900+0000][29442][gc,phases   ] GC(7)   Other: 0.2ms
[2023-07-06T23:02:53.900+0000][29442][gc,heap     ] GC(7) Eden regions: 129->0(609)
[2023-07-06T23:02:53.900+0000][29442][gc,heap     ] GC(7) Survivor regions: 2->5(77)
[2023-07-06T23:02:53.900+0000][29442][gc,heap     ] GC(7) Old regions: 33->33
[2023-07-06T23:02:53.900+0000][29442][gc,heap     ] GC(7) Archive regions: 2->2
[2023-07-06T23:02:53.900+0000][29442][gc,heap     ] GC(7) Humongous regions: 5->1
[2023-07-06T23:02:53.900+0000][29442][gc,metaspace] GC(7) Metaspace: 35882K(36416K)->35882K(36416K) NonClass: 31548K(31872K)->31548K(31872K) Class: 4334K(4544K)->4334K(4544K)
[2023-07-06T23:02:53.900+0000][29442][gc          ] GC(7) Pause Young (Concurrent Start) (Metadata GC Threshold) 169M->38M(1024M) 2.749ms
[2023-07-06T23:02:53.900+0000][29442][gc,cpu      ] GC(7) User=0.00s Sys=0.00s Real=0.00s
[2023-07-06T23:02:53.900+0000][29442][gc          ] GC(8) Concurrent Mark Cycle
[2023-07-06T23:02:53.900+0000][29442][gc,marking  ] GC(8) Concurrent Clear Claimed Marks
[2023-07-06T23:02:53.900+0000][29442][safepoint   ] Safepoint "CollectForMetadataAllocation", Time since last: 341767883 ns, Reaching safepoint: 137436 ns, At safepoint: 2862144 ns, Total: 2999580 ns
[2023-07-06T23:02:53.900+0000][29442][gc,marking  ] GC(8) Concurrent Clear Claimed Marks 0.023ms
[2023-07-06T23:02:53.900+0000][29442][gc,marking  ] GC(8) Concurrent Scan Root Regions
[2023-07-06T23:02:53.901+0000][29442][gc,marking  ] GC(8) Concurrent Scan Root Regions 0.944ms
[2023-07-06T23:02:53.901+0000][29442][gc,marking  ] GC(8) Concurrent Mark
[2023-07-06T23:02:53.901+0000][29442][gc,marking  ] GC(8) Concurrent Mark From Roots
[2023-07-06T23:02:53.901+0000][29442][gc,task     ] GC(8) Using 1 workers of 1 for marking
[2023-07-06T23:02:53.918+0000][29442][safepoint   ] Safepoint "CollectForMetadataAllocation", Time since last: 17469061 ns, Reaching safepoint: 170183 ns, At safepoint: 52754 ns, Total: 222937 ns
[2023-07-06T23:02:53.928+0000][29442][gc,marking  ] GC(8) Concurrent Mark From Roots 26.731ms
[2023-07-06T23:02:53.928+0000][29442][gc,marking  ] GC(8) Concurrent Preclean
[2023-07-06T23:02:53.928+0000][29442][gc,marking  ] GC(8) Concurrent Preclean 0.192ms
[2023-07-06T23:02:53.928+0000][29442][gc,start    ] GC(8) Pause Remark
[2023-07-06T23:02:53.932+0000][29442][gc          ] GC(8) Pause Remark 40M->40M(1024M) 3.274ms
[2023-07-06T23:02:53.932+0000][29442][gc,cpu      ] GC(8) User=0.01s Sys=0.00s Real=0.01s
[2023-07-06T23:02:53.932+0000][29442][safepoint   ] Safepoint "G1Concurrent", Time since last: 10273998 ns, Reaching safepoint: 89254 ns, At safepoint: 3323078 ns, Total: 3412332 ns
[2023-07-06T23:02:53.932+0000][29442][gc,marking  ] GC(8) Concurrent Mark 30.418ms
[2023-07-06T23:02:53.932+0000][29442][gc,marking  ] GC(8) Concurrent Rebuild Remembered Sets
[2023-07-06T23:02:53.942+0000][29442][gc,marking  ] GC(8) Concurrent Rebuild Remembered Sets 10.287ms
[2023-07-06T23:02:53.942+0000][29442][gc,start    ] GC(8) Pause Cleanup
[2023-07-06T23:02:53.942+0000][29442][gc          ] GC(8) Pause Cleanup 41M->41M(1024M) 0.154ms
[2023-07-06T23:02:53.942+0000][29442][gc,cpu      ] GC(8) User=0.00s Sys=0.00s Real=0.00s
[2023-07-06T23:02:53.942+0000][29442][safepoint   ] Safepoint "G1Concurrent", Time since last: 10370401 ns, Reaching safepoint: 76481 ns, At safepoint: 196123 ns, Total: 272604 ns
[2023-07-06T23:02:53.942+0000][29442][gc,marking  ] GC(8) Concurrent Cleanup for Next Mark
[2023-07-06T23:02:53.944+0000][29442][gc,marking  ] GC(8) Concurrent Cleanup for Next Mark 1.612ms
[2023-07-06T23:02:53.944+0000][29442][gc          ] GC(8) Concurrent Mark Cycle 43.731ms
[2023-07-06T23:02:54.613+0000][29442][safepoint   ] Safepoint "ICBufferFull", Time since last: 670317857 ns, Reaching safepoint: 92873 ns, At safepoint: 3286 ns, Total: 96159 ns
[2023-07-06T23:02:55.589+0000][29442][safepoint   ] Safepoint "ICBufferFull", Time since last: 976104488 ns, Reaching safepoint: 90146 ns, At safepoint: 4490 ns, Total: 94636 ns
[2023-07-06T23:02:56.007+0000][29442][gc,start    ] GC(9) Pause Young (Prepare Mixed) (Metadata GC Threshold)
[2023-07-06T23:02:56.007+0000][29442][gc,task     ] GC(9) Using 4 workers of 4 for evacuation
[2023-07-06T23:02:56.007+0000][29442][gc,age      ] GC(9) Desired survivor size 40370176 bytes, new threshold 15 (max threshold 15)
[2023-07-06T23:02:56.034+0000][29442][gc,age      ] GC(9) Age table with threshold 15 (max threshold 15)
[2023-07-06T23:02:56.034+0000][29442][gc,age      ] GC(9) - age   1:   33817424 bytes,   33817424 total
[2023-07-06T23:02:56.034+0000][29442][gc,age      ] GC(9) - age   2:    4136352 bytes,   37953776 total
[2023-07-06T23:02:56.034+0000][29442][gc,age      ] GC(9) - age   3:     235128 bytes,   38188904 total
[2023-07-06T23:02:56.034+0000][29442][gc,phases   ] GC(9)   Pre Evacuate Collection Set: 0.2ms
[2023-07-06T23:02:56.034+0000][29442][gc,phases   ] GC(9)   Merge Heap Roots: 0.1ms
[2023-07-06T23:02:56.034+0000][29442][gc,phases   ] GC(9)   Evacuate Collection Set: 24.5ms
[2023-07-06T23:02:56.034+0000][29442][gc,phases   ] GC(9)   Post Evacuate Collection Set: 1.4ms
[2023-07-06T23:02:56.034+0000][29442][gc,phases   ] GC(9)   Other: 0.2ms
[2023-07-06T23:02:56.034+0000][29442][gc,heap     ] GC(9) Eden regions: 300->0(13)
[2023-07-06T23:02:56.034+0000][29442][gc,heap     ] GC(9) Survivor regions: 5->38(77)
[2023-07-06T23:02:56.034+0000][29442][gc,heap     ] GC(9) Old regions: 33->33
[2023-07-06T23:02:56.034+0000][29442][gc,heap     ] GC(9) Archive regions: 2->2
[2023-07-06T23:02:56.034+0000][29442][gc,heap     ] GC(9) Humongous regions: 7->1
[2023-07-06T23:02:56.034+0000][29442][gc,metaspace] GC(9) Metaspace: 60355K(61440K)->60355K(61440K) NonClass: 53033K(53632K)->53033K(53632K) Class: 7321K(7808K)->7321K(7808K)
[2023-07-06T23:02:56.034+0000][29442][gc          ] GC(9) Pause Young (Prepare Mixed) (Metadata GC Threshold) 344M->71M(1024M) 26.437ms
[2023-07-06T23:02:56.034+0000][29442][gc,cpu      ] GC(9) User=0.09s Sys=0.00s Real=0.03s
[2023-07-06T23:02:56.034+0000][29442][safepoint   ] Safepoint "CollectForMetadataAllocation", Time since last: 418398926 ns, Reaching safepoint: 109415 ns, At safepoint: 26544023 ns, Total: 26653438 ns
[2023-07-06T23:02:56.054+0000][29442][gc,start    ] GC(10) Pause Young (Mixed) (Metadata GC Threshold)
[2023-07-06T23:02:56.054+0000][29442][gc,task     ] GC(10) Using 4 workers of 4 for evacuation
[2023-07-06T23:02:56.054+0000][29442][gc,age      ] GC(10) Desired survivor size 3670016 bytes, new threshold 1 (max threshold 15)
[2023-07-06T23:02:56.071+0000][29442][gc,age      ] GC(10) Age table with threshold 1 (max threshold 15)
[2023-07-06T23:02:56.071+0000][29442][gc,age      ] GC(10) - age   1:      91888 bytes,      91888 total
[2023-07-06T23:02:56.071+0000][29442][gc,phases   ] GC(10)   Pre Evacuate Collection Set: 0.1ms
[2023-07-06T23:02:56.071+0000][29442][gc,phases   ] GC(10)   Merge Heap Roots: 0.1ms
[2023-07-06T23:02:56.071+0000][29442][gc,phases   ] GC(10)   Evacuate Collection Set: 16.3ms
[2023-07-06T23:02:56.071+0000][29442][gc,phases   ] GC(10)   Post Evacuate Collection Set: 0.6ms
[2023-07-06T23:02:56.071+0000][29442][gc,phases   ] GC(10)   Other: 0.1ms
[2023-07-06T23:02:56.071+0000][29442][gc,heap     ] GC(10) Eden regions: 2->0(604)
[2023-07-06T23:02:56.071+0000][29442][gc,heap     ] GC(10) Survivor regions: 38->2(7)
[2023-07-06T23:02:56.071+0000][29442][gc,heap     ] GC(10) Old regions: 33->69
[2023-07-06T23:02:56.071+0000][29442][gc,heap     ] GC(10) Archive regions: 2->2
[2023-07-06T23:02:56.071+0000][29442][gc,heap     ] GC(10) Humongous regions: 1->1
[2023-07-06T23:02:56.071+0000][29442][gc,metaspace] GC(10) Metaspace: 60714K(61760K)->60714K(61760K) NonClass: 53330K(53952K)->53330K(53952K) Class: 7383K(7808K)->7383K(7808K)
[2023-07-06T23:02:56.071+0000][29442][gc          ] GC(10) Pause Young (Mixed) (Metadata GC Threshold) 73M->72M(1024M) 17.302ms
[2023-07-06T23:02:56.071+0000][29442][gc,cpu      ] GC(10) User=0.06s Sys=0.00s Real=0.02s
[2023-07-06T23:02:56.071+0000][29442][safepoint   ] Safepoint "CollectForMetadataAllocation", Time since last: 20011886 ns, Reaching safepoint: 16281 ns, At safepoint: 17391587 ns, Total: 17407868 ns
[2023-07-06T23:02:56.089+0000][29442][gc,start    ] GC(11) Pause Young (Concurrent Start) (Metadata GC Threshold)
[2023-07-06T23:02:56.089+0000][29442][gc,task     ] GC(11) Using 4 workers of 4 for evacuation
[2023-07-06T23:02:56.089+0000][29442][gc,age      ] GC(11) Desired survivor size 39845888 bytes, new threshold 15 (max threshold 15)
[2023-07-06T23:02:56.090+0000][29442][gc,age      ] GC(11) Age table with threshold 15 (max threshold 15)
[2023-07-06T23:02:56.090+0000][29442][gc,age      ] GC(11) - age   1:      78296 bytes,      78296 total
[2023-07-06T23:02:56.090+0000][29442][gc,age      ] GC(11) - age   2:      85624 bytes,     163920 total
[2023-07-06T23:02:56.090+0000][29442][gc,phases   ] GC(11)   Pre Evacuate Collection Set: 0.1ms
[2023-07-06T23:02:56.090+0000][29442][gc,phases   ] GC(11)   Merge Heap Roots: 0.0ms
[2023-07-06T23:02:56.090+0000][29442][gc,phases   ] GC(11)   Evacuate Collection Set: 0.7ms
[2023-07-06T23:02:56.090+0000][29442][gc,phases   ] GC(11)   Post Evacuate Collection Set: 0.3ms
[2023-07-06T23:02:56.090+0000][29442][gc,phases   ] GC(11)   Other: 0.2ms
[2023-07-06T23:02:56.090+0000][29442][gc,heap     ] GC(11) Eden regions: 2->0(604)
[2023-07-06T23:02:56.090+0000][29442][gc,heap     ] GC(11) Survivor regions: 2->1(76)
[2023-07-06T23:02:56.090+0000][29442][gc,heap     ] GC(11) Old regions: 69->69
[2023-07-06T23:02:56.090+0000][29442][gc,heap     ] GC(11) Archive regions: 2->2
[2023-07-06T23:02:56.090+0000][29442][gc,heap     ] GC(11) Humongous regions: 1->1
[2023-07-06T23:02:56.090+0000][29442][gc,metaspace] GC(11) Metaspace: 61046K(62080K)->61046K(62080K) NonClass: 53609K(54208K)->53609K(54208K) Class: 7437K(7872K)->7437K(7872K)
[2023-07-06T23:02:56.090+0000][29442][gc          ] GC(11) Pause Young (Concurrent Start) (Metadata GC Threshold) 74M->71M(1024M) 1.377ms
[2023-07-06T23:02:56.090+0000][29442][gc,cpu      ] GC(11) User=0.00s Sys=0.00s Real=0.00s
[2023-07-06T23:02:56.090+0000][29442][gc          ] GC(12) Concurrent Mark Cycle
[2023-07-06T23:02:56.090+0000][29442][gc,marking  ] GC(12) Concurrent Clear Claimed Marks
[2023-07-06T23:02:56.090+0000][29442][safepoint   ] Safepoint "CollectForMetadataAllocation", Time since last: 17318034 ns, Reaching safepoint: 29628 ns, At safepoint: 1490024 ns, Total: 1519652 ns
[2023-07-06T23:02:56.090+0000][29442][gc,marking  ] GC(12) Concurrent Clear Claimed Marks 0.042ms
[2023-07-06T23:02:56.090+0000][29442][gc,marking  ] GC(12) Concurrent Scan Root Regions
[2023-07-06T23:02:56.091+0000][29442][gc,marking  ] GC(12) Concurrent Scan Root Regions 0.497ms
[2023-07-06T23:02:56.091+0000][29442][gc,marking  ] GC(12) Concurrent Mark
[2023-07-06T23:02:56.091+0000][29442][gc,marking  ] GC(12) Concurrent Mark From Roots
[2023-07-06T23:02:56.091+0000][29442][gc,task     ] GC(12) Using 1 workers of 1 for marking
[2023-07-06T23:02:56.106+0000][29442][safepoint   ] Safepoint "CollectForMetadataAllocation", Time since last: 15885410 ns, Reaching safepoint: 27953 ns, At safepoint: 98757 ns, Total: 126710 ns
[2023-07-06T23:02:56.121+0000][29442][safepoint   ] Safepoint "CollectForMetadataAllocation", Time since last: 14516056 ns, Reaching safepoint: 49488 ns, At safepoint: 56350 ns, Total: 105838 ns
[2023-07-06T23:02:56.141+0000][29442][safepoint   ] Safepoint "CollectForMetadataAllocation", Time since last: 20100618 ns, Reaching safepoint: 99914 ns, At safepoint: 69477 ns, Total: 169391 ns
[2023-07-06T23:02:56.158+0000][29442][safepoint   ] Safepoint "CollectForMetadataAllocation", Time since last: 16885103 ns, Reaching safepoint: 46413 ns, At safepoint: 50692 ns, Total: 97105 ns
[2023-07-06T23:02:56.172+0000][29442][safepoint   ] Safepoint "CollectForMetadataAllocation", Time since last: 13502914 ns, Reaching safepoint: 108157 ns, At safepoint: 77601 ns, Total: 185758 ns
[2023-07-06T23:02:56.174+0000][29442][gc,marking  ] GC(12) Concurrent Mark From Roots 83.092ms
[2023-07-06T23:02:56.174+0000][29442][gc,marking  ] GC(12) Concurrent Preclean
[2023-07-06T23:02:56.174+0000][29442][gc,marking  ] GC(12) Concurrent Preclean 0.190ms
[2023-07-06T23:02:56.174+0000][29442][gc,start    ] GC(12) Pause Remark
[2023-07-06T23:02:56.177+0000][29442][gc          ] GC(12) Pause Remark 78M->78M(1024M) 2.773ms
[2023-07-06T23:02:56.177+0000][29442][gc,cpu      ] GC(12) User=0.01s Sys=0.00s Real=0.00s
[2023-07-06T23:02:56.177+0000][29442][safepoint   ] Safepoint "G1Concurrent", Time since last: 2321297 ns, Reaching safepoint: 156343 ns, At safepoint: 2818646 ns, Total: 2974989 ns
[2023-07-06T23:02:56.177+0000][29442][gc,marking  ] GC(12) Concurrent Mark 86.377ms
[2023-07-06T23:02:56.177+0000][29442][gc,marking  ] GC(12) Concurrent Rebuild Remembered Sets
[2023-07-06T23:02:56.212+0000][29442][gc,marking  ] GC(12) Concurrent Rebuild Remembered Sets 34.620ms
[2023-07-06T23:02:56.212+0000][29442][gc,start    ] GC(12) Pause Cleanup
[2023-07-06T23:02:56.212+0000][29442][gc          ] GC(12) Pause Cleanup 81M->81M(1024M) 0.163ms
[2023-07-06T23:02:56.212+0000][29442][gc,cpu      ] GC(12) User=0.00s Sys=0.00s Real=0.00s
[2023-07-06T23:02:56.212+0000][29442][safepoint   ] Safepoint "G1Concurrent", Time since last: 34747746 ns, Reaching safepoint: 164220 ns, At safepoint: 217761 ns, Total: 381981 ns
[2023-07-06T23:02:56.212+0000][29442][gc,marking  ] GC(12) Concurrent Cleanup for Next Mark
[2023-07-06T23:02:56.214+0000][29442][gc,marking  ] GC(12) Concurrent Cleanup for Next Mark 1.798ms
[2023-07-06T23:02:56.214+0000][29442][gc          ] GC(12) Concurrent Mark Cycle 123.933ms
[2023-07-06T23:02:56.722+0000][29442][safepoint   ] Safepoint "ICBufferFull", Time since last: 508994957 ns, Reaching safepoint: 646612 ns, At safepoint: 6921 ns, Total: 653533 ns
[2023-07-06T23:02:57.780+0000][29442][safepoint   ] Safepoint "ICBufferFull", Time since last: 1057730332 ns, Reaching safepoint: 214312 ns, At safepoint: 3904 ns, Total: 218216 ns
[2023-07-06T23:02:58.195+0000][29442][safepoint   ] Safepoint "ICBufferFull", Time since last: 414792104 ns, Reaching safepoint: 265296 ns, At safepoint: 16859 ns, Total: 282155 ns
[2023-07-06T23:02:59.432+0000][29442][safepoint   ] Safepoint "Cleanup", Time since last: 1236686930 ns, Reaching safepoint: 177153 ns, At safepoint: 21639 ns, Total: 198792 ns
[2023-07-06T23:03:00.432+0000][29442][safepoint   ] Safepoint "Cleanup", Time since last: 1000170820 ns, Reaching safepoint: 121893 ns, At safepoint: 12655 ns, Total: 134548 ns
[2023-07-06T23:03:01.433+0000][29442][safepoint   ] Safepoint "Cleanup", Time since last: 1000424487 ns, Reaching safepoint: 107992 ns, At safepoint: 12446 ns, Total: 120438 ns
[2023-07-06T23:03:03.433+0000][29442][safepoint   ] Safepoint "Cleanup", Time since last: 2000670052 ns, Reaching safepoint: 42858 ns, At safepoint: 3987 ns, Total: 46845 ns
[2023-07-06T23:03:04.434+0000][29442][safepoint   ] Safepoint "Cleanup", Time since last: 1000259618 ns, Reaching safepoint: 121795 ns, At safepoint: 12090 ns, Total: 133885 ns
[2023-07-06T23:03:05.434+0000][29442][safepoint   ] Safepoint "Cleanup", Time since last: 1000226534 ns, Reaching safepoint: 110400 ns, At safepoint: 12447 ns, Total: 122847 ns
[2023-07-06T23:03:08.435+0000][29442][safepoint   ] Safepoint "Cleanup", Time since last: 3000483720 ns, Reaching safepoint: 119490 ns, At safepoint: 12354 ns, Total: 131844 ns
[2023-07-06T23:03:11.435+0000][29442][safepoint   ] Safepoint "Cleanup", Time since last: 3000440427 ns, Reaching safepoint: 121762 ns, At safepoint: 12361 ns, Total: 134123 ns
[2023-07-06T23:03:12.436+0000][29442][safepoint   ] Safepoint "Cleanup", Time since last: 1000216870 ns, Reaching safepoint: 102305 ns, At safepoint: 11949 ns, Total: 114254 ns
[2023-07-06T23:03:14.436+0000][29442][safepoint   ] Safepoint "Cleanup", Time since last: 2000442571 ns, Reaching safepoint: 144152 ns, At safepoint: 12708 ns, Total: 156860 ns
[2023-07-06T23:03:21.438+0000][29442][safepoint   ] Safepoint "Cleanup", Time since last: 7001525982 ns, Reaching safepoint: 122725 ns, At safepoint: 12138 ns, Total: 134863 ns
[2023-07-06T23:03:27.439+0000][29442][safepoint   ] Safepoint "Cleanup", Time since last: 6001229127 ns, Reaching safepoint: 171253 ns, At safepoint: 13403 ns, Total: 184656 ns
[2023-07-06T23:03:31.443+0000][29442][safepoint   ] Safepoint "Cleanup", Time since last: 4003454096 ns, Reaching safepoint: 127688 ns, At safepoint: 12587 ns, Total: 140275 ns
[2023-07-06T23:03:32.443+0000][29442][safepoint   ] Safepoint "Cleanup", Time since last: 1000247597 ns, Reaching safepoint: 131115 ns, At safepoint: 12647 ns, Total: 143762 ns
[2023-07-06T23:03:36.445+0000][29442][safepoint   ] Safepoint "Cleanup", Time since last: 4001284922 ns, Reaching safepoint: 125614 ns, At safepoint: 12375 ns, Total: 137989 ns
[2023-07-06T23:03:38.445+0000][29442][safepoint   ] Safepoint "Cleanup", Time since last: 2000456130 ns, Reaching safepoint: 131201 ns, At safepoint: 13000 ns, Total: 144201 ns
[2023-07-06T23:03:39.446+0000][29442][safepoint   ] Safepoint "Cleanup", Time since last: 1000198956 ns, Reaching safepoint: 121156 ns, At safepoint: 12182 ns, Total: 133338 ns
[2023-07-06T23:03:40.446+0000][29442][safepoint   ] Safepoint "Cleanup", Time since last: 1000222926 ns, Reaching safepoint: 95920 ns, At safepoint: 12357 ns, Total: 108277 ns
[2023-07-06T23:03:41.446+0000][29442][safepoint   ] Safepoint "Cleanup", Time since last: 1000180396 ns, Reaching safepoint: 97282 ns, At safepoint: 12066 ns, Total: 109348 ns
[2023-07-06T23:03:44.447+0000][29442][safepoint   ] Safepoint "Cleanup", Time since last: 3000693624 ns, Reaching safepoint: 245993 ns, At safepoint: 23238 ns, Total: 269231 ns
[2023-07-06T23:03:45.448+0000][29442][safepoint   ] Safepoint "Cleanup", Time since last: 1000403709 ns, Reaching safepoint: 132240 ns, At safepoint: 15505 ns, Total: 147745 ns
[2023-07-06T23:03:46.448+0000][29442][safepoint   ] Safepoint "Cleanup", Time since last: 1000444230 ns, Reaching safepoint: 116905 ns, At safepoint: 11946 ns, Total: 128851 ns
[2023-07-06T23:03:50.450+0000][29442][safepoint   ] Safepoint "Cleanup", Time since last: 4001076286 ns, Reaching safepoint: 126715 ns, At safepoint: 12471 ns, Total: 139186 ns
[2023-07-06T23:03:51.450+0000][29442][safepoint   ] Safepoint "Cleanup", Time since last: 1000381454 ns, Reaching safepoint: 125103 ns, At safepoint: 11897 ns, Total: 137000 ns
[2023-07-06T23:03:53.451+0000][29442][safepoint   ] Safepoint "Cleanup", Time since last: 2000664180 ns, Reaching safepoint: 148406 ns, At safepoint: 12079 ns, Total: 160485 ns
[2023-07-06T23:03:54.451+0000][29442][safepoint   ] Safepoint "Cleanup", Time since last: 1000246414 ns, Reaching safepoint: 142403 ns, At safepoint: 15067 ns, Total: 157470 ns
[2023-07-06T23:03:58.453+0000][29442][safepoint   ] Safepoint "Cleanup", Time since last: 4001295677 ns, Reaching safepoint: 131733 ns, At safepoint: 12341 ns, Total: 144074 ns
[2023-07-06T23:03:59.453+0000][29442][safepoint   ] Safepoint "Cleanup", Time since last: 1000404969 ns, Reaching safepoint: 131857 ns, At safepoint: 12842 ns, Total: 144699 ns
[2023-07-06T23:04:00.454+0000][29442][safepoint   ] Safepoint "Cleanup", Time since last: 1000409188 ns, Reaching safepoint: 138821 ns, At safepoint: 14575 ns, Total: 153396 ns
[2023-07-06T23:04:03.455+0000][29442][safepoint   ] Safepoint "Cleanup", Time since last: 3000717958 ns, Reaching safepoint: 270904 ns, At safepoint: 18833 ns, Total: 289737 ns
[2023-07-06T23:04:04.455+0000][29442][safepoint   ] Safepoint "Cleanup", Time since last: 1000411935 ns, Reaching safepoint: 127084 ns, At safepoint: 12823 ns, Total: 139907 ns
[2023-07-06T23:04:08.457+0000][29442][safepoint   ] Safepoint "Cleanup", Time since last: 4001288134 ns, Reaching safepoint: 60163 ns, At safepoint: 6236 ns, Total: 66399 ns
[2023-07-06T23:04:09.457+0000][29442][safepoint   ] Safepoint "Cleanup", Time since last: 1000205697 ns, Reaching safepoint: 120291 ns, At safepoint: 12576 ns, Total: 132867 ns
[2023-07-06T23:04:10.457+0000][29442][safepoint   ] Safepoint "Cleanup", Time since last: 1000252690 ns, Reaching safepoint: 108752 ns, At safepoint: 12307 ns, Total: 121059 ns
[2023-07-06T23:04:15.459+0000][29442][safepoint   ] Safepoint "Cleanup", Time since last: 5001458327 ns, Reaching safepoint: 130487 ns, At safepoint: 12665 ns, Total: 143152 ns
[2023-07-06T23:04:38.466+0000][29442][safepoint   ] Safepoint "Cleanup", Time since last: 23006577182 ns, Reaching safepoint: 149157 ns, At safepoint: 12203 ns, Total: 161360 ns
[2023-07-06T23:04:39.466+0000][29442][safepoint   ] Safepoint "Cleanup", Time since last: 1000319259 ns, Reaching safepoint: 87368 ns, At safepoint: 7281 ns, Total: 94649 ns
[2023-07-06T23:04:44.468+0000][29442][safepoint   ] Safepoint "Cleanup", Time since last: 5001618914 ns, Reaching safepoint: 139670 ns, At safepoint: 14950 ns, Total: 154620 ns
[2023-07-06T23:04:46.468+0000][29442][safepoint   ] Safepoint "Cleanup", Time since last: 2000384504 ns, Reaching safepoint: 126419 ns, At safepoint: 12593 ns, Total: 139012 ns
[2023-07-06T23:04:48.469+0000][29442][safepoint   ] Safepoint "Cleanup", Time since last: 2000721232 ns, Reaching safepoint: 131187 ns, At safepoint: 12303 ns, Total: 143490 ns
[2023-07-06T23:04:56.472+0000][29442][safepoint   ] Safepoint "Cleanup", Time since last: 8002351062 ns, Reaching safepoint: 168993 ns, At safepoint: 13072 ns, Total: 182065 ns
[2023-07-06T23:05:08.474+0000][29442][safepoint   ] Safepoint "Cleanup", Time since last: 12001968352 ns, Reaching safepoint: 127342 ns, At safepoint: 4847 ns, Total: 132189 ns
[2023-07-06T23:05:23.476+0000][29442][safepoint   ] Safepoint "Cleanup", Time since last: 15001386447 ns, Reaching safepoint: 114533 ns, At safepoint: 9628 ns, Total: 124161 ns
[2023-07-06T23:06:16.483+0000][29442][safepoint   ] Safepoint "Cleanup", Time since last: 53007535993 ns, Reaching safepoint: 168793 ns, At safepoint: 12803 ns, Total: 181596 ns
[2023-07-06T23:06:21.485+0000][29442][safepoint   ] Safepoint "Cleanup", Time since last: 5001222647 ns, Reaching safepoint: 131537 ns, At safepoint: 12708 ns, Total: 144245 ns
[2023-07-06T23:06:27.486+0000][29442][safepoint   ] Safepoint "Cleanup", Time since last: 6001692040 ns, Reaching safepoint: 172873 ns, At safepoint: 13108 ns, Total: 185981 ns
[2023-07-06T23:06:41.490+0000][29442][safepoint   ] Safepoint "Cleanup", Time since last: 14003760919 ns, Reaching safepoint: 125375 ns, At safepoint: 12451 ns, Total: 137826 ns
[2023-07-06T23:06:42.491+0000][29442][safepoint   ] Safepoint "Cleanup", Time since last: 1000374459 ns, Reaching safepoint: 125382 ns, At safepoint: 12527 ns, Total: 137909 ns
[2023-07-06T23:06:46.492+0000][29442][safepoint   ] Safepoint "Cleanup", Time since last: 4000796301 ns, Reaching safepoint: 131353 ns, At safepoint: 12569 ns, Total: 143922 ns
[2023-07-06T23:06:49.493+0000][29442][safepoint   ] Safepoint "Cleanup", Time since last: 3000969792 ns, Reaching safepoint: 143863 ns, At safepoint: 12880 ns, Total: 156743 ns
[2023-07-06T23:06:58.496+0000][29442][safepoint   ] Safepoint "Cleanup", Time since last: 9002748099 ns, Reaching safepoint: 178821 ns, At safepoint: 12832 ns, Total: 191653 ns
[2023-07-06T23:07:13.500+0000][29442][safepoint   ] Safepoint "Cleanup", Time since last: 15004287172 ns, Reaching safepoint: 137885 ns, At safepoint: 14438 ns, Total: 152323 ns
[2023-07-06T23:07:15.501+0000][29442][safepoint   ] Safepoint "Cleanup", Time since last: 2000645932 ns, Reaching safepoint: 50332 ns, At safepoint: 4897 ns, Total: 55229 ns
[2023-07-06T23:07:39.506+0000][29442][safepoint   ] Safepoint "Cleanup", Time since last: 24005168431 ns, Reaching safepoint: 156678 ns, At safepoint: 12895 ns, Total: 169573 ns
[2023-07-06T23:07:58.511+0000][29442][safepoint   ] Safepoint "Cleanup", Time since last: 19004691921 ns, Reaching safepoint: 156943 ns, At safepoint: 18579 ns, Total: 175522 ns
[2023-07-06T23:08:18.517+0000][29442][safepoint   ] Safepoint "Cleanup", Time since last: 20005410930 ns, Reaching safepoint: 127938 ns, At safepoint: 14013 ns, Total: 141951 ns
[2023-07-06T23:08:28.519+0000][29442][safepoint   ] Safepoint "Cleanup", Time since last: 10002448274 ns, Reaching safepoint: 100264 ns, At safepoint: 12098 ns, Total: 112362 ns
[2023-07-06T23:08:31.520+0000][29442][safepoint   ] Safepoint "Cleanup", Time since last: 3000729808 ns, Reaching safepoint: 141227 ns, At safepoint: 12990 ns, Total: 154217 ns
[2023-07-06T23:09:06.529+0000][29442][safepoint   ] Safepoint "Cleanup", Time since last: 35008363497 ns, Reaching safepoint: 180400 ns, At safepoint: 13164 ns, Total: 193564 ns
[2023-07-06T23:09:21.533+0000][29442][safepoint   ] Safepoint "Cleanup", Time since last: 15004043512 ns, Reaching safepoint: 109025 ns, At safepoint: 12455 ns, Total: 121480 ns
[2023-07-06T23:09:23.534+0000][29442][safepoint   ] Safepoint "Cleanup", Time since last: 2000673133 ns, Reaching safepoint: 161561 ns, At safepoint: 12192 ns, Total: 173753 ns
[2023-07-06T23:09:24.534+0000][29442][safepoint   ] Safepoint "Cleanup", Time since last: 1000417397 ns, Reaching safepoint: 125733 ns, At safepoint: 14424 ns, Total: 140157 ns
[2023-07-06T23:09:36.538+0000][29442][safepoint   ] Safepoint "Cleanup", Time since last: 12003246247 ns, Reaching safepoint: 130625 ns, At safepoint: 12803 ns, Total: 143428 ns
[2023-07-06T23:10:00.544+0000][29442][safepoint   ] Safepoint "Cleanup", Time since last: 24006234623 ns, Reaching safepoint: 179337 ns, At safepoint: 12949 ns, Total: 192286 ns
[2023-07-06T23:10:20.546+0000][29442][safepoint   ] Safepoint "Cleanup", Time since last: 20001729487 ns, Reaching safepoint: 39230 ns, At safepoint: 5812 ns, Total: 45042 ns
[2023-07-06T23:10:41.548+0000][29442][safepoint   ] Safepoint "Cleanup", Time since last: 21002360361 ns, Reaching safepoint: 130530 ns, At safepoint: 9821 ns, Total: 140351 ns
[2023-07-06T23:11:23.554+0000][29442][safepoint   ] Safepoint "Cleanup", Time since last: 42005219946 ns, Reaching safepoint: 151997 ns, At safepoint: 12554 ns, Total: 164551 ns
[2023-07-06T23:12:36.572+0000][29442][safepoint   ] Safepoint "Cleanup", Time since last: 73018071912 ns, Reaching safepoint: 171737 ns, At safepoint: 12785 ns, Total: 184522 ns
[2023-07-06T23:13:16.584+0000][29442][safepoint   ] Safepoint "Cleanup", Time since last: 40011363297 ns, Reaching safepoint: 179808 ns, At safepoint: 14908 ns, Total: 194716 ns
[2023-07-06T23:15:15.610+0000][29442][safepoint   ] Safepoint "Cleanup", Time since last: 119025963851 ns, Reaching safepoint: 82226 ns, At safepoint: 6569 ns, Total: 88795 ns
[2023-07-06T23:15:16.610+0000][29442][safepoint   ] Safepoint "Cleanup", Time since last: 1000113701 ns, Reaching safepoint: 72215 ns, At safepoint: 6515 ns, Total: 78730 ns
[2023-07-06T23:15:45.613+0000][29442][safepoint   ] Safepoint "Cleanup", Time since last: 29003006231 ns, Reaching safepoint: 67496 ns, At safepoint: 4973 ns, Total: 72469 ns
[2023-07-06T23:16:48.626+0000][29442][safepoint   ] Safepoint "Cleanup", Time since last: 63013246366 ns, Reaching safepoint: 160019 ns, At safepoint: 12563 ns, Total: 172582 ns
[2023-07-06T23:16:55.628+0000][29442][safepoint   ] Safepoint "Cleanup", Time since last: 7001933889 ns, Reaching safepoint: 104583 ns, At safepoint: 12448 ns, Total: 117031 ns
[2023-07-06T23:17:53.643+0000][29442][safepoint   ] Safepoint "Cleanup", Time since last: 58014346982 ns, Reaching safepoint: 146390 ns, At safepoint: 12766 ns, Total: 159156 ns
[2023-07-06T23:18:14.648+0000][29442][safepoint   ] Safepoint "Cleanup", Time since last: 21005323468 ns, Reaching safepoint: 149335 ns, At safepoint: 12900 ns, Total: 162235 ns
[2023-07-06T23:19:36.670+0000][29442][safepoint   ] Safepoint "Cleanup", Time since last: 82021262283 ns, Reaching safepoint: 152719 ns, At safepoint: 12757 ns, Total: 165476 ns
[2023-07-06T23:19:48.674+0000][29442][safepoint   ] Safepoint "Cleanup", Time since last: 12003559959 ns, Reaching safepoint: 123328 ns, At safepoint: 12670 ns, Total: 135998 ns
[2023-07-06T23:20:06.677+0000][29442][safepoint   ] Safepoint "Cleanup", Time since last: 18003701544 ns, Reaching safepoint: 73114 ns, At safepoint: 3591 ns, Total: 76705 ns
[2023-07-06T23:20:16.678+0000][29442][safepoint   ] Safepoint "Cleanup", Time since last: 10000881272 ns, Reaching safepoint: 44563 ns, At safepoint: 4992 ns, Total: 49555 ns
[2023-07-06T23:20:50.682+0000][29442][safepoint   ] Safepoint "Cleanup", Time since last: 34003904287 ns, Reaching safepoint: 76055 ns, At safepoint: 5761 ns, Total: 81816 ns
[2023-07-06T23:21:04.684+0000][29442][safepoint   ] Safepoint "Cleanup", Time since last: 14001504173 ns, Reaching safepoint: 91947 ns, At safepoint: 6770 ns, Total: 98717 ns
[2023-07-06T23:21:48.695+0000][29442][safepoint   ] Safepoint "Cleanup", Time since last: 44011102404 ns, Reaching safepoint: 165003 ns, At safepoint: 12491 ns, Total: 177494 ns
[2023-07-06T23:23:51.721+0000][29442][safepoint   ] Safepoint "Cleanup", Time since last: 123025645649 ns, Reaching safepoint: 160109 ns, At safepoint: 14453 ns, Total: 174562 ns
[2023-07-06T23:23:53.722+0000][29442][safepoint   ] Safepoint "Cleanup", Time since last: 2000386377 ns, Reaching safepoint: 167181 ns, At safepoint: 19223 ns, Total: 186404 ns
[2023-07-06T23:24:05.725+0000][29442][safepoint   ] Safepoint "Cleanup", Time since last: 12003221722 ns, Reaching safepoint: 157727 ns, At safepoint: 13555 ns, Total: 171282 ns
[2023-07-06T23:24:16.728+0000][29442][safepoint   ] Safepoint "Cleanup", Time since last: 11003113492 ns, Reaching safepoint: 149730 ns, At safepoint: 13731 ns, Total: 163461 ns
[2023-07-06T23:24:43.735+0000][29442][safepoint   ] Safepoint "Cleanup", Time since last: 27006472746 ns, Reaching safepoint: 153522 ns, At safepoint: 13115 ns, Total: 166637 ns
[2023-07-06T23:24:47.736+0000][29442][safepoint   ] Safepoint "Cleanup", Time since last: 4000905628 ns, Reaching safepoint: 105605 ns, At safepoint: 12005 ns, Total: 117610 ns
[2023-07-06T23:24:53.737+0000][29442][safepoint   ] Safepoint "Cleanup", Time since last: 6001074866 ns, Reaching safepoint: 129686 ns, At safepoint: 12908 ns, Total: 142594 ns
[2023-07-06T23:25:00.739+0000][29442][safepoint   ] Safepoint "Cleanup", Time since last: 7001572962 ns, Reaching safepoint: 162174 ns, At safepoint: 12653 ns, Total: 174827 ns
[2023-07-06T23:25:03.739+0000][29442][safepoint   ] Safepoint "Cleanup", Time since last: 3000303734 ns, Reaching safepoint: 74753 ns, At safepoint: 4818 ns, Total: 79571 ns
[2023-07-06T23:25:18.741+0000][29442][safepoint   ] Safepoint "Cleanup", Time since last: 15001304703 ns, Reaching safepoint: 54837 ns, At safepoint: 6020 ns, Total: 60857 ns
[2023-07-06T23:25:47.744+0000][29442][safepoint   ] Safepoint "Cleanup", Time since last: 29002857873 ns, Reaching safepoint: 88590 ns, At safepoint: 6408 ns, Total: 94998 ns
[2023-07-06T23:27:31.766+0000][29442][safepoint   ] Safepoint "Cleanup", Time since last: 104022365825 ns, Reaching safepoint: 174885 ns, At safepoint: 12658 ns, Total: 187543 ns
[2023-07-06T23:27:35.767+0000][29442][safepoint   ] Safepoint "Cleanup", Time since last: 4000835400 ns, Reaching safepoint: 119433 ns, At safepoint: 12621 ns, Total: 132054 ns
[2023-07-06T23:27:36.767+0000][29442][safepoint   ] Safepoint "Cleanup", Time since last: 1000295908 ns, Reaching safepoint: 122998 ns, At safepoint: 12211 ns, Total: 135209 ns
[2023-07-06T23:28:11.776+0000][29442][safepoint   ] Safepoint "Cleanup", Time since last: 35008763582 ns, Reaching safepoint: 170794 ns, At safepoint: 13125 ns, Total: 183919 ns
[2023-07-06T23:34:41.871+0000][29442][safepoint   ] Safepoint "Cleanup", Time since last: 390094094163 ns, Reaching safepoint: 164100 ns, At safepoint: 13601 ns, Total: 177701 ns
[2023-07-06T23:35:01.876+0000][29442][safepoint   ] Safepoint "Cleanup", Time since last: 20005233710 ns, Reaching safepoint: 80944 ns, At safepoint: 3310 ns, Total: 84254 ns
[2023-07-06T23:37:34.905+0000][29442][safepoint   ] Safepoint "Cleanup", Time since last: 153028336647 ns, Reaching safepoint: 161840 ns, At safepoint: 12354 ns, Total: 174194 ns
[2023-07-06T23:37:38.906+0000][29442][safepoint   ] Safepoint "Cleanup", Time since last: 4000943641 ns, Reaching safepoint: 129536 ns, At safepoint: 12848 ns, Total: 142384 ns
[2023-07-06T23:37:48.908+0000][29442][safepoint   ] Safepoint "Cleanup", Time since last: 10001755168 ns, Reaching safepoint: 165378 ns, At safepoint: 23219 ns, Total: 188597 ns
[2023-07-06T23:38:35.920+0000][29442][safepoint   ] Safepoint "Cleanup", Time since last: 47012026728 ns, Reaching safepoint: 152661 ns, At safepoint: 12518 ns, Total: 165179 ns
[2023-07-06T23:41:28.954+0000][29442][safepoint   ] Safepoint "Cleanup", Time since last: 173033923991 ns, Reaching safepoint: 162810 ns, At safepoint: 12601 ns, Total: 175411 ns
[2023-07-06T23:44:01.994+0000][29442][safepoint   ] Safepoint "Cleanup", Time since last: 153040146807 ns, Reaching safepoint: 165045 ns, At safepoint: 13028 ns, Total: 178073 ns
[2023-07-06T23:45:42.011+0000][29442][safepoint   ] Safepoint "Cleanup", Time since last: 100016527595 ns, Reaching safepoint: 191694 ns, At safepoint: 18900 ns, Total: 210594 ns
[2023-07-06T23:45:49.012+0000][29442][safepoint   ] Safepoint "Cleanup", Time since last: 7000753946 ns, Reaching safepoint: 47476 ns, At safepoint: 7306 ns, Total: 54782 ns
[2023-07-06T23:47:06.427+0000][29442][gc,start    ] GC(13) Pause Young (Prepare Mixed) (G1 Evacuation Pause)
[2023-07-06T23:47:06.427+0000][29442][gc,task     ] GC(13) Using 4 workers of 4 for evacuation
[2023-07-06T23:47:06.427+0000][29442][gc,age      ] GC(13) Desired survivor size 39845888 bytes, new threshold 15 (max threshold 15)
[2023-07-06T23:47:06.440+0000][29442][gc,age      ] GC(13) Age table with threshold 15 (max threshold 15)
[2023-07-06T23:47:06.441+0000][29442][gc,age      ] GC(13) - age   1:   12614296 bytes,   12614296 total
[2023-07-06T23:47:06.441+0000][29442][gc,age      ] GC(13) - age   2:      73784 bytes,   12688080 total
[2023-07-06T23:47:06.441+0000][29442][gc,age      ] GC(13) - age   3:      85496 bytes,   12773576 total
[2023-07-06T23:47:06.441+0000][29442][gc,phases   ] GC(13)   Pre Evacuate Collection Set: 0.3ms
[2023-07-06T23:47:06.441+0000][29442][gc,phases   ] GC(13)   Merge Heap Roots: 0.7ms
[2023-07-06T23:47:06.441+0000][29442][gc,phases   ] GC(13)   Evacuate Collection Set: 11.2ms
[2023-07-06T23:47:06.441+0000][29442][gc,phases   ] GC(13)   Post Evacuate Collection Set: 1.5ms
[2023-07-06T23:47:06.441+0000][29442][gc,phases   ] GC(13)   Other: 0.4ms
[2023-07-06T23:47:06.441+0000][29442][gc,heap     ] GC(13) Eden regions: 604->0(38)
[2023-07-06T23:47:06.441+0000][29442][gc,heap     ] GC(13) Survivor regions: 1->13(76)
[2023-07-06T23:47:06.441+0000][29442][gc,heap     ] GC(13) Old regions: 69->69
[2023-07-06T23:47:06.441+0000][29442][gc,heap     ] GC(13) Archive regions: 2->2
[2023-07-06T23:47:06.441+0000][29442][gc,heap     ] GC(13) Humongous regions: 1->1
[2023-07-06T23:47:06.441+0000][29442][gc,metaspace] GC(13) Metaspace: 102737K(103936K)->102737K(103936K) NonClass: 89672K(90368K)->89672K(90368K) Class: 13064K(13568K)->13064K(13568K)
[2023-07-06T23:47:06.441+0000][29442][gc          ] GC(13) Pause Young (Prepare Mixed) (G1 Evacuation Pause) 675M->83M(1024M) 14.101ms
[2023-07-06T23:47:06.441+0000][29442][gc,cpu      ] GC(13) User=0.05s Sys=0.00s Real=0.01s
[2023-07-06T23:47:06.441+0000][29442][safepoint   ] Safepoint "G1CollectForAllocation", Time since last: 77414630105 ns, Reaching safepoint: 126971 ns, At safepoint: 14201030 ns, Total: 14328001 ns
[2023-07-06T23:47:49.450+0000][29442][safepoint   ] Safepoint "Cleanup", Time since last: 43009456318 ns, Reaching safepoint: 178797 ns, At safepoint: 12159 ns, Total: 190956 ns
[2023-07-06T23:51:41.793+0000][29442][gc,start    ] GC(14) Pause Young (Mixed) (G1 Evacuation Pause)
[2023-07-06T23:51:41.793+0000][29442][gc,task     ] GC(14) Using 4 workers of 4 for evacuation
[2023-07-06T23:51:41.793+0000][29442][gc,age      ] GC(14) Desired survivor size 3670016 bytes, new threshold 1 (max threshold 15)
[2023-07-06T23:51:41.804+0000][29442][gc,age      ] GC(14) Age table with threshold 1 (max threshold 15)
[2023-07-06T23:51:41.804+0000][29442][gc,age      ] GC(14) - age   1:       6280 bytes,       6280 total
[2023-07-06T23:51:41.804+0000][29442][gc,phases   ] GC(14)   Pre Evacuate Collection Set: 0.4ms
[2023-07-06T23:51:41.804+0000][29442][gc,phases   ] GC(14)   Merge Heap Roots: 0.3ms
[2023-07-06T23:51:41.804+0000][29442][gc,phases   ] GC(14)   Evacuate Collection Set: 9.7ms
[2023-07-06T23:51:41.804+0000][29442][gc,phases   ] GC(14)   Post Evacuate Collection Set: 0.9ms
[2023-07-06T23:51:41.804+0000][29442][gc,phases   ] GC(14)   Other: 0.3ms
[2023-07-06T23:51:41.804+0000][29442][gc,heap     ] GC(14) Eden regions: 38->0(604)
[2023-07-06T23:51:41.804+0000][29442][gc,heap     ] GC(14) Survivor regions: 13->2(7)
[2023-07-06T23:51:41.804+0000][29442][gc,heap     ] GC(14) Old regions: 69->81
[2023-07-06T23:51:41.804+0000][29442][gc,heap     ] GC(14) Archive regions: 2->2
[2023-07-06T23:51:41.804+0000][29442][gc,heap     ] GC(14) Humongous regions: 1->1
[2023-07-06T23:51:41.804+0000][29442][gc,metaspace] GC(14) Metaspace: 102738K(103936K)->102738K(103936K) NonClass: 89673K(90368K)->89673K(90368K) Class: 13064K(13568K)->13064K(13568K)
[2023-07-06T23:51:41.804+0000][29442][gc          ] GC(14) Pause Young (Mixed) (G1 Evacuation Pause) 121M->83M(1024M) 11.533ms
[2023-07-06T23:51:41.804+0000][29442][gc,cpu      ] GC(14) User=0.04s Sys=0.00s Real=0.01s
[2023-07-06T23:51:41.804+0000][29442][safepoint   ] Safepoint "G1CollectForAllocation", Time since last: 232342151957 ns, Reaching safepoint: 144926 ns, At safepoint: 11634404 ns, Total: 11779330 ns
[2023-07-06T23:55:01.849+0000][29442][safepoint   ] Safepoint "Cleanup", Time since last: 200044262620 ns, Reaching safepoint: 114398 ns, At safepoint: 5098 ns, Total: 119496 ns
[2023-07-07T00:02:56.953+0000][29442][safepoint   ] Safepoint "Cleanup", Time since last: 475104079999 ns, Reaching safepoint: 162895 ns, At safepoint: 12451 ns, Total: 175346 ns
[2023-07-07T00:07:09.011+0000][29442][safepoint   ] Safepoint "Cleanup", Time since last: 252058214173 ns, Reaching safepoint: 179136 ns, At safepoint: 12674 ns, Total: 191810 ns
[2023-07-07T00:11:41.074+0000][29442][safepoint   ] Safepoint "Cleanup", Time since last: 272062492453 ns, Reaching safepoint: 166535 ns, At safepoint: 13077 ns, Total: 179612 ns
[2023-07-07T00:18:01.166+0000][29442][safepoint   ] Safepoint "Cleanup", Time since last: 380091764115 ns, Reaching safepoint: 140021 ns, At safepoint: 12030 ns, Total: 152051 ns
[2023-07-07T00:20:15.194+0000][29442][safepoint   ] Safepoint "Cleanup", Time since last: 134028033764 ns, Reaching safepoint: 160168 ns, At safepoint: 12108 ns, Total: 172276 ns
[2023-07-07T00:26:23.278+0000][29442][safepoint   ] Safepoint "Cleanup", Time since last: 368083818344 ns, Reaching safepoint: 165125 ns, At safepoint: 12716 ns, Total: 177841 ns
[2023-07-07T00:28:28.310+0000][29442][safepoint   ] Safepoint "Cleanup", Time since last: 125031320526 ns, Reaching safepoint: 158582 ns, At safepoint: 22404 ns, Total: 180986 ns
[2023-07-07T00:28:59.317+0000][29442][safepoint   ] Safepoint "Cleanup", Time since last: 31006948074 ns, Reaching safepoint: 160574 ns, At safepoint: 12409 ns, Total: 172983 ns
[2023-07-07T00:32:34.365+0000][29442][safepoint   ] Safepoint "Cleanup", Time since last: 215047859246 ns, Reaching safepoint: 142385 ns, At safepoint: 12708 ns, Total: 155093 ns
[2023-07-07T00:32:40.366+0000][29442][safepoint   ] Safepoint "Cleanup", Time since last: 6000955101 ns, Reaching safepoint: 513823 ns, At safepoint: 5826 ns, Total: 519649 ns
[2023-07-07T00:32:42.367+0000][29442][safepoint   ] Safepoint "Cleanup", Time since last: 2000489368 ns, Reaching safepoint: 138388 ns, At safepoint: 13061 ns, Total: 151449 ns
[2023-07-07T00:32:58.370+0000][29442][safepoint   ] Safepoint "Cleanup", Time since last: 16003146087 ns, Reaching safepoint: 180515 ns, At safepoint: 13179 ns, Total: 193694 ns
[2023-07-07T00:50:49.609+0000][29442][safepoint   ] Safepoint "Cleanup", Time since last: 1071238163998 ns, Reaching safepoint: 163208 ns, At safepoint: 12699 ns, Total: 175907 ns
[2023-07-07T01:02:56.783+0000][29442][safepoint   ] Safepoint "Cleanup", Time since last: 727174729888 ns, Reaching safepoint: 167392 ns, At safepoint: 23067 ns, Total: 190459 ns
[2023-07-07T01:04:53.889+0000][29442][gc,start    ] GC(15) Pause Young (Concurrent Start) (G1 Evacuation Pause)
[2023-07-07T01:04:53.889+0000][29442][gc,task     ] GC(15) Using 4 workers of 4 for evacuation
[2023-07-07T01:04:53.889+0000][29442][gc,age      ] GC(15) Desired survivor size 39845888 bytes, new threshold 15 (max threshold 15)
[2023-07-07T01:04:53.894+0000][29442][gc,age      ] GC(15) Age table with threshold 15 (max threshold 15)
[2023-07-07T01:04:53.894+0000][29442][gc,age      ] GC(15) - age   1:       6496 bytes,       6496 total
[2023-07-07T01:04:53.894+0000][29442][gc,age      ] GC(15) - age   2:       1912 bytes,       8408 total
[2023-07-07T01:04:53.894+0000][29442][gc,phases   ] GC(15)   Pre Evacuate Collection Set: 0.5ms
[2023-07-07T01:04:53.894+0000][29442][gc,phases   ] GC(15)   Merge Heap Roots: 0.4ms
[2023-07-07T01:04:53.894+0000][29442][gc,phases   ] GC(15)   Evacuate Collection Set: 2.0ms
[2023-07-07T01:04:53.894+0000][29442][gc,phases   ] GC(15)   Post Evacuate Collection Set: 1.9ms
[2023-07-07T01:04:53.894+0000][29442][gc,phases   ] GC(15)   Other: 0.6ms
[2023-07-07T01:04:53.894+0000][29442][gc,heap     ] GC(15) Eden regions: 604->0(613)
[2023-07-07T01:04:53.894+0000][29442][gc,heap     ] GC(15) Survivor regions: 2->1(76)
[2023-07-07T01:04:53.894+0000][29442][gc,heap     ] GC(15) Old regions: 81->81
[2023-07-07T01:04:53.894+0000][29442][gc,heap     ] GC(15) Archive regions: 2->2
[2023-07-07T01:04:53.894+0000][29442][gc,heap     ] GC(15) Humongous regions: 1->1
[2023-07-07T01:04:53.894+0000][29442][gc,metaspace] GC(15) Metaspace: 102750K(104000K)->102750K(104000K) NonClass: 89685K(90432K)->89685K(90432K) Class: 13064K(13568K)->13064K(13568K)
[2023-07-07T01:04:53.895+0000][29442][gc          ] GC(15) Pause Young (Concurrent Start) (G1 Evacuation Pause) 687M->82M(1024M) 5.578ms
[2023-07-07T01:04:53.895+0000][29442][gc,cpu      ] GC(15) User=0.01s Sys=0.00s Real=0.01s
[2023-07-07T01:04:53.895+0000][29442][safepoint   ] Safepoint "G1CollectForAllocation", Time since last: 117105286225 ns, Reaching safepoint: 155873 ns, At safepoint: 5762732 ns, Total: 5918605 ns
[2023-07-07T01:04:53.895+0000][29442][gc          ] GC(16) Concurrent Mark Cycle
[2023-07-07T01:04:53.895+0000][29442][gc,marking  ] GC(16) Concurrent Clear Claimed Marks
[2023-07-07T01:04:53.895+0000][29442][gc,marking  ] GC(16) Concurrent Clear Claimed Marks 0.085ms
[2023-07-07T01:04:53.895+0000][29442][gc,marking  ] GC(16) Concurrent Scan Root Regions
[2023-07-07T01:04:53.897+0000][29442][gc,marking  ] GC(16) Concurrent Scan Root Regions 1.707ms
[2023-07-07T01:04:53.897+0000][29442][gc,marking  ] GC(16) Concurrent Mark
[2023-07-07T01:04:53.897+0000][29442][gc,marking  ] GC(16) Concurrent Mark From Roots
[2023-07-07T01:04:53.897+0000][29442][gc,task     ] GC(16) Using 1 workers of 1 for marking
[2023-07-07T01:04:53.987+0000][29442][gc,marking  ] GC(16) Concurrent Mark From Roots 90.603ms
[2023-07-07T01:04:53.987+0000][29442][gc,marking  ] GC(16) Concurrent Preclean
[2023-07-07T01:04:53.988+0000][29442][gc,marking  ] GC(16) Concurrent Preclean 0.565ms
[2023-07-07T01:04:53.988+0000][29442][gc,start    ] GC(16) Pause Remark
[2023-07-07T01:04:53.996+0000][29442][gc          ] GC(16) Pause Remark 83M->83M(1024M) 8.220ms
[2023-07-07T01:04:53.996+0000][29442][gc,cpu      ] GC(16) User=0.02s Sys=0.00s Real=0.01s
[2023-07-07T01:04:53.996+0000][29442][safepoint   ] Safepoint "G1Concurrent", Time since last: 93294600 ns, Reaching safepoint: 72296 ns, At safepoint: 8295015 ns, Total: 8367311 ns
[2023-07-07T01:04:53.996+0000][29442][gc,marking  ] GC(16) Concurrent Mark 99.735ms
[2023-07-07T01:04:53.996+0000][29442][gc,marking  ] GC(16) Concurrent Rebuild Remembered Sets
[2023-07-07T01:04:54.041+0000][29442][gc,marking  ] GC(16) Concurrent Rebuild Remembered Sets 44.270ms
[2023-07-07T01:04:54.041+0000][29442][gc,start    ] GC(16) Pause Cleanup
[2023-07-07T01:04:54.041+0000][29442][gc          ] GC(16) Pause Cleanup 83M->83M(1024M) 0.211ms
[2023-07-07T01:04:54.041+0000][29442][gc,cpu      ] GC(16) User=0.00s Sys=0.00s Real=0.00s
[2023-07-07T01:04:54.041+0000][29442][safepoint   ] Safepoint "G1Concurrent", Time since last: 44454632 ns, Reaching safepoint: 49726 ns, At safepoint: 276723 ns, Total: 326449 ns
[2023-07-07T01:04:54.041+0000][29442][gc,marking  ] GC(16) Concurrent Cleanup for Next Mark
[2023-07-07T01:04:54.043+0000][29442][gc,marking  ] GC(16) Concurrent Cleanup for Next Mark 1.393ms
[2023-07-07T01:04:54.043+0000][29442][gc          ] GC(16) Concurrent Mark Cycle 147.872ms
[2023-07-07T02:13:47.997+0000][29442][safepoint   ] Safepoint "Cleanup", Time since last: 4133955304671 ns, Reaching safepoint: 150505 ns, At safepoint: 12187 ns, Total: 162692 ns
[2023-07-07T02:15:59.021+0000][29442][safepoint   ] Safepoint "Cleanup", Time since last: 131024764119 ns, Reaching safepoint: 62891 ns, At safepoint: 9395 ns, Total: 72286 ns
[2023-07-07T02:19:19.279+0000][29442][gc,start    ] GC(17) Pause Young (Normal) (G1 Evacuation Pause)
[2023-07-07T02:19:19.279+0000][29442][gc,task     ] GC(17) Using 4 workers of 4 for evacuation
[2023-07-07T02:19:19.279+0000][29442][gc,age      ] GC(17) Desired survivor size 40370176 bytes, new threshold 15 (max threshold 15)
[2023-07-07T02:19:19.283+0000][29442][gc,age      ] GC(17) Age table with threshold 15 (max threshold 15)
[2023-07-07T02:19:19.283+0000][29442][gc,age      ] GC(17) - age   1:       4896 bytes,       4896 total
[2023-07-07T02:19:19.283+0000][29442][gc,age      ] GC(17) - age   2:       2080 bytes,       6976 total
[2023-07-07T02:19:19.283+0000][29442][gc,age      ] GC(17) - age   3:       1912 bytes,       8888 total
[2023-07-07T02:19:19.284+0000][29442][gc,phases   ] GC(17)   Pre Evacuate Collection Set: 0.2ms
[2023-07-07T02:19:19.284+0000][29442][gc,phases   ] GC(17)   Merge Heap Roots: 0.4ms
[2023-07-07T02:19:19.284+0000][29442][gc,phases   ] GC(17)   Evacuate Collection Set: 1.8ms
[2023-07-07T02:19:19.284+0000][29442][gc,phases   ] GC(17)   Post Evacuate Collection Set: 1.6ms
[2023-07-07T02:19:19.284+0000][29442][gc,phases   ] GC(17)   Other: 0.8ms
[2023-07-07T02:19:19.284+0000][29442][gc,heap     ] GC(17) Eden regions: 613->0(613)
[2023-07-07T02:19:19.284+0000][29442][gc,heap     ] GC(17) Survivor regions: 1->1(77)
[2023-07-07T02:19:19.284+0000][29442][gc,heap     ] GC(17) Old regions: 81->81
[2023-07-07T02:19:19.284+0000][29442][gc,heap     ] GC(17) Archive regions: 2->2
[2023-07-07T02:19:19.284+0000][29442][gc,heap     ] GC(17) Humongous regions: 1->1
[2023-07-07T02:19:19.284+0000][29442][gc,metaspace] GC(17) Metaspace: 102438K(104000K)->102438K(104000K) NonClass: 89445K(90432K)->89445K(90432K) Class: 12993K(13568K)->12993K(13568K)
[2023-07-07T02:19:19.284+0000][29442][gc          ] GC(17) Pause Young (Normal) (G1 Evacuation Pause) 695M->82M(1024M) 5.086ms
[2023-07-07T02:19:19.284+0000][29442][gc,cpu      ] GC(17) User=0.01s Sys=0.00s Real=0.01s
[2023-07-07T02:19:19.284+0000][29442][safepoint   ] Safepoint "G1CollectForAllocation", Time since last: 200257091004 ns, Reaching safepoint: 150418 ns, At safepoint: 5281886 ns, Total: 5432304 ns
[2023-07-07T02:29:09.410+0000][29442][safepoint   ] Safepoint "Cleanup", Time since last: 590126144068 ns, Reaching safepoint: 162255 ns, At safepoint: 13083 ns, Total: 175338 ns
[2023-07-07T02:35:59.508+0000][29442][safepoint   ] Safepoint "Cleanup", Time since last: 410097722822 ns, Reaching safepoint: 142591 ns, At safepoint: 22505 ns, Total: 165096 ns
[2023-07-07T02:42:02.595+0000][29442][safepoint   ] Safepoint "Cleanup", Time since last: 363086341177 ns, Reaching safepoint: 94366 ns, At safepoint: 3542 ns, Total: 97908 ns
[2023-07-07T02:42:38.602+0000][29442][safepoint   ] Safepoint "Cleanup", Time since last: 36007284451 ns, Reaching safepoint: 167678 ns, At safepoint: 13086 ns, Total: 180764 ns
[2023-07-07T02:43:52.622+0000][29442][safepoint   ] Safepoint "Cleanup", Time since last: 74019380430 ns, Reaching safepoint: 162695 ns, At safepoint: 12595 ns, Total: 175290 ns
[2023-07-07T02:46:52.667+0000][29442][safepoint   ] Safepoint "Cleanup", Time since last: 180045620172 ns, Reaching safepoint: 159955 ns, At safepoint: 22332 ns, Total: 182287 ns
[2023-07-07T02:53:59.768+0000][29442][safepoint   ] Safepoint "Cleanup", Time since last: 427100816793 ns, Reaching safepoint: 148042 ns, At safepoint: 22413 ns, Total: 170455 ns
[2023-07-07T03:04:59.936+0000][29442][safepoint   ] Safepoint "Cleanup", Time since last: 660167017729 ns, Reaching safepoint: 152064 ns, At safepoint: 23123 ns, Total: 175187 ns
[2023-07-07T03:11:00.008+0000][29442][safepoint   ] Safepoint "Cleanup", Time since last: 360072197160 ns, Reaching safepoint: 140179 ns, At safepoint: 22172 ns, Total: 162351 ns
[2023-07-07T03:18:59.128+0000][29442][safepoint   ] Safepoint "Cleanup", Time since last: 479119815193 ns, Reaching safepoint: 156063 ns, At safepoint: 12307 ns, Total: 168370 ns
[2023-07-07T03:33:42.284+0000][29442][gc,start    ] GC(18) Pause Young (Concurrent Start) (G1 Evacuation Pause)
[2023-07-07T03:33:42.284+0000][29442][gc,task     ] GC(18) Using 4 workers of 4 for evacuation
[2023-07-07T03:33:42.284+0000][29442][gc,age      ] GC(18) Desired survivor size 40370176 bytes, new threshold 15 (max threshold 15)
[2023-07-07T03:33:42.289+0000][29442][gc,age      ] GC(18) Age table with threshold 15 (max threshold 15)
[2023-07-07T03:33:42.289+0000][29442][gc,age      ] GC(18) - age   1:      13288 bytes,      13288 total
[2023-07-07T03:33:42.289+0000][29442][gc,age      ] GC(18) - age   2:        632 bytes,      13920 total
[2023-07-07T03:33:42.289+0000][29442][gc,age      ] GC(18) - age   3:       2080 bytes,      16000 total
[2023-07-07T03:33:42.289+0000][29442][gc,age      ] GC(18) - age   4:       1912 bytes,      17912 total
[2023-07-07T03:33:42.290+0000][29442][gc,phases   ] GC(18)   Pre Evacuate Collection Set: 0.4ms
[2023-07-07T03:33:42.290+0000][29442][gc,phases   ] GC(18)   Merge Heap Roots: 0.3ms
[2023-07-07T03:33:42.290+0000][29442][gc,phases   ] GC(18)   Evacuate Collection Set: 3.1ms
[2023-07-07T03:33:42.290+0000][29442][gc,phases   ] GC(18)   Post Evacuate Collection Set: 1.6ms
[2023-07-07T03:33:42.290+0000][29442][gc,phases   ] GC(18)   Other: 0.6ms
[2023-07-07T03:33:42.290+0000][29442][gc,heap     ] GC(18) Eden regions: 613->0(613)
[2023-07-07T03:33:42.290+0000][29442][gc,heap     ] GC(18) Survivor regions: 1->1(77)
[2023-07-07T03:33:42.290+0000][29442][gc,heap     ] GC(18) Old regions: 81->81
[2023-07-07T03:33:42.290+0000][29442][gc,heap     ] GC(18) Archive regions: 2->2
[2023-07-07T03:33:42.290+0000][29442][gc,heap     ] GC(18) Humongous regions: 1->1
[2023-07-07T03:33:42.290+0000][29442][gc,metaspace] GC(18) Metaspace: 102474K(104064K)->102474K(104064K) NonClass: 89481K(90496K)->89481K(90496K) Class: 12993K(13568K)->12993K(13568K)
[2023-07-07T03:33:42.290+0000][29442][gc          ] GC(18) Pause Young (Concurrent Start) (G1 Evacuation Pause) 695M->82M(1024M) 6.266ms
[2023-07-07T03:33:42.290+0000][29442][gc,cpu      ] GC(18) User=0.01s Sys=0.00s Real=0.00s
[2023-07-07T03:33:42.290+0000][29442][safepoint   ] Safepoint "G1CollectForAllocation", Time since last: 883155462868 ns, Reaching safepoint: 148992 ns, At safepoint: 6477070 ns, Total: 6626062 ns
[2023-07-07T03:33:42.290+0000][29442][gc          ] GC(19) Concurrent Mark Cycle
[2023-07-07T03:33:42.290+0000][29442][gc,marking  ] GC(19) Concurrent Clear Claimed Marks
[2023-07-07T03:33:42.290+0000][29442][gc,marking  ] GC(19) Concurrent Clear Claimed Marks 0.110ms
[2023-07-07T03:33:42.290+0000][29442][gc,marking  ] GC(19) Concurrent Scan Root Regions
[2023-07-07T03:33:42.292+0000][29442][gc,marking  ] GC(19) Concurrent Scan Root Regions 1.659ms
[2023-07-07T03:33:42.292+0000][29442][gc,marking  ] GC(19) Concurrent Mark
[2023-07-07T03:33:42.292+0000][29442][gc,marking  ] GC(19) Concurrent Mark From Roots
[2023-07-07T03:33:42.292+0000][29442][gc,task     ] GC(19) Using 1 workers of 1 for marking
[2023-07-07T03:33:42.382+0000][29442][gc,marking  ] GC(19) Concurrent Mark From Roots 89.826ms
[2023-07-07T03:33:42.382+0000][29442][gc,marking  ] GC(19) Concurrent Preclean
[2023-07-07T03:33:42.382+0000][29442][gc,marking  ] GC(19) Concurrent Preclean 0.233ms
[2023-07-07T03:33:42.382+0000][29442][gc,start    ] GC(19) Pause Remark
[2023-07-07T03:33:42.385+0000][29442][gc          ] GC(19) Pause Remark 83M->83M(1024M) 3.123ms
[2023-07-07T03:33:42.385+0000][29442][gc,cpu      ] GC(19) User=0.01s Sys=0.00s Real=0.00s
[2023-07-07T03:33:42.385+0000][29442][safepoint   ] Safepoint "G1Concurrent", Time since last: 92149229 ns, Reaching safepoint: 125150 ns, At safepoint: 3213363 ns, Total: 3338513 ns
[2023-07-07T03:33:42.386+0000][29442][gc,marking  ] GC(19) Concurrent Mark 93.545ms
[2023-07-07T03:33:42.386+0000][29442][gc,marking  ] GC(19) Concurrent Rebuild Remembered Sets
[2023-07-07T03:33:42.425+0000][29442][gc,marking  ] GC(19) Concurrent Rebuild Remembered Sets 39.091ms
[2023-07-07T03:33:42.425+0000][29442][gc,start    ] GC(19) Pause Cleanup
[2023-07-07T03:33:42.425+0000][29442][gc          ] GC(19) Pause Cleanup 83M->83M(1024M) 0.204ms
[2023-07-07T03:33:42.425+0000][29442][gc,cpu      ] GC(19) User=0.00s Sys=0.00s Real=0.00s
[2023-07-07T03:33:42.425+0000][29442][safepoint   ] Safepoint "G1Concurrent", Time since last: 39206141 ns, Reaching safepoint: 116555 ns, At safepoint: 263591 ns, Total: 380146 ns
[2023-07-07T03:33:42.425+0000][29442][gc,marking  ] GC(19) Concurrent Cleanup for Next Mark
[2023-07-07T03:33:42.426+0000][29442][gc,marking  ] GC(19) Concurrent Cleanup for Next Mark 1.383ms
[2023-07-07T03:33:42.427+0000][29442][gc          ] GC(19) Concurrent Mark Cycle 136.470ms
[2023-07-07T04:37:28.310+0000][29442][safepoint   ] Safepoint "Cleanup", Time since last: 3825884972284 ns, Reaching safepoint: 166616 ns, At safepoint: 14147 ns, Total: 180763 ns
[2023-07-07T04:45:20.423+0000][29442][safepoint   ] Safepoint "Cleanup", Time since last: 472112208835 ns, Reaching safepoint: 162170 ns, At safepoint: 13548 ns, Total: 175718 ns
[2023-07-07T04:46:28.438+0000][29442][safepoint   ] Safepoint "Cleanup", Time since last: 68015101082 ns, Reaching safepoint: 215936 ns, At safepoint: 18505 ns, Total: 234441 ns
[2023-07-07T04:48:04.518+0000][29442][gc,start    ] GC(20) Pause Young (Normal) (G1 Evacuation Pause)
[2023-07-07T04:48:04.518+0000][29442][gc,task     ] GC(20) Using 4 workers of 4 for evacuation
[2023-07-07T04:48:04.518+0000][29442][gc,age      ] GC(20) Desired survivor size 40370176 bytes, new threshold 15 (max threshold 15)
[2023-07-07T04:48:04.523+0000][29442][gc,age      ] GC(20) Age table with threshold 15 (max threshold 15)
[2023-07-07T04:48:04.523+0000][29442][gc,age      ] GC(20) - age   1:      17856 bytes,      17856 total
[2023-07-07T04:48:04.523+0000][29442][gc,age      ] GC(20) - age   2:        648 bytes,      18504 total
[2023-07-07T04:48:04.523+0000][29442][gc,age      ] GC(20) - age   3:        632 bytes,      19136 total
[2023-07-07T04:48:04.523+0000][29442][gc,age      ] GC(20) - age   4:       2080 bytes,      21216 total
[2023-07-07T04:48:04.523+0000][29442][gc,age      ] GC(20) - age   5:       1912 bytes,      23128 total
[2023-07-07T04:48:04.523+0000][29442][gc,phases   ] GC(20)   Pre Evacuate Collection Set: 0.4ms
[2023-07-07T04:48:04.523+0000][29442][gc,phases   ] GC(20)   Merge Heap Roots: 0.4ms
[2023-07-07T04:48:04.523+0000][29442][gc,phases   ] GC(20)   Evacuate Collection Set: 1.9ms
[2023-07-07T04:48:04.523+0000][29442][gc,phases   ] GC(20)   Post Evacuate Collection Set: 2.0ms
[2023-07-07T04:48:04.523+0000][29442][gc,phases   ] GC(20)   Other: 0.5ms
[2023-07-07T04:48:04.523+0000][29442][gc,heap     ] GC(20) Eden regions: 613->0(613)
[2023-07-07T04:48:04.523+0000][29442][gc,heap     ] GC(20) Survivor regions: 1->1(77)
[2023-07-07T04:48:04.523+0000][29442][gc,heap     ] GC(20) Old regions: 81->81
[2023-07-07T04:48:04.523+0000][29442][gc,heap     ] GC(20) Archive regions: 2->2
[2023-07-07T04:48:04.523+0000][29442][gc,heap     ] GC(20) Humongous regions: 1->1
[2023-07-07T04:48:04.523+0000][29442][gc,metaspace] GC(20) Metaspace: 102474K(104064K)->102474K(104064K) NonClass: 89481K(90496K)->89481K(90496K) Class: 12993K(13568K)->12993K(13568K)
[2023-07-07T04:48:04.523+0000][29442][gc          ] GC(20) Pause Young (Normal) (G1 Evacuation Pause) 695M->82M(1024M) 5.517ms
[2023-07-07T04:48:04.523+0000][29442][gc,cpu      ] GC(20) User=0.01s Sys=0.00s Real=0.01s
[2023-07-07T04:48:04.523+0000][29442][safepoint   ] Safepoint "G1CollectForAllocation", Time since last: 96079668432 ns, Reaching safepoint: 131831 ns, At safepoint: 5684770 ns, Total: 5816601 ns
[2023-07-07T05:01:24.709+0000][29442][safepoint   ] Safepoint "Cleanup", Time since last: 800185023706 ns, Reaching safepoint: 161835 ns, At safepoint: 12388 ns, Total: 174223 ns
[2023-07-07T05:23:01.006+0000][29442][safepoint   ] Safepoint "Cleanup", Time since last: 1296297034400 ns, Reaching safepoint: 149070 ns, At safepoint: 13175 ns, Total: 162245 ns
[2023-07-07T05:40:12.250+0000][29442][safepoint   ] Safepoint "Cleanup", Time since last: 1031243804015 ns, Reaching safepoint: 73907 ns, At safepoint: 5958 ns, Total: 79865 ns
[2023-07-07T06:02:26.771+0000][29442][gc,start    ] GC(21) Pause Young (Concurrent Start) (G1 Evacuation Pause)
[2023-07-07T06:02:26.771+0000][29442][gc,task     ] GC(21) Using 4 workers of 4 for evacuation
[2023-07-07T06:02:26.771+0000][29442][gc,age      ] GC(21) Desired survivor size 40370176 bytes, new threshold 15 (max threshold 15)
[2023-07-07T06:02:26.776+0000][29442][gc,age      ] GC(21) Age table with threshold 15 (max threshold 15)
[2023-07-07T06:02:26.776+0000][29442][gc,age      ] GC(21) - age   1:      13016 bytes,      13016 total
[2023-07-07T06:02:26.776+0000][29442][gc,age      ] GC(21) - age   2:       5200 bytes,      18216 total
[2023-07-07T06:02:26.776+0000][29442][gc,age      ] GC(21) - age   3:        648 bytes,      18864 total
[2023-07-07T06:02:26.776+0000][29442][gc,age      ] GC(21) - age   4:        632 bytes,      19496 total
[2023-07-07T06:02:26.776+0000][29442][gc,age      ] GC(21) - age   5:       2080 bytes,      21576 total
[2023-07-07T06:02:26.776+0000][29442][gc,age      ] GC(21) - age   6:       1912 bytes,      23488 total
[2023-07-07T06:02:26.776+0000][29442][gc,phases   ] GC(21)   Pre Evacuate Collection Set: 0.5ms
[2023-07-07T06:02:26.776+0000][29442][gc,phases   ] GC(21)   Merge Heap Roots: 0.4ms
[2023-07-07T06:02:26.776+0000][29442][gc,phases   ] GC(21)   Evacuate Collection Set: 2.3ms
[2023-07-07T06:02:26.776+0000][29442][gc,phases   ] GC(21)   Post Evacuate Collection Set: 1.8ms
[2023-07-07T06:02:26.776+0000][29442][gc,phases   ] GC(21)   Other: 0.6ms
[2023-07-07T06:02:26.776+0000][29442][gc,heap     ] GC(21) Eden regions: 613->0(613)
[2023-07-07T06:02:26.777+0000][29442][gc,heap     ] GC(21) Survivor regions: 1->1(77)
[2023-07-07T06:02:26.777+0000][29442][gc,heap     ] GC(21) Old regions: 81->81
[2023-07-07T06:02:26.777+0000][29442][gc,heap     ] GC(21) Archive regions: 2->2
[2023-07-07T06:02:26.777+0000][29442][gc,heap     ] GC(21) Humongous regions: 1->1
[2023-07-07T06:02:26.777+0000][29442][gc,metaspace] GC(21) Metaspace: 102483K(104064K)->102483K(104064K) NonClass: 89490K(90496K)->89490K(90496K) Class: 12993K(13568K)->12993K(13568K)
[2023-07-07T06:02:26.777+0000][29442][gc          ] GC(21) Pause Young (Concurrent Start) (G1 Evacuation Pause) 695M->82M(1024M) 5.845ms
[2023-07-07T06:02:26.777+0000][29442][gc,cpu      ] GC(21) User=0.02s Sys=0.00s Real=0.01s
[2023-07-07T06:02:26.777+0000][29442][safepoint   ] Safepoint "G1CollectForAllocation", Time since last: 1334520908843 ns, Reaching safepoint: 137305 ns, At safepoint: 6031475 ns, Total: 6168780 ns
[2023-07-07T06:02:26.777+0000][29442][gc          ] GC(22) Concurrent Mark Cycle
[2023-07-07T06:02:26.777+0000][29442][gc,marking  ] GC(22) Concurrent Clear Claimed Marks
[2023-07-07T06:02:26.777+0000][29442][gc,marking  ] GC(22) Concurrent Clear Claimed Marks 0.081ms
[2023-07-07T06:02:26.777+0000][29442][gc,marking  ] GC(22) Concurrent Scan Root Regions
[2023-07-07T06:02:26.779+0000][29442][gc,marking  ] GC(22) Concurrent Scan Root Regions 1.664ms
[2023-07-07T06:02:26.779+0000][29442][gc,marking  ] GC(22) Concurrent Mark
[2023-07-07T06:02:26.779+0000][29442][gc,marking  ] GC(22) Concurrent Mark From Roots
[2023-07-07T06:02:26.779+0000][29442][gc,task     ] GC(22) Using 1 workers of 1 for marking
[2023-07-07T06:02:26.868+0000][29442][gc,marking  ] GC(22) Concurrent Mark From Roots 89.222ms
[2023-07-07T06:02:26.868+0000][29442][gc,marking  ] GC(22) Concurrent Preclean
[2023-07-07T06:02:26.868+0000][29442][gc,marking  ] GC(22) Concurrent Preclean 0.225ms
[2023-07-07T06:02:26.868+0000][29442][gc,start    ] GC(22) Pause Remark
[2023-07-07T06:02:26.872+0000][29442][gc          ] GC(22) Pause Remark 83M->83M(1024M) 3.167ms
[2023-07-07T06:02:26.872+0000][29442][gc,cpu      ] GC(22) User=0.01s Sys=0.00s Real=0.01s
[2023-07-07T06:02:26.872+0000][29442][safepoint   ] Safepoint "G1Concurrent", Time since last: 91502852 ns, Reaching safepoint: 127260 ns, At safepoint: 3211497 ns, Total: 3338757 ns
[2023-07-07T06:02:26.872+0000][29442][gc,marking  ] GC(22) Concurrent Mark 92.934ms
[2023-07-07T06:02:26.872+0000][29442][gc,marking  ] GC(22) Concurrent Rebuild Remembered Sets
[2023-07-07T06:02:26.911+0000][29442][gc,marking  ] GC(22) Concurrent Rebuild Remembered Sets 38.830ms
[2023-07-07T06:02:26.911+0000][29442][gc,start    ] GC(22) Pause Cleanup
[2023-07-07T06:02:26.911+0000][29442][gc          ] GC(22) Pause Cleanup 83M->83M(1024M) 0.228ms
[2023-07-07T06:02:26.911+0000][29442][gc,cpu      ] GC(22) User=0.00s Sys=0.00s Real=0.00s
[2023-07-07T06:02:26.911+0000][29442][safepoint   ] Safepoint "G1Concurrent", Time since last: 38974863 ns, Reaching safepoint: 54086 ns, At safepoint: 262739 ns, Total: 316825 ns
[2023-07-07T06:02:26.911+0000][29442][gc,marking  ] GC(22) Concurrent Cleanup for Next Mark
[2023-07-07T06:02:26.912+0000][29442][gc,marking  ] GC(22) Concurrent Cleanup for Next Mark 1.367ms
[2023-07-07T06:02:26.912+0000][29442][gc          ] GC(22) Concurrent Mark Cycle 135.526ms
[2023-07-07T06:04:32.940+0000][29442][safepoint   ] Safepoint "Cleanup", Time since last: 126028893313 ns, Reaching safepoint: 145825 ns, At safepoint: 12185 ns, Total: 158010 ns
[2023-07-07T06:14:08.057+0000][29442][safepoint   ] Safepoint "Cleanup", Time since last: 575116708058 ns, Reaching safepoint: 110359 ns, At safepoint: 11619 ns, Total: 121978 ns
[2023-07-07T06:26:18.179+0000][29442][safepoint   ] Safepoint "Cleanup", Time since last: 730122306199 ns, Reaching safepoint: 189865 ns, At safepoint: 13807 ns, Total: 203672 ns
[2023-07-07T06:30:58.227+0000][29442][safepoint   ] Safepoint "Cleanup", Time since last: 280047678613 ns, Reaching safepoint: 44345 ns, At safepoint: 3968 ns, Total: 48313 ns
[2023-07-07T06:41:43.368+0000][29442][safepoint   ] Safepoint "Cleanup", Time since last: 645140470665 ns, Reaching safepoint: 144498 ns, At safepoint: 12706 ns, Total: 157204 ns
[2023-07-07T07:16:53.578+0000][29442][gc,start    ] GC(23) Pause Young (Normal) (G1 Evacuation Pause)
[2023-07-07T07:16:53.578+0000][29442][gc,task     ] GC(23) Using 4 workers of 4 for evacuation
[2023-07-07T07:16:53.578+0000][29442][gc,age      ] GC(23) Desired survivor size 40370176 bytes, new threshold 15 (max threshold 15)
[2023-07-07T07:16:53.582+0000][29442][gc,age      ] GC(23) Age table with threshold 15 (max threshold 15)
[2023-07-07T07:16:53.582+0000][29442][gc,age      ] GC(23) - age   1:      12640 bytes,      12640 total
[2023-07-07T07:16:53.582+0000][29442][gc,age      ] GC(23) - age   2:        376 bytes,      13016 total
[2023-07-07T07:16:53.582+0000][29442][gc,age      ] GC(23) - age   3:       5200 bytes,      18216 total
[2023-07-07T07:16:53.582+0000][29442][gc,age      ] GC(23) - age   4:        648 bytes,      18864 total
[2023-07-07T07:16:53.582+0000][29442][gc,age      ] GC(23) - age   5:        632 bytes,      19496 total
[2023-07-07T07:16:53.582+0000][29442][gc,age      ] GC(23) - age   6:       2080 bytes,      21576 total
[2023-07-07T07:16:53.582+0000][29442][gc,age      ] GC(23) - age   7:       1912 bytes,      23488 total
[2023-07-07T07:16:53.582+0000][29442][gc,phases   ] GC(23)   Pre Evacuate Collection Set: 0.3ms
[2023-07-07T07:16:53.582+0000][29442][gc,phases   ] GC(23)   Merge Heap Roots: 0.4ms
[2023-07-07T07:16:53.582+0000][29442][gc,phases   ] GC(23)   Evacuate Collection Set: 1.6ms
[2023-07-07T07:16:53.582+0000][29442][gc,phases   ] GC(23)   Post Evacuate Collection Set: 1.6ms
[2023-07-07T07:16:53.582+0000][29442][gc,phases   ] GC(23)   Other: 0.5ms
[2023-07-07T07:16:53.582+0000][29442][gc,heap     ] GC(23) Eden regions: 613->0(613)
[2023-07-07T07:16:53.582+0000][29442][gc,heap     ] GC(23) Survivor regions: 1->1(77)
[2023-07-07T07:16:53.582+0000][29442][gc,heap     ] GC(23) Old regions: 81->81
[2023-07-07T07:16:53.582+0000][29442][gc,heap     ] GC(23) Archive regions: 2->2
[2023-07-07T07:16:53.582+0000][29442][gc,heap     ] GC(23) Humongous regions: 1->1
[2023-07-07T07:16:53.582+0000][29442][gc,metaspace] GC(23) Metaspace: 102483K(104064K)->102483K(104064K) NonClass: 89490K(90496K)->89490K(90496K) Class: 12993K(13568K)->12993K(13568K)
[2023-07-07T07:16:53.582+0000][29442][gc          ] GC(23) Pause Young (Normal) (G1 Evacuation Pause) 695M->82M(1024M) 4.753ms
[2023-07-07T07:16:53.582+0000][29442][gc,cpu      ] GC(23) User=0.01s Sys=0.00s Real=0.01s
[2023-07-07T07:16:53.583+0000][29442][safepoint   ] Safepoint "G1CollectForAllocation", Time since last: 2110209808146 ns, Reaching safepoint: 135865 ns, At safepoint: 4921201 ns, Total: 5057066 ns
[2023-07-07T07:31:00.755+0000][29442][safepoint   ] Safepoint "Cleanup", Time since last: 847172093510 ns, Reaching safepoint: 48383 ns, At safepoint: 6451 ns, Total: 54834 ns
[2023-07-07T08:31:21.363+0000][29442][gc,start    ] GC(24) Pause Young (Concurrent Start) (G1 Evacuation Pause)
[2023-07-07T08:31:21.363+0000][29442][gc,task     ] GC(24) Using 4 workers of 4 for evacuation
[2023-07-07T08:31:21.363+0000][29442][gc,age      ] GC(24) Desired survivor size 40370176 bytes, new threshold 15 (max threshold 15)
[2023-07-07T08:31:21.368+0000][29442][gc,age      ] GC(24) Age table with threshold 15 (max threshold 15)
[2023-07-07T08:31:21.368+0000][29442][gc,age      ] GC(24) - age   1:      13016 bytes,      13016 total
[2023-07-07T08:31:21.368+0000][29442][gc,age      ] GC(24) - age   3:        376 bytes,      13392 total
[2023-07-07T08:31:21.368+0000][29442][gc,age      ] GC(24) - age   4:       5200 bytes,      18592 total
[2023-07-07T08:31:21.368+0000][29442][gc,age      ] GC(24) - age   5:        648 bytes,      19240 total
[2023-07-07T08:31:21.368+0000][29442][gc,age      ] GC(24) - age   6:        632 bytes,      19872 total
[2023-07-07T08:31:21.368+0000][29442][gc,age      ] GC(24) - age   7:       2080 bytes,      21952 total
[2023-07-07T08:31:21.368+0000][29442][gc,age      ] GC(24) - age   8:       1912 bytes,      23864 total
[2023-07-07T08:31:21.368+0000][29442][gc,phases   ] GC(24)   Pre Evacuate Collection Set: 0.5ms
[2023-07-07T08:31:21.368+0000][29442][gc,phases   ] GC(24)   Merge Heap Roots: 0.4ms
[2023-07-07T08:31:21.368+0000][29442][gc,phases   ] GC(24)   Evacuate Collection Set: 2.4ms
[2023-07-07T08:31:21.368+0000][29442][gc,phases   ] GC(24)   Post Evacuate Collection Set: 1.6ms
[2023-07-07T08:31:21.368+0000][29442][gc,phases   ] GC(24)   Other: 0.7ms
[2023-07-07T08:31:21.368+0000][29442][gc,heap     ] GC(24) Eden regions: 613->0(613)
[2023-07-07T08:31:21.368+0000][29442][gc,heap     ] GC(24) Survivor regions: 1->1(77)
[2023-07-07T08:31:21.368+0000][29442][gc,heap     ] GC(24) Old regions: 81->81
[2023-07-07T08:31:21.369+0000][29442][gc,heap     ] GC(24) Archive regions: 2->2
[2023-07-07T08:31:21.369+0000][29442][gc,heap     ] GC(24) Humongous regions: 1->1
[2023-07-07T08:31:21.369+0000][29442][gc,metaspace] GC(24) Metaspace: 102508K(104064K)->102508K(104064K) NonClass: 89515K(90496K)->89515K(90496K) Class: 12993K(13568K)->12993K(13568K)
[2023-07-07T08:31:21.369+0000][29442][gc          ] GC(24) Pause Young (Concurrent Start) (G1 Evacuation Pause) 695M->82M(1024M) 5.837ms
[2023-07-07T08:31:21.369+0000][29442][gc,cpu      ] GC(24) User=0.01s Sys=0.00s Real=0.00s
[2023-07-07T08:31:21.369+0000][29442][safepoint   ] Safepoint "G1CollectForAllocation", Time since last: 3620607905598 ns, Reaching safepoint: 107154 ns, At safepoint: 6024799 ns, Total: 6131953 ns
[2023-07-07T08:31:21.369+0000][29442][gc          ] GC(25) Concurrent Mark Cycle
[2023-07-07T08:31:21.369+0000][29442][gc,marking  ] GC(25) Concurrent Clear Claimed Marks
[2023-07-07T08:31:21.369+0000][29442][gc,marking  ] GC(25) Concurrent Clear Claimed Marks 0.096ms
[2023-07-07T08:31:21.369+0000][29442][gc,marking  ] GC(25) Concurrent Scan Root Regions
[2023-07-07T08:31:21.371+0000][29442][gc,marking  ] GC(25) Concurrent Scan Root Regions 1.717ms
[2023-07-07T08:31:21.371+0000][29442][gc,marking  ] GC(25) Concurrent Mark
[2023-07-07T08:31:21.371+0000][29442][gc,marking  ] GC(25) Concurrent Mark From Roots
[2023-07-07T08:31:21.371+0000][29442][gc,task     ] GC(25) Using 1 workers of 1 for marking
[2023-07-07T08:31:21.462+0000][29442][gc,marking  ] GC(25) Concurrent Mark From Roots 90.898ms
[2023-07-07T08:31:21.462+0000][29442][gc,marking  ] GC(25) Concurrent Preclean
[2023-07-07T08:31:21.462+0000][29442][gc,marking  ] GC(25) Concurrent Preclean 0.233ms
[2023-07-07T08:31:21.462+0000][29442][gc,start    ] GC(25) Pause Remark
[2023-07-07T08:31:21.465+0000][29442][gc          ] GC(25) Pause Remark 83M->83M(1024M) 3.161ms
[2023-07-07T08:31:21.465+0000][29442][gc,cpu      ] GC(25) User=0.01s Sys=0.00s Real=0.00s
[2023-07-07T08:31:21.465+0000][29442][safepoint   ] Safepoint "G1Concurrent", Time since last: 93251070 ns, Reaching safepoint: 69853 ns, At safepoint: 3233304 ns, Total: 3303157 ns
[2023-07-07T08:31:21.465+0000][29442][gc,marking  ] GC(25) Concurrent Mark 94.592ms
[2023-07-07T08:31:21.465+0000][29442][gc,marking  ] GC(25) Concurrent Rebuild Remembered Sets
[2023-07-07T08:31:21.504+0000][29442][gc,marking  ] GC(25) Concurrent Rebuild Remembered Sets 38.914ms
[2023-07-07T08:31:21.504+0000][29442][gc,start    ] GC(25) Pause Cleanup
[2023-07-07T08:31:21.505+0000][29442][gc          ] GC(25) Pause Cleanup 83M->83M(1024M) 0.239ms
[2023-07-07T08:31:21.505+0000][29442][gc,cpu      ] GC(25) User=0.00s Sys=0.00s Real=0.00s
[2023-07-07T08:31:21.505+0000][29442][safepoint   ] Safepoint "G1Concurrent", Time since last: 39068117 ns, Reaching safepoint: 56051 ns, At safepoint: 274110 ns, Total: 330161 ns
[2023-07-07T08:31:21.505+0000][29442][gc,marking  ] GC(25) Concurrent Cleanup for Next Mark
[2023-07-07T08:31:21.506+0000][29442][gc,marking  ] GC(25) Concurrent Cleanup for Next Mark 1.390ms
[2023-07-07T08:31:21.506+0000][29442][gc          ] GC(25) Concurrent Mark Cycle 137.345ms
[2023-07-07T09:17:59.144+0000][29442][safepoint   ] Safepoint "Cleanup", Time since last: 2797639323383 ns, Reaching safepoint: 175598 ns, At safepoint: 23540 ns, Total: 199138 ns
[2023-07-07T09:45:44.285+0000][29442][gc,start    ] GC(26) Pause Young (Normal) (G1 Evacuation Pause)
[2023-07-07T09:45:44.285+0000][29442][gc,task     ] GC(26) Using 4 workers of 4 for evacuation
[2023-07-07T09:45:44.285+0000][29442][gc,age      ] GC(26) Desired survivor size 40370176 bytes, new threshold 15 (max threshold 15)
[2023-07-07T09:45:44.290+0000][29442][gc,age      ] GC(26) Age table with threshold 15 (max threshold 15)
[2023-07-07T09:45:44.290+0000][29442][gc,age      ] GC(26) - age   1:      12640 bytes,      12640 total
[2023-07-07T09:45:44.290+0000][29442][gc,age      ] GC(26) - age   2:        344 bytes,      12984 total
[2023-07-07T09:45:44.290+0000][29442][gc,age      ] GC(26) - age   4:        376 bytes,      13360 total
[2023-07-07T09:45:44.290+0000][29442][gc,age      ] GC(26) - age   5:       5200 bytes,      18560 total
[2023-07-07T09:45:44.290+0000][29442][gc,age      ] GC(26) - age   6:        648 bytes,      19208 total
[2023-07-07T09:45:44.290+0000][29442][gc,age      ] GC(26) - age   7:        632 bytes,      19840 total
[2023-07-07T09:45:44.290+0000][29442][gc,age      ] GC(26) - age   8:       2080 bytes,      21920 total
[2023-07-07T09:45:44.290+0000][29442][gc,age      ] GC(26) - age   9:       1912 bytes,      23832 total
[2023-07-07T09:45:44.290+0000][29442][gc,phases   ] GC(26)   Pre Evacuate Collection Set: 0.4ms
[2023-07-07T09:45:44.290+0000][29442][gc,phases   ] GC(26)   Merge Heap Roots: 0.4ms
[2023-07-07T09:45:44.290+0000][29442][gc,phases   ] GC(26)   Evacuate Collection Set: 2.0ms
[2023-07-07T09:45:44.290+0000][29442][gc,phases   ] GC(26)   Post Evacuate Collection Set: 1.7ms
[2023-07-07T09:45:44.290+0000][29442][gc,phases   ] GC(26)   Other: 0.6ms
[2023-07-07T09:45:44.290+0000][29442][gc,heap     ] GC(26) Eden regions: 613->0(613)
[2023-07-07T09:45:44.290+0000][29442][gc,heap     ] GC(26) Survivor regions: 1->1(77)
[2023-07-07T09:45:44.290+0000][29442][gc,heap     ] GC(26) Old regions: 81->81
[2023-07-07T09:45:44.290+0000][29442][gc,heap     ] GC(26) Archive regions: 2->2
[2023-07-07T09:45:44.290+0000][29442][gc,heap     ] GC(26) Humongous regions: 1->1
[2023-07-07T09:45:44.290+0000][29442][gc,metaspace] GC(26) Metaspace: 102508K(104064K)->102508K(104064K) NonClass: 89515K(90496K)->89515K(90496K) Class: 12993K(13568K)->12993K(13568K)
[2023-07-07T09:45:44.290+0000][29442][gc          ] GC(26) Pause Young (Normal) (G1 Evacuation Pause) 695M->82M(1024M) 5.335ms
[2023-07-07T09:45:44.290+0000][29442][gc,cpu      ] GC(26) User=0.02s Sys=0.00s Real=0.00s
[2023-07-07T09:45:44.290+0000][29442][safepoint   ] Safepoint "G1CollectForAllocation", Time since last: 1665140605661 ns, Reaching safepoint: 93925 ns, At safepoint: 5509150 ns, Total: 5603075 ns
[2023-07-07T10:27:58.888+0000][29442][safepoint   ] Safepoint "Cleanup", Time since last: 2534597252844 ns, Reaching safepoint: 157581 ns, At safepoint: 22784 ns, Total: 180365 ns
[2023-07-07T11:00:04.350+0000][29442][gc,start    ] GC(27) Pause Young (Concurrent Start) (G1 Evacuation Pause)
[2023-07-07T11:00:04.350+0000][29442][gc,task     ] GC(27) Using 4 workers of 4 for evacuation
[2023-07-07T11:00:04.350+0000][29442][gc,age      ] GC(27) Desired survivor size 40370176 bytes, new threshold 15 (max threshold 15)
[2023-07-07T11:00:04.352+0000][29442][gc,age      ] GC(27) Age table with threshold 15 (max threshold 15)
[2023-07-07T11:00:04.352+0000][29442][gc,age      ] GC(27) - age   1:       4080 bytes,       4080 total
[2023-07-07T11:00:04.352+0000][29442][gc,age      ] GC(27) - age   3:        344 bytes,       4424 total
[2023-07-07T11:00:04.352+0000][29442][gc,age      ] GC(27) - age   5:        376 bytes,       4800 total
[2023-07-07T11:00:04.352+0000][29442][gc,age      ] GC(27) - age   6:       5200 bytes,      10000 total
[2023-07-07T11:00:04.352+0000][29442][gc,age      ] GC(27) - age   7:        648 bytes,      10648 total
[2023-07-07T11:00:04.352+0000][29442][gc,age      ] GC(27) - age   8:        632 bytes,      11280 total
[2023-07-07T11:00:04.352+0000][29442][gc,age      ] GC(27) - age   9:       2080 bytes,      13360 total
[2023-07-07T11:00:04.352+0000][29442][gc,age      ] GC(27) - age  10:       1912 bytes,      15272 total
[2023-07-07T11:00:04.352+0000][29442][gc,phases   ] GC(27)   Pre Evacuate Collection Set: 0.2ms
[2023-07-07T11:00:04.352+0000][29442][gc,phases   ] GC(27)   Merge Heap Roots: 0.1ms
[2023-07-07T11:00:04.352+0000][29442][gc,phases   ] GC(27)   Evacuate Collection Set: 0.8ms
[2023-07-07T11:00:04.352+0000][29442][gc,phases   ] GC(27)   Post Evacuate Collection Set: 0.9ms
[2023-07-07T11:00:04.352+0000][29442][gc,phases   ] GC(27)   Other: 0.2ms
[2023-07-07T11:00:04.352+0000][29442][gc,heap     ] GC(27) Eden regions: 613->0(613)
[2023-07-07T11:00:04.352+0000][29442][gc,heap     ] GC(27) Survivor regions: 1->1(77)
[2023-07-07T11:00:04.352+0000][29442][gc,heap     ] GC(27) Old regions: 81->81
[2023-07-07T11:00:04.352+0000][29442][gc,heap     ] GC(27) Archive regions: 2->2
[2023-07-07T11:00:04.352+0000][29442][gc,heap     ] GC(27) Humongous regions: 1->1
[2023-07-07T11:00:04.352+0000][29442][gc,metaspace] GC(27) Metaspace: 102508K(104064K)->102508K(104064K) NonClass: 89515K(90496K)->89515K(90496K) Class: 12993K(13568K)->12993K(13568K)
[2023-07-07T11:00:04.352+0000][29442][gc          ] GC(27) Pause Young (Concurrent Start) (G1 Evacuation Pause) 695M->82M(1024M) 2.188ms
[2023-07-07T11:00:04.352+0000][29442][gc,cpu      ] GC(27) User=0.00s Sys=0.00s Real=0.01s
[2023-07-07T11:00:04.352+0000][29442][gc          ] GC(28) Concurrent Mark Cycle
[2023-07-07T11:00:04.352+0000][29442][gc,marking  ] GC(28) Concurrent Clear Claimed Marks
[2023-07-07T11:00:04.352+0000][29442][safepoint   ] Safepoint "G1CollectForAllocation", Time since last: 1925461676169 ns, Reaching safepoint: 87933 ns, At safepoint: 2255726 ns, Total: 2343659 ns
[2023-07-07T11:00:04.352+0000][29442][gc,marking  ] GC(28) Concurrent Clear Claimed Marks 0.061ms
[2023-07-07T11:00:04.352+0000][29442][gc,marking  ] GC(28) Concurrent Scan Root Regions
[2023-07-07T11:00:04.353+0000][29442][gc,marking  ] GC(28) Concurrent Scan Root Regions 0.589ms
[2023-07-07T11:00:04.353+0000][29442][gc,marking  ] GC(28) Concurrent Mark
[2023-07-07T11:00:04.353+0000][29442][gc,marking  ] GC(28) Concurrent Mark From Roots
[2023-07-07T11:00:04.353+0000][29442][gc,task     ] GC(28) Using 1 workers of 1 for marking
[2023-07-07T11:00:04.442+0000][29442][gc,marking  ] GC(28) Concurrent Mark From Roots 89.320ms
[2023-07-07T11:00:04.442+0000][29442][gc,marking  ] GC(28) Concurrent Preclean
[2023-07-07T11:00:04.442+0000][29442][gc,marking  ] GC(28) Concurrent Preclean 0.256ms
[2023-07-07T11:00:04.442+0000][29442][gc,start    ] GC(28) Pause Remark
[2023-07-07T11:00:04.446+0000][29442][gc          ] GC(28) Pause Remark 83M->83M(1024M) 3.923ms
[2023-07-07T11:00:04.446+0000][29442][gc,cpu      ] GC(28) User=0.01s Sys=0.00s Real=0.00s
[2023-07-07T11:00:04.446+0000][29442][safepoint   ] Safepoint "G1Concurrent", Time since last: 90382132 ns, Reaching safepoint: 119813 ns, At safepoint: 3991273 ns, Total: 4111086 ns
[2023-07-07T11:00:04.446+0000][29442][gc,marking  ] GC(28) Concurrent Mark 93.833ms
[2023-07-07T11:00:04.446+0000][29442][gc,marking  ] GC(28) Concurrent Rebuild Remembered Sets
[2023-07-07T11:00:04.487+0000][29442][gc,marking  ] GC(28) Concurrent Rebuild Remembered Sets 40.342ms
[2023-07-07T11:00:04.487+0000][29442][gc,start    ] GC(28) Pause Cleanup
[2023-07-07T11:00:04.487+0000][29442][gc          ] GC(28) Pause Cleanup 83M->83M(1024M) 0.176ms
[2023-07-07T11:00:04.487+0000][29442][gc,cpu      ] GC(28) User=0.00s Sys=0.00s Real=0.00s
[2023-07-07T11:00:04.487+0000][29442][safepoint   ] Safepoint "G1Concurrent", Time since last: 40490581 ns, Reaching safepoint: 55656 ns, At safepoint: 218991 ns, Total: 274647 ns
[2023-07-07T11:00:04.487+0000][29442][gc,marking  ] GC(28) Concurrent Cleanup for Next Mark
[2023-07-07T11:00:04.489+0000][29442][gc,marking  ] GC(28) Concurrent Cleanup for Next Mark 1.509ms
[2023-07-07T11:00:04.489+0000][29442][gc          ] GC(28) Concurrent Mark Cycle 136.807ms
[2023-07-07T12:14:27.282+0000][29442][gc,start    ] GC(29) Pause Young (Normal) (G1 Evacuation Pause)
[2023-07-07T12:14:27.282+0000][29442][gc,task     ] GC(29) Using 4 workers of 4 for evacuation
[2023-07-07T12:14:27.282+0000][29442][gc,age      ] GC(29) Desired survivor size 40370176 bytes, new threshold 15 (max threshold 15)
[2023-07-07T12:14:27.287+0000][29442][gc,age      ] GC(29) Age table with threshold 15 (max threshold 15)
[2023-07-07T12:14:27.287+0000][29442][gc,age      ] GC(29) - age   1:      12672 bytes,      12672 total
[2023-07-07T12:14:27.287+0000][29442][gc,age      ] GC(29) - age   4:        344 bytes,      13016 total
[2023-07-07T12:14:27.287+0000][29442][gc,age      ] GC(29) - age   6:        376 bytes,      13392 total
[2023-07-07T12:14:27.287+0000][29442][gc,age      ] GC(29) - age   7:       5200 bytes,      18592 total
[2023-07-07T12:14:27.287+0000][29442][gc,age      ] GC(29) - age   8:        648 bytes,      19240 total
[2023-07-07T12:14:27.287+0000][29442][gc,age      ] GC(29) - age   9:        632 bytes,      19872 total
[2023-07-07T12:14:27.287+0000][29442][gc,age      ] GC(29) - age  10:       2080 bytes,      21952 total
[2023-07-07T12:14:27.287+0000][29442][gc,age      ] GC(29) - age  11:       1912 bytes,      23864 total
[2023-07-07T12:14:27.287+0000][29442][gc,phases   ] GC(29)   Pre Evacuate Collection Set: 0.4ms
[2023-07-07T12:14:27.287+0000][29442][gc,phases   ] GC(29)   Merge Heap Roots: 0.5ms
[2023-07-07T12:14:27.287+0000][29442][gc,phases   ] GC(29)   Evacuate Collection Set: 2.0ms
[2023-07-07T12:14:27.288+0000][29442][gc,phases   ] GC(29)   Post Evacuate Collection Set: 1.7ms
[2023-07-07T12:14:27.288+0000][29442][gc,phases   ] GC(29)   Other: 0.6ms
[2023-07-07T12:14:27.288+0000][29442][gc,heap     ] GC(29) Eden regions: 613->0(613)
[2023-07-07T12:14:27.288+0000][29442][gc,heap     ] GC(29) Survivor regions: 1->1(77)
[2023-07-07T12:14:27.288+0000][29442][gc,heap     ] GC(29) Old regions: 81->81
[2023-07-07T12:14:27.288+0000][29442][gc,heap     ] GC(29) Archive regions: 2->2
[2023-07-07T12:14:27.288+0000][29442][gc,heap     ] GC(29) Humongous regions: 1->1
[2023-07-07T12:14:27.288+0000][29442][gc,metaspace] GC(29) Metaspace: 102508K(104064K)->102508K(104064K) NonClass: 89515K(90496K)->89515K(90496K) Class: 12993K(13568K)->12993K(13568K)
[2023-07-07T12:14:27.288+0000][29442][gc          ] GC(29) Pause Young (Normal) (G1 Evacuation Pause) 695M->82M(1024M) 5.429ms
[2023-07-07T12:14:27.288+0000][29442][gc,cpu      ] GC(29) User=0.01s Sys=0.00s Real=0.00s
[2023-07-07T12:14:27.288+0000][29442][safepoint   ] Safepoint "G1CollectForAllocation", Time since last: 4462794996562 ns, Reaching safepoint: 124668 ns, At safepoint: 5598031 ns, Total: 5722699 ns
[2023-07-07T12:49:58.771+0000][29442][safepoint   ] Safepoint "Cleanup", Time since last: 2131482607984 ns, Reaching safepoint: 180571 ns, At safepoint: 23552 ns, Total: 204123 ns
[2023-07-07T12:58:57.896+0000][29442][safepoint   ] Safepoint "Cleanup", Time since last: 539125553809 ns, Reaching safepoint: 150686 ns, At safepoint: 22548 ns, Total: 173234 ns
[2023-07-07T13:28:50.426+0000][29442][gc,start    ] GC(30) Pause Young (Concurrent Start) (G1 Evacuation Pause)
[2023-07-07T13:28:50.426+0000][29442][gc,task     ] GC(30) Using 4 workers of 4 for evacuation
[2023-07-07T13:28:50.426+0000][29442][gc,age      ] GC(30) Desired survivor size 40370176 bytes, new threshold 15 (max threshold 15)
[2023-07-07T13:28:50.431+0000][29442][gc,age      ] GC(30) Age table with threshold 15 (max threshold 15)
[2023-07-07T13:28:50.431+0000][29442][gc,age      ] GC(30) - age   1:       4552 bytes,       4552 total
[2023-07-07T13:28:50.431+0000][29442][gc,age      ] GC(30) - age   5:        344 bytes,       4896 total
[2023-07-07T13:28:50.431+0000][29442][gc,age      ] GC(30) - age   7:        376 bytes,       5272 total
[2023-07-07T13:28:50.432+0000][29442][gc,age      ] GC(30) - age   8:       5200 bytes,      10472 total
[2023-07-07T13:28:50.432+0000][29442][gc,age      ] GC(30) - age   9:        648 bytes,      11120 total
[2023-07-07T13:28:50.432+0000][29442][gc,age      ] GC(30) - age  10:        632 bytes,      11752 total
[2023-07-07T13:28:50.432+0000][29442][gc,age      ] GC(30) - age  11:       2080 bytes,      13832 total
[2023-07-07T13:28:50.432+0000][29442][gc,age      ] GC(30) - age  12:       1912 bytes,      15744 total
[2023-07-07T13:28:50.432+0000][29442][gc,phases   ] GC(30)   Pre Evacuate Collection Set: 0.5ms
[2023-07-07T13:28:50.432+0000][29442][gc,phases   ] GC(30)   Merge Heap Roots: 0.4ms
[2023-07-07T13:28:50.432+0000][29442][gc,phases   ] GC(30)   Evacuate Collection Set: 2.4ms
[2023-07-07T13:28:50.432+0000][29442][gc,phases   ] GC(30)   Post Evacuate Collection Set: 1.6ms
[2023-07-07T13:28:50.432+0000][29442][gc,phases   ] GC(30)   Other: 0.7ms
[2023-07-07T13:28:50.432+0000][29442][gc,heap     ] GC(30) Eden regions: 613->0(613)
[2023-07-07T13:28:50.432+0000][29442][gc,heap     ] GC(30) Survivor regions: 1->1(77)
[2023-07-07T13:28:50.432+0000][29442][gc,heap     ] GC(30) Old regions: 81->81
[2023-07-07T13:28:50.432+0000][29442][gc,heap     ] GC(30) Archive regions: 2->2
[2023-07-07T13:28:50.432+0000][29442][gc,heap     ] GC(30) Humongous regions: 1->1
[2023-07-07T13:28:50.432+0000][29442][gc,metaspace] GC(30) Metaspace: 102508K(104064K)->102508K(104064K) NonClass: 89515K(90496K)->89515K(90496K) Class: 12993K(13568K)->12993K(13568K)
[2023-07-07T13:28:50.432+0000][29442][gc          ] GC(30) Pause Young (Concurrent Start) (G1 Evacuation Pause) 695M->82M(1024M) 5.765ms
[2023-07-07T13:28:50.432+0000][29442][gc,cpu      ] GC(30) User=0.01s Sys=0.00s Real=0.01s
[2023-07-07T13:28:50.432+0000][29442][safepoint   ] Safepoint "G1CollectForAllocation", Time since last: 1792529641327 ns, Reaching safepoint: 118874 ns, At safepoint: 5970999 ns, Total: 6089873 ns
[2023-07-07T13:28:50.432+0000][29442][gc          ] GC(31) Concurrent Mark Cycle
[2023-07-07T13:28:50.432+0000][29442][gc,marking  ] GC(31) Concurrent Clear Claimed Marks
[2023-07-07T13:28:50.432+0000][29442][gc,marking  ] GC(31) Concurrent Clear Claimed Marks 0.075ms
[2023-07-07T13:28:50.432+0000][29442][gc,marking  ] GC(31) Concurrent Scan Root Regions
[2023-07-07T13:28:50.434+0000][29442][gc,marking  ] GC(31) Concurrent Scan Root Regions 1.649ms
[2023-07-07T13:28:50.434+0000][29442][gc,marking  ] GC(31) Concurrent Mark
[2023-07-07T13:28:50.434+0000][29442][gc,marking  ] GC(31) Concurrent Mark From Roots
[2023-07-07T13:28:50.434+0000][29442][gc,task     ] GC(31) Using 1 workers of 1 for marking
[2023-07-07T13:28:50.524+0000][29442][gc,marking  ] GC(31) Concurrent Mark From Roots 89.577ms
[2023-07-07T13:28:50.524+0000][29442][gc,marking  ] GC(31) Concurrent Preclean
[2023-07-07T13:28:50.524+0000][29442][gc,marking  ] GC(31) Concurrent Preclean 0.218ms
[2023-07-07T13:28:50.524+0000][29442][gc,start    ] GC(31) Pause Remark
[2023-07-07T13:28:50.527+0000][29442][gc          ] GC(31) Pause Remark 83M->83M(1024M) 3.055ms
[2023-07-07T13:28:50.527+0000][29442][gc,cpu      ] GC(31) User=0.01s Sys=0.00s Real=0.00s
[2023-07-07T13:28:50.527+0000][29442][safepoint   ] Safepoint "G1Concurrent", Time since last: 91851064 ns, Reaching safepoint: 70828 ns, At safepoint: 3102311 ns, Total: 3173139 ns
[2023-07-07T13:28:50.527+0000][29442][gc,marking  ] GC(31) Concurrent Mark 93.139ms
[2023-07-07T13:28:50.527+0000][29442][gc,marking  ] GC(31) Concurrent Rebuild Remembered Sets
[2023-07-07T13:28:50.566+0000][29442][gc,marking  ] GC(31) Concurrent Rebuild Remembered Sets 38.700ms
[2023-07-07T13:28:50.566+0000][29442][gc,start    ] GC(31) Pause Cleanup
[2023-07-07T13:28:50.566+0000][29442][gc          ] GC(31) Pause Cleanup 83M->83M(1024M) 0.255ms
[2023-07-07T13:28:50.566+0000][29442][gc,cpu      ] GC(31) User=0.00s Sys=0.00s Real=0.00s
[2023-07-07T13:28:50.566+0000][29442][safepoint   ] Safepoint "G1Concurrent", Time since last: 38850878 ns, Reaching safepoint: 52245 ns, At safepoint: 289517 ns, Total: 341762 ns
[2023-07-07T13:28:50.566+0000][29442][gc,marking  ] GC(31) Concurrent Cleanup for Next Mark
[2023-07-07T13:28:50.568+0000][29442][gc,marking  ] GC(31) Concurrent Cleanup for Next Mark 1.402ms
[2023-07-07T13:28:50.568+0000][29442][gc          ] GC(31) Concurrent Mark Cycle 135.608ms
[2023-07-07T13:59:10.981+0000][29442][safepoint   ] Safepoint "Cleanup", Time since last: 1820414111357 ns, Reaching safepoint: 167655 ns, At safepoint: 13235 ns, Total: 180890 ns
[2023-07-07T14:07:59.103+0000][29442][safepoint   ] Safepoint "Cleanup", Time since last: 528121820250 ns, Reaching safepoint: 160515 ns, At safepoint: 22488 ns, Total: 183003 ns
[2023-07-07T14:43:14.495+0000][29442][gc,start    ] GC(32) Pause Young (Normal) (G1 Evacuation Pause)
[2023-07-07T14:43:14.495+0000][29442][gc,task     ] GC(32) Using 4 workers of 4 for evacuation
[2023-07-07T14:43:14.495+0000][29442][gc,age      ] GC(32) Desired survivor size 40370176 bytes, new threshold 15 (max threshold 15)
[2023-07-07T14:43:14.500+0000][29442][gc,age      ] GC(32) Age table with threshold 15 (max threshold 15)
[2023-07-07T14:43:14.500+0000][29442][gc,age      ] GC(32) - age   1:       5248 bytes,       5248 total
[2023-07-07T14:43:14.500+0000][29442][gc,age      ] GC(32) - age   6:        344 bytes,       5592 total
[2023-07-07T14:43:14.500+0000][29442][gc,age      ] GC(32) - age   8:        376 bytes,       5968 total
[2023-07-07T14:43:14.500+0000][29442][gc,age      ] GC(32) - age   9:       5200 bytes,      11168 total
[2023-07-07T14:43:14.500+0000][29442][gc,age      ] GC(32) - age  10:        648 bytes,      11816 total
[2023-07-07T14:43:14.500+0000][29442][gc,age      ] GC(32) - age  11:        632 bytes,      12448 total
[2023-07-07T14:43:14.500+0000][29442][gc,age      ] GC(32) - age  12:       2080 bytes,      14528 total
[2023-07-07T14:43:14.500+0000][29442][gc,age      ] GC(32) - age  13:       1912 bytes,      16440 total
[2023-07-07T14:43:14.500+0000][29442][gc,phases   ] GC(32)   Pre Evacuate Collection Set: 0.3ms
[2023-07-07T14:43:14.500+0000][29442][gc,phases   ] GC(32)   Merge Heap Roots: 0.4ms
[2023-07-07T14:43:14.500+0000][29442][gc,phases   ] GC(32)   Evacuate Collection Set: 1.9ms
[2023-07-07T14:43:14.500+0000][29442][gc,phases   ] GC(32)   Post Evacuate Collection Set: 1.8ms
[2023-07-07T14:43:14.500+0000][29442][gc,phases   ] GC(32)   Other: 0.6ms
[2023-07-07T14:43:14.500+0000][29442][gc,heap     ] GC(32) Eden regions: 613->0(613)
[2023-07-07T14:43:14.500+0000][29442][gc,heap     ] GC(32) Survivor regions: 1->1(77)
[2023-07-07T14:43:14.500+0000][29442][gc,heap     ] GC(32) Old regions: 81->81
[2023-07-07T14:43:14.500+0000][29442][gc,heap     ] GC(32) Archive regions: 2->2
[2023-07-07T14:43:14.500+0000][29442][gc,heap     ] GC(32) Humongous regions: 1->1
[2023-07-07T14:43:14.500+0000][29442][gc,metaspace] GC(32) Metaspace: 102508K(104064K)->102508K(104064K) NonClass: 89515K(90496K)->89515K(90496K) Class: 12993K(13568K)->12993K(13568K)
[2023-07-07T14:43:14.500+0000][29442][gc          ] GC(32) Pause Young (Normal) (G1 Evacuation Pause) 695M->82M(1024M) 5.192ms
[2023-07-07T14:43:14.500+0000][29442][gc,cpu      ] GC(32) User=0.01s Sys=0.00s Real=0.00s
[2023-07-07T14:43:14.500+0000][29442][safepoint   ] Safepoint "G1CollectForAllocation", Time since last: 2115392143038 ns, Reaching safepoint: 140592 ns, At safepoint: 5361161 ns, Total: 5501753 ns
[2023-07-07T15:07:58.866+0000][29442][safepoint   ] Safepoint "Cleanup", Time since last: 1484365471781 ns, Reaching safepoint: 167584 ns, At safepoint: 22831 ns, Total: 190415 ns
[2023-07-07T15:57:37.656+0000][29442][gc,start    ] GC(33) Pause Young (Concurrent Start) (G1 Evacuation Pause)
[2023-07-07T15:57:37.656+0000][29442][gc,task     ] GC(33) Using 4 workers of 4 for evacuation
[2023-07-07T15:57:37.656+0000][29442][gc,age      ] GC(33) Desired survivor size 40370176 bytes, new threshold 15 (max threshold 15)
[2023-07-07T15:57:37.661+0000][29442][gc,age      ] GC(33) Age table with threshold 15 (max threshold 15)
[2023-07-07T15:57:37.661+0000][29442][gc,age      ] GC(33) - age   1:       4944 bytes,       4944 total
[2023-07-07T15:57:37.661+0000][29442][gc,age      ] GC(33) - age   2:        168 bytes,       5112 total
[2023-07-07T15:57:37.661+0000][29442][gc,age      ] GC(33) - age   7:        344 bytes,       5456 total
[2023-07-07T15:57:37.661+0000][29442][gc,age      ] GC(33) - age   9:        376 bytes,       5832 total
[2023-07-07T15:57:37.661+0000][29442][gc,age      ] GC(33) - age  10:       5200 bytes,      11032 total
[2023-07-07T15:57:37.661+0000][29442][gc,age      ] GC(33) - age  11:        648 bytes,      11680 total
[2023-07-07T15:57:37.661+0000][29442][gc,age      ] GC(33) - age  12:        632 bytes,      12312 total
[2023-07-07T15:57:37.661+0000][29442][gc,age      ] GC(33) - age  13:       2080 bytes,      14392 total
[2023-07-07T15:57:37.661+0000][29442][gc,age      ] GC(33) - age  14:       1912 bytes,      16304 total
[2023-07-07T15:57:37.662+0000][29442][gc,phases   ] GC(33)   Pre Evacuate Collection Set: 0.5ms
[2023-07-07T15:57:37.662+0000][29442][gc,phases   ] GC(33)   Merge Heap Roots: 0.4ms
[2023-07-07T15:57:37.662+0000][29442][gc,phases   ] GC(33)   Evacuate Collection Set: 2.5ms
[2023-07-07T15:57:37.662+0000][29442][gc,phases   ] GC(33)   Post Evacuate Collection Set: 1.6ms
[2023-07-07T15:57:37.662+0000][29442][gc,phases   ] GC(33)   Other: 0.7ms
[2023-07-07T15:57:37.662+0000][29442][gc,heap     ] GC(33) Eden regions: 613->0(613)
[2023-07-07T15:57:37.662+0000][29442][gc,heap     ] GC(33) Survivor regions: 1->1(77)
[2023-07-07T15:57:37.662+0000][29442][gc,heap     ] GC(33) Old regions: 81->81
[2023-07-07T15:57:37.662+0000][29442][gc,heap     ] GC(33) Archive regions: 2->2
[2023-07-07T15:57:37.662+0000][29442][gc,heap     ] GC(33) Humongous regions: 1->1
[2023-07-07T15:57:37.662+0000][29442][gc,metaspace] GC(33) Metaspace: 102518K(104064K)->102518K(104064K) NonClass: 89525K(90496K)->89525K(90496K) Class: 12993K(13568K)->12993K(13568K)
[2023-07-07T15:57:37.662+0000][29442][gc          ] GC(33) Pause Young (Concurrent Start) (G1 Evacuation Pause) 695M->82M(1024M) 5.919ms
[2023-07-07T15:57:37.662+0000][29442][gc,cpu      ] GC(33) User=0.01s Sys=0.00s Real=0.01s
[2023-07-07T15:57:37.662+0000][29442][safepoint   ] Safepoint "G1CollectForAllocation", Time since last: 2978789784344 ns, Reaching safepoint: 107278 ns, At safepoint: 6106895 ns, Total: 6214173 ns
[2023-07-07T15:57:37.662+0000][29442][gc          ] GC(34) Concurrent Mark Cycle
[2023-07-07T15:57:37.662+0000][29442][gc,marking  ] GC(34) Concurrent Clear Claimed Marks
[2023-07-07T15:57:37.662+0000][29442][gc,marking  ] GC(34) Concurrent Clear Claimed Marks 0.095ms
[2023-07-07T15:57:37.662+0000][29442][gc,marking  ] GC(34) Concurrent Scan Root Regions
[2023-07-07T15:57:37.664+0000][29442][gc,marking  ] GC(34) Concurrent Scan Root Regions 1.673ms
[2023-07-07T15:57:37.664+0000][29442][gc,marking  ] GC(34) Concurrent Mark
[2023-07-07T15:57:37.664+0000][29442][gc,marking  ] GC(34) Concurrent Mark From Roots
[2023-07-07T15:57:37.664+0000][29442][gc,task     ] GC(34) Using 1 workers of 1 for marking
[2023-07-07T15:57:37.754+0000][29442][gc,marking  ] GC(34) Concurrent Mark From Roots 89.884ms
[2023-07-07T15:57:37.754+0000][29442][gc,marking  ] GC(34) Concurrent Preclean
[2023-07-07T15:57:37.754+0000][29442][gc,marking  ] GC(34) Concurrent Preclean 0.216ms
[2023-07-07T15:57:37.754+0000][29442][gc,start    ] GC(34) Pause Remark
[2023-07-07T15:57:37.758+0000][29442][gc          ] GC(34) Pause Remark 83M->83M(1024M) 3.331ms
[2023-07-07T15:57:37.758+0000][29442][gc,cpu      ] GC(34) User=0.01s Sys=0.00s Real=0.00s
[2023-07-07T15:57:37.758+0000][29442][safepoint   ] Safepoint "G1Concurrent", Time since last: 92209032 ns, Reaching safepoint: 56492 ns, At safepoint: 3378219 ns, Total: 3434711 ns
[2023-07-07T15:57:37.758+0000][29442][gc,marking  ] GC(34) Concurrent Mark 93.687ms
[2023-07-07T15:57:37.758+0000][29442][gc,marking  ] GC(34) Concurrent Rebuild Remembered Sets
[2023-07-07T15:57:37.796+0000][29442][gc,marking  ] GC(34) Concurrent Rebuild Remembered Sets 38.299ms
[2023-07-07T15:57:37.796+0000][29442][gc,start    ] GC(34) Pause Cleanup
[2023-07-07T15:57:37.796+0000][29442][gc          ] GC(34) Pause Cleanup 83M->83M(1024M) 0.233ms
[2023-07-07T15:57:37.796+0000][29442][gc,cpu      ] GC(34) User=0.00s Sys=0.00s Real=0.00s
[2023-07-07T15:57:37.796+0000][29442][safepoint   ] Safepoint "G1Concurrent", Time since last: 38427638 ns, Reaching safepoint: 56372 ns, At safepoint: 267144 ns, Total: 323516 ns
[2023-07-07T15:57:37.796+0000][29442][gc,marking  ] GC(34) Concurrent Cleanup for Next Mark
[2023-07-07T15:57:37.798+0000][29442][gc,marking  ] GC(34) Concurrent Cleanup for Next Mark 1.387ms
[2023-07-07T15:57:37.798+0000][29442][gc          ] GC(34) Concurrent Mark Cycle 135.792ms
[2023-07-07T17:12:02.354+0000][29442][gc,start    ] GC(35) Pause Young (Normal) (G1 Evacuation Pause)
[2023-07-07T17:12:02.354+0000][29442][gc,task     ] GC(35) Using 4 workers of 4 for evacuation
[2023-07-07T17:12:02.354+0000][29442][gc,age      ] GC(35) Desired survivor size 40370176 bytes, new threshold 15 (max threshold 15)
[2023-07-07T17:12:02.359+0000][29442][gc,age      ] GC(35) Age table with threshold 15 (max threshold 15)
[2023-07-07T17:12:02.359+0000][29442][gc,age      ] GC(35) - age   1:       4400 bytes,       4400 total
[2023-07-07T17:12:02.359+0000][29442][gc,age      ] GC(35) - age   2:        304 bytes,       4704 total
[2023-07-07T17:12:02.359+0000][29442][gc,age      ] GC(35) - age   3:        168 bytes,       4872 total
[2023-07-07T17:12:02.359+0000][29442][gc,age      ] GC(35) - age   8:        344 bytes,       5216 total
[2023-07-07T17:12:02.359+0000][29442][gc,age      ] GC(35) - age  10:        376 bytes,       5592 total
[2023-07-07T17:12:02.359+0000][29442][gc,age      ] GC(35) - age  11:       5200 bytes,      10792 total
[2023-07-07T17:12:02.359+0000][29442][gc,age      ] GC(35) - age  12:        648 bytes,      11440 total
[2023-07-07T17:12:02.359+0000][29442][gc,age      ] GC(35) - age  13:        632 bytes,      12072 total
[2023-07-07T17:12:02.359+0000][29442][gc,age      ] GC(35) - age  14:       2080 bytes,      14152 total
[2023-07-07T17:12:02.359+0000][29442][gc,age      ] GC(35) - age  15:       1912 bytes,      16064 total
[2023-07-07T17:12:02.359+0000][29442][gc,phases   ] GC(35)   Pre Evacuate Collection Set: 0.4ms
[2023-07-07T17:12:02.359+0000][29442][gc,phases   ] GC(35)   Merge Heap Roots: 0.4ms
[2023-07-07T17:12:02.359+0000][29442][gc,phases   ] GC(35)   Evacuate Collection Set: 1.8ms
[2023-07-07T17:12:02.359+0000][29442][gc,phases   ] GC(35)   Post Evacuate Collection Set: 1.7ms
[2023-07-07T17:12:02.359+0000][29442][gc,phases   ] GC(35)   Other: 0.6ms
[2023-07-07T17:12:02.359+0000][29442][gc,heap     ] GC(35) Eden regions: 613->0(613)
[2023-07-07T17:12:02.359+0000][29442][gc,heap     ] GC(35) Survivor regions: 1->1(77)
[2023-07-07T17:12:02.359+0000][29442][gc,heap     ] GC(35) Old regions: 81->81
[2023-07-07T17:12:02.359+0000][29442][gc,heap     ] GC(35) Archive regions: 2->2
[2023-07-07T17:12:02.359+0000][29442][gc,heap     ] GC(35) Humongous regions: 1->1
[2023-07-07T17:12:02.359+0000][29442][gc,metaspace] GC(35) Metaspace: 102519K(104064K)->102519K(104064K) NonClass: 89526K(90496K)->89526K(90496K) Class: 12993K(13568K)->12993K(13568K)
[2023-07-07T17:12:02.359+0000][29442][gc          ] GC(35) Pause Young (Normal) (G1 Evacuation Pause) 695M->82M(1024M) 5.171ms
[2023-07-07T17:12:02.359+0000][29442][gc,cpu      ] GC(35) User=0.01s Sys=0.00s Real=0.00s
[2023-07-07T17:12:02.359+0000][29442][safepoint   ] Safepoint "G1CollectForAllocation", Time since last: 4464557524505 ns, Reaching safepoint: 112446 ns, At safepoint: 5351500 ns, Total: 5463946 ns
[2023-07-07T18:26:24.484+0000][29442][gc,start    ] GC(36) Pause Young (Concurrent Start) (G1 Evacuation Pause)
[2023-07-07T18:26:24.484+0000][29442][gc,task     ] GC(36) Using 4 workers of 4 for evacuation
[2023-07-07T18:26:24.484+0000][29442][gc,age      ] GC(36) Desired survivor size 40370176 bytes, new threshold 15 (max threshold 15)
[2023-07-07T18:26:24.486+0000][29442][gc,age      ] GC(36) Age table with threshold 15 (max threshold 15)
[2023-07-07T18:26:24.486+0000][29442][gc,age      ] GC(36) - age   1:       4384 bytes,       4384 total
[2023-07-07T18:26:24.486+0000][29442][gc,age      ] GC(36) - age   3:        304 bytes,       4688 total
[2023-07-07T18:26:24.486+0000][29442][gc,age      ] GC(36) - age   4:        168 bytes,       4856 total
[2023-07-07T18:26:24.486+0000][29442][gc,age      ] GC(36) - age   9:        344 bytes,       5200 total
[2023-07-07T18:26:24.486+0000][29442][gc,age      ] GC(36) - age  11:        376 bytes,       5576 total
[2023-07-07T18:26:24.486+0000][29442][gc,age      ] GC(36) - age  12:       5200 bytes,      10776 total
[2023-07-07T18:26:24.486+0000][29442][gc,age      ] GC(36) - age  13:        648 bytes,      11424 total
[2023-07-07T18:26:24.486+0000][29442][gc,age      ] GC(36) - age  14:        632 bytes,      12056 total
[2023-07-07T18:26:24.486+0000][29442][gc,age      ] GC(36) - age  15:       2080 bytes,      14136 total
[2023-07-07T18:26:24.486+0000][29442][gc,phases   ] GC(36)   Pre Evacuate Collection Set: 0.2ms
[2023-07-07T18:26:24.486+0000][29442][gc,phases   ] GC(36)   Merge Heap Roots: 0.2ms
[2023-07-07T18:26:24.486+0000][29442][gc,phases   ] GC(36)   Evacuate Collection Set: 0.7ms
[2023-07-07T18:26:24.486+0000][29442][gc,phases   ] GC(36)   Post Evacuate Collection Set: 0.5ms
[2023-07-07T18:26:24.486+0000][29442][gc,phases   ] GC(36)   Other: 0.3ms
[2023-07-07T18:26:24.486+0000][29442][gc,heap     ] GC(36) Eden regions: 613->0(613)
[2023-07-07T18:26:24.486+0000][29442][gc,heap     ] GC(36) Survivor regions: 1->1(77)
[2023-07-07T18:26:24.486+0000][29442][gc,heap     ] GC(36) Old regions: 81->81
[2023-07-07T18:26:24.486+0000][29442][gc,heap     ] GC(36) Archive regions: 2->2
[2023-07-07T18:26:24.486+0000][29442][gc,heap     ] GC(36) Humongous regions: 1->1
[2023-07-07T18:26:24.486+0000][29442][gc,metaspace] GC(36) Metaspace: 102519K(104064K)->102519K(104064K) NonClass: 89526K(90496K)->89526K(90496K) Class: 12993K(13568K)->12993K(13568K)
[2023-07-07T18:26:24.486+0000][29442][gc          ] GC(36) Pause Young (Concurrent Start) (G1 Evacuation Pause) 695M->82M(1024M) 1.943ms
[2023-07-07T18:26:24.486+0000][29442][gc,cpu      ] GC(36) User=0.00s Sys=0.00s Real=0.00s
[2023-07-07T18:26:24.486+0000][29442][gc          ] GC(37) Concurrent Mark Cycle
[2023-07-07T18:26:24.486+0000][29442][safepoint   ] Safepoint "G1CollectForAllocation", Time since last: 4462124962558 ns, Reaching safepoint: 43621 ns, At safepoint: 2009043 ns, Total: 2052664 ns
[2023-07-07T18:26:24.486+0000][29442][gc,marking  ] GC(37) Concurrent Clear Claimed Marks
[2023-07-07T18:26:24.486+0000][29442][gc,marking  ] GC(37) Concurrent Clear Claimed Marks 0.045ms
[2023-07-07T18:26:24.486+0000][29442][gc,marking  ] GC(37) Concurrent Scan Root Regions
[2023-07-07T18:26:24.487+0000][29442][gc,marking  ] GC(37) Concurrent Scan Root Regions 0.609ms
[2023-07-07T18:26:24.487+0000][29442][gc,marking  ] GC(37) Concurrent Mark
[2023-07-07T18:26:24.487+0000][29442][gc,marking  ] GC(37) Concurrent Mark From Roots
[2023-07-07T18:26:24.487+0000][29442][gc,task     ] GC(37) Using 1 workers of 1 for marking
[2023-07-07T18:26:24.574+0000][29442][gc,marking  ] GC(37) Concurrent Mark From Roots 87.294ms
[2023-07-07T18:26:24.574+0000][29442][gc,marking  ] GC(37) Concurrent Preclean
[2023-07-07T18:26:24.575+0000][29442][gc,marking  ] GC(37) Concurrent Preclean 0.216ms
[2023-07-07T18:26:24.575+0000][29442][gc,start    ] GC(37) Pause Remark
[2023-07-07T18:26:24.578+0000][29442][gc          ] GC(37) Pause Remark 83M->83M(1024M) 3.487ms
[2023-07-07T18:26:24.578+0000][29442][gc,cpu      ] GC(37) User=0.01s Sys=0.00s Real=0.00s
[2023-07-07T18:26:24.578+0000][29442][safepoint   ] Safepoint "G1Concurrent", Time since last: 88297243 ns, Reaching safepoint: 130106 ns, At safepoint: 3563204 ns, Total: 3693310 ns
[2023-07-07T18:26:24.578+0000][29442][gc,marking  ] GC(37) Concurrent Mark 91.334ms
[2023-07-07T18:26:24.578+0000][29442][gc,marking  ] GC(37) Concurrent Rebuild Remembered Sets
[2023-07-07T18:26:24.617+0000][29442][gc,marking  ] GC(37) Concurrent Rebuild Remembered Sets 38.691ms
[2023-07-07T18:26:24.617+0000][29442][gc,start    ] GC(37) Pause Cleanup
[2023-07-07T18:26:24.617+0000][29442][gc          ] GC(37) Pause Cleanup 83M->83M(1024M) 0.207ms
[2023-07-07T18:26:24.618+0000][29442][gc,cpu      ] GC(37) User=0.00s Sys=0.00s Real=0.00s
[2023-07-07T18:26:24.618+0000][29442][safepoint   ] Safepoint "G1Concurrent", Time since last: 38819735 ns, Reaching safepoint: 128576 ns, At safepoint: 268589 ns, Total: 397165 ns
[2023-07-07T18:26:24.618+0000][29442][gc,marking  ] GC(37) Concurrent Cleanup for Next Mark
[2023-07-07T18:26:24.619+0000][29442][gc,marking  ] GC(37) Concurrent Cleanup for Next Mark 1.381ms
[2023-07-07T18:26:24.619+0000][29442][gc          ] GC(37) Concurrent Mark Cycle 132.646ms
[2023-07-07T19:40:46.608+0000][29442][gc,start    ] GC(38) Pause Young (Normal) (G1 Evacuation Pause)
[2023-07-07T19:40:46.608+0000][29442][gc,task     ] GC(38) Using 4 workers of 4 for evacuation
[2023-07-07T19:40:46.608+0000][29442][gc,age      ] GC(38) Desired survivor size 40370176 bytes, new threshold 15 (max threshold 15)
[2023-07-07T19:40:46.615+0000][29442][gc,age      ] GC(38) Age table with threshold 15 (max threshold 15)
[2023-07-07T19:40:46.615+0000][29442][gc,age      ] GC(38) - age   1:       4944 bytes,       4944 total
[2023-07-07T19:40:46.615+0000][29442][gc,age      ] GC(38) - age   4:        304 bytes,       5248 total
[2023-07-07T19:40:46.615+0000][29442][gc,age      ] GC(38) - age   5:        168 bytes,       5416 total
[2023-07-07T19:40:46.615+0000][29442][gc,age      ] GC(38) - age  10:        344 bytes,       5760 total
[2023-07-07T19:40:46.615+0000][29442][gc,age      ] GC(38) - age  12:        376 bytes,       6136 total
[2023-07-07T19:40:46.615+0000][29442][gc,age      ] GC(38) - age  13:       5200 bytes,      11336 total
[2023-07-07T19:40:46.615+0000][29442][gc,age      ] GC(38) - age  14:        648 bytes,      11984 total
[2023-07-07T19:40:46.615+0000][29442][gc,age      ] GC(38) - age  15:        632 bytes,      12616 total
[2023-07-07T19:40:46.615+0000][29442][gc,phases   ] GC(38)   Pre Evacuate Collection Set: 0.4ms
[2023-07-07T19:40:46.615+0000][29442][gc,phases   ] GC(38)   Merge Heap Roots: 0.4ms
[2023-07-07T19:40:46.615+0000][29442][gc,phases   ] GC(38)   Evacuate Collection Set: 3.7ms
[2023-07-07T19:40:46.615+0000][29442][gc,phases   ] GC(38)   Post Evacuate Collection Set: 1.9ms
[2023-07-07T19:40:46.615+0000][29442][gc,phases   ] GC(38)   Other: 0.6ms
[2023-07-07T19:40:46.615+0000][29442][gc,heap     ] GC(38) Eden regions: 613->0(613)
[2023-07-07T19:40:46.615+0000][29442][gc,heap     ] GC(38) Survivor regions: 1->1(77)
[2023-07-07T19:40:46.615+0000][29442][gc,heap     ] GC(38) Old regions: 81->81
[2023-07-07T19:40:46.615+0000][29442][gc,heap     ] GC(38) Archive regions: 2->2
[2023-07-07T19:40:46.615+0000][29442][gc,heap     ] GC(38) Humongous regions: 1->1
[2023-07-07T19:40:46.615+0000][29442][gc,metaspace] GC(38) Metaspace: 102519K(104064K)->102519K(104064K) NonClass: 89526K(90496K)->89526K(90496K) Class: 12993K(13568K)->12993K(13568K)
[2023-07-07T19:40:46.615+0000][29442][gc          ] GC(38) Pause Young (Normal) (G1 Evacuation Pause) 695M->82M(1024M) 7.237ms
[2023-07-07T19:40:46.615+0000][29442][gc,cpu      ] GC(38) User=0.01s Sys=0.00s Real=0.01s
[2023-07-07T19:40:46.615+0000][29442][safepoint   ] Safepoint "G1CollectForAllocation", Time since last: 4461990371873 ns, Reaching safepoint: 93094 ns, At safepoint: 7402115 ns, Total: 7495209 ns
[2023-07-07T20:27:59.262+0000][29442][safepoint   ] Safepoint "Cleanup", Time since last: 2832646276571 ns, Reaching safepoint: 166767 ns, At safepoint: 24657 ns, Total: 191424 ns
[2023-07-07T20:55:07.762+0000][29442][gc,start    ] GC(39) Pause Young (Concurrent Start) (G1 Evacuation Pause)
[2023-07-07T20:55:07.762+0000][29442][gc,task     ] GC(39) Using 4 workers of 4 for evacuation
[2023-07-07T20:55:07.762+0000][29442][gc,age      ] GC(39) Desired survivor size 40370176 bytes, new threshold 15 (max threshold 15)
[2023-07-07T20:55:07.763+0000][29442][gc,age      ] GC(39) Age table with threshold 15 (max threshold 15)
[2023-07-07T20:55:07.763+0000][29442][gc,age      ] GC(39) - age   1:       4984 bytes,       4984 total
[2023-07-07T20:55:07.763+0000][29442][gc,age      ] GC(39) - age   5:        304 bytes,       5288 total
[2023-07-07T20:55:07.763+0000][29442][gc,age      ] GC(39) - age   6:        168 bytes,       5456 total
[2023-07-07T20:55:07.763+0000][29442][gc,age      ] GC(39) - age  11:        344 bytes,       5800 total
[2023-07-07T20:55:07.763+0000][29442][gc,age      ] GC(39) - age  13:        376 bytes,       6176 total
[2023-07-07T20:55:07.763+0000][29442][gc,age      ] GC(39) - age  14:       5200 bytes,      11376 total
[2023-07-07T20:55:07.763+0000][29442][gc,age      ] GC(39) - age  15:        648 bytes,      12024 total
[2023-07-07T20:55:07.763+0000][29442][gc,phases   ] GC(39)   Pre Evacuate Collection Set: 0.2ms
[2023-07-07T20:55:07.763+0000][29442][gc,phases   ] GC(39)   Merge Heap Roots: 0.1ms
[2023-07-07T20:55:07.763+0000][29442][gc,phases   ] GC(39)   Evacuate Collection Set: 0.7ms
[2023-07-07T20:55:07.763+0000][29442][gc,phases   ] GC(39)   Post Evacuate Collection Set: 0.5ms
[2023-07-07T20:55:07.763+0000][29442][gc,phases   ] GC(39)   Other: 0.2ms
[2023-07-07T20:55:07.763+0000][29442][gc,heap     ] GC(39) Eden regions: 613->0(613)
[2023-07-07T20:55:07.763+0000][29442][gc,heap     ] GC(39) Survivor regions: 1->1(77)
[2023-07-07T20:55:07.763+0000][29442][gc,heap     ] GC(39) Old regions: 81->81
[2023-07-07T20:55:07.763+0000][29442][gc,heap     ] GC(39) Archive regions: 2->2
[2023-07-07T20:55:07.763+0000][29442][gc,heap     ] GC(39) Humongous regions: 1->1
[2023-07-07T20:55:07.763+0000][29442][gc,metaspace] GC(39) Metaspace: 102521K(104064K)->102521K(104064K) NonClass: 89528K(90496K)->89528K(90496K) Class: 12993K(13568K)->12993K(13568K)
[2023-07-07T20:55:07.763+0000][29442][gc          ] GC(39) Pause Young (Concurrent Start) (G1 Evacuation Pause) 695M->82M(1024M) 1.826ms
[2023-07-07T20:55:07.763+0000][29442][gc,cpu      ] GC(39) User=0.00s Sys=0.00s Real=0.00s
[2023-07-07T20:55:07.763+0000][29442][safepoint   ] Safepoint "G1CollectForAllocation", Time since last: 1628499604390 ns, Reaching safepoint: 87954 ns, At safepoint: 1884965 ns, Total: 1972919 ns
[2023-07-07T20:55:07.763+0000][29442][gc          ] GC(40) Concurrent Mark Cycle
[2023-07-07T20:55:07.763+0000][29442][gc,marking  ] GC(40) Concurrent Clear Claimed Marks
[2023-07-07T20:55:07.764+0000][29442][gc,marking  ] GC(40) Concurrent Clear Claimed Marks 0.040ms
[2023-07-07T20:55:07.764+0000][29442][gc,marking  ] GC(40) Concurrent Scan Root Regions
[2023-07-07T20:55:07.764+0000][29442][gc,marking  ] GC(40) Concurrent Scan Root Regions 0.542ms
[2023-07-07T20:55:07.764+0000][29442][gc,marking  ] GC(40) Concurrent Mark
[2023-07-07T20:55:07.764+0000][29442][gc,marking  ] GC(40) Concurrent Mark From Roots
[2023-07-07T20:55:07.764+0000][29442][gc,task     ] GC(40) Using 1 workers of 1 for marking
[2023-07-07T20:55:07.859+0000][29442][gc,marking  ] GC(40) Concurrent Mark From Roots 95.049ms
[2023-07-07T20:55:07.859+0000][29442][gc,marking  ] GC(40) Concurrent Preclean
[2023-07-07T20:55:07.859+0000][29442][gc,marking  ] GC(40) Concurrent Preclean 0.254ms
[2023-07-07T20:55:07.860+0000][29442][gc,start    ] GC(40) Pause Remark
[2023-07-07T20:55:07.863+0000][29442][gc          ] GC(40) Pause Remark 82M->82M(1024M) 3.172ms
[2023-07-07T20:55:07.863+0000][29442][gc,cpu      ] GC(40) User=0.01s Sys=0.00s Real=0.01s
[2023-07-07T20:55:07.863+0000][29442][safepoint   ] Safepoint "G1Concurrent", Time since last: 96041118 ns, Reaching safepoint: 41151 ns, At safepoint: 3238095 ns, Total: 3279246 ns
[2023-07-07T20:55:07.863+0000][29442][gc,marking  ] GC(40) Concurrent Mark 98.693ms
[2023-07-07T20:55:07.863+0000][29442][gc,marking  ] GC(40) Concurrent Rebuild Remembered Sets
[2023-07-07T20:55:07.906+0000][29442][gc,marking  ] GC(40) Concurrent Rebuild Remembered Sets 43.037ms
[2023-07-07T20:55:07.906+0000][29442][gc,start    ] GC(40) Pause Cleanup
[2023-07-07T20:55:07.906+0000][29442][gc          ] GC(40) Pause Cleanup 83M->83M(1024M) 0.145ms
[2023-07-07T20:55:07.906+0000][29442][gc,cpu      ] GC(40) User=0.00s Sys=0.00s Real=0.00s
[2023-07-07T20:55:07.906+0000][29442][safepoint   ] Safepoint "G1Concurrent", Time since last: 43145369 ns, Reaching safepoint: 68188 ns, At safepoint: 194631 ns, Total: 262819 ns
[2023-07-07T20:55:07.906+0000][29442][gc,marking  ] GC(40) Concurrent Cleanup for Next Mark
[2023-07-07T20:55:07.908+0000][29442][gc,marking  ] GC(40) Concurrent Cleanup for Next Mark 1.634ms
[2023-07-07T20:55:07.908+0000][29442][gc          ] GC(40) Concurrent Mark Cycle 144.431ms
[2023-07-07T22:09:33.037+0000][29442][gc,start    ] GC(41) Pause Young (Normal) (G1 Evacuation Pause)
[2023-07-07T22:09:33.037+0000][29442][gc,task     ] GC(41) Using 4 workers of 4 for evacuation
[2023-07-07T22:09:33.037+0000][29442][gc,age      ] GC(41) Desired survivor size 40370176 bytes, new threshold 15 (max threshold 15)
[2023-07-07T22:09:33.041+0000][29442][gc,age      ] GC(41) Age table with threshold 15 (max threshold 15)
[2023-07-07T22:09:33.041+0000][29442][gc,age      ] GC(41) - age   1:      12640 bytes,      12640 total
[2023-07-07T22:09:33.041+0000][29442][gc,age      ] GC(41) - age   2:        104 bytes,      12744 total
[2023-07-07T22:09:33.041+0000][29442][gc,age      ] GC(41) - age   6:        304 bytes,      13048 total
[2023-07-07T22:09:33.041+0000][29442][gc,age      ] GC(41) - age   7:        168 bytes,      13216 total
[2023-07-07T22:09:33.041+0000][29442][gc,age      ] GC(41) - age  12:        344 bytes,      13560 total
[2023-07-07T22:09:33.041+0000][29442][gc,age      ] GC(41) - age  14:        376 bytes,      13936 total
[2023-07-07T22:09:33.041+0000][29442][gc,age      ] GC(41) - age  15:       5200 bytes,      19136 total
[2023-07-07T22:09:33.041+0000][29442][gc,phases   ] GC(41)   Pre Evacuate Collection Set: 0.3ms
[2023-07-07T22:09:33.041+0000][29442][gc,phases   ] GC(41)   Merge Heap Roots: 0.4ms
[2023-07-07T22:09:33.041+0000][29442][gc,phases   ] GC(41)   Evacuate Collection Set: 1.5ms
[2023-07-07T22:09:33.041+0000][29442][gc,phases   ] GC(41)   Post Evacuate Collection Set: 1.7ms
[2023-07-07T22:09:33.041+0000][29442][gc,phases   ] GC(41)   Other: 0.5ms
[2023-07-07T22:09:33.041+0000][29442][gc,heap     ] GC(41) Eden regions: 613->0(613)
[2023-07-07T22:09:33.041+0000][29442][gc,heap     ] GC(41) Survivor regions: 1->1(77)
[2023-07-07T22:09:33.041+0000][29442][gc,heap     ] GC(41) Old regions: 81->81
[2023-07-07T22:09:33.041+0000][29442][gc,heap     ] GC(41) Archive regions: 2->2
[2023-07-07T22:09:33.041+0000][29442][gc,heap     ] GC(41) Humongous regions: 1->1
[2023-07-07T22:09:33.041+0000][29442][gc,metaspace] GC(41) Metaspace: 102521K(104064K)->102521K(104064K) NonClass: 89528K(90496K)->89528K(90496K) Class: 12993K(13568K)->12993K(13568K)
[2023-07-07T22:09:33.041+0000][29442][gc          ] GC(41) Pause Young (Normal) (G1 Evacuation Pause) 695M->82M(1024M) 4.695ms
[2023-07-07T22:09:33.041+0000][29442][gc,cpu      ] GC(41) User=0.01s Sys=0.00s Real=0.01s
[2023-07-07T22:09:33.041+0000][29442][safepoint   ] Safepoint "G1CollectForAllocation", Time since last: 4465130327487 ns, Reaching safepoint: 118334 ns, At safepoint: 4859894 ns, Total: 4978228 ns
[2023-07-07T23:23:58.280+0000][29442][gc,start    ] GC(42) Pause Young (Concurrent Start) (G1 Evacuation Pause)
[2023-07-07T23:23:58.280+0000][29442][gc,task     ] GC(42) Using 4 workers of 4 for evacuation
[2023-07-07T23:23:58.280+0000][29442][gc,age      ] GC(42) Desired survivor size 40370176 bytes, new threshold 15 (max threshold 15)
[2023-07-07T23:23:58.285+0000][29442][gc,age      ] GC(42) Age table with threshold 15 (max threshold 15)
[2023-07-07T23:23:58.285+0000][29442][gc,age      ] GC(42) - age   1:      12640 bytes,      12640 total
[2023-07-07T23:23:58.285+0000][29442][gc,age      ] GC(42) - age   3:        104 bytes,      12744 total
[2023-07-07T23:23:58.285+0000][29442][gc,age      ] GC(42) - age   7:        304 bytes,      13048 total
[2023-07-07T23:23:58.285+0000][29442][gc,age      ] GC(42) - age   8:        168 bytes,      13216 total
[2023-07-07T23:23:58.285+0000][29442][gc,age      ] GC(42) - age  13:        344 bytes,      13560 total
[2023-07-07T23:23:58.285+0000][29442][gc,age      ] GC(42) - age  15:        376 bytes,      13936 total
[2023-07-07T23:23:58.285+0000][29442][gc,phases   ] GC(42)   Pre Evacuate Collection Set: 0.5ms
[2023-07-07T23:23:58.285+0000][29442][gc,phases   ] GC(42)   Merge Heap Roots: 0.3ms
[2023-07-07T23:23:58.285+0000][29442][gc,phases   ] GC(42)   Evacuate Collection Set: 2.3ms
[2023-07-07T23:23:58.285+0000][29442][gc,phases   ] GC(42)   Post Evacuate Collection Set: 1.7ms
[2023-07-07T23:23:58.285+0000][29442][gc,phases   ] GC(42)   Other: 0.7ms
[2023-07-07T23:23:58.285+0000][29442][gc,heap     ] GC(42) Eden regions: 613->0(613)
[2023-07-07T23:23:58.285+0000][29442][gc,heap     ] GC(42) Survivor regions: 1->1(77)
[2023-07-07T23:23:58.285+0000][29442][gc,heap     ] GC(42) Old regions: 81->81
[2023-07-07T23:23:58.285+0000][29442][gc,heap     ] GC(42) Archive regions: 2->2
[2023-07-07T23:23:58.285+0000][29442][gc,heap     ] GC(42) Humongous regions: 1->1
[2023-07-07T23:23:58.285+0000][29442][gc,metaspace] GC(42) Metaspace: 102521K(104064K)->102521K(104064K) NonClass: 89528K(90496K)->89528K(90496K) Class: 12993K(13568K)->12993K(13568K)
[2023-07-07T23:23:58.286+0000][29442][gc          ] GC(42) Pause Young (Concurrent Start) (G1 Evacuation Pause) 695M->82M(1024M) 5.741ms
[2023-07-07T23:23:58.286+0000][29442][gc,cpu      ] GC(42) User=0.01s Sys=0.00s Real=0.01s
[2023-07-07T23:23:58.286+0000][29442][safepoint   ] Safepoint "G1CollectForAllocation", Time since last: 4465238085913 ns, Reaching safepoint: 127683 ns, At safepoint: 5928403 ns, Total: 6056086 ns
[2023-07-07T23:23:58.286+0000][29442][gc          ] GC(43) Concurrent Mark Cycle
[2023-07-07T23:23:58.286+0000][29442][gc,marking  ] GC(43) Concurrent Clear Claimed Marks
[2023-07-07T23:23:58.286+0000][29442][gc,marking  ] GC(43) Concurrent Clear Claimed Marks 0.076ms
[2023-07-07T23:23:58.286+0000][29442][gc,marking  ] GC(43) Concurrent Scan Root Regions
[2023-07-07T23:23:58.288+0000][29442][gc,marking  ] GC(43) Concurrent Scan Root Regions 1.707ms
[2023-07-07T23:23:58.288+0000][29442][gc,marking  ] GC(43) Concurrent Mark
[2023-07-07T23:23:58.288+0000][29442][gc,marking  ] GC(43) Concurrent Mark From Roots
[2023-07-07T23:23:58.288+0000][29442][gc,task     ] GC(43) Using 1 workers of 1 for marking
[2023-07-07T23:23:58.377+0000][29442][gc,marking  ] GC(43) Concurrent Mark From Roots 89.852ms
[2023-07-07T23:23:58.378+0000][29442][gc,marking  ] GC(43) Concurrent Preclean
[2023-07-07T23:23:58.378+0000][29442][gc,marking  ] GC(43) Concurrent Preclean 0.219ms
[2023-07-07T23:23:58.378+0000][29442][gc,start    ] GC(43) Pause Remark
[2023-07-07T23:23:58.381+0000][29442][gc          ] GC(43) Pause Remark 83M->83M(1024M) 2.784ms
[2023-07-07T23:23:58.381+0000][29442][gc,cpu      ] GC(43) User=0.01s Sys=0.00s Real=0.00s
[2023-07-07T23:23:58.381+0000][29442][safepoint   ] Safepoint "G1Concurrent", Time since last: 92171922 ns, Reaching safepoint: 61183 ns, At safepoint: 2842080 ns, Total: 2903263 ns
[2023-07-07T23:23:58.381+0000][29442][gc,marking  ] GC(43) Concurrent Mark 93.127ms
[2023-07-07T23:23:58.381+0000][29442][gc,marking  ] GC(43) Concurrent Rebuild Remembered Sets
[2023-07-07T23:23:58.420+0000][29442][gc,marking  ] GC(43) Concurrent Rebuild Remembered Sets 38.802ms
[2023-07-07T23:23:58.420+0000][29442][gc,start    ] GC(43) Pause Cleanup
[2023-07-07T23:23:58.420+0000][29442][gc          ] GC(43) Pause Cleanup 83M->83M(1024M) 0.216ms
[2023-07-07T23:23:58.420+0000][29442][gc,cpu      ] GC(43) User=0.00s Sys=0.00s Real=0.00s
[2023-07-07T23:23:58.420+0000][29442][safepoint   ] Safepoint "G1Concurrent", Time since last: 38955786 ns, Reaching safepoint: 59597 ns, At safepoint: 252600 ns, Total: 312197 ns
[2023-07-07T23:23:58.420+0000][29442][gc,marking  ] GC(43) Concurrent Cleanup for Next Mark
[2023-07-07T23:23:58.421+0000][29442][gc,marking  ] GC(43) Concurrent Cleanup for Next Mark 1.399ms
[2023-07-07T23:23:58.421+0000][29442][gc          ] GC(43) Concurrent Mark Cycle 135.782ms
[2023-07-08T00:38:19.565+0000][29442][gc,start    ] GC(44) Pause Young (Normal) (G1 Evacuation Pause)
[2023-07-08T00:38:19.565+0000][29442][gc,task     ] GC(44) Using 4 workers of 4 for evacuation
[2023-07-08T00:38:19.566+0000][29442][gc,age      ] GC(44) Desired survivor size 40370176 bytes, new threshold 15 (max threshold 15)
[2023-07-08T00:38:19.570+0000][29442][gc,age      ] GC(44) Age table with threshold 15 (max threshold 15)
[2023-07-08T00:38:19.570+0000][29442][gc,age      ] GC(44) - age   1:      12656 bytes,      12656 total
[2023-07-08T00:38:19.570+0000][29442][gc,age      ] GC(44) - age   4:        104 bytes,      12760 total
[2023-07-08T00:38:19.570+0000][29442][gc,age      ] GC(44) - age   8:        304 bytes,      13064 total
[2023-07-08T00:38:19.570+0000][29442][gc,age      ] GC(44) - age   9:        168 bytes,      13232 total
[2023-07-08T00:38:19.570+0000][29442][gc,age      ] GC(44) - age  14:        344 bytes,      13576 total
[2023-07-08T00:38:19.570+0000][29442][gc,phases   ] GC(44)   Pre Evacuate Collection Set: 0.4ms
[2023-07-08T00:38:19.570+0000][29442][gc,phases   ] GC(44)   Merge Heap Roots: 0.4ms
[2023-07-08T00:38:19.570+0000][29442][gc,phases   ] GC(44)   Evacuate Collection Set: 1.9ms
[2023-07-08T00:38:19.570+0000][29442][gc,phases   ] GC(44)   Post Evacuate Collection Set: 1.6ms
[2023-07-08T00:38:19.570+0000][29442][gc,phases   ] GC(44)   Other: 0.5ms
[2023-07-08T00:38:19.570+0000][29442][gc,heap     ] GC(44) Eden regions: 613->0(613)
[2023-07-08T00:38:19.570+0000][29442][gc,heap     ] GC(44) Survivor regions: 1->1(77)
[2023-07-08T00:38:19.570+0000][29442][gc,heap     ] GC(44) Old regions: 81->81
[2023-07-08T00:38:19.570+0000][29442][gc,heap     ] GC(44) Archive regions: 2->2
[2023-07-08T00:38:19.570+0000][29442][gc,heap     ] GC(44) Humongous regions: 1->1
[2023-07-08T00:38:19.570+0000][29442][gc,metaspace] GC(44) Metaspace: 102521K(104064K)->102521K(104064K) NonClass: 89528K(90496K)->89528K(90496K) Class: 12993K(13568K)->12993K(13568K)
[2023-07-08T00:38:19.570+0000][29442][gc          ] GC(44) Pause Young (Normal) (G1 Evacuation Pause) 695M->82M(1024M) 5.089ms
[2023-07-08T00:38:19.571+0000][29442][gc,cpu      ] GC(44) User=0.01s Sys=0.00s Real=0.00s
[2023-07-08T00:38:19.571+0000][29442][safepoint   ] Safepoint "G1CollectForAllocation", Time since last: 4461145168935 ns, Reaching safepoint: 197586 ns, At safepoint: 5255543 ns, Total: 5453129 ns
[2023-07-08T01:52:42.732+0000][29442][gc,start    ] GC(45) Pause Young (Concurrent Start) (G1 Evacuation Pause)
[2023-07-08T01:52:42.732+0000][29442][gc,task     ] GC(45) Using 4 workers of 4 for evacuation
[2023-07-08T01:52:42.732+0000][29442][gc,age      ] GC(45) Desired survivor size 40370176 bytes, new threshold 15 (max threshold 15)
[2023-07-08T01:52:42.737+0000][29442][gc,age      ] GC(45) Age table with threshold 15 (max threshold 15)
[2023-07-08T01:52:42.737+0000][29442][gc,age      ] GC(45) - age   1:      12640 bytes,      12640 total
[2023-07-08T01:52:42.737+0000][29442][gc,age      ] GC(45) - age   5:        104 bytes,      12744 total
[2023-07-08T01:52:42.737+0000][29442][gc,age      ] GC(45) - age   9:        304 bytes,      13048 total
[2023-07-08T01:52:42.737+0000][29442][gc,age      ] GC(45) - age  10:        168 bytes,      13216 total
[2023-07-08T01:52:42.737+0000][29442][gc,age      ] GC(45) - age  15:        344 bytes,      13560 total
[2023-07-08T01:52:42.737+0000][29442][gc,phases   ] GC(45)   Pre Evacuate Collection Set: 0.4ms
[2023-07-08T01:52:42.737+0000][29442][gc,phases   ] GC(45)   Merge Heap Roots: 0.4ms
[2023-07-08T01:52:42.737+0000][29442][gc,phases   ] GC(45)   Evacuate Collection Set: 2.3ms
[2023-07-08T01:52:42.737+0000][29442][gc,phases   ] GC(45)   Post Evacuate Collection Set: 1.6ms
[2023-07-08T01:52:42.737+0000][29442][gc,phases   ] GC(45)   Other: 0.6ms
[2023-07-08T01:52:42.737+0000][29442][gc,heap     ] GC(45) Eden regions: 613->0(613)
[2023-07-08T01:52:42.737+0000][29442][gc,heap     ] GC(45) Survivor regions: 1->1(77)
[2023-07-08T01:52:42.737+0000][29442][gc,heap     ] GC(45) Old regions: 81->81
[2023-07-08T01:52:42.737+0000][29442][gc,heap     ] GC(45) Archive regions: 2->2
[2023-07-08T01:52:42.737+0000][29442][gc,heap     ] GC(45) Humongous regions: 1->1
[2023-07-08T01:52:42.737+0000][29442][gc,metaspace] GC(45) Metaspace: 102521K(104064K)->102521K(104064K) NonClass: 89528K(90496K)->89528K(90496K) Class: 12993K(13568K)->12993K(13568K)
[2023-07-08T01:52:42.737+0000][29442][gc          ] GC(45) Pause Young (Concurrent Start) (G1 Evacuation Pause) 695M->82M(1024M) 5.576ms
[2023-07-08T01:52:42.737+0000][29442][gc,cpu      ] GC(45) User=0.01s Sys=0.00s Real=0.00s
[2023-07-08T01:52:42.737+0000][29442][safepoint   ] Safepoint "G1CollectForAllocation", Time since last: 4463160862001 ns, Reaching safepoint: 133409 ns, At safepoint: 5762642 ns, Total: 5896051 ns
[2023-07-08T01:52:42.737+0000][29442][gc          ] GC(46) Concurrent Mark Cycle
[2023-07-08T01:52:42.737+0000][29442][gc,marking  ] GC(46) Concurrent Clear Claimed Marks
[2023-07-08T01:52:42.738+0000][29442][gc,marking  ] GC(46) Concurrent Clear Claimed Marks 0.092ms
[2023-07-08T01:52:42.738+0000][29442][gc,marking  ] GC(46) Concurrent Scan Root Regions
[2023-07-08T01:52:42.739+0000][29442][gc,marking  ] GC(46) Concurrent Scan Root Regions 1.668ms
[2023-07-08T01:52:42.739+0000][29442][gc,marking  ] GC(46) Concurrent Mark
[2023-07-08T01:52:42.739+0000][29442][gc,marking  ] GC(46) Concurrent Mark From Roots
[2023-07-08T01:52:42.739+0000][29442][gc,task     ] GC(46) Using 1 workers of 1 for marking
[2023-07-08T01:52:42.829+0000][29442][gc,marking  ] GC(46) Concurrent Mark From Roots 89.864ms
[2023-07-08T01:52:42.829+0000][29442][gc,marking  ] GC(46) Concurrent Preclean
[2023-07-08T01:52:42.829+0000][29442][gc,marking  ] GC(46) Concurrent Preclean 0.219ms
[2023-07-08T01:52:42.830+0000][29442][gc,start    ] GC(46) Pause Remark
[2023-07-08T01:52:42.832+0000][29442][gc          ] GC(46) Pause Remark 83M->83M(1024M) 2.808ms
[2023-07-08T01:52:42.832+0000][29442][gc,cpu      ] GC(46) User=0.01s Sys=0.01s Real=0.01s
[2023-07-08T01:52:42.832+0000][29442][safepoint   ] Safepoint "G1Concurrent", Time since last: 92171765 ns, Reaching safepoint: 73268 ns, At safepoint: 2878345 ns, Total: 2951613 ns
[2023-07-08T01:52:42.832+0000][29442][gc,marking  ] GC(46) Concurrent Mark 93.200ms
[2023-07-08T01:52:42.833+0000][29442][gc,marking  ] GC(46) Concurrent Rebuild Remembered Sets
[2023-07-08T01:52:42.872+0000][29442][gc,marking  ] GC(46) Concurrent Rebuild Remembered Sets 39.451ms
[2023-07-08T01:52:42.872+0000][29442][gc,start    ] GC(46) Pause Cleanup
[2023-07-08T01:52:42.872+0000][29442][gc          ] GC(46) Pause Cleanup 83M->83M(1024M) 0.224ms
[2023-07-08T01:52:42.872+0000][29442][gc,cpu      ] GC(46) User=0.01s Sys=0.00s Real=0.00s
[2023-07-08T01:52:42.872+0000][29442][safepoint   ] Safepoint "G1Concurrent", Time since last: 39589482 ns, Reaching safepoint: 28804 ns, At safepoint: 286040 ns, Total: 314844 ns
[2023-07-08T01:52:42.872+0000][29442][gc,marking  ] GC(46) Concurrent Cleanup for Next Mark
[2023-07-08T01:52:42.874+0000][29442][gc,marking  ] GC(46) Concurrent Cleanup for Next Mark 1.414ms
[2023-07-08T01:52:42.874+0000][29442][gc          ] GC(46) Concurrent Mark Cycle 136.452ms
[2023-07-08T03:07:06.934+0000][29442][gc,start    ] GC(47) Pause Young (Normal) (G1 Evacuation Pause)
[2023-07-08T03:07:06.934+0000][29442][gc,task     ] GC(47) Using 4 workers of 4 for evacuation
[2023-07-08T03:07:06.934+0000][29442][gc,age      ] GC(47) Desired survivor size 40370176 bytes, new threshold 15 (max threshold 15)
[2023-07-08T03:07:06.939+0000][29442][gc,age      ] GC(47) Age table with threshold 15 (max threshold 15)
[2023-07-08T03:07:06.939+0000][29442][gc,age      ] GC(47) - age   1:      12736 bytes,      12736 total
[2023-07-08T03:07:06.939+0000][29442][gc,age      ] GC(47) - age   6:        104 bytes,      12840 total
[2023-07-08T03:07:06.939+0000][29442][gc,age      ] GC(47) - age  10:        304 bytes,      13144 total
[2023-07-08T03:07:06.939+0000][29442][gc,age      ] GC(47) - age  11:        168 bytes,      13312 total
[2023-07-08T03:07:06.939+0000][29442][gc,phases   ] GC(47)   Pre Evacuate Collection Set: 0.4ms
[2023-07-08T03:07:06.939+0000][29442][gc,phases   ] GC(47)   Merge Heap Roots: 0.4ms
[2023-07-08T03:07:06.939+0000][29442][gc,phases   ] GC(47)   Evacuate Collection Set: 1.9ms
[2023-07-08T03:07:06.939+0000][29442][gc,phases   ] GC(47)   Post Evacuate Collection Set: 1.7ms
[2023-07-08T03:07:06.939+0000][29442][gc,phases   ] GC(47)   Other: 0.5ms
[2023-07-08T03:07:06.939+0000][29442][gc,heap     ] GC(47) Eden regions: 613->0(613)
[2023-07-08T03:07:06.939+0000][29442][gc,heap     ] GC(47) Survivor regions: 1->1(77)
[2023-07-08T03:07:06.939+0000][29442][gc,heap     ] GC(47) Old regions: 81->81
[2023-07-08T03:07:06.939+0000][29442][gc,heap     ] GC(47) Archive regions: 2->2
[2023-07-08T03:07:06.939+0000][29442][gc,heap     ] GC(47) Humongous regions: 1->1
[2023-07-08T03:07:06.939+0000][29442][gc,metaspace] GC(47) Metaspace: 102521K(104064K)->102521K(104064K) NonClass: 89528K(90496K)->89528K(90496K) Class: 12993K(13568K)->12993K(13568K)
[2023-07-08T03:07:06.939+0000][29442][gc          ] GC(47) Pause Young (Normal) (G1 Evacuation Pause) 695M->82M(1024M) 5.132ms
[2023-07-08T03:07:06.939+0000][29442][gc,cpu      ] GC(47) User=0.01s Sys=0.00s Real=0.00s
[2023-07-08T03:07:06.939+0000][29442][safepoint   ] Safepoint "G1CollectForAllocation", Time since last: 4464061456795 ns, Reaching safepoint: 142637 ns, At safepoint: 5306554 ns, Total: 5449191 ns
[2023-07-08T04:12:05.812+0000][29442][safepoint   ] Safepoint "Cleanup", Time since last: 3898872923818 ns, Reaching safepoint: 153726 ns, At safepoint: 22734 ns, Total: 176460 ns
[2023-07-08T04:21:30.109+0000][29442][gc,start    ] GC(48) Pause Young (Concurrent Start) (G1 Evacuation Pause)
[2023-07-08T04:21:30.109+0000][29442][gc,task     ] GC(48) Using 4 workers of 4 for evacuation
[2023-07-08T04:21:30.109+0000][29442][gc,age      ] GC(48) Desired survivor size 40370176 bytes, new threshold 15 (max threshold 15)
[2023-07-08T04:21:30.114+0000][29442][gc,age      ] GC(48) Age table with threshold 15 (max threshold 15)
[2023-07-08T04:21:30.114+0000][29442][gc,age      ] GC(48) - age   1:       4384 bytes,       4384 total
[2023-07-08T04:21:30.114+0000][29442][gc,age      ] GC(48) - age   7:        104 bytes,       4488 total
[2023-07-08T04:21:30.114+0000][29442][gc,age      ] GC(48) - age  11:        304 bytes,       4792 total
[2023-07-08T04:21:30.114+0000][29442][gc,age      ] GC(48) - age  12:        168 bytes,       4960 total
[2023-07-08T04:21:30.114+0000][29442][gc,phases   ] GC(48)   Pre Evacuate Collection Set: 0.4ms
[2023-07-08T04:21:30.114+0000][29442][gc,phases   ] GC(48)   Merge Heap Roots: 0.4ms
[2023-07-08T04:21:30.114+0000][29442][gc,phases   ] GC(48)   Evacuate Collection Set: 2.2ms
[2023-07-08T04:21:30.114+0000][29442][gc,phases   ] GC(48)   Post Evacuate Collection Set: 1.6ms
[2023-07-08T04:21:30.114+0000][29442][gc,phases   ] GC(48)   Other: 0.6ms
[2023-07-08T04:21:30.114+0000][29442][gc,heap     ] GC(48) Eden regions: 613->0(613)
[2023-07-08T04:21:30.114+0000][29442][gc,heap     ] GC(48) Survivor regions: 1->1(77)
[2023-07-08T04:21:30.114+0000][29442][gc,heap     ] GC(48) Old regions: 81->81
[2023-07-08T04:21:30.114+0000][29442][gc,heap     ] GC(48) Archive regions: 2->2
[2023-07-08T04:21:30.114+0000][29442][gc,heap     ] GC(48) Humongous regions: 1->1
[2023-07-08T04:21:30.114+0000][29442][gc,metaspace] GC(48) Metaspace: 102521K(104064K)->102521K(104064K) NonClass: 89528K(90496K)->89528K(90496K) Class: 12993K(13568K)->12993K(13568K)
[2023-07-08T04:21:30.114+0000][29442][gc          ] GC(48) Pause Young (Concurrent Start) (G1 Evacuation Pause) 695M->82M(1024M) 5.482ms
[2023-07-08T04:21:30.114+0000][29442][gc,cpu      ] GC(48) User=0.01s Sys=0.00s Real=0.01s
[2023-07-08T04:21:30.114+0000][29442][safepoint   ] Safepoint "G1CollectForAllocation", Time since last: 564296125024 ns, Reaching safepoint: 140943 ns, At safepoint: 5666219 ns, Total: 5807162 ns
[2023-07-08T04:21:30.114+0000][29442][gc          ] GC(49) Concurrent Mark Cycle
[2023-07-08T04:21:30.114+0000][29442][gc,marking  ] GC(49) Concurrent Clear Claimed Marks
[2023-07-08T04:21:30.114+0000][29442][gc,marking  ] GC(49) Concurrent Clear Claimed Marks 0.073ms
[2023-07-08T04:21:30.115+0000][29442][gc,marking  ] GC(49) Concurrent Scan Root Regions
[2023-07-08T04:21:30.116+0000][29442][gc,marking  ] GC(49) Concurrent Scan Root Regions 1.613ms
[2023-07-08T04:21:30.116+0000][29442][gc,marking  ] GC(49) Concurrent Mark
[2023-07-08T04:21:30.116+0000][29442][gc,marking  ] GC(49) Concurrent Mark From Roots
[2023-07-08T04:21:30.116+0000][29442][gc,task     ] GC(49) Using 1 workers of 1 for marking
[2023-07-08T04:21:30.207+0000][29442][gc,marking  ] GC(49) Concurrent Mark From Roots 90.582ms
[2023-07-08T04:21:30.207+0000][29442][gc,marking  ] GC(49) Concurrent Preclean
[2023-07-08T04:21:30.207+0000][29442][gc,marking  ] GC(49) Concurrent Preclean 0.217ms
[2023-07-08T04:21:30.207+0000][29442][gc,start    ] GC(49) Pause Remark
[2023-07-08T04:21:30.210+0000][29442][gc          ] GC(49) Pause Remark 83M->83M(1024M) 3.177ms
[2023-07-08T04:21:30.210+0000][29442][gc,cpu      ] GC(49) User=0.00s Sys=0.00s Real=0.00s
[2023-07-08T04:21:30.210+0000][29442][safepoint   ] Safepoint "G1Concurrent", Time since last: 92815946 ns, Reaching safepoint: 51200 ns, At safepoint: 3246441 ns, Total: 3297641 ns
[2023-07-08T04:21:30.210+0000][29442][gc,marking  ] GC(49) Concurrent Mark 94.240ms
[2023-07-08T04:21:30.210+0000][29442][gc,marking  ] GC(49) Concurrent Rebuild Remembered Sets
[2023-07-08T04:21:30.249+0000][29442][gc,marking  ] GC(49) Concurrent Rebuild Remembered Sets 38.881ms
[2023-07-08T04:21:30.249+0000][29442][gc,start    ] GC(49) Pause Cleanup
[2023-07-08T04:21:30.250+0000][29442][gc          ] GC(49) Pause Cleanup 83M->83M(1024M) 0.200ms
[2023-07-08T04:21:30.250+0000][29442][gc,cpu      ] GC(49) User=0.00s Sys=0.00s Real=0.00s
[2023-07-08T04:21:30.250+0000][29442][safepoint   ] Safepoint "G1Concurrent", Time since last: 38994738 ns, Reaching safepoint: 54062 ns, At safepoint: 272967 ns, Total: 327029 ns
[2023-07-08T04:21:30.250+0000][29442][gc,marking  ] GC(49) Concurrent Cleanup for Next Mark
[2023-07-08T04:21:30.251+0000][29442][gc,marking  ] GC(49) Concurrent Cleanup for Next Mark 1.465ms
[2023-07-08T04:21:30.251+0000][29442][gc          ] GC(49) Concurrent Mark Cycle 136.924ms
[2023-07-08T04:56:06.747+0000][29442][safepoint   ] Safepoint "Cleanup", Time since last: 2076497137482 ns, Reaching safepoint: 163628 ns, At safepoint: 12180 ns, Total: 175808 ns
[2023-07-08T04:57:06.763+0000][29442][safepoint   ] Safepoint "Cleanup", Time since last: 60016053275 ns, Reaching safepoint: 196337 ns, At safepoint: 32696 ns, Total: 229033 ns
[2023-07-08T05:35:54.423+0000][29442][gc,start    ] GC(50) Pause Young (Normal) (G1 Evacuation Pause)
[2023-07-08T05:35:54.423+0000][29442][gc,task     ] GC(50) Using 4 workers of 4 for evacuation
[2023-07-08T05:35:54.424+0000][29442][gc,age      ] GC(50) Desired survivor size 40370176 bytes, new threshold 15 (max threshold 15)
[2023-07-08T05:35:54.428+0000][29442][gc,age      ] GC(50) Age table with threshold 15 (max threshold 15)
[2023-07-08T05:35:54.428+0000][29442][gc,age      ] GC(50) - age   1:      12672 bytes,      12672 total
[2023-07-08T05:35:54.428+0000][29442][gc,age      ] GC(50) - age   8:        104 bytes,      12776 total
[2023-07-08T05:35:54.428+0000][29442][gc,age      ] GC(50) - age  12:        304 bytes,      13080 total
[2023-07-08T05:35:54.428+0000][29442][gc,age      ] GC(50) - age  13:        168 bytes,      13248 total
[2023-07-08T05:35:54.428+0000][29442][gc,phases   ] GC(50)   Pre Evacuate Collection Set: 0.4ms
[2023-07-08T05:35:54.428+0000][29442][gc,phases   ] GC(50)   Merge Heap Roots: 0.4ms
[2023-07-08T05:35:54.428+0000][29442][gc,phases   ] GC(50)   Evacuate Collection Set: 1.6ms
[2023-07-08T05:35:54.428+0000][29442][gc,phases   ] GC(50)   Post Evacuate Collection Set: 1.7ms
[2023-07-08T05:35:54.428+0000][29442][gc,phases   ] GC(50)   Other: 0.5ms
[2023-07-08T05:35:54.428+0000][29442][gc,heap     ] GC(50) Eden regions: 613->0(613)
[2023-07-08T05:35:54.428+0000][29442][gc,heap     ] GC(50) Survivor regions: 1->1(77)
[2023-07-08T05:35:54.428+0000][29442][gc,heap     ] GC(50) Old regions: 81->81
[2023-07-08T05:35:54.428+0000][29442][gc,heap     ] GC(50) Archive regions: 2->2
[2023-07-08T05:35:54.428+0000][29442][gc,heap     ] GC(50) Humongous regions: 1->1
[2023-07-08T05:35:54.428+0000][29442][gc,metaspace] GC(50) Metaspace: 102521K(104064K)->102521K(104064K) NonClass: 89528K(90496K)->89528K(90496K) Class: 12993K(13568K)->12993K(13568K)
[2023-07-08T05:35:54.428+0000][29442][gc          ] GC(50) Pause Young (Normal) (G1 Evacuation Pause) 695M->82M(1024M) 4.842ms
[2023-07-08T05:35:54.428+0000][29442][gc,cpu      ] GC(50) User=0.01s Sys=0.00s Real=0.00s
[2023-07-08T05:35:54.428+0000][29442][safepoint   ] Safepoint "G1CollectForAllocation", Time since last: 2327659866954 ns, Reaching safepoint: 124039 ns, At safepoint: 5009548 ns, Total: 5133587 ns
[2023-07-08T06:50:20.594+0000][29442][gc,start    ] GC(51) Pause Young (Concurrent Start) (G1 Evacuation Pause)
[2023-07-08T06:50:20.594+0000][29442][gc,task     ] GC(51) Using 4 workers of 4 for evacuation
[2023-07-08T06:50:20.594+0000][29442][gc,age      ] GC(51) Desired survivor size 40370176 bytes, new threshold 15 (max threshold 15)
[2023-07-08T06:50:20.597+0000][29442][gc,age      ] GC(51) Age table with threshold 15 (max threshold 15)
[2023-07-08T06:50:20.597+0000][29442][gc,age      ] GC(51) - age   1:      12672 bytes,      12672 total
[2023-07-08T06:50:20.597+0000][29442][gc,age      ] GC(51) - age   9:        104 bytes,      12776 total
[2023-07-08T06:50:20.597+0000][29442][gc,age      ] GC(51) - age  13:        304 bytes,      13080 total
[2023-07-08T06:50:20.597+0000][29442][gc,age      ] GC(51) - age  14:        168 bytes,      13248 total
[2023-07-08T06:50:20.597+0000][29442][gc,phases   ] GC(51)   Pre Evacuate Collection Set: 0.2ms
[2023-07-08T06:50:20.597+0000][29442][gc,phases   ] GC(51)   Merge Heap Roots: 0.2ms
[2023-07-08T06:50:20.597+0000][29442][gc,phases   ] GC(51)   Evacuate Collection Set: 1.0ms
[2023-07-08T06:50:20.597+0000][29442][gc,phases   ] GC(51)   Post Evacuate Collection Set: 0.9ms
[2023-07-08T06:50:20.597+0000][29442][gc,phases   ] GC(51)   Other: 0.3ms
[2023-07-08T06:50:20.597+0000][29442][gc,heap     ] GC(51) Eden regions: 613->0(613)
[2023-07-08T06:50:20.597+0000][29442][gc,heap     ] GC(51) Survivor regions: 1->1(77)
[2023-07-08T06:50:20.597+0000][29442][gc,heap     ] GC(51) Old regions: 81->81
[2023-07-08T06:50:20.597+0000][29442][gc,heap     ] GC(51) Archive regions: 2->2
[2023-07-08T06:50:20.597+0000][29442][gc,heap     ] GC(51) Humongous regions: 1->1
[2023-07-08T06:50:20.597+0000][29442][gc,metaspace] GC(51) Metaspace: 102521K(104064K)->102521K(104064K) NonClass: 89528K(90496K)->89528K(90496K) Class: 12993K(13568K)->12993K(13568K)
[2023-07-08T06:50:20.597+0000][29442][gc          ] GC(51) Pause Young (Concurrent Start) (G1 Evacuation Pause) 695M->82M(1024M) 2.670ms
[2023-07-08T06:50:20.597+0000][29442][gc,cpu      ] GC(51) User=0.00s Sys=0.00s Real=0.00s
[2023-07-08T06:50:20.597+0000][29442][gc          ] GC(52) Concurrent Mark Cycle
[2023-07-08T06:50:20.597+0000][29442][gc,marking  ] GC(52) Concurrent Clear Claimed Marks
[2023-07-08T06:50:20.597+0000][29442][safepoint   ] Safepoint "G1CollectForAllocation", Time since last: 4466165699819 ns, Reaching safepoint: 41663 ns, At safepoint: 2757417 ns, Total: 2799080 ns
[2023-07-08T06:50:20.597+0000][29442][gc,marking  ] GC(52) Concurrent Clear Claimed Marks 0.052ms
[2023-07-08T06:50:20.597+0000][29442][gc,marking  ] GC(52) Concurrent Scan Root Regions
[2023-07-08T06:50:20.598+0000][29442][gc,marking  ] GC(52) Concurrent Scan Root Regions 0.819ms
[2023-07-08T06:50:20.598+0000][29442][gc,marking  ] GC(52) Concurrent Mark
[2023-07-08T06:50:20.598+0000][29442][gc,marking  ] GC(52) Concurrent Mark From Roots
[2023-07-08T06:50:20.598+0000][29442][gc,task     ] GC(52) Using 1 workers of 1 for marking
[2023-07-08T06:50:20.698+0000][29442][gc,marking  ] GC(52) Concurrent Mark From Roots 99.860ms
[2023-07-08T06:50:20.698+0000][29442][gc,marking  ] GC(52) Concurrent Preclean
[2023-07-08T06:50:20.698+0000][29442][gc,marking  ] GC(52) Concurrent Preclean 0.220ms
[2023-07-08T06:50:20.698+0000][29442][gc,start    ] GC(52) Pause Remark
[2023-07-08T06:50:20.702+0000][29442][gc          ] GC(52) Pause Remark 83M->83M(1024M) 3.474ms
[2023-07-08T06:50:20.702+0000][29442][gc,cpu      ] GC(52) User=0.01s Sys=0.00s Real=0.01s
[2023-07-08T06:50:20.702+0000][29442][safepoint   ] Safepoint "G1Concurrent", Time since last: 101125000 ns, Reaching safepoint: 105253 ns, At safepoint: 3550812 ns, Total: 3656065 ns
[2023-07-08T06:50:20.702+0000][29442][gc,marking  ] GC(52) Concurrent Mark 103.882ms
[2023-07-08T06:50:20.702+0000][29442][gc,marking  ] GC(52) Concurrent Rebuild Remembered Sets
[2023-07-08T06:50:20.742+0000][29442][gc,marking  ] GC(52) Concurrent Rebuild Remembered Sets 40.046ms
[2023-07-08T06:50:20.742+0000][29442][gc,start    ] GC(52) Pause Cleanup
[2023-07-08T06:50:20.742+0000][29442][gc          ] GC(52) Pause Cleanup 83M->83M(1024M) 0.214ms
[2023-07-08T06:50:20.742+0000][29442][gc,cpu      ] GC(52) User=0.00s Sys=0.00s Real=0.00s
[2023-07-08T06:50:20.742+0000][29442][safepoint   ] Safepoint "G1Concurrent", Time since last: 40206569 ns, Reaching safepoint: 123601 ns, At safepoint: 283046 ns, Total: 406647 ns
[2023-07-08T06:50:20.742+0000][29442][gc,marking  ] GC(52) Concurrent Cleanup for Next Mark
[2023-07-08T06:50:20.744+0000][29442][gc,marking  ] GC(52) Concurrent Cleanup for Next Mark 1.522ms
[2023-07-08T06:50:20.744+0000][29442][gc          ] GC(52) Concurrent Mark Cycle 146.976ms
[2023-07-08T07:07:58.995+0000][29442][safepoint   ] Safepoint "Cleanup", Time since last: 1058252584741 ns, Reaching safepoint: 149843 ns, At safepoint: 22813 ns, Total: 172656 ns
[2023-07-08T08:04:44.702+0000][29442][gc,start    ] GC(53) Pause Young (Normal) (G1 Evacuation Pause)
[2023-07-08T08:04:44.702+0000][29442][gc,task     ] GC(53) Using 4 workers of 4 for evacuation
[2023-07-08T08:04:44.702+0000][29442][gc,age      ] GC(53) Desired survivor size 40370176 bytes, new threshold 15 (max threshold 15)
[2023-07-08T08:04:44.706+0000][29442][gc,age      ] GC(53) Age table with threshold 15 (max threshold 15)
[2023-07-08T08:04:44.706+0000][29442][gc,age      ] GC(53) - age   1:      12656 bytes,      12656 total
[2023-07-08T08:04:44.706+0000][29442][gc,age      ] GC(53) - age  10:        104 bytes,      12760 total
[2023-07-08T08:04:44.707+0000][29442][gc,age      ] GC(53) - age  14:        304 bytes,      13064 total
[2023-07-08T08:04:44.707+0000][29442][gc,age      ] GC(53) - age  15:        168 bytes,      13232 total
[2023-07-08T08:04:44.707+0000][29442][gc,phases   ] GC(53)   Pre Evacuate Collection Set: 0.4ms
[2023-07-08T08:04:44.707+0000][29442][gc,phases   ] GC(53)   Merge Heap Roots: 0.4ms
[2023-07-08T08:04:44.707+0000][29442][gc,phases   ] GC(53)   Evacuate Collection Set: 1.9ms
[2023-07-08T08:04:44.707+0000][29442][gc,phases   ] GC(53)   Post Evacuate Collection Set: 1.7ms
[2023-07-08T08:04:44.707+0000][29442][gc,phases   ] GC(53)   Other: 0.5ms
[2023-07-08T08:04:44.707+0000][29442][gc,heap     ] GC(53) Eden regions: 613->0(613)
[2023-07-08T08:04:44.707+0000][29442][gc,heap     ] GC(53) Survivor regions: 1->1(77)
[2023-07-08T08:04:44.707+0000][29442][gc,heap     ] GC(53) Old regions: 81->81
[2023-07-08T08:04:44.707+0000][29442][gc,heap     ] GC(53) Archive regions: 2->2
[2023-07-08T08:04:44.707+0000][29442][gc,heap     ] GC(53) Humongous regions: 1->1
[2023-07-08T08:04:44.707+0000][29442][gc,metaspace] GC(53) Metaspace: 102522K(104064K)->102522K(104064K) NonClass: 89529K(90496K)->89529K(90496K) Class: 12993K(13568K)->12993K(13568K)
[2023-07-08T08:04:44.707+0000][29442][gc          ] GC(53) Pause Young (Normal) (G1 Evacuation Pause) 695M->82M(1024M) 5.071ms
[2023-07-08T08:04:44.707+0000][29442][gc,cpu      ] GC(53) User=0.01s Sys=0.00s Real=0.00s
[2023-07-08T08:04:44.707+0000][29442][safepoint   ] Safepoint "G1CollectForAllocation", Time since last: 3405706667121 ns, Reaching safepoint: 107632 ns, At safepoint: 5239301 ns, Total: 5346933 ns
[2023-07-08T09:19:09.799+0000][29442][gc,start    ] GC(54) Pause Young (Concurrent Start) (G1 Evacuation Pause)
[2023-07-08T09:19:09.799+0000][29442][gc,task     ] GC(54) Using 4 workers of 4 for evacuation
[2023-07-08T09:19:09.799+0000][29442][gc,age      ] GC(54) Desired survivor size 40370176 bytes, new threshold 15 (max threshold 15)
[2023-07-08T09:19:09.804+0000][29442][gc,age      ] GC(54) Age table with threshold 15 (max threshold 15)
[2023-07-08T09:19:09.804+0000][29442][gc,age      ] GC(54) - age   1:       5624 bytes,       5624 total
[2023-07-08T09:19:09.804+0000][29442][gc,age      ] GC(54) - age  11:        104 bytes,       5728 total
[2023-07-08T09:19:09.804+0000][29442][gc,age      ] GC(54) - age  15:        304 bytes,       6032 total
[2023-07-08T09:19:09.804+0000][29442][gc,phases   ] GC(54)   Pre Evacuate Collection Set: 0.5ms
[2023-07-08T09:19:09.804+0000][29442][gc,phases   ] GC(54)   Merge Heap Roots: 0.4ms
[2023-07-08T09:19:09.804+0000][29442][gc,phases   ] GC(54)   Evacuate Collection Set: 2.2ms
[2023-07-08T09:19:09.804+0000][29442][gc,phases   ] GC(54)   Post Evacuate Collection Set: 1.9ms
[2023-07-08T09:19:09.804+0000][29442][gc,phases   ] GC(54)   Other: 0.6ms
[2023-07-08T09:19:09.804+0000][29442][gc,heap     ] GC(54) Eden regions: 613->0(613)
[2023-07-08T09:19:09.804+0000][29442][gc,heap     ] GC(54) Survivor regions: 1->1(77)
[2023-07-08T09:19:09.804+0000][29442][gc,heap     ] GC(54) Old regions: 81->81
[2023-07-08T09:19:09.804+0000][29442][gc,heap     ] GC(54) Archive regions: 2->2
[2023-07-08T09:19:09.805+0000][29442][gc,heap     ] GC(54) Humongous regions: 1->1
[2023-07-08T09:19:09.805+0000][29442][gc,metaspace] GC(54) Metaspace: 102522K(104064K)->102522K(104064K) NonClass: 89529K(90496K)->89529K(90496K) Class: 12993K(13568K)->12993K(13568K)
[2023-07-08T09:19:09.805+0000][29442][gc          ] GC(54) Pause Young (Concurrent Start) (G1 Evacuation Pause) 695M->82M(1024M) 5.887ms
[2023-07-08T09:19:09.805+0000][29442][gc,cpu      ] GC(54) User=0.01s Sys=0.00s Real=0.01s
[2023-07-08T09:19:09.805+0000][29442][safepoint   ] Safepoint "G1CollectForAllocation", Time since last: 4465091531773 ns, Reaching safepoint: 97457 ns, At safepoint: 6075873 ns, Total: 6173330 ns
[2023-07-08T09:19:09.805+0000][29442][gc          ] GC(55) Concurrent Mark Cycle
[2023-07-08T09:19:09.805+0000][29442][gc,marking  ] GC(55) Concurrent Clear Claimed Marks
[2023-07-08T09:19:09.805+0000][29442][gc,marking  ] GC(55) Concurrent Clear Claimed Marks 0.097ms
[2023-07-08T09:19:09.805+0000][29442][gc,marking  ] GC(55) Concurrent Scan Root Regions
[2023-07-08T09:19:09.807+0000][29442][gc,marking  ] GC(55) Concurrent Scan Root Regions 1.641ms
[2023-07-08T09:19:09.807+0000][29442][gc,marking  ] GC(55) Concurrent Mark
[2023-07-08T09:19:09.807+0000][29442][gc,marking  ] GC(55) Concurrent Mark From Roots
[2023-07-08T09:19:09.807+0000][29442][gc,task     ] GC(55) Using 1 workers of 1 for marking
[2023-07-08T09:19:09.896+0000][29442][gc,marking  ] GC(55) Concurrent Mark From Roots 89.478ms
[2023-07-08T09:19:09.896+0000][29442][gc,marking  ] GC(55) Concurrent Preclean
[2023-07-08T09:19:09.896+0000][29442][gc,marking  ] GC(55) Concurrent Preclean 0.216ms
[2023-07-08T09:19:09.897+0000][29442][gc,start    ] GC(55) Pause Remark
[2023-07-08T09:19:09.900+0000][29442][gc          ] GC(55) Pause Remark 83M->83M(1024M) 3.449ms
[2023-07-08T09:19:09.900+0000][29442][gc,cpu      ] GC(55) User=0.01s Sys=0.00s Real=0.00s
[2023-07-08T09:19:09.900+0000][29442][safepoint   ] Safepoint "G1Concurrent", Time since last: 91762577 ns, Reaching safepoint: 138062 ns, At safepoint: 3523338 ns, Total: 3661400 ns
[2023-07-08T09:19:09.900+0000][29442][gc,marking  ] GC(55) Concurrent Mark 93.533ms
[2023-07-08T09:19:09.900+0000][29442][gc,marking  ] GC(55) Concurrent Rebuild Remembered Sets
[2023-07-08T09:19:09.939+0000][29442][gc,marking  ] GC(55) Concurrent Rebuild Remembered Sets 38.936ms
[2023-07-08T09:19:09.939+0000][29442][gc,start    ] GC(55) Pause Cleanup
[2023-07-08T09:19:09.940+0000][29442][gc          ] GC(55) Pause Cleanup 83M->83M(1024M) 0.205ms
[2023-07-08T09:19:09.940+0000][29442][gc,cpu      ] GC(55) User=0.00s Sys=0.00s Real=0.00s
[2023-07-08T09:19:09.940+0000][29442][safepoint   ] Safepoint "G1Concurrent", Time since last: 39074865 ns, Reaching safepoint: 139717 ns, At safepoint: 253676 ns, Total: 393393 ns
[2023-07-08T09:19:09.940+0000][29442][gc,marking  ] GC(55) Concurrent Cleanup for Next Mark
[2023-07-08T09:19:09.941+0000][29442][gc,marking  ] GC(55) Concurrent Cleanup for Next Mark 1.348ms
[2023-07-08T09:19:09.941+0000][29442][gc          ] GC(55) Concurrent Mark Cycle 136.236ms
[2023-07-08T10:05:01.588+0000][29442][safepoint   ] Safepoint "Cleanup", Time since last: 2751648160028 ns, Reaching safepoint: 70190 ns, At safepoint: 3453 ns, Total: 73643 ns
[2023-07-08T10:33:31.100+0000][29442][gc,start    ] GC(56) Pause Young (Normal) (G1 Evacuation Pause)
[2023-07-08T10:33:31.100+0000][29442][gc,task     ] GC(56) Using 4 workers of 4 for evacuation
[2023-07-08T10:33:31.100+0000][29442][gc,age      ] GC(56) Desired survivor size 40370176 bytes, new threshold 15 (max threshold 15)
[2023-07-08T10:33:31.105+0000][29442][gc,age      ] GC(56) Age table with threshold 15 (max threshold 15)
[2023-07-08T10:33:31.105+0000][29442][gc,age      ] GC(56) - age   1:       4416 bytes,       4416 total
[2023-07-08T10:33:31.105+0000][29442][gc,age      ] GC(56) - age   2:       1144 bytes,       5560 total
[2023-07-08T10:33:31.105+0000][29442][gc,age      ] GC(56) - age  12:        104 bytes,       5664 total
[2023-07-08T10:33:31.105+0000][29442][gc,phases   ] GC(56)   Pre Evacuate Collection Set: 0.4ms
[2023-07-08T10:33:31.105+0000][29442][gc,phases   ] GC(56)   Merge Heap Roots: 0.4ms
[2023-07-08T10:33:31.105+0000][29442][gc,phases   ] GC(56)   Evacuate Collection Set: 1.8ms
[2023-07-08T10:33:31.105+0000][29442][gc,phases   ] GC(56)   Post Evacuate Collection Set: 1.7ms
[2023-07-08T10:33:31.105+0000][29442][gc,phases   ] GC(56)   Other: 0.5ms
[2023-07-08T10:33:31.105+0000][29442][gc,heap     ] GC(56) Eden regions: 613->0(613)
[2023-07-08T10:33:31.105+0000][29442][gc,heap     ] GC(56) Survivor regions: 1->1(77)
[2023-07-08T10:33:31.105+0000][29442][gc,heap     ] GC(56) Old regions: 81->81
[2023-07-08T10:33:31.105+0000][29442][gc,heap     ] GC(56) Archive regions: 2->2
[2023-07-08T10:33:31.105+0000][29442][gc,heap     ] GC(56) Humongous regions: 1->1
[2023-07-08T10:33:31.105+0000][29442][gc,metaspace] GC(56) Metaspace: 102522K(104064K)->102522K(104064K) NonClass: 89529K(90496K)->89529K(90496K) Class: 12993K(13568K)->12993K(13568K)
[2023-07-08T10:33:31.105+0000][29442][gc          ] GC(56) Pause Young (Normal) (G1 Evacuation Pause) 695M->82M(1024M) 5.059ms
[2023-07-08T10:33:31.105+0000][29442][gc,cpu      ] GC(56) User=0.01s Sys=0.01s Real=0.01s
[2023-07-08T10:33:31.106+0000][29442][safepoint   ] Safepoint "G1CollectForAllocation", Time since last: 1709512299521 ns, Reaching safepoint: 156904 ns, At safepoint: 5242315 ns, Total: 5399219 ns
[2023-07-08T10:54:57.402+0000][29442][safepoint   ] Safepoint "Cleanup", Time since last: 1286296593591 ns, Reaching safepoint: 182853 ns, At safepoint: 28155 ns, Total: 211008 ns
[2023-07-08T11:47:55.397+0000][29442][gc,start    ] GC(57) Pause Young (Concurrent Start) (G1 Evacuation Pause)
[2023-07-08T11:47:55.397+0000][29442][gc,task     ] GC(57) Using 4 workers of 4 for evacuation
[2023-07-08T11:47:55.397+0000][29442][gc,age      ] GC(57) Desired survivor size 40370176 bytes, new threshold 15 (max threshold 15)
[2023-07-08T11:47:55.400+0000][29442][gc,age      ] GC(57) Age table with threshold 15 (max threshold 15)
[2023-07-08T11:47:55.400+0000][29442][gc,age      ] GC(57) - age   1:      12672 bytes,      12672 total
[2023-07-08T11:47:55.400+0000][29442][gc,age      ] GC(57) - age   3:       1144 bytes,      13816 total
[2023-07-08T11:47:55.400+0000][29442][gc,age      ] GC(57) - age  13:        104 bytes,      13920 total
[2023-07-08T11:47:55.400+0000][29442][gc,phases   ] GC(57)   Pre Evacuate Collection Set: 0.2ms
[2023-07-08T11:47:55.400+0000][29442][gc,phases   ] GC(57)   Merge Heap Roots: 0.2ms
[2023-07-08T11:47:55.400+0000][29442][gc,phases   ] GC(57)   Evacuate Collection Set: 0.9ms
[2023-07-08T11:47:55.400+0000][29442][gc,phases   ] GC(57)   Post Evacuate Collection Set: 0.8ms
[2023-07-08T11:47:55.400+0000][29442][gc,phases   ] GC(57)   Other: 0.2ms
[2023-07-08T11:47:55.400+0000][29442][gc,heap     ] GC(57) Eden regions: 613->0(613)
[2023-07-08T11:47:55.400+0000][29442][gc,heap     ] GC(57) Survivor regions: 1->1(77)
[2023-07-08T11:47:55.400+0000][29442][gc,heap     ] GC(57) Old regions: 81->81
[2023-07-08T11:47:55.400+0000][29442][gc,heap     ] GC(57) Archive regions: 2->2
[2023-07-08T11:47:55.400+0000][29442][gc,heap     ] GC(57) Humongous regions: 1->1
[2023-07-08T11:47:55.400+0000][29442][gc,metaspace] GC(57) Metaspace: 102522K(104064K)->102522K(104064K) NonClass: 89529K(90496K)->89529K(90496K) Class: 12993K(13568K)->12993K(13568K)
[2023-07-08T11:47:55.400+0000][29442][gc          ] GC(57) Pause Young (Concurrent Start) (G1 Evacuation Pause) 695M->82M(1024M) 2.406ms
[2023-07-08T11:47:55.400+0000][29442][gc,cpu      ] GC(57) User=0.01s Sys=0.00s Real=0.00s
[2023-07-08T11:47:55.400+0000][29442][safepoint   ] Safepoint "G1CollectForAllocation", Time since last: 3177994848744 ns, Reaching safepoint: 47148 ns, At safepoint: 2475023 ns, Total: 2522171 ns
[2023-07-08T11:47:55.400+0000][29442][gc          ] GC(58) Concurrent Mark Cycle
[2023-07-08T11:47:55.400+0000][29442][gc,marking  ] GC(58) Concurrent Clear Claimed Marks
[2023-07-08T11:47:55.400+0000][29442][gc,marking  ] GC(58) Concurrent Clear Claimed Marks 0.042ms
[2023-07-08T11:47:55.400+0000][29442][gc,marking  ] GC(58) Concurrent Scan Root Regions
[2023-07-08T11:47:55.401+0000][29442][gc,marking  ] GC(58) Concurrent Scan Root Regions 0.682ms
[2023-07-08T11:47:55.401+0000][29442][gc,marking  ] GC(58) Concurrent Mark
[2023-07-08T11:47:55.401+0000][29442][gc,marking  ] GC(58) Concurrent Mark From Roots
[2023-07-08T11:47:55.401+0000][29442][gc,task     ] GC(58) Using 1 workers of 1 for marking
[2023-07-08T11:47:55.488+0000][29442][gc,marking  ] GC(58) Concurrent Mark From Roots 87.304ms
[2023-07-08T11:47:55.488+0000][29442][gc,marking  ] GC(58) Concurrent Preclean
[2023-07-08T11:47:55.488+0000][29442][gc,marking  ] GC(58) Concurrent Preclean 0.216ms
[2023-07-08T11:47:55.488+0000][29442][gc,start    ] GC(58) Pause Remark
[2023-07-08T11:47:55.492+0000][29442][gc          ] GC(58) Pause Remark 83M->83M(1024M) 3.482ms
[2023-07-08T11:47:55.492+0000][29442][gc,cpu      ] GC(58) User=0.01s Sys=0.00s Real=0.01s
[2023-07-08T11:47:55.492+0000][29442][safepoint   ] Safepoint "G1Concurrent", Time since last: 88440696 ns, Reaching safepoint: 68448 ns, At safepoint: 3554636 ns, Total: 3623084 ns
[2023-07-08T11:47:55.492+0000][29442][gc,marking  ] GC(58) Concurrent Mark 91.261ms
[2023-07-08T11:47:55.492+0000][29442][gc,marking  ] GC(58) Concurrent Rebuild Remembered Sets
[2023-07-08T11:47:55.531+0000][29442][gc,marking  ] GC(58) Concurrent Rebuild Remembered Sets 39.185ms
[2023-07-08T11:47:55.531+0000][29442][gc,start    ] GC(58) Pause Cleanup
[2023-07-08T11:47:55.531+0000][29442][gc          ] GC(58) Pause Cleanup 83M->83M(1024M) 0.243ms
[2023-07-08T11:47:55.531+0000][29442][gc,cpu      ] GC(58) User=0.00s Sys=0.00s Real=0.01s
[2023-07-08T11:47:55.531+0000][29442][safepoint   ] Safepoint "G1Concurrent", Time since last: 39285460 ns, Reaching safepoint: 54781 ns, At safepoint: 291772 ns, Total: 346553 ns
[2023-07-08T11:47:55.531+0000][29442][gc,marking  ] GC(58) Concurrent Cleanup for Next Mark
[2023-07-08T11:47:55.533+0000][29442][gc,marking  ] GC(58) Concurrent Cleanup for Next Mark 1.391ms
[2023-07-08T11:47:55.533+0000][29442][gc          ] GC(58) Concurrent Mark Cycle 133.124ms
[2023-07-08T13:02:18.652+0000][29442][gc,start    ] GC(59) Pause Young (Normal) (G1 Evacuation Pause)
[2023-07-08T13:02:18.652+0000][29442][gc,task     ] GC(59) Using 4 workers of 4 for evacuation
[2023-07-08T13:02:18.652+0000][29442][gc,age      ] GC(59) Desired survivor size 40370176 bytes, new threshold 15 (max threshold 15)
[2023-07-08T13:02:18.656+0000][29442][gc,age      ] GC(59) Age table with threshold 15 (max threshold 15)
[2023-07-08T13:02:18.656+0000][29442][gc,age      ] GC(59) - age   1:      29040 bytes,      29040 total
[2023-07-08T13:02:18.656+0000][29442][gc,age      ] GC(59) - age   4:       1144 bytes,      30184 total
[2023-07-08T13:02:18.656+0000][29442][gc,age      ] GC(59) - age  14:        104 bytes,      30288 total
[2023-07-08T13:02:18.656+0000][29442][gc,phases   ] GC(59)   Pre Evacuate Collection Set: 0.4ms
[2023-07-08T13:02:18.656+0000][29442][gc,phases   ] GC(59)   Merge Heap Roots: 0.4ms
[2023-07-08T13:02:18.656+0000][29442][gc,phases   ] GC(59)   Evacuate Collection Set: 1.6ms
[2023-07-08T13:02:18.656+0000][29442][gc,phases   ] GC(59)   Post Evacuate Collection Set: 1.8ms
[2023-07-08T13:02:18.656+0000][29442][gc,phases   ] GC(59)   Other: 0.5ms
[2023-07-08T13:02:18.656+0000][29442][gc,heap     ] GC(59) Eden regions: 613->0(613)
[2023-07-08T13:02:18.656+0000][29442][gc,heap     ] GC(59) Survivor regions: 1->1(77)
[2023-07-08T13:02:18.656+0000][29442][gc,heap     ] GC(59) Old regions: 81->81
[2023-07-08T13:02:18.656+0000][29442][gc,heap     ] GC(59) Archive regions: 2->2
[2023-07-08T13:02:18.656+0000][29442][gc,heap     ] GC(59) Humongous regions: 1->1
[2023-07-08T13:02:18.656+0000][29442][gc,metaspace] GC(59) Metaspace: 102522K(104064K)->102522K(104064K) NonClass: 89529K(90496K)->89529K(90496K) Class: 12993K(13568K)->12993K(13568K)
[2023-07-08T13:02:18.657+0000][29442][gc          ] GC(59) Pause Young (Normal) (G1 Evacuation Pause) 695M->82M(1024M) 4.906ms
[2023-07-08T13:02:18.657+0000][29442][gc,cpu      ] GC(59) User=0.01s Sys=0.00s Real=0.00s
[2023-07-08T13:02:18.657+0000][29442][safepoint   ] Safepoint "G1CollectForAllocation", Time since last: 4463120053753 ns, Reaching safepoint: 105830 ns, At safepoint: 5080227 ns, Total: 5186057 ns
[2023-07-08T13:24:56.973+0000][29442][safepoint   ] Safepoint "Cleanup", Time since last: 1358316280154 ns, Reaching safepoint: 163495 ns, At safepoint: 22865 ns, Total: 186360 ns
[2023-07-08T14:16:43.350+0000][29442][gc,start    ] GC(60) Pause Young (Concurrent Start) (G1 Evacuation Pause)
[2023-07-08T14:16:43.350+0000][29442][gc,task     ] GC(60) Using 4 workers of 4 for evacuation
[2023-07-08T14:16:43.350+0000][29442][gc,age      ] GC(60) Desired survivor size 40370176 bytes, new threshold 15 (max threshold 15)
[2023-07-08T14:16:43.355+0000][29442][gc,age      ] GC(60) Age table with threshold 15 (max threshold 15)
[2023-07-08T14:16:43.355+0000][29442][gc,age      ] GC(60) - age   1:       4000 bytes,       4000 total
[2023-07-08T14:16:43.355+0000][29442][gc,age      ] GC(60) - age   5:       1144 bytes,       5144 total
[2023-07-08T14:16:43.355+0000][29442][gc,age      ] GC(60) - age  15:        104 bytes,       5248 total
[2023-07-08T14:16:43.355+0000][29442][gc,phases   ] GC(60)   Pre Evacuate Collection Set: 0.5ms
[2023-07-08T14:16:43.355+0000][29442][gc,phases   ] GC(60)   Merge Heap Roots: 0.4ms
[2023-07-08T14:16:43.355+0000][29442][gc,phases   ] GC(60)   Evacuate Collection Set: 2.2ms
[2023-07-08T14:16:43.355+0000][29442][gc,phases   ] GC(60)   Post Evacuate Collection Set: 1.6ms
[2023-07-08T14:16:43.355+0000][29442][gc,phases   ] GC(60)   Other: 0.6ms
[2023-07-08T14:16:43.355+0000][29442][gc,heap     ] GC(60) Eden regions: 613->0(613)
[2023-07-08T14:16:43.355+0000][29442][gc,heap     ] GC(60) Survivor regions: 1->1(77)
[2023-07-08T14:16:43.355+0000][29442][gc,heap     ] GC(60) Old regions: 81->81
[2023-07-08T14:16:43.355+0000][29442][gc,heap     ] GC(60) Archive regions: 2->2
[2023-07-08T14:16:43.355+0000][29442][gc,heap     ] GC(60) Humongous regions: 1->1
[2023-07-08T14:16:43.355+0000][29442][gc,metaspace] GC(60) Metaspace: 102522K(104064K)->102522K(104064K) NonClass: 89529K(90496K)->89529K(90496K) Class: 12993K(13568K)->12993K(13568K)
[2023-07-08T14:16:43.355+0000][29442][gc          ] GC(60) Pause Young (Concurrent Start) (G1 Evacuation Pause) 695M->82M(1024M) 5.415ms
[2023-07-08T14:16:43.355+0000][29442][gc,cpu      ] GC(60) User=0.01s Sys=0.00s Real=0.01s
[2023-07-08T14:16:43.355+0000][29442][safepoint   ] Safepoint "G1CollectForAllocation", Time since last: 3106376495867 ns, Reaching safepoint: 98619 ns, At safepoint: 5603682 ns, Total: 5702301 ns
[2023-07-08T14:16:43.355+0000][29442][gc          ] GC(61) Concurrent Mark Cycle
[2023-07-08T14:16:43.355+0000][29442][gc,marking  ] GC(61) Concurrent Clear Claimed Marks
[2023-07-08T14:16:43.355+0000][29442][gc,marking  ] GC(61) Concurrent Clear Claimed Marks 0.077ms
[2023-07-08T14:16:43.356+0000][29442][gc,marking  ] GC(61) Concurrent Scan Root Regions
[2023-07-08T14:16:43.357+0000][29442][gc,marking  ] GC(61) Concurrent Scan Root Regions 1.660ms
[2023-07-08T14:16:43.357+0000][29442][gc,marking  ] GC(61) Concurrent Mark
[2023-07-08T14:16:43.357+0000][29442][gc,marking  ] GC(61) Concurrent Mark From Roots
[2023-07-08T14:16:43.357+0000][29442][gc,task     ] GC(61) Using 1 workers of 1 for marking
[2023-07-08T14:16:43.447+0000][29442][gc,marking  ] GC(61) Concurrent Mark From Roots 89.912ms
[2023-07-08T14:16:43.447+0000][29442][gc,marking  ] GC(61) Concurrent Preclean
[2023-07-08T14:16:43.447+0000][29442][gc,marking  ] GC(61) Concurrent Preclean 0.219ms
[2023-07-08T14:16:43.448+0000][29442][gc,start    ] GC(61) Pause Remark
[2023-07-08T14:16:43.450+0000][29442][gc          ] GC(61) Pause Remark 82M->82M(1024M) 2.902ms
[2023-07-08T14:16:43.451+0000][29442][gc,cpu      ] GC(61) User=0.01s Sys=0.00s Real=0.00s
[2023-07-08T14:16:43.451+0000][29442][safepoint   ] Safepoint "G1Concurrent", Time since last: 92188662 ns, Reaching safepoint: 75182 ns, At safepoint: 2961898 ns, Total: 3037080 ns
[2023-07-08T14:16:43.451+0000][29442][gc,marking  ] GC(61) Concurrent Mark 93.309ms
[2023-07-08T14:16:43.451+0000][29442][gc,marking  ] GC(61) Concurrent Rebuild Remembered Sets
[2023-07-08T14:16:43.490+0000][29442][gc,marking  ] GC(61) Concurrent Rebuild Remembered Sets 39.631ms
[2023-07-08T14:16:43.490+0000][29442][gc,start    ] GC(61) Pause Cleanup
[2023-07-08T14:16:43.491+0000][29442][gc          ] GC(61) Pause Cleanup 82M->82M(1024M) 0.241ms
[2023-07-08T14:16:43.491+0000][29442][gc,cpu      ] GC(61) User=0.00s Sys=0.00s Real=0.00s
[2023-07-08T14:16:43.491+0000][29442][safepoint   ] Safepoint "G1Concurrent", Time since last: 39754355 ns, Reaching safepoint: 26463 ns, At safepoint: 275167 ns, Total: 301630 ns
[2023-07-08T14:16:43.491+0000][29442][gc,marking  ] GC(61) Concurrent Cleanup for Next Mark
[2023-07-08T14:16:43.492+0000][29442][gc,marking  ] GC(61) Concurrent Cleanup for Next Mark 1.417ms
[2023-07-08T14:16:43.492+0000][29442][gc          ] GC(61) Concurrent Mark Cycle 136.722ms
[2023-07-08T15:31:07.791+0000][29442][gc,start    ] GC(62) Pause Young (Normal) (G1 Evacuation Pause)
[2023-07-08T15:31:07.791+0000][29442][gc,task     ] GC(62) Using 4 workers of 4 for evacuation
[2023-07-08T15:31:07.791+0000][29442][gc,age      ] GC(62) Desired survivor size 40370176 bytes, new threshold 15 (max threshold 15)
[2023-07-08T15:31:07.796+0000][29442][gc,age      ] GC(62) Age table with threshold 15 (max threshold 15)
[2023-07-08T15:31:07.796+0000][29442][gc,age      ] GC(62) - age   1:       4384 bytes,       4384 total
[2023-07-08T15:31:07.796+0000][29442][gc,age      ] GC(62) - age   6:       1144 bytes,       5528 total
[2023-07-08T15:31:07.796+0000][29442][gc,phases   ] GC(62)   Pre Evacuate Collection Set: 0.4ms
[2023-07-08T15:31:07.796+0000][29442][gc,phases   ] GC(62)   Merge Heap Roots: 0.4ms
[2023-07-08T15:31:07.796+0000][29442][gc,phases   ] GC(62)   Evacuate Collection Set: 1.7ms
[2023-07-08T15:31:07.796+0000][29442][gc,phases   ] GC(62)   Post Evacuate Collection Set: 1.6ms
[2023-07-08T15:31:07.796+0000][29442][gc,phases   ] GC(62)   Other: 0.4ms
[2023-07-08T15:31:07.796+0000][29442][gc,heap     ] GC(62) Eden regions: 613->0(613)
[2023-07-08T15:31:07.796+0000][29442][gc,heap     ] GC(62) Survivor regions: 1->1(77)
[2023-07-08T15:31:07.796+0000][29442][gc,heap     ] GC(62) Old regions: 81->81
[2023-07-08T15:31:07.796+0000][29442][gc,heap     ] GC(62) Archive regions: 2->2
[2023-07-08T15:31:07.796+0000][29442][gc,heap     ] GC(62) Humongous regions: 1->1
[2023-07-08T15:31:07.796+0000][29442][gc,metaspace] GC(62) Metaspace: 102522K(104064K)->102522K(104064K) NonClass: 89529K(90496K)->89529K(90496K) Class: 12993K(13568K)->12993K(13568K)
[2023-07-08T15:31:07.796+0000][29442][gc          ] GC(62) Pause Young (Normal) (G1 Evacuation Pause) 695M->82M(1024M) 4.821ms
[2023-07-08T15:31:07.796+0000][29442][gc,cpu      ] GC(62) User=0.01s Sys=0.00s Real=0.00s
[2023-07-08T15:31:07.796+0000][29442][safepoint   ] Safepoint "G1CollectForAllocation", Time since last: 4464300511676 ns, Reaching safepoint: 190470 ns, At safepoint: 4988682 ns, Total: 5179152 ns
[2023-07-08T16:45:31.864+0000][29442][gc,start    ] GC(63) Pause Young (Concurrent Start) (G1 Evacuation Pause)
[2023-07-08T16:45:31.864+0000][29442][gc,task     ] GC(63) Using 4 workers of 4 for evacuation
[2023-07-08T16:45:31.864+0000][29442][gc,age      ] GC(63) Desired survivor size 40370176 bytes, new threshold 15 (max threshold 15)
[2023-07-08T16:45:31.870+0000][29442][gc,age      ] GC(63) Age table with threshold 15 (max threshold 15)
[2023-07-08T16:45:31.870+0000][29442][gc,age      ] GC(63) - age   1:      12656 bytes,      12656 total
[2023-07-08T16:45:31.870+0000][29442][gc,age      ] GC(63) - age   7:       1144 bytes,      13800 total
[2023-07-08T16:45:31.870+0000][29442][gc,phases   ] GC(63)   Pre Evacuate Collection Set: 0.5ms
[2023-07-08T16:45:31.870+0000][29442][gc,phases   ] GC(63)   Merge Heap Roots: 0.4ms
[2023-07-08T16:45:31.870+0000][29442][gc,phases   ] GC(63)   Evacuate Collection Set: 2.5ms
[2023-07-08T16:45:31.870+0000][29442][gc,phases   ] GC(63)   Post Evacuate Collection Set: 2.1ms
[2023-07-08T16:45:31.870+0000][29442][gc,phases   ] GC(63)   Other: 0.6ms
[2023-07-08T16:45:31.870+0000][29442][gc,heap     ] GC(63) Eden regions: 613->0(613)
[2023-07-08T16:45:31.870+0000][29442][gc,heap     ] GC(63) Survivor regions: 1->1(77)
[2023-07-08T16:45:31.870+0000][29442][gc,heap     ] GC(63) Old regions: 81->81
[2023-07-08T16:45:31.870+0000][29442][gc,heap     ] GC(63) Archive regions: 2->2
[2023-07-08T16:45:31.870+0000][29442][gc,heap     ] GC(63) Humongous regions: 1->1
[2023-07-08T16:45:31.870+0000][29442][gc,metaspace] GC(63) Metaspace: 102522K(104064K)->102522K(104064K) NonClass: 89529K(90496K)->89529K(90496K) Class: 12993K(13568K)->12993K(13568K)
[2023-07-08T16:45:31.870+0000][29442][gc          ] GC(63) Pause Young (Concurrent Start) (G1 Evacuation Pause) 695M->82M(1024M) 6.350ms
[2023-07-08T16:45:31.870+0000][29442][gc,cpu      ] GC(63) User=0.00s Sys=0.01s Real=0.00s
[2023-07-08T16:45:31.871+0000][29442][safepoint   ] Safepoint "G1CollectForAllocation", Time since last: 4464067618372 ns, Reaching safepoint: 126353 ns, At safepoint: 6538221 ns, Total: 6664574 ns
[2023-07-08T16:45:31.871+0000][29442][gc          ] GC(64) Concurrent Mark Cycle
[2023-07-08T16:45:31.871+0000][29442][gc,marking  ] GC(64) Concurrent Clear Claimed Marks
[2023-07-08T16:45:31.871+0000][29442][gc,marking  ] GC(64) Concurrent Clear Claimed Marks 0.103ms
[2023-07-08T16:45:31.871+0000][29442][gc,marking  ] GC(64) Concurrent Scan Root Regions
[2023-07-08T16:45:31.872+0000][29442][gc,marking  ] GC(64) Concurrent Scan Root Regions 1.648ms
[2023-07-08T16:45:31.872+0000][29442][gc,marking  ] GC(64) Concurrent Mark
[2023-07-08T16:45:31.873+0000][29442][gc,marking  ] GC(64) Concurrent Mark From Roots
[2023-07-08T16:45:31.873+0000][29442][gc,task     ] GC(64) Using 1 workers of 1 for marking
[2023-07-08T16:45:31.988+0000][29442][gc,marking  ] GC(64) Concurrent Mark From Roots 115.481ms
[2023-07-08T16:45:31.988+0000][29442][gc,marking  ] GC(64) Concurrent Preclean
[2023-07-08T16:45:31.988+0000][29442][gc,marking  ] GC(64) Concurrent Preclean 0.260ms
[2023-07-08T16:45:31.988+0000][29442][gc,start    ] GC(64) Pause Remark
[2023-07-08T16:45:31.991+0000][29442][gc          ] GC(64) Pause Remark 83M->83M(1024M) 3.030ms
[2023-07-08T16:45:31.991+0000][29442][gc,cpu      ] GC(64) User=0.01s Sys=0.00s Real=0.01s
[2023-07-08T16:45:31.991+0000][29442][safepoint   ] Safepoint "G1Concurrent", Time since last: 117788913 ns, Reaching safepoint: 28099 ns, At safepoint: 3117721 ns, Total: 3145820 ns
[2023-07-08T16:45:31.992+0000][29442][gc,marking  ] GC(64) Concurrent Mark 119.036ms
[2023-07-08T16:45:31.992+0000][29442][gc,marking  ] GC(64) Concurrent Rebuild Remembered Sets
[2023-07-08T16:45:32.034+0000][29442][gc,marking  ] GC(64) Concurrent Rebuild Remembered Sets 42.518ms
[2023-07-08T16:45:32.034+0000][29442][gc,start    ] GC(64) Pause Cleanup
[2023-07-08T16:45:32.034+0000][29442][gc          ] GC(64) Pause Cleanup 83M->83M(1024M) 0.181ms
[2023-07-08T16:45:32.034+0000][29442][gc,cpu      ] GC(64) User=0.00s Sys=0.00s Real=0.00s
[2023-07-08T16:45:32.034+0000][29442][safepoint   ] Safepoint "G1Concurrent", Time since last: 42625108 ns, Reaching safepoint: 21603 ns, At safepoint: 229971 ns, Total: 251574 ns
[2023-07-08T16:45:32.034+0000][29442][gc,marking  ] GC(64) Concurrent Cleanup for Next Mark
[2023-07-08T16:45:32.036+0000][29442][gc,marking  ] GC(64) Concurrent Cleanup for Next Mark 1.502ms
[2023-07-08T16:45:32.036+0000][29442][gc          ] GC(64) Concurrent Mark Cycle 165.338ms
[2023-07-08T17:59:57.020+0000][29442][gc,start    ] GC(65) Pause Young (Normal) (G1 Evacuation Pause)
[2023-07-08T17:59:57.020+0000][29442][gc,task     ] GC(65) Using 4 workers of 4 for evacuation
[2023-07-08T17:59:57.021+0000][29442][gc,age      ] GC(65) Desired survivor size 40370176 bytes, new threshold 15 (max threshold 15)
[2023-07-08T17:59:57.025+0000][29442][gc,age      ] GC(65) Age table with threshold 15 (max threshold 15)
[2023-07-08T17:59:57.025+0000][29442][gc,age      ] GC(65) - age   1:      12672 bytes,      12672 total
[2023-07-08T17:59:57.025+0000][29442][gc,age      ] GC(65) - age   8:       1144 bytes,      13816 total
[2023-07-08T17:59:57.025+0000][29442][gc,phases   ] GC(65)   Pre Evacuate Collection Set: 0.3ms
[2023-07-08T17:59:57.025+0000][29442][gc,phases   ] GC(65)   Merge Heap Roots: 0.4ms
[2023-07-08T17:59:57.025+0000][29442][gc,phases   ] GC(65)   Evacuate Collection Set: 1.6ms
[2023-07-08T17:59:57.025+0000][29442][gc,phases   ] GC(65)   Post Evacuate Collection Set: 2.0ms
[2023-07-08T17:59:57.025+0000][29442][gc,phases   ] GC(65)   Other: 0.5ms
[2023-07-08T17:59:57.025+0000][29442][gc,heap     ] GC(65) Eden regions: 613->0(613)
[2023-07-08T17:59:57.025+0000][29442][gc,heap     ] GC(65) Survivor regions: 1->1(77)
[2023-07-08T17:59:57.025+0000][29442][gc,heap     ] GC(65) Old regions: 81->81
[2023-07-08T17:59:57.025+0000][29442][gc,heap     ] GC(65) Archive regions: 2->2
[2023-07-08T17:59:57.025+0000][29442][gc,heap     ] GC(65) Humongous regions: 1->1
[2023-07-08T17:59:57.025+0000][29442][gc,metaspace] GC(65) Metaspace: 102522K(104064K)->102522K(104064K) NonClass: 89529K(90496K)->89529K(90496K) Class: 12993K(13568K)->12993K(13568K)
[2023-07-08T17:59:57.025+0000][29442][gc          ] GC(65) Pause Young (Normal) (G1 Evacuation Pause) 695M->82M(1024M) 4.997ms
[2023-07-08T17:59:57.025+0000][29442][gc,cpu      ] GC(65) User=0.01s Sys=0.00s Real=0.01s
[2023-07-08T17:59:57.026+0000][29442][safepoint   ] Safepoint "G1CollectForAllocation", Time since last: 4464985825720 ns, Reaching safepoint: 140708 ns, At safepoint: 5167411 ns, Total: 5308119 ns
[2023-07-08T19:14:22.686+0000][29442][gc,start    ] GC(66) Pause Young (Concurrent Start) (G1 Evacuation Pause)
[2023-07-08T19:14:22.686+0000][29442][gc,task     ] GC(66) Using 4 workers of 4 for evacuation
[2023-07-08T19:14:22.686+0000][29442][gc,age      ] GC(66) Desired survivor size 40370176 bytes, new threshold 15 (max threshold 15)
[2023-07-08T19:14:22.691+0000][29442][gc,age      ] GC(66) Age table with threshold 15 (max threshold 15)
[2023-07-08T19:14:22.691+0000][29442][gc,age      ] GC(66) - age   1:       4648 bytes,       4648 total
[2023-07-08T19:14:22.691+0000][29442][gc,age      ] GC(66) - age   9:       1144 bytes,       5792 total
[2023-07-08T19:14:22.691+0000][29442][gc,phases   ] GC(66)   Pre Evacuate Collection Set: 0.4ms
[2023-07-08T19:14:22.691+0000][29442][gc,phases   ] GC(66)   Merge Heap Roots: 0.4ms
[2023-07-08T19:14:22.691+0000][29442][gc,phases   ] GC(66)   Evacuate Collection Set: 2.3ms
[2023-07-08T19:14:22.691+0000][29442][gc,phases   ] GC(66)   Post Evacuate Collection Set: 1.7ms
[2023-07-08T19:14:22.691+0000][29442][gc,phases   ] GC(66)   Other: 0.6ms
[2023-07-08T19:14:22.691+0000][29442][gc,heap     ] GC(66) Eden regions: 613->0(613)
[2023-07-08T19:14:22.691+0000][29442][gc,heap     ] GC(66) Survivor regions: 1->1(77)
[2023-07-08T19:14:22.691+0000][29442][gc,heap     ] GC(66) Old regions: 81->81
[2023-07-08T19:14:22.691+0000][29442][gc,heap     ] GC(66) Archive regions: 2->2
[2023-07-08T19:14:22.691+0000][29442][gc,heap     ] GC(66) Humongous regions: 1->1
[2023-07-08T19:14:22.691+0000][29442][gc,metaspace] GC(66) Metaspace: 102522K(104064K)->102522K(104064K) NonClass: 89529K(90496K)->89529K(90496K) Class: 12993K(13568K)->12993K(13568K)
[2023-07-08T19:14:22.691+0000][29442][gc          ] GC(66) Pause Young (Concurrent Start) (G1 Evacuation Pause) 695M->82M(1024M) 5.540ms
[2023-07-08T19:14:22.691+0000][29442][gc,cpu      ] GC(66) User=0.01s Sys=0.00s Real=0.00s
[2023-07-08T19:14:22.691+0000][29442][safepoint   ] Safepoint "G1CollectForAllocation", Time since last: 4465659612035 ns, Reaching safepoint: 322763 ns, At safepoint: 5753083 ns, Total: 6075846 ns
[2023-07-08T19:14:22.691+0000][29442][gc          ] GC(67) Concurrent Mark Cycle
[2023-07-08T19:14:22.691+0000][29442][gc,marking  ] GC(67) Concurrent Clear Claimed Marks
[2023-07-08T19:14:22.691+0000][29442][gc,marking  ] GC(67) Concurrent Clear Claimed Marks 0.072ms
[2023-07-08T19:14:22.691+0000][29442][gc,marking  ] GC(67) Concurrent Scan Root Regions
[2023-07-08T19:14:22.693+0000][29442][gc,marking  ] GC(67) Concurrent Scan Root Regions 1.648ms
[2023-07-08T19:14:22.693+0000][29442][gc,marking  ] GC(67) Concurrent Mark
[2023-07-08T19:14:22.693+0000][29442][gc,marking  ] GC(67) Concurrent Mark From Roots
[2023-07-08T19:14:22.693+0000][29442][gc,task     ] GC(67) Using 1 workers of 1 for marking
[2023-07-08T19:14:22.782+0000][29442][gc,marking  ] GC(67) Concurrent Mark From Roots 89.311ms
[2023-07-08T19:14:22.782+0000][29442][gc,marking  ] GC(67) Concurrent Preclean
[2023-07-08T19:14:22.783+0000][29442][gc,marking  ] GC(67) Concurrent Preclean 0.232ms
[2023-07-08T19:14:22.783+0000][29442][gc,start    ] GC(67) Pause Remark
[2023-07-08T19:14:22.786+0000][29442][gc          ] GC(67) Pause Remark 83M->83M(1024M) 2.865ms
[2023-07-08T19:14:22.786+0000][29442][gc,cpu      ] GC(67) User=0.01s Sys=0.00s Real=0.00s
[2023-07-08T19:14:22.786+0000][29442][safepoint   ] Safepoint "G1Concurrent", Time since last: 91565214 ns, Reaching safepoint: 73207 ns, At safepoint: 2924205 ns, Total: 2997412 ns
[2023-07-08T19:14:22.786+0000][29442][gc,marking  ] GC(67) Concurrent Mark 92.682ms
[2023-07-08T19:14:22.786+0000][29442][gc,marking  ] GC(67) Concurrent Rebuild Remembered Sets
[2023-07-08T19:14:22.825+0000][29442][gc,marking  ] GC(67) Concurrent Rebuild Remembered Sets 39.245ms
[2023-07-08T19:14:22.825+0000][29442][gc,start    ] GC(67) Pause Cleanup
[2023-07-08T19:14:22.825+0000][29442][gc          ] GC(67) Pause Cleanup 83M->83M(1024M) 0.219ms
[2023-07-08T19:14:22.825+0000][29442][gc,cpu      ] GC(67) User=0.00s Sys=0.00s Real=0.00s
[2023-07-08T19:14:22.825+0000][29442][safepoint   ] Safepoint "G1Concurrent", Time since last: 39391121 ns, Reaching safepoint: 56992 ns, At safepoint: 270747 ns, Total: 327739 ns
[2023-07-08T19:14:22.826+0000][29442][gc,marking  ] GC(67) Concurrent Cleanup for Next Mark
[2023-07-08T19:14:22.827+0000][29442][gc,marking  ] GC(67) Concurrent Cleanup for Next Mark 1.465ms
[2023-07-08T19:14:22.827+0000][29442][gc          ] GC(67) Concurrent Mark Cycle 135.770ms
[2023-07-08T20:28:47.185+0000][29442][gc,start    ] GC(68) Pause Young (Normal) (G1 Evacuation Pause)
[2023-07-08T20:28:47.185+0000][29442][gc,task     ] GC(68) Using 4 workers of 4 for evacuation
[2023-07-08T20:28:47.185+0000][29442][gc,age      ] GC(68) Desired survivor size 40370176 bytes, new threshold 15 (max threshold 15)
[2023-07-08T20:28:47.190+0000][29442][gc,age      ] GC(68) Age table with threshold 15 (max threshold 15)
[2023-07-08T20:28:47.190+0000][29442][gc,age      ] GC(68) - age   1:       4384 bytes,       4384 total
[2023-07-08T20:28:47.190+0000][29442][gc,age      ] GC(68) - age  10:       1144 bytes,       5528 total
[2023-07-08T20:28:47.190+0000][29442][gc,phases   ] GC(68)   Pre Evacuate Collection Set: 0.4ms
[2023-07-08T20:28:47.190+0000][29442][gc,phases   ] GC(68)   Merge Heap Roots: 0.4ms
[2023-07-08T20:28:47.190+0000][29442][gc,phases   ] GC(68)   Evacuate Collection Set: 1.8ms
[2023-07-08T20:28:47.190+0000][29442][gc,phases   ] GC(68)   Post Evacuate Collection Set: 1.7ms
[2023-07-08T20:28:47.190+0000][29442][gc,phases   ] GC(68)   Other: 0.5ms
[2023-07-08T20:28:47.190+0000][29442][gc,heap     ] GC(68) Eden regions: 613->0(613)
[2023-07-08T20:28:47.190+0000][29442][gc,heap     ] GC(68) Survivor regions: 1->1(77)
[2023-07-08T20:28:47.190+0000][29442][gc,heap     ] GC(68) Old regions: 81->81
[2023-07-08T20:28:47.190+0000][29442][gc,heap     ] GC(68) Archive regions: 2->2
[2023-07-08T20:28:47.190+0000][29442][gc,heap     ] GC(68) Humongous regions: 1->1
[2023-07-08T20:28:47.190+0000][29442][gc,metaspace] GC(68) Metaspace: 102522K(104064K)->102522K(104064K) NonClass: 89529K(90496K)->89529K(90496K) Class: 12993K(13568K)->12993K(13568K)
[2023-07-08T20:28:47.190+0000][29442][gc          ] GC(68) Pause Young (Normal) (G1 Evacuation Pause) 695M->82M(1024M) 4.973ms
[2023-07-08T20:28:47.190+0000][29442][gc,cpu      ] GC(68) User=0.01s Sys=0.00s Real=0.00s
[2023-07-08T20:28:47.190+0000][29442][safepoint   ] Safepoint "G1CollectForAllocation", Time since last: 4464359497545 ns, Reaching safepoint: 127911 ns, At safepoint: 5176790 ns, Total: 5304701 ns
[2023-07-08T21:43:11.168+0000][29442][gc,start    ] GC(69) Pause Young (Concurrent Start) (G1 Evacuation Pause)
[2023-07-08T21:43:11.168+0000][29442][gc,task     ] GC(69) Using 4 workers of 4 for evacuation
[2023-07-08T21:43:11.168+0000][29442][gc,age      ] GC(69) Desired survivor size 40370176 bytes, new threshold 15 (max threshold 15)
[2023-07-08T21:43:11.173+0000][29442][gc,age      ] GC(69) Age table with threshold 15 (max threshold 15)
[2023-07-08T21:43:11.173+0000][29442][gc,age      ] GC(69) - age   1:      12736 bytes,      12736 total
[2023-07-08T21:43:11.173+0000][29442][gc,age      ] GC(69) - age  11:       1144 bytes,      13880 total
[2023-07-08T21:43:11.173+0000][29442][gc,phases   ] GC(69)   Pre Evacuate Collection Set: 0.4ms
[2023-07-08T21:43:11.173+0000][29442][gc,phases   ] GC(69)   Merge Heap Roots: 0.4ms
[2023-07-08T21:43:11.173+0000][29442][gc,phases   ] GC(69)   Evacuate Collection Set: 2.2ms
[2023-07-08T21:43:11.173+0000][29442][gc,phases   ] GC(69)   Post Evacuate Collection Set: 1.7ms
[2023-07-08T21:43:11.173+0000][29442][gc,phases   ] GC(69)   Other: 0.6ms
[2023-07-08T21:43:11.173+0000][29442][gc,heap     ] GC(69) Eden regions: 613->0(613)
[2023-07-08T21:43:11.174+0000][29442][gc,heap     ] GC(69) Survivor regions: 1->1(77)
[2023-07-08T21:43:11.174+0000][29442][gc,heap     ] GC(69) Old regions: 81->81
[2023-07-08T21:43:11.174+0000][29442][gc,heap     ] GC(69) Archive regions: 2->2
[2023-07-08T21:43:11.174+0000][29442][gc,heap     ] GC(69) Humongous regions: 1->1
[2023-07-08T21:43:11.174+0000][29442][gc,metaspace] GC(69) Metaspace: 102522K(104064K)->102522K(104064K) NonClass: 89529K(90496K)->89529K(90496K) Class: 12993K(13568K)->12993K(13568K)
[2023-07-08T21:43:11.174+0000][29442][gc          ] GC(69) Pause Young (Concurrent Start) (G1 Evacuation Pause) 695M->82M(1024M) 5.552ms
[2023-07-08T21:43:11.174+0000][29442][gc,cpu      ] GC(69) User=0.01s Sys=0.01s Real=0.01s
[2023-07-08T21:43:11.174+0000][29442][gc          ] GC(70) Concurrent Mark Cycle
[2023-07-08T21:43:11.174+0000][29442][gc,marking  ] GC(70) Concurrent Clear Claimed Marks
[2023-07-08T21:43:11.174+0000][29442][safepoint   ] Safepoint "G1CollectForAllocation", Time since last: 4463977605845 ns, Reaching safepoint: 131991 ns, At safepoint: 5745367 ns, Total: 5877358 ns
[2023-07-08T21:43:11.174+0000][29442][gc,marking  ] GC(70) Concurrent Clear Claimed Marks 0.082ms
[2023-07-08T21:43:11.174+0000][29442][gc,marking  ] GC(70) Concurrent Scan Root Regions
[2023-07-08T21:43:11.176+0000][29442][gc,marking  ] GC(70) Concurrent Scan Root Regions 1.688ms
[2023-07-08T21:43:11.176+0000][29442][gc,marking  ] GC(70) Concurrent Mark
[2023-07-08T21:43:11.176+0000][29442][gc,marking  ] GC(70) Concurrent Mark From Roots
[2023-07-08T21:43:11.176+0000][29442][gc,task     ] GC(70) Using 1 workers of 1 for marking
[2023-07-08T21:43:11.266+0000][29442][gc,marking  ] GC(70) Concurrent Mark From Roots 90.558ms
[2023-07-08T21:43:11.266+0000][29442][gc,marking  ] GC(70) Concurrent Preclean
[2023-07-08T21:43:11.267+0000][29442][gc,marking  ] GC(70) Concurrent Preclean 0.216ms
[2023-07-08T21:43:11.267+0000][29442][gc,start    ] GC(70) Pause Remark
[2023-07-08T21:43:11.269+0000][29442][gc          ] GC(70) Pause Remark 83M->83M(1024M) 2.650ms
[2023-07-08T21:43:11.269+0000][29442][gc,cpu      ] GC(70) User=0.00s Sys=0.00s Real=0.00s
[2023-07-08T21:43:11.269+0000][29442][safepoint   ] Safepoint "G1Concurrent", Time since last: 92865764 ns, Reaching safepoint: 36693 ns, At safepoint: 2709624 ns, Total: 2746317 ns
[2023-07-08T21:43:11.269+0000][29442][gc,marking  ] GC(70) Concurrent Mark 93.649ms
[2023-07-08T21:43:11.269+0000][29442][gc,marking  ] GC(70) Concurrent Rebuild Remembered Sets
[2023-07-08T21:43:11.308+0000][29442][gc,marking  ] GC(70) Concurrent Rebuild Remembered Sets 38.442ms
[2023-07-08T21:43:11.308+0000][29442][gc,start    ] GC(70) Pause Cleanup
[2023-07-08T21:43:11.308+0000][29442][gc          ] GC(70) Pause Cleanup 83M->83M(1024M) 0.147ms
[2023-07-08T21:43:11.308+0000][29442][gc,cpu      ] GC(70) User=0.00s Sys=0.00s Real=0.00s
[2023-07-08T21:43:11.308+0000][29442][safepoint   ] Safepoint "G1Concurrent", Time since last: 38536003 ns, Reaching safepoint: 52125 ns, At safepoint: 206371 ns, Total: 258496 ns
[2023-07-08T21:43:11.308+0000][29442][gc,marking  ] GC(70) Concurrent Cleanup for Next Mark
[2023-07-08T21:43:11.310+0000][29442][gc,marking  ] GC(70) Concurrent Cleanup for Next Mark 1.393ms
[2023-07-08T21:43:11.310+0000][29442][gc          ] GC(70) Concurrent Mark Cycle 135.891ms
[2023-07-08T22:57:33.177+0000][29442][gc,start    ] GC(71) Pause Young (Normal) (G1 Evacuation Pause)
[2023-07-08T22:57:33.177+0000][29442][gc,task     ] GC(71) Using 4 workers of 4 for evacuation
[2023-07-08T22:57:33.177+0000][29442][gc,age      ] GC(71) Desired survivor size 40370176 bytes, new threshold 15 (max threshold 15)
[2023-07-08T22:57:33.182+0000][29442][gc,age      ] GC(71) Age table with threshold 15 (max threshold 15)
[2023-07-08T22:57:33.182+0000][29442][gc,age      ] GC(71) - age   1:      12640 bytes,      12640 total
[2023-07-08T22:57:33.182+0000][29442][gc,age      ] GC(71) - age  12:       1144 bytes,      13784 total
[2023-07-08T22:57:33.182+0000][29442][gc,phases   ] GC(71)   Pre Evacuate Collection Set: 0.4ms
[2023-07-08T22:57:33.182+0000][29442][gc,phases   ] GC(71)   Merge Heap Roots: 0.4ms
[2023-07-08T22:57:33.182+0000][29442][gc,phases   ] GC(71)   Evacuate Collection Set: 1.9ms
[2023-07-08T22:57:33.182+0000][29442][gc,phases   ] GC(71)   Post Evacuate Collection Set: 1.8ms
[2023-07-08T22:57:33.182+0000][29442][gc,phases   ] GC(71)   Other: 0.5ms
[2023-07-08T22:57:33.182+0000][29442][gc,heap     ] GC(71) Eden regions: 613->0(613)
[2023-07-08T22:57:33.182+0000][29442][gc,heap     ] GC(71) Survivor regions: 1->1(77)
[2023-07-08T22:57:33.182+0000][29442][gc,heap     ] GC(71) Old regions: 81->81
[2023-07-08T22:57:33.182+0000][29442][gc,heap     ] GC(71) Archive regions: 2->2
[2023-07-08T22:57:33.182+0000][29442][gc,heap     ] GC(71) Humongous regions: 1->1
[2023-07-08T22:57:33.182+0000][29442][gc,metaspace] GC(71) Metaspace: 102522K(104064K)->102522K(104064K) NonClass: 89529K(90496K)->89529K(90496K) Class: 12993K(13568K)->12993K(13568K)
[2023-07-08T22:57:33.183+0000][29442][gc          ] GC(71) Pause Young (Normal) (G1 Evacuation Pause) 695M->82M(1024M) 5.230ms
[2023-07-08T22:57:33.183+0000][29442][gc,cpu      ] GC(71) User=0.00s Sys=0.01s Real=0.01s
[2023-07-08T22:57:33.183+0000][29442][safepoint   ] Safepoint "G1CollectForAllocation", Time since last: 4461868902197 ns, Reaching safepoint: 161961 ns, At safepoint: 5404150 ns, Total: 5566111 ns
[2023-07-09T00:11:57.350+0000][29442][gc,start    ] GC(72) Pause Young (Concurrent Start) (G1 Evacuation Pause)
[2023-07-09T00:11:57.350+0000][29442][gc,task     ] GC(72) Using 4 workers of 4 for evacuation
[2023-07-09T00:11:57.350+0000][29442][gc,age      ] GC(72) Desired survivor size 40370176 bytes, new threshold 15 (max threshold 15)
[2023-07-09T00:11:57.355+0000][29442][gc,age      ] GC(72) Age table with threshold 15 (max threshold 15)
[2023-07-09T00:11:57.355+0000][29442][gc,age      ] GC(72) - age   1:       4000 bytes,       4000 total
[2023-07-09T00:11:57.355+0000][29442][gc,age      ] GC(72) - age  13:       1144 bytes,       5144 total
[2023-07-09T00:11:57.355+0000][29442][gc,phases   ] GC(72)   Pre Evacuate Collection Set: 0.5ms
[2023-07-09T00:11:57.355+0000][29442][gc,phases   ] GC(72)   Merge Heap Roots: 0.4ms
[2023-07-09T00:11:57.355+0000][29442][gc,phases   ] GC(72)   Evacuate Collection Set: 2.2ms
[2023-07-09T00:11:57.355+0000][29442][gc,phases   ] GC(72)   Post Evacuate Collection Set: 1.8ms
[2023-07-09T00:11:57.355+0000][29442][gc,phases   ] GC(72)   Other: 0.6ms
[2023-07-09T00:11:57.355+0000][29442][gc,heap     ] GC(72) Eden regions: 613->0(613)
[2023-07-09T00:11:57.356+0000][29442][gc,heap     ] GC(72) Survivor regions: 1->1(77)
[2023-07-09T00:11:57.356+0000][29442][gc,heap     ] GC(72) Old regions: 81->81
[2023-07-09T00:11:57.356+0000][29442][gc,heap     ] GC(72) Archive regions: 2->2
[2023-07-09T00:11:57.356+0000][29442][gc,heap     ] GC(72) Humongous regions: 1->1
[2023-07-09T00:11:57.356+0000][29442][gc,metaspace] GC(72) Metaspace: 102522K(104064K)->102522K(104064K) NonClass: 89529K(90496K)->89529K(90496K) Class: 12993K(13568K)->12993K(13568K)
[2023-07-09T00:11:57.356+0000][29442][gc          ] GC(72) Pause Young (Concurrent Start) (G1 Evacuation Pause) 695M->82M(1024M) 5.643ms
[2023-07-09T00:11:57.356+0000][29442][gc,cpu      ] GC(72) User=0.01s Sys=0.01s Real=0.01s
[2023-07-09T00:11:57.356+0000][29442][safepoint   ] Safepoint "G1CollectForAllocation", Time since last: 4464167174753 ns, Reaching safepoint: 133431 ns, At safepoint: 5833276 ns, Total: 5966707 ns
[2023-07-09T00:11:57.356+0000][29442][gc          ] GC(73) Concurrent Mark Cycle
[2023-07-09T00:11:57.356+0000][29442][gc,marking  ] GC(73) Concurrent Clear Claimed Marks
[2023-07-09T00:11:57.356+0000][29442][gc,marking  ] GC(73) Concurrent Clear Claimed Marks 0.071ms
[2023-07-09T00:11:57.356+0000][29442][gc,marking  ] GC(73) Concurrent Scan Root Regions
[2023-07-09T00:11:57.358+0000][29442][gc,marking  ] GC(73) Concurrent Scan Root Regions 1.652ms
[2023-07-09T00:11:57.358+0000][29442][gc,marking  ] GC(73) Concurrent Mark
[2023-07-09T00:11:57.358+0000][29442][gc,marking  ] GC(73) Concurrent Mark From Roots
[2023-07-09T00:11:57.358+0000][29442][gc,task     ] GC(73) Using 1 workers of 1 for marking
[2023-07-09T00:11:57.448+0000][29442][gc,marking  ] GC(73) Concurrent Mark From Roots 89.932ms
[2023-07-09T00:11:57.448+0000][29442][gc,marking  ] GC(73) Concurrent Preclean
[2023-07-09T00:11:57.448+0000][29442][gc,marking  ] GC(73) Concurrent Preclean 0.216ms
[2023-07-09T00:11:57.448+0000][29442][gc,start    ] GC(73) Pause Remark
[2023-07-09T00:11:57.451+0000][29442][gc          ] GC(73) Pause Remark 82M->82M(1024M) 2.723ms
[2023-07-09T00:11:57.451+0000][29442][gc,cpu      ] GC(73) User=0.01s Sys=0.00s Real=0.00s
[2023-07-09T00:11:57.451+0000][29442][safepoint   ] Safepoint "G1Concurrent", Time since last: 92180828 ns, Reaching safepoint: 71186 ns, At safepoint: 2782182 ns, Total: 2853368 ns
[2023-07-09T00:11:57.451+0000][29442][gc,marking  ] GC(73) Concurrent Mark 93.151ms
[2023-07-09T00:11:57.451+0000][29442][gc,marking  ] GC(73) Concurrent Rebuild Remembered Sets
[2023-07-09T00:11:57.490+0000][29442][gc,marking  ] GC(73) Concurrent Rebuild Remembered Sets 38.941ms
[2023-07-09T00:11:57.490+0000][29442][gc,start    ] GC(73) Pause Cleanup
[2023-07-09T00:11:57.490+0000][29442][gc          ] GC(73) Pause Cleanup 82M->82M(1024M) 0.241ms
[2023-07-09T00:11:57.490+0000][29442][gc,cpu      ] GC(73) User=0.00s Sys=0.00s Real=0.00s
[2023-07-09T00:11:57.490+0000][29442][safepoint   ] Safepoint "G1Concurrent", Time since last: 39060748 ns, Reaching safepoint: 51603 ns, At safepoint: 291450 ns, Total: 343053 ns
[2023-07-09T00:11:57.490+0000][29442][gc,marking  ] GC(73) Concurrent Cleanup for Next Mark
[2023-07-09T00:11:57.492+0000][29442][gc,marking  ] GC(73) Concurrent Cleanup for Next Mark 1.386ms
[2023-07-09T00:11:57.492+0000][29442][gc          ] GC(73) Concurrent Mark Cycle 135.846ms
[2023-07-09T01:26:17.166+0000][29442][gc,start    ] GC(74) Pause Young (Normal) (G1 Evacuation Pause)
[2023-07-09T01:26:17.166+0000][29442][gc,task     ] GC(74) Using 4 workers of 4 for evacuation
[2023-07-09T01:26:17.166+0000][29442][gc,age      ] GC(74) Desired survivor size 40370176 bytes, new threshold 15 (max threshold 15)
[2023-07-09T01:26:17.171+0000][29442][gc,age      ] GC(74) Age table with threshold 15 (max threshold 15)
[2023-07-09T01:26:17.171+0000][29442][gc,age      ] GC(74) - age   1:      12640 bytes,      12640 total
[2023-07-09T01:26:17.171+0000][29442][gc,age      ] GC(74) - age  14:       1144 bytes,      13784 total
[2023-07-09T01:26:17.171+0000][29442][gc,phases   ] GC(74)   Pre Evacuate Collection Set: 0.4ms
[2023-07-09T01:26:17.171+0000][29442][gc,phases   ] GC(74)   Merge Heap Roots: 0.4ms
[2023-07-09T01:26:17.171+0000][29442][gc,phases   ] GC(74)   Evacuate Collection Set: 1.7ms
[2023-07-09T01:26:17.171+0000][29442][gc,phases   ] GC(74)   Post Evacuate Collection Set: 1.7ms
[2023-07-09T01:26:17.171+0000][29442][gc,phases   ] GC(74)   Other: 0.4ms
[2023-07-09T01:26:17.171+0000][29442][gc,heap     ] GC(74) Eden regions: 613->0(613)
[2023-07-09T01:26:17.171+0000][29442][gc,heap     ] GC(74) Survivor regions: 1->1(77)
[2023-07-09T01:26:17.171+0000][29442][gc,heap     ] GC(74) Old regions: 81->81
[2023-07-09T01:26:17.171+0000][29442][gc,heap     ] GC(74) Archive regions: 2->2
[2023-07-09T01:26:17.171+0000][29442][gc,heap     ] GC(74) Humongous regions: 1->1
[2023-07-09T01:26:17.171+0000][29442][gc,metaspace] GC(74) Metaspace: 102522K(104064K)->102522K(104064K) NonClass: 89529K(90496K)->89529K(90496K) Class: 12993K(13568K)->12993K(13568K)
[2023-07-09T01:26:17.171+0000][29442][gc          ] GC(74) Pause Young (Normal) (G1 Evacuation Pause) 695M->82M(1024M) 4.919ms
[2023-07-09T01:26:17.171+0000][29442][gc,cpu      ] GC(74) User=0.01s Sys=0.00s Real=0.01s
[2023-07-09T01:26:17.171+0000][29442][safepoint   ] Safepoint "G1CollectForAllocation", Time since last: 4459675790835 ns, Reaching safepoint: 173588 ns, At safepoint: 5092105 ns, Total: 5265693 ns
[2023-07-09T02:40:40.129+0000][29442][gc,start    ] GC(75) Pause Young (Concurrent Start) (G1 Evacuation Pause)
[2023-07-09T02:40:40.129+0000][29442][gc,task     ] GC(75) Using 4 workers of 4 for evacuation
[2023-07-09T02:40:40.129+0000][29442][gc,age      ] GC(75) Desired survivor size 40370176 bytes, new threshold 15 (max threshold 15)
[2023-07-09T02:40:40.132+0000][29442][gc,age      ] GC(75) Age table with threshold 15 (max threshold 15)
[2023-07-09T02:40:40.132+0000][29442][gc,age      ] GC(75) - age   1:      12640 bytes,      12640 total
[2023-07-09T02:40:40.132+0000][29442][gc,age      ] GC(75) - age  15:       1144 bytes,      13784 total
[2023-07-09T02:40:40.133+0000][29442][gc,phases   ] GC(75)   Pre Evacuate Collection Set: 0.3ms
[2023-07-09T02:40:40.133+0000][29442][gc,phases   ] GC(75)   Merge Heap Roots: 0.2ms
[2023-07-09T02:40:40.133+0000][29442][gc,phases   ] GC(75)   Evacuate Collection Set: 1.3ms
[2023-07-09T02:40:40.133+0000][29442][gc,phases   ] GC(75)   Post Evacuate Collection Set: 1.4ms
[2023-07-09T02:40:40.133+0000][29442][gc,phases   ] GC(75)   Other: 0.3ms
[2023-07-09T02:40:40.133+0000][29442][gc,heap     ] GC(75) Eden regions: 613->0(613)
[2023-07-09T02:40:40.133+0000][29442][gc,heap     ] GC(75) Survivor regions: 1->1(77)
[2023-07-09T02:40:40.133+0000][29442][gc,heap     ] GC(75) Old regions: 81->81
[2023-07-09T02:40:40.133+0000][29442][gc,heap     ] GC(75) Archive regions: 2->2
[2023-07-09T02:40:40.133+0000][29442][gc,heap     ] GC(75) Humongous regions: 1->1
[2023-07-09T02:40:40.133+0000][29442][gc,metaspace] GC(75) Metaspace: 102522K(104064K)->102522K(104064K) NonClass: 89529K(90496K)->89529K(90496K) Class: 12993K(13568K)->12993K(13568K)
[2023-07-09T02:40:40.133+0000][29442][gc          ] GC(75) Pause Young (Concurrent Start) (G1 Evacuation Pause) 695M->82M(1024M) 3.663ms
[2023-07-09T02:40:40.133+0000][29442][gc,cpu      ] GC(75) User=0.01s Sys=0.00s Real=0.01s
[2023-07-09T02:40:40.133+0000][29442][safepoint   ] Safepoint "G1CollectForAllocation", Time since last: 4462957669704 ns, Reaching safepoint: 56618 ns, At safepoint: 3777716 ns, Total: 3834334 ns
[2023-07-09T02:40:40.133+0000][29442][gc          ] GC(76) Concurrent Mark Cycle
[2023-07-09T02:40:40.133+0000][29442][gc,marking  ] GC(76) Concurrent Clear Claimed Marks
[2023-07-09T02:40:40.133+0000][29442][gc,marking  ] GC(76) Concurrent Clear Claimed Marks 0.065ms
[2023-07-09T02:40:40.133+0000][29442][gc,marking  ] GC(76) Concurrent Scan Root Regions
[2023-07-09T02:40:40.134+0000][29442][gc,marking  ] GC(76) Concurrent Scan Root Regions 1.079ms
[2023-07-09T02:40:40.134+0000][29442][gc,marking  ] GC(76) Concurrent Mark
[2023-07-09T02:40:40.134+0000][29442][gc,marking  ] GC(76) Concurrent Mark From Roots
[2023-07-09T02:40:40.134+0000][29442][gc,task     ] GC(76) Using 1 workers of 1 for marking
[2023-07-09T02:40:40.245+0000][29442][gc,marking  ] GC(76) Concurrent Mark From Roots 111.077ms
[2023-07-09T02:40:40.245+0000][29442][gc,marking  ] GC(76) Concurrent Preclean
[2023-07-09T02:40:40.245+0000][29442][gc,marking  ] GC(76) Concurrent Preclean 0.249ms
[2023-07-09T02:40:40.246+0000][29442][gc,start    ] GC(76) Pause Remark
[2023-07-09T02:40:40.249+0000][29442][gc          ] GC(76) Pause Remark 83M->83M(1024M) 3.182ms
[2023-07-09T02:40:40.249+0000][29442][gc,cpu      ] GC(76) User=0.01s Sys=0.00s Real=0.00s
[2023-07-09T02:40:40.249+0000][29442][safepoint   ] Safepoint "G1Concurrent", Time since last: 112688417 ns, Reaching safepoint: 79966 ns, At safepoint: 3233597 ns, Total: 3313563 ns
[2023-07-09T02:40:40.249+0000][29442][gc,marking  ] GC(76) Concurrent Mark 114.762ms
[2023-07-09T02:40:40.249+0000][29442][gc,marking  ] GC(76) Concurrent Rebuild Remembered Sets
[2023-07-09T02:40:40.292+0000][29442][gc,marking  ] GC(76) Concurrent Rebuild Remembered Sets 42.735ms
[2023-07-09T02:40:40.292+0000][29442][gc,start    ] GC(76) Pause Cleanup
[2023-07-09T02:40:40.292+0000][29442][gc          ] GC(76) Pause Cleanup 83M->83M(1024M) 0.212ms
[2023-07-09T02:40:40.292+0000][29442][gc,cpu      ] GC(76) User=0.00s Sys=0.00s Real=0.00s
[2023-07-09T02:40:40.292+0000][29442][safepoint   ] Safepoint "G1Concurrent", Time since last: 42845096 ns, Reaching safepoint: 134370 ns, At safepoint: 248125 ns, Total: 382495 ns
[2023-07-09T02:40:40.292+0000][29442][gc,marking  ] GC(76) Concurrent Cleanup for Next Mark
[2023-07-09T02:40:40.294+0000][29442][gc,marking  ] GC(76) Concurrent Cleanup for Next Mark 1.685ms
[2023-07-09T02:40:40.294+0000][29442][gc          ] GC(76) Concurrent Mark Cycle 160.992ms
[2023-07-09T03:55:04.131+0000][29442][gc,start    ] GC(77) Pause Young (Normal) (G1 Evacuation Pause)
[2023-07-09T03:55:04.131+0000][29442][gc,task     ] GC(77) Using 4 workers of 4 for evacuation
[2023-07-09T03:55:04.131+0000][29442][gc,age      ] GC(77) Desired survivor size 40370176 bytes, new threshold 15 (max threshold 15)
[2023-07-09T03:55:04.133+0000][29442][gc,age      ] GC(77) Age table with threshold 15 (max threshold 15)
[2023-07-09T03:55:04.133+0000][29442][gc,age      ] GC(77) - age   1:      12640 bytes,      12640 total
[2023-07-09T03:55:04.133+0000][29442][gc,phases   ] GC(77)   Pre Evacuate Collection Set: 0.2ms
[2023-07-09T03:55:04.133+0000][29442][gc,phases   ] GC(77)   Merge Heap Roots: 0.1ms
[2023-07-09T03:55:04.133+0000][29442][gc,phases   ] GC(77)   Evacuate Collection Set: 1.0ms
[2023-07-09T03:55:04.133+0000][29442][gc,phases   ] GC(77)   Post Evacuate Collection Set: 0.8ms
[2023-07-09T03:55:04.133+0000][29442][gc,phases   ] GC(77)   Other: 0.1ms
[2023-07-09T03:55:04.133+0000][29442][gc,heap     ] GC(77) Eden regions: 613->0(613)
[2023-07-09T03:55:04.133+0000][29442][gc,heap     ] GC(77) Survivor regions: 1->1(77)
[2023-07-09T03:55:04.133+0000][29442][gc,heap     ] GC(77) Old regions: 81->81
[2023-07-09T03:55:04.133+0000][29442][gc,heap     ] GC(77) Archive regions: 2->2
[2023-07-09T03:55:04.133+0000][29442][gc,heap     ] GC(77) Humongous regions: 1->1
[2023-07-09T03:55:04.133+0000][29442][gc,metaspace] GC(77) Metaspace: 102522K(104064K)->102522K(104064K) NonClass: 89529K(90496K)->89529K(90496K) Class: 12993K(13568K)->12993K(13568K)
[2023-07-09T03:55:04.133+0000][29442][gc          ] GC(77) Pause Young (Normal) (G1 Evacuation Pause) 695M->82M(1024M) 2.173ms
[2023-07-09T03:55:04.133+0000][29442][gc,cpu      ] GC(77) User=0.00s Sys=0.01s Real=0.01s
[2023-07-09T03:55:04.133+0000][29442][safepoint   ] Safepoint "G1CollectForAllocation", Time since last: 4463838728282 ns, Reaching safepoint: 74755 ns, At safepoint: 2222782 ns, Total: 2297537 ns
[2023-07-09T05:09:24.242+0000][29442][gc,start    ] GC(78) Pause Young (Concurrent Start) (G1 Evacuation Pause)
[2023-07-09T05:09:24.242+0000][29442][gc,task     ] GC(78) Using 4 workers of 4 for evacuation
[2023-07-09T05:09:24.242+0000][29442][gc,age      ] GC(78) Desired survivor size 40370176 bytes, new threshold 15 (max threshold 15)
[2023-07-09T05:09:24.247+0000][29442][gc,age      ] GC(78) Age table with threshold 15 (max threshold 15)
[2023-07-09T05:09:24.247+0000][29442][gc,age      ] GC(78) - age   1:      12672 bytes,      12672 total
[2023-07-09T05:09:24.247+0000][29442][gc,phases   ] GC(78)   Pre Evacuate Collection Set: 0.5ms
[2023-07-09T05:09:24.247+0000][29442][gc,phases   ] GC(78)   Merge Heap Roots: 0.4ms
[2023-07-09T05:09:24.247+0000][29442][gc,phases   ] GC(78)   Evacuate Collection Set: 2.2ms
[2023-07-09T05:09:24.248+0000][29442][gc,phases   ] GC(78)   Post Evacuate Collection Set: 1.8ms
[2023-07-09T05:09:24.248+0000][29442][gc,phases   ] GC(78)   Other: 0.6ms
[2023-07-09T05:09:24.248+0000][29442][gc,heap     ] GC(78) Eden regions: 613->0(613)
[2023-07-09T05:09:24.248+0000][29442][gc,heap     ] GC(78) Survivor regions: 1->1(77)
[2023-07-09T05:09:24.248+0000][29442][gc,heap     ] GC(78) Old regions: 81->81
[2023-07-09T05:09:24.248+0000][29442][gc,heap     ] GC(78) Archive regions: 2->2
[2023-07-09T05:09:24.248+0000][29442][gc,heap     ] GC(78) Humongous regions: 1->1
[2023-07-09T05:09:24.248+0000][29442][gc,metaspace] GC(78) Metaspace: 102522K(104064K)->102522K(104064K) NonClass: 89529K(90496K)->89529K(90496K) Class: 12993K(13568K)->12993K(13568K)
[2023-07-09T05:09:24.248+0000][29442][gc          ] GC(78) Pause Young (Concurrent Start) (G1 Evacuation Pause) 695M->82M(1024M) 5.714ms
[2023-07-09T05:09:24.248+0000][29442][gc,cpu      ] GC(78) User=0.02s Sys=0.00s Real=0.00s
[2023-07-09T05:09:24.248+0000][29442][safepoint   ] Safepoint "G1CollectForAllocation", Time since last: 4460108759032 ns, Reaching safepoint: 150694 ns, At safepoint: 5903800 ns, Total: 6054494 ns
[2023-07-09T05:09:24.248+0000][29442][gc          ] GC(79) Concurrent Mark Cycle
[2023-07-09T05:09:24.248+0000][29442][gc,marking  ] GC(79) Concurrent Clear Claimed Marks
[2023-07-09T05:09:24.248+0000][29442][gc,marking  ] GC(79) Concurrent Clear Claimed Marks 0.080ms
[2023-07-09T05:09:24.248+0000][29442][gc,marking  ] GC(79) Concurrent Scan Root Regions
[2023-07-09T05:09:24.250+0000][29442][gc,marking  ] GC(79) Concurrent Scan Root Regions 1.687ms
[2023-07-09T05:09:24.250+0000][29442][gc,marking  ] GC(79) Concurrent Mark
[2023-07-09T05:09:24.250+0000][29442][gc,marking  ] GC(79) Concurrent Mark From Roots
[2023-07-09T05:09:24.250+0000][29442][gc,task     ] GC(79) Using 1 workers of 1 for marking
[2023-07-09T05:09:24.339+0000][29442][gc,marking  ] GC(79) Concurrent Mark From Roots 89.501ms
[2023-07-09T05:09:24.339+0000][29442][gc,marking  ] GC(79) Concurrent Preclean
[2023-07-09T05:09:24.340+0000][29442][gc,marking  ] GC(79) Concurrent Preclean 0.216ms
[2023-07-09T05:09:24.340+0000][29442][gc,start    ] GC(79) Pause Remark
[2023-07-09T05:09:24.343+0000][29442][gc          ] GC(79) Pause Remark 83M->83M(1024M) 2.802ms
[2023-07-09T05:09:24.343+0000][29442][gc,cpu      ] GC(79) User=0.01s Sys=0.00s Real=0.01s
[2023-07-09T05:09:24.343+0000][29442][safepoint   ] Safepoint "G1Concurrent", Time since last: 91796455 ns, Reaching safepoint: 70889 ns, At safepoint: 2862028 ns, Total: 2932917 ns
[2023-07-09T05:09:24.343+0000][29442][gc,marking  ] GC(79) Concurrent Mark 92.817ms
[2023-07-09T05:09:24.343+0000][29442][gc,marking  ] GC(79) Concurrent Rebuild Remembered Sets
[2023-07-09T05:09:24.382+0000][29442][gc,marking  ] GC(79) Concurrent Rebuild Remembered Sets 38.853ms
[2023-07-09T05:09:24.382+0000][29442][gc,start    ] GC(79) Pause Cleanup
[2023-07-09T05:09:24.382+0000][29442][gc          ] GC(79) Pause Cleanup 83M->83M(1024M) 0.216ms
[2023-07-09T05:09:24.382+0000][29442][gc,cpu      ] GC(79) User=0.00s Sys=0.00s Real=0.00s
[2023-07-09T05:09:24.382+0000][29442][safepoint   ] Safepoint "G1Concurrent", Time since last: 38998406 ns, Reaching safepoint: 67322 ns, At safepoint: 261163 ns, Total: 328485 ns
[2023-07-09T05:09:24.382+0000][29442][gc,marking  ] GC(79) Concurrent Cleanup for Next Mark
[2023-07-09T05:09:24.383+0000][29442][gc,marking  ] GC(79) Concurrent Cleanup for Next Mark 1.467ms
[2023-07-09T05:09:24.383+0000][29442][gc          ] GC(79) Concurrent Mark Cycle 135.544ms
[2023-07-09T06:23:46.292+0000][29442][gc,start    ] GC(80) Pause Young (Normal) (G1 Evacuation Pause)
[2023-07-09T06:23:46.292+0000][29442][gc,task     ] GC(80) Using 4 workers of 4 for evacuation
[2023-07-09T06:23:46.292+0000][29442][gc,age      ] GC(80) Desired survivor size 40370176 bytes, new threshold 15 (max threshold 15)
[2023-07-09T06:23:46.296+0000][29442][gc,age      ] GC(80) Age table with threshold 15 (max threshold 15)
[2023-07-09T06:23:46.296+0000][29442][gc,age      ] GC(80) - age   1:      12640 bytes,      12640 total
[2023-07-09T06:23:46.297+0000][29442][gc,phases   ] GC(80)   Pre Evacuate Collection Set: 0.4ms
[2023-07-09T06:23:46.297+0000][29442][gc,phases   ] GC(80)   Merge Heap Roots: 0.4ms
[2023-07-09T06:23:46.297+0000][29442][gc,phases   ] GC(80)   Evacuate Collection Set: 1.8ms
[2023-07-09T06:23:46.297+0000][29442][gc,phases   ] GC(80)   Post Evacuate Collection Set: 1.9ms
[2023-07-09T06:23:46.297+0000][29442][gc,phases   ] GC(80)   Other: 0.4ms
[2023-07-09T06:23:46.297+0000][29442][gc,heap     ] GC(80) Eden regions: 613->0(613)
[2023-07-09T06:23:46.297+0000][29442][gc,heap     ] GC(80) Survivor regions: 1->1(77)
[2023-07-09T06:23:46.297+0000][29442][gc,heap     ] GC(80) Old regions: 81->81
[2023-07-09T06:23:46.297+0000][29442][gc,heap     ] GC(80) Archive regions: 2->2
[2023-07-09T06:23:46.297+0000][29442][gc,heap     ] GC(80) Humongous regions: 1->1
[2023-07-09T06:23:46.297+0000][29442][gc,metaspace] GC(80) Metaspace: 102522K(104064K)->102522K(104064K) NonClass: 89529K(90496K)->89529K(90496K) Class: 12993K(13568K)->12993K(13568K)
[2023-07-09T06:23:46.297+0000][29442][gc          ] GC(80) Pause Young (Normal) (G1 Evacuation Pause) 695M->82M(1024M) 5.120ms
[2023-07-09T06:23:46.297+0000][29442][gc,cpu      ] GC(80) User=0.02s Sys=0.00s Real=0.00s
[2023-07-09T06:23:46.297+0000][29442][safepoint   ] Safepoint "G1CollectForAllocation", Time since last: 4461909607630 ns, Reaching safepoint: 102040 ns, At safepoint: 5293099 ns, Total: 5395139 ns
[2023-07-09T07:38:09.353+0000][29442][gc,start    ] GC(81) Pause Young (Concurrent Start) (G1 Evacuation Pause)
[2023-07-09T07:38:09.353+0000][29442][gc,task     ] GC(81) Using 4 workers of 4 for evacuation
[2023-07-09T07:38:09.353+0000][29442][gc,age      ] GC(81) Desired survivor size 40370176 bytes, new threshold 15 (max threshold 15)
[2023-07-09T07:38:09.358+0000][29442][gc,age      ] GC(81) Age table with threshold 15 (max threshold 15)
[2023-07-09T07:38:09.358+0000][29442][gc,age      ] GC(81) - age   1:      12672 bytes,      12672 total
[2023-07-09T07:38:09.358+0000][29442][gc,phases   ] GC(81)   Pre Evacuate Collection Set: 0.4ms
[2023-07-09T07:38:09.358+0000][29442][gc,phases   ] GC(81)   Merge Heap Roots: 0.3ms
[2023-07-09T07:38:09.358+0000][29442][gc,phases   ] GC(81)   Evacuate Collection Set: 2.2ms
[2023-07-09T07:38:09.358+0000][29442][gc,phases   ] GC(81)   Post Evacuate Collection Set: 1.8ms
[2023-07-09T07:38:09.358+0000][29442][gc,phases   ] GC(81)   Other: 0.6ms
[2023-07-09T07:38:09.358+0000][29442][gc,heap     ] GC(81) Eden regions: 613->0(613)
[2023-07-09T07:38:09.358+0000][29442][gc,heap     ] GC(81) Survivor regions: 1->1(77)
[2023-07-09T07:38:09.358+0000][29442][gc,heap     ] GC(81) Old regions: 81->81
[2023-07-09T07:38:09.358+0000][29442][gc,heap     ] GC(81) Archive regions: 2->2
[2023-07-09T07:38:09.358+0000][29442][gc,heap     ] GC(81) Humongous regions: 1->1
[2023-07-09T07:38:09.358+0000][29442][gc,metaspace] GC(81) Metaspace: 102522K(104064K)->102522K(104064K) NonClass: 89529K(90496K)->89529K(90496K) Class: 12993K(13568K)->12993K(13568K)
[2023-07-09T07:38:09.358+0000][29442][gc          ] GC(81) Pause Young (Concurrent Start) (G1 Evacuation Pause) 695M->82M(1024M) 5.550ms
[2023-07-09T07:38:09.358+0000][29442][gc,cpu      ] GC(81) User=0.01s Sys=0.00s Real=0.00s
[2023-07-09T07:38:09.358+0000][29442][safepoint   ] Safepoint "G1CollectForAllocation", Time since last: 4463055482427 ns, Reaching safepoint: 164904 ns, At safepoint: 5744629 ns, Total: 5909533 ns
[2023-07-09T07:38:09.358+0000][29442][gc          ] GC(82) Concurrent Mark Cycle
[2023-07-09T07:38:09.358+0000][29442][gc,marking  ] GC(82) Concurrent Clear Claimed Marks
[2023-07-09T07:38:09.358+0000][29442][gc,marking  ] GC(82) Concurrent Clear Claimed Marks 0.072ms
[2023-07-09T07:38:09.359+0000][29442][gc,marking  ] GC(82) Concurrent Scan Root Regions
[2023-07-09T07:38:09.360+0000][29442][gc,marking  ] GC(82) Concurrent Scan Root Regions 1.667ms
[2023-07-09T07:38:09.360+0000][29442][gc,marking  ] GC(82) Concurrent Mark
[2023-07-09T07:38:09.360+0000][29442][gc,marking  ] GC(82) Concurrent Mark From Roots
[2023-07-09T07:38:09.360+0000][29442][gc,task     ] GC(82) Using 1 workers of 1 for marking
[2023-07-09T07:38:09.450+0000][29442][gc,marking  ] GC(82) Concurrent Mark From Roots 89.509ms
[2023-07-09T07:38:09.450+0000][29442][gc,marking  ] GC(82) Concurrent Preclean
[2023-07-09T07:38:09.450+0000][29442][gc,marking  ] GC(82) Concurrent Preclean 0.215ms
[2023-07-09T07:38:09.450+0000][29442][gc,start    ] GC(82) Pause Remark
[2023-07-09T07:38:09.453+0000][29442][gc          ] GC(82) Pause Remark 83M->83M(1024M) 3.215ms
[2023-07-09T07:38:09.453+0000][29442][gc,cpu      ] GC(82) User=0.01s Sys=0.00s Real=0.01s
[2023-07-09T07:38:09.453+0000][29442][safepoint   ] Safepoint "G1Concurrent", Time since last: 91776955 ns, Reaching safepoint: 74603 ns, At safepoint: 3260551 ns, Total: 3335154 ns
[2023-07-09T07:38:09.453+0000][29442][gc,marking  ] GC(82) Concurrent Mark 93.211ms
[2023-07-09T07:38:09.453+0000][29442][gc,marking  ] GC(82) Concurrent Rebuild Remembered Sets
[2023-07-09T07:38:09.492+0000][29442][gc,marking  ] GC(82) Concurrent Rebuild Remembered Sets 38.816ms
[2023-07-09T07:38:09.492+0000][29442][gc,start    ] GC(82) Pause Cleanup
[2023-07-09T07:38:09.493+0000][29442][gc          ] GC(82) Pause Cleanup 83M->83M(1024M) 0.224ms
[2023-07-09T07:38:09.493+0000][29442][gc,cpu      ] GC(82) User=0.00s Sys=0.00s Real=0.00s
[2023-07-09T07:38:09.493+0000][29442][safepoint   ] Safepoint "G1Concurrent", Time since last: 38951226 ns, Reaching safepoint: 58552 ns, At safepoint: 258956 ns, Total: 317508 ns
[2023-07-09T07:38:09.493+0000][29442][gc,marking  ] GC(82) Concurrent Cleanup for Next Mark
[2023-07-09T07:38:09.494+0000][29442][gc,marking  ] GC(82) Concurrent Cleanup for Next Mark 1.371ms
[2023-07-09T07:38:09.494+0000][29442][gc          ] GC(82) Concurrent Mark Cycle 135.736ms
[2023-07-09T08:52:35.421+0000][29442][gc,start    ] GC(83) Pause Young (Normal) (G1 Evacuation Pause)
[2023-07-09T08:52:35.421+0000][29442][gc,task     ] GC(83) Using 4 workers of 4 for evacuation
[2023-07-09T08:52:35.421+0000][29442][gc,age      ] GC(83) Desired survivor size 40370176 bytes, new threshold 15 (max threshold 15)
[2023-07-09T08:52:35.425+0000][29442][gc,age      ] GC(83) Age table with threshold 15 (max threshold 15)
[2023-07-09T08:52:35.425+0000][29442][gc,age      ] GC(83) - age   1:       4384 bytes,       4384 total
[2023-07-09T08:52:35.426+0000][29442][gc,phases   ] GC(83)   Pre Evacuate Collection Set: 0.4ms
[2023-07-09T08:52:35.426+0000][29442][gc,phases   ] GC(83)   Merge Heap Roots: 0.4ms
[2023-07-09T08:52:35.426+0000][29442][gc,phases   ] GC(83)   Evacuate Collection Set: 1.8ms
[2023-07-09T08:52:35.426+0000][29442][gc,phases   ] GC(83)   Post Evacuate Collection Set: 1.7ms
[2023-07-09T08:52:35.426+0000][29442][gc,phases   ] GC(83)   Other: 0.4ms
[2023-07-09T08:52:35.426+0000][29442][gc,heap     ] GC(83) Eden regions: 613->0(613)
[2023-07-09T08:52:35.426+0000][29442][gc,heap     ] GC(83) Survivor regions: 1->1(77)
[2023-07-09T08:52:35.426+0000][29442][gc,heap     ] GC(83) Old regions: 81->81
[2023-07-09T08:52:35.426+0000][29442][gc,heap     ] GC(83) Archive regions: 2->2
[2023-07-09T08:52:35.426+0000][29442][gc,heap     ] GC(83) Humongous regions: 1->1
[2023-07-09T08:52:35.426+0000][29442][gc,metaspace] GC(83) Metaspace: 102522K(104064K)->102522K(104064K) NonClass: 89529K(90496K)->89529K(90496K) Class: 12993K(13568K)->12993K(13568K)
[2023-07-09T08:52:35.426+0000][29442][gc          ] GC(83) Pause Young (Normal) (G1 Evacuation Pause) 695M->82M(1024M) 4.834ms
[2023-07-09T08:52:35.426+0000][29442][gc,cpu      ] GC(83) User=0.02s Sys=0.00s Real=0.01s
[2023-07-09T08:52:35.426+0000][29442][safepoint   ] Safepoint "G1CollectForAllocation", Time since last: 4465928119312 ns, Reaching safepoint: 163330 ns, At safepoint: 5030012 ns, Total: 5193342 ns
[2023-07-09T10:06:59.416+0000][29442][gc,start    ] GC(84) Pause Young (Concurrent Start) (G1 Evacuation Pause)
[2023-07-09T10:06:59.416+0000][29442][gc,task     ] GC(84) Using 4 workers of 4 for evacuation
[2023-07-09T10:06:59.416+0000][29442][gc,age      ] GC(84) Desired survivor size 40370176 bytes, new threshold 15 (max threshold 15)
[2023-07-09T10:06:59.421+0000][29442][gc,age      ] GC(84) Age table with threshold 15 (max threshold 15)
[2023-07-09T10:06:59.421+0000][29442][gc,age      ] GC(84) - age   1:       4704 bytes,       4704 total
[2023-07-09T10:06:59.421+0000][29442][gc,phases   ] GC(84)   Pre Evacuate Collection Set: 0.4ms
[2023-07-09T10:06:59.421+0000][29442][gc,phases   ] GC(84)   Merge Heap Roots: 0.4ms
[2023-07-09T10:06:59.421+0000][29442][gc,phases   ] GC(84)   Evacuate Collection Set: 2.2ms
[2023-07-09T10:06:59.421+0000][29442][gc,phases   ] GC(84)   Post Evacuate Collection Set: 1.7ms
[2023-07-09T10:06:59.421+0000][29442][gc,phases   ] GC(84)   Other: 0.6ms
[2023-07-09T10:06:59.421+0000][29442][gc,heap     ] GC(84) Eden regions: 613->0(613)
[2023-07-09T10:06:59.421+0000][29442][gc,heap     ] GC(84) Survivor regions: 1->1(77)
[2023-07-09T10:06:59.421+0000][29442][gc,heap     ] GC(84) Old regions: 81->81
[2023-07-09T10:06:59.421+0000][29442][gc,heap     ] GC(84) Archive regions: 2->2
[2023-07-09T10:06:59.421+0000][29442][gc,heap     ] GC(84) Humongous regions: 1->1
[2023-07-09T10:06:59.422+0000][29442][gc,metaspace] GC(84) Metaspace: 102522K(104064K)->102522K(104064K) NonClass: 89529K(90496K)->89529K(90496K) Class: 12993K(13568K)->12993K(13568K)
[2023-07-09T10:06:59.422+0000][29442][gc          ] GC(84) Pause Young (Concurrent Start) (G1 Evacuation Pause) 695M->82M(1024M) 5.476ms
[2023-07-09T10:06:59.422+0000][29442][gc,cpu      ] GC(84) User=0.01s Sys=0.00s Real=0.01s
[2023-07-09T10:06:59.422+0000][29442][safepoint   ] Safepoint "G1CollectForAllocation", Time since last: 4463989935774 ns, Reaching safepoint: 101260 ns, At safepoint: 5661204 ns, Total: 5762464 ns
[2023-07-09T10:06:59.422+0000][29442][gc          ] GC(85) Concurrent Mark Cycle
[2023-07-09T10:06:59.422+0000][29442][gc,marking  ] GC(85) Concurrent Clear Claimed Marks
[2023-07-09T10:06:59.422+0000][29442][gc,marking  ] GC(85) Concurrent Clear Claimed Marks 0.075ms
[2023-07-09T10:06:59.422+0000][29442][gc,marking  ] GC(85) Concurrent Scan Root Regions
[2023-07-09T10:06:59.424+0000][29442][gc,marking  ] GC(85) Concurrent Scan Root Regions 1.655ms
[2023-07-09T10:06:59.424+0000][29442][gc,marking  ] GC(85) Concurrent Mark
[2023-07-09T10:06:59.424+0000][29442][gc,marking  ] GC(85) Concurrent Mark From Roots
[2023-07-09T10:06:59.424+0000][29442][gc,task     ] GC(85) Using 1 workers of 1 for marking
[2023-07-09T10:06:59.544+0000][29442][gc,marking  ] GC(85) Concurrent Mark From Roots 120.337ms
[2023-07-09T10:06:59.544+0000][29442][gc,marking  ] GC(85) Concurrent Preclean
[2023-07-09T10:06:59.544+0000][29442][gc,marking  ] GC(85) Concurrent Preclean 0.255ms
[2023-07-09T10:06:59.544+0000][29442][gc,start    ] GC(85) Pause Remark
[2023-07-09T10:06:59.548+0000][29442][gc          ] GC(85) Pause Remark 83M->83M(1024M) 3.149ms
[2023-07-09T10:06:59.548+0000][29442][gc,cpu      ] GC(85) User=0.01s Sys=0.00s Real=0.00s
[2023-07-09T10:06:59.548+0000][29442][safepoint   ] Safepoint "G1Concurrent", Time since last: 122635783 ns, Reaching safepoint: 70554 ns, At safepoint: 3195060 ns, Total: 3265614 ns
[2023-07-09T10:06:59.548+0000][29442][gc,marking  ] GC(85) Concurrent Mark 124.031ms
[2023-07-09T10:06:59.548+0000][29442][gc,marking  ] GC(85) Concurrent Rebuild Remembered Sets
[2023-07-09T10:06:59.586+0000][29442][gc,marking  ] GC(85) Concurrent Rebuild Remembered Sets 38.641ms
[2023-07-09T10:06:59.586+0000][29442][gc,start    ] GC(85) Pause Cleanup
[2023-07-09T10:06:59.587+0000][29442][gc          ] GC(85) Pause Cleanup 83M->83M(1024M) 0.230ms
[2023-07-09T10:06:59.587+0000][29442][gc,cpu      ] GC(85) User=0.00s Sys=0.00s Real=0.00s
[2023-07-09T10:06:59.587+0000][29442][safepoint   ] Safepoint "G1Concurrent", Time since last: 38835046 ns, Reaching safepoint: 53535 ns, At safepoint: 289952 ns, Total: 343487 ns
[2023-07-09T10:06:59.587+0000][29442][gc,marking  ] GC(85) Concurrent Cleanup for Next Mark
[2023-07-09T10:06:59.588+0000][29442][gc,marking  ] GC(85) Concurrent Cleanup for Next Mark 1.408ms
[2023-07-09T10:06:59.588+0000][29442][gc          ] GC(85) Concurrent Mark Cycle 166.497ms
[2023-07-09T11:21:24.350+0000][29442][gc,start    ] GC(86) Pause Young (Normal) (G1 Evacuation Pause)
[2023-07-09T11:21:24.350+0000][29442][gc,task     ] GC(86) Using 4 workers of 4 for evacuation
[2023-07-09T11:21:24.350+0000][29442][gc,age      ] GC(86) Desired survivor size 40370176 bytes, new threshold 15 (max threshold 15)
[2023-07-09T11:21:24.355+0000][29442][gc,age      ] GC(86) Age table with threshold 15 (max threshold 15)
[2023-07-09T11:21:24.355+0000][29442][gc,age      ] GC(86) - age   1:       4000 bytes,       4000 total
[2023-07-09T11:21:24.355+0000][29442][gc,phases   ] GC(86)   Pre Evacuate Collection Set: 0.4ms
[2023-07-09T11:21:24.355+0000][29442][gc,phases   ] GC(86)   Merge Heap Roots: 0.4ms
[2023-07-09T11:21:24.355+0000][29442][gc,phases   ] GC(86)   Evacuate Collection Set: 1.7ms
[2023-07-09T11:21:24.355+0000][29442][gc,phases   ] GC(86)   Post Evacuate Collection Set: 1.8ms
[2023-07-09T11:21:24.355+0000][29442][gc,phases   ] GC(86)   Other: 0.4ms
[2023-07-09T11:21:24.355+0000][29442][gc,heap     ] GC(86) Eden regions: 613->0(613)
[2023-07-09T11:21:24.355+0000][29442][gc,heap     ] GC(86) Survivor regions: 1->1(77)
[2023-07-09T11:21:24.355+0000][29442][gc,heap     ] GC(86) Old regions: 81->81
[2023-07-09T11:21:24.355+0000][29442][gc,heap     ] GC(86) Archive regions: 2->2
[2023-07-09T11:21:24.355+0000][29442][gc,heap     ] GC(86) Humongous regions: 1->1
[2023-07-09T11:21:24.355+0000][29442][gc,metaspace] GC(86) Metaspace: 102522K(104064K)->102522K(104064K) NonClass: 89529K(90496K)->89529K(90496K) Class: 12993K(13568K)->12993K(13568K)
[2023-07-09T11:21:24.355+0000][29442][gc          ] GC(86) Pause Young (Normal) (G1 Evacuation Pause) 695M->82M(1024M) 4.972ms
[2023-07-09T11:21:24.355+0000][29442][gc,cpu      ] GC(86) User=0.01s Sys=0.00s Real=0.01s
[2023-07-09T11:21:24.355+0000][29442][safepoint   ] Safepoint "G1CollectForAllocation", Time since last: 4464763045130 ns, Reaching safepoint: 128236 ns, At safepoint: 5141298 ns, Total: 5269534 ns
[2023-07-09T12:35:48.191+0000][29442][gc,start    ] GC(87) Pause Young (Concurrent Start) (G1 Evacuation Pause)
[2023-07-09T12:35:48.191+0000][29442][gc,task     ] GC(87) Using 4 workers of 4 for evacuation
[2023-07-09T12:35:48.191+0000][29442][gc,age      ] GC(87) Desired survivor size 40370176 bytes, new threshold 15 (max threshold 15)
[2023-07-09T12:35:48.196+0000][29442][gc,age      ] GC(87) Age table with threshold 15 (max threshold 15)
[2023-07-09T12:35:48.196+0000][29442][gc,age      ] GC(87) - age   1:      12672 bytes,      12672 total
[2023-07-09T12:35:48.196+0000][29442][gc,phases   ] GC(87)   Pre Evacuate Collection Set: 0.5ms
[2023-07-09T12:35:48.197+0000][29442][gc,phases   ] GC(87)   Merge Heap Roots: 0.4ms
[2023-07-09T12:35:48.197+0000][29442][gc,phases   ] GC(87)   Evacuate Collection Set: 2.2ms
[2023-07-09T12:35:48.197+0000][29442][gc,phases   ] GC(87)   Post Evacuate Collection Set: 1.8ms
[2023-07-09T12:35:48.197+0000][29442][gc,phases   ] GC(87)   Other: 0.6ms
[2023-07-09T12:35:48.197+0000][29442][gc,heap     ] GC(87) Eden regions: 613->0(613)
[2023-07-09T12:35:48.197+0000][29442][gc,heap     ] GC(87) Survivor regions: 1->1(77)
[2023-07-09T12:35:48.197+0000][29442][gc,heap     ] GC(87) Old regions: 81->81
[2023-07-09T12:35:48.197+0000][29442][gc,heap     ] GC(87) Archive regions: 2->2
[2023-07-09T12:35:48.197+0000][29442][gc,heap     ] GC(87) Humongous regions: 1->1
[2023-07-09T12:35:48.197+0000][29442][gc,metaspace] GC(87) Metaspace: 102522K(104064K)->102522K(104064K) NonClass: 89529K(90496K)->89529K(90496K) Class: 12993K(13568K)->12993K(13568K)
[2023-07-09T12:35:48.197+0000][29442][gc          ] GC(87) Pause Young (Concurrent Start) (G1 Evacuation Pause) 695M->82M(1024M) 5.684ms
[2023-07-09T12:35:48.197+0000][29442][gc,cpu      ] GC(87) User=0.01s Sys=0.00s Real=0.01s
[2023-07-09T12:35:48.197+0000][29442][safepoint   ] Safepoint "G1CollectForAllocation", Time since last: 4463835839594 ns, Reaching safepoint: 128300 ns, At safepoint: 5870890 ns, Total: 5999190 ns
[2023-07-09T12:35:48.197+0000][29442][gc          ] GC(88) Concurrent Mark Cycle
[2023-07-09T12:35:48.197+0000][29442][gc,marking  ] GC(88) Concurrent Clear Claimed Marks
[2023-07-09T12:35:48.197+0000][29442][gc,marking  ] GC(88) Concurrent Clear Claimed Marks 0.075ms
[2023-07-09T12:35:48.197+0000][29442][gc,marking  ] GC(88) Concurrent Scan Root Regions
[2023-07-09T12:35:48.199+0000][29442][gc,marking  ] GC(88) Concurrent Scan Root Regions 1.690ms
[2023-07-09T12:35:48.199+0000][29442][gc,marking  ] GC(88) Concurrent Mark
[2023-07-09T12:35:48.199+0000][29442][gc,marking  ] GC(88) Concurrent Mark From Roots
[2023-07-09T12:35:48.199+0000][29442][gc,task     ] GC(88) Using 1 workers of 1 for marking
[2023-07-09T12:35:48.289+0000][29442][gc,marking  ] GC(88) Concurrent Mark From Roots 89.950ms
[2023-07-09T12:35:48.289+0000][29442][gc,marking  ] GC(88) Concurrent Preclean
[2023-07-09T12:35:48.289+0000][29442][gc,marking  ] GC(88) Concurrent Preclean 0.228ms
[2023-07-09T12:35:48.289+0000][29442][gc,start    ] GC(88) Pause Remark
[2023-07-09T12:35:48.293+0000][29442][gc          ] GC(88) Pause Remark 83M->83M(1024M) 3.225ms
[2023-07-09T12:35:48.293+0000][29442][gc,cpu      ] GC(88) User=0.01s Sys=0.00s Real=0.01s
[2023-07-09T12:35:48.293+0000][29442][safepoint   ] Safepoint "G1Concurrent", Time since last: 92293191 ns, Reaching safepoint: 56400 ns, At safepoint: 3285671 ns, Total: 3342071 ns
[2023-07-09T12:35:48.293+0000][29442][gc,marking  ] GC(88) Concurrent Mark 93.702ms
[2023-07-09T12:35:48.293+0000][29442][gc,marking  ] GC(88) Concurrent Rebuild Remembered Sets
[2023-07-09T12:35:48.331+0000][29442][gc,marking  ] GC(88) Concurrent Rebuild Remembered Sets 38.601ms
[2023-07-09T12:35:48.331+0000][29442][gc,start    ] GC(88) Pause Cleanup
[2023-07-09T12:35:48.332+0000][29442][gc          ] GC(88) Pause Cleanup 83M->83M(1024M) 0.238ms
[2023-07-09T12:35:48.332+0000][29442][gc,cpu      ] GC(88) User=0.00s Sys=0.00s Real=0.00s
[2023-07-09T12:35:48.332+0000][29442][safepoint   ] Safepoint "G1Concurrent", Time since last: 38758366 ns, Reaching safepoint: 53927 ns, At safepoint: 285162 ns, Total: 339089 ns
[2023-07-09T12:35:48.332+0000][29442][gc,marking  ] GC(88) Concurrent Cleanup for Next Mark
[2023-07-09T12:35:48.333+0000][29442][gc,marking  ] GC(88) Concurrent Cleanup for Next Mark 1.393ms
[2023-07-09T12:35:48.333+0000][29442][gc          ] GC(88) Concurrent Mark Cycle 136.145ms
[2023-07-09T13:50:12.042+0000][29442][gc,start    ] GC(89) Pause Young (Normal) (G1 Evacuation Pause)
[2023-07-09T13:50:12.042+0000][29442][gc,task     ] GC(89) Using 4 workers of 4 for evacuation
[2023-07-09T13:50:12.042+0000][29442][gc,age      ] GC(89) Desired survivor size 40370176 bytes, new threshold 15 (max threshold 15)
[2023-07-09T13:50:12.044+0000][29442][gc,age      ] GC(89) Age table with threshold 15 (max threshold 15)
[2023-07-09T13:50:12.044+0000][29442][gc,age      ] GC(89) - age   1:       4416 bytes,       4416 total
[2023-07-09T13:50:12.044+0000][29442][gc,phases   ] GC(89)   Pre Evacuate Collection Set: 0.2ms
[2023-07-09T13:50:12.044+0000][29442][gc,phases   ] GC(89)   Merge Heap Roots: 0.1ms
[2023-07-09T13:50:12.044+0000][29442][gc,phases   ] GC(89)   Evacuate Collection Set: 0.7ms
[2023-07-09T13:50:12.044+0000][29442][gc,phases   ] GC(89)   Post Evacuate Collection Set: 0.6ms
[2023-07-09T13:50:12.044+0000][29442][gc,phases   ] GC(89)   Other: 0.1ms
[2023-07-09T13:50:12.044+0000][29442][gc,heap     ] GC(89) Eden regions: 613->0(613)
[2023-07-09T13:50:12.044+0000][29442][gc,heap     ] GC(89) Survivor regions: 1->1(77)
[2023-07-09T13:50:12.044+0000][29442][gc,heap     ] GC(89) Old regions: 81->81
[2023-07-09T13:50:12.044+0000][29442][gc,heap     ] GC(89) Archive regions: 2->2
[2023-07-09T13:50:12.044+0000][29442][gc,heap     ] GC(89) Humongous regions: 1->1
[2023-07-09T13:50:12.044+0000][29442][gc,metaspace] GC(89) Metaspace: 102522K(104064K)->102522K(104064K) NonClass: 89529K(90496K)->89529K(90496K) Class: 12993K(13568K)->12993K(13568K)
[2023-07-09T13:50:12.044+0000][29442][gc          ] GC(89) Pause Young (Normal) (G1 Evacuation Pause) 695M->82M(1024M) 1.985ms
[2023-07-09T13:50:12.044+0000][29442][gc,cpu      ] GC(89) User=0.01s Sys=0.00s Real=0.00s
[2023-07-09T13:50:12.044+0000][29442][safepoint   ] Safepoint "G1CollectForAllocation", Time since last: 4463710335397 ns, Reaching safepoint: 77517 ns, At safepoint: 2035018 ns, Total: 2112535 ns
[2023-07-09T15:04:34.850+0000][29442][gc,start    ] GC(90) Pause Young (Concurrent Start) (G1 Evacuation Pause)
[2023-07-09T15:04:34.850+0000][29442][gc,task     ] GC(90) Using 4 workers of 4 for evacuation
[2023-07-09T15:04:34.850+0000][29442][gc,age      ] GC(90) Desired survivor size 40370176 bytes, new threshold 15 (max threshold 15)
[2023-07-09T15:04:34.855+0000][29442][gc,age      ] GC(90) Age table with threshold 15 (max threshold 15)
[2023-07-09T15:04:34.855+0000][29442][gc,age      ] GC(90) - age   1:      12640 bytes,      12640 total
[2023-07-09T15:04:34.855+0000][29442][gc,phases   ] GC(90)   Pre Evacuate Collection Set: 0.4ms
[2023-07-09T15:04:34.855+0000][29442][gc,phases   ] GC(90)   Merge Heap Roots: 0.4ms
[2023-07-09T15:04:34.855+0000][29442][gc,phases   ] GC(90)   Evacuate Collection Set: 2.2ms
[2023-07-09T15:04:34.855+0000][29442][gc,phases   ] GC(90)   Post Evacuate Collection Set: 1.9ms
[2023-07-09T15:04:34.856+0000][29442][gc,phases   ] GC(90)   Other: 0.6ms
[2023-07-09T15:04:34.856+0000][29442][gc,heap     ] GC(90) Eden regions: 613->0(613)
[2023-07-09T15:04:34.856+0000][29442][gc,heap     ] GC(90) Survivor regions: 1->1(77)
[2023-07-09T15:04:34.856+0000][29442][gc,heap     ] GC(90) Old regions: 81->81
[2023-07-09T15:04:34.856+0000][29442][gc,heap     ] GC(90) Archive regions: 2->2
[2023-07-09T15:04:34.856+0000][29442][gc,heap     ] GC(90) Humongous regions: 1->1
[2023-07-09T15:04:34.856+0000][29442][gc,metaspace] GC(90) Metaspace: 102522K(104064K)->102522K(104064K) NonClass: 89529K(90496K)->89529K(90496K) Class: 12993K(13568K)->12993K(13568K)
[2023-07-09T15:04:34.856+0000][29442][gc          ] GC(90) Pause Young (Concurrent Start) (G1 Evacuation Pause) 695M->82M(1024M) 5.610ms
[2023-07-09T15:04:34.856+0000][29442][gc,cpu      ] GC(90) User=0.01s Sys=0.00s Real=0.01s
[2023-07-09T15:04:34.856+0000][29442][safepoint   ] Safepoint "G1CollectForAllocation", Time since last: 4462805781811 ns, Reaching safepoint: 131898 ns, At safepoint: 5803413 ns, Total: 5935311 ns
[2023-07-09T15:04:34.856+0000][29442][gc          ] GC(91) Concurrent Mark Cycle
[2023-07-09T15:04:34.856+0000][29442][gc,marking  ] GC(91) Concurrent Clear Claimed Marks
[2023-07-09T15:04:34.856+0000][29442][gc,marking  ] GC(91) Concurrent Clear Claimed Marks 0.089ms
[2023-07-09T15:04:34.856+0000][29442][gc,marking  ] GC(91) Concurrent Scan Root Regions
[2023-07-09T15:04:34.858+0000][29442][gc,marking  ] GC(91) Concurrent Scan Root Regions 1.702ms
[2023-07-09T15:04:34.858+0000][29442][gc,marking  ] GC(91) Concurrent Mark
[2023-07-09T15:04:34.858+0000][29442][gc,marking  ] GC(91) Concurrent Mark From Roots
[2023-07-09T15:04:34.858+0000][29442][gc,task     ] GC(91) Using 1 workers of 1 for marking
[2023-07-09T15:04:34.947+0000][29442][gc,marking  ] GC(91) Concurrent Mark From Roots 89.593ms
[2023-07-09T15:04:34.947+0000][29442][gc,marking  ] GC(91) Concurrent Preclean
[2023-07-09T15:04:34.948+0000][29442][gc,marking  ] GC(91) Concurrent Preclean 0.219ms
[2023-07-09T15:04:34.948+0000][29442][gc,start    ] GC(91) Pause Remark
[2023-07-09T15:04:34.951+0000][29442][gc          ] GC(91) Pause Remark 83M->83M(1024M) 2.821ms
[2023-07-09T15:04:34.951+0000][29442][gc,cpu      ] GC(91) User=0.01s Sys=0.00s Real=0.00s
[2023-07-09T15:04:34.951+0000][29442][safepoint   ] Safepoint "G1Concurrent", Time since last: 91894593 ns, Reaching safepoint: 123679 ns, At safepoint: 2917843 ns, Total: 3041522 ns
[2023-07-09T15:04:34.951+0000][29442][gc,marking  ] GC(91) Concurrent Mark 93.004ms
[2023-07-09T15:04:34.951+0000][29442][gc,marking  ] GC(91) Concurrent Rebuild Remembered Sets
[2023-07-09T15:04:34.990+0000][29442][gc,marking  ] GC(91) Concurrent Rebuild Remembered Sets 38.858ms
[2023-07-09T15:04:34.990+0000][29442][gc,start    ] GC(91) Pause Cleanup
[2023-07-09T15:04:34.990+0000][29442][gc          ] GC(91) Pause Cleanup 83M->83M(1024M) 0.187ms
[2023-07-09T15:04:34.990+0000][29442][gc,cpu      ] GC(91) User=0.00s Sys=0.00s Real=0.00s
[2023-07-09T15:04:34.990+0000][29442][safepoint   ] Safepoint "G1Concurrent", Time since last: 38990841 ns, Reaching safepoint: 126125 ns, At safepoint: 263671 ns, Total: 389796 ns
[2023-07-09T15:04:34.990+0000][29442][gc,marking  ] GC(91) Concurrent Cleanup for Next Mark
[2023-07-09T15:04:34.992+0000][29442][gc,marking  ] GC(91) Concurrent Cleanup for Next Mark 1.382ms
[2023-07-09T15:04:34.992+0000][29442][gc          ] GC(91) Concurrent Mark Cycle 135.738ms
[2023-07-09T16:18:57.796+0000][29442][gc,start    ] GC(92) Pause Young (Normal) (G1 Evacuation Pause)
[2023-07-09T16:18:57.796+0000][29442][gc,task     ] GC(92) Using 4 workers of 4 for evacuation
[2023-07-09T16:18:57.796+0000][29442][gc,age      ] GC(92) Desired survivor size 40370176 bytes, new threshold 15 (max threshold 15)
[2023-07-09T16:18:57.801+0000][29442][gc,age      ] GC(92) Age table with threshold 15 (max threshold 15)
[2023-07-09T16:18:57.801+0000][29442][gc,age      ] GC(92) - age   1:      12672 bytes,      12672 total
[2023-07-09T16:18:57.801+0000][29442][gc,phases   ] GC(92)   Pre Evacuate Collection Set: 0.4ms
[2023-07-09T16:18:57.801+0000][29442][gc,phases   ] GC(92)   Merge Heap Roots: 0.4ms
[2023-07-09T16:18:57.801+0000][29442][gc,phases   ] GC(92)   Evacuate Collection Set: 1.8ms
[2023-07-09T16:18:57.801+0000][29442][gc,phases   ] GC(92)   Post Evacuate Collection Set: 1.9ms
[2023-07-09T16:18:57.801+0000][29442][gc,phases   ] GC(92)   Other: 0.4ms
[2023-07-09T16:18:57.801+0000][29442][gc,heap     ] GC(92) Eden regions: 613->0(613)
[2023-07-09T16:18:57.801+0000][29442][gc,heap     ] GC(92) Survivor regions: 1->1(77)
[2023-07-09T16:18:57.801+0000][29442][gc,heap     ] GC(92) Old regions: 81->81
[2023-07-09T16:18:57.801+0000][29442][gc,heap     ] GC(92) Archive regions: 2->2
[2023-07-09T16:18:57.801+0000][29442][gc,heap     ] GC(92) Humongous regions: 1->1
[2023-07-09T16:18:57.801+0000][29442][gc,metaspace] GC(92) Metaspace: 102522K(104064K)->102522K(104064K) NonClass: 89529K(90496K)->89529K(90496K) Class: 12993K(13568K)->12993K(13568K)
[2023-07-09T16:18:57.801+0000][29442][gc          ] GC(92) Pause Young (Normal) (G1 Evacuation Pause) 695M->82M(1024M) 5.124ms
[2023-07-09T16:18:57.801+0000][29442][gc,cpu      ] GC(92) User=0.01s Sys=0.01s Real=0.01s
[2023-07-09T16:18:57.801+0000][29442][safepoint   ] Safepoint "G1CollectForAllocation", Time since last: 4462805633370 ns, Reaching safepoint: 156632 ns, At safepoint: 5332048 ns, Total: 5488680 ns
[2023-07-09T17:33:19.607+0000][29442][gc,start    ] GC(93) Pause Young (Concurrent Start) (G1 Evacuation Pause)
[2023-07-09T17:33:19.607+0000][29442][gc,task     ] GC(93) Using 4 workers of 4 for evacuation
[2023-07-09T17:33:19.607+0000][29442][gc,age      ] GC(93) Desired survivor size 40370176 bytes, new threshold 15 (max threshold 15)
[2023-07-09T17:33:19.612+0000][29442][gc,age      ] GC(93) Age table with threshold 15 (max threshold 15)
[2023-07-09T17:33:19.612+0000][29442][gc,age      ] GC(93) - age   1:      12672 bytes,      12672 total
[2023-07-09T17:33:19.613+0000][29442][gc,phases   ] GC(93)   Pre Evacuate Collection Set: 0.5ms
[2023-07-09T17:33:19.613+0000][29442][gc,phases   ] GC(93)   Merge Heap Roots: 0.4ms
[2023-07-09T17:33:19.613+0000][29442][gc,phases   ] GC(93)   Evacuate Collection Set: 2.2ms
[2023-07-09T17:33:19.613+0000][29442][gc,phases   ] GC(93)   Post Evacuate Collection Set: 1.7ms
[2023-07-09T17:33:19.613+0000][29442][gc,phases   ] GC(93)   Other: 0.5ms
[2023-07-09T17:33:19.613+0000][29442][gc,heap     ] GC(93) Eden regions: 613->0(613)
[2023-07-09T17:33:19.613+0000][29442][gc,heap     ] GC(93) Survivor regions: 1->1(77)
[2023-07-09T17:33:19.613+0000][29442][gc,heap     ] GC(93) Old regions: 81->81
[2023-07-09T17:33:19.613+0000][29442][gc,heap     ] GC(93) Archive regions: 2->2
[2023-07-09T17:33:19.613+0000][29442][gc,heap     ] GC(93) Humongous regions: 1->1
[2023-07-09T17:33:19.613+0000][29442][gc,metaspace] GC(93) Metaspace: 102522K(104064K)->102522K(104064K) NonClass: 89529K(90496K)->89529K(90496K) Class: 12993K(13568K)->12993K(13568K)
[2023-07-09T17:33:19.613+0000][29442][gc          ] GC(93) Pause Young (Concurrent Start) (G1 Evacuation Pause) 695M->82M(1024M) 5.566ms
[2023-07-09T17:33:19.613+0000][29442][gc,cpu      ] GC(93) User=0.01s Sys=0.01s Real=0.01s
[2023-07-09T17:33:19.613+0000][29442][safepoint   ] Safepoint "G1CollectForAllocation", Time since last: 4461805761429 ns, Reaching safepoint: 160165 ns, At safepoint: 5750777 ns, Total: 5910942 ns
[2023-07-09T17:33:19.613+0000][29442][gc          ] GC(94) Concurrent Mark Cycle
[2023-07-09T17:33:19.613+0000][29442][gc,marking  ] GC(94) Concurrent Clear Claimed Marks
[2023-07-09T17:33:19.613+0000][29442][gc,marking  ] GC(94) Concurrent Clear Claimed Marks 0.079ms
[2023-07-09T17:33:19.613+0000][29442][gc,marking  ] GC(94) Concurrent Scan Root Regions
[2023-07-09T17:33:19.615+0000][29442][gc,marking  ] GC(94) Concurrent Scan Root Regions 1.671ms
[2023-07-09T17:33:19.615+0000][29442][gc,marking  ] GC(94) Concurrent Mark
[2023-07-09T17:33:19.615+0000][29442][gc,marking  ] GC(94) Concurrent Mark From Roots
[2023-07-09T17:33:19.615+0000][29442][gc,task     ] GC(94) Using 1 workers of 1 for marking
[2023-07-09T17:33:19.704+0000][29442][gc,marking  ] GC(94) Concurrent Mark From Roots 89.475ms
[2023-07-09T17:33:19.704+0000][29442][gc,marking  ] GC(94) Concurrent Preclean
[2023-07-09T17:33:19.705+0000][29442][gc,marking  ] GC(94) Concurrent Preclean 0.218ms
[2023-07-09T17:33:19.705+0000][29442][gc,start    ] GC(94) Pause Remark
[2023-07-09T17:33:19.707+0000][29442][gc          ] GC(94) Pause Remark 83M->83M(1024M) 2.681ms
[2023-07-09T17:33:19.708+0000][29442][gc,cpu      ] GC(94) User=0.01s Sys=0.00s Real=0.00s
[2023-07-09T17:33:19.708+0000][29442][safepoint   ] Safepoint "G1Concurrent", Time since last: 91780248 ns, Reaching safepoint: 75941 ns, At safepoint: 2751027 ns, Total: 2826968 ns
[2023-07-09T17:33:19.708+0000][29442][gc,marking  ] GC(94) Concurrent Mark 92.671ms
[2023-07-09T17:33:19.708+0000][29442][gc,marking  ] GC(94) Concurrent Rebuild Remembered Sets
[2023-07-09T17:33:19.746+0000][29442][gc,marking  ] GC(94) Concurrent Rebuild Remembered Sets 38.267ms
[2023-07-09T17:33:19.746+0000][29442][gc,start    ] GC(94) Pause Cleanup
[2023-07-09T17:33:19.746+0000][29442][gc          ] GC(94) Pause Cleanup 83M->83M(1024M) 0.254ms
[2023-07-09T17:33:19.746+0000][29442][gc,cpu      ] GC(94) User=0.00s Sys=0.00s Real=0.00s
[2023-07-09T17:33:19.746+0000][29442][safepoint   ] Safepoint "G1Concurrent", Time since last: 38387322 ns, Reaching safepoint: 69088 ns, At safepoint: 287162 ns, Total: 356250 ns
[2023-07-09T17:33:19.746+0000][29442][gc,marking  ] GC(94) Concurrent Cleanup for Next Mark
[2023-07-09T17:33:19.748+0000][29442][gc,marking  ] GC(94) Concurrent Cleanup for Next Mark 1.390ms
[2023-07-09T17:33:19.748+0000][29442][gc          ] GC(94) Concurrent Mark Cycle 134.765ms
[2023-07-09T18:47:42.387+0000][29442][gc,start    ] GC(95) Pause Young (Normal) (G1 Evacuation Pause)
[2023-07-09T18:47:42.387+0000][29442][gc,task     ] GC(95) Using 4 workers of 4 for evacuation
[2023-07-09T18:47:42.387+0000][29442][gc,age      ] GC(95) Desired survivor size 40370176 bytes, new threshold 15 (max threshold 15)
[2023-07-09T18:47:42.391+0000][29442][gc,age      ] GC(95) Age table with threshold 15 (max threshold 15)
[2023-07-09T18:47:42.391+0000][29442][gc,age      ] GC(95) - age   1:      12656 bytes,      12656 total
[2023-07-09T18:47:42.391+0000][29442][gc,phases   ] GC(95)   Pre Evacuate Collection Set: 0.4ms
[2023-07-09T18:47:42.391+0000][29442][gc,phases   ] GC(95)   Merge Heap Roots: 0.4ms
[2023-07-09T18:47:42.392+0000][29442][gc,phases   ] GC(95)   Evacuate Collection Set: 1.8ms
[2023-07-09T18:47:42.392+0000][29442][gc,phases   ] GC(95)   Post Evacuate Collection Set: 1.9ms
[2023-07-09T18:47:42.392+0000][29442][gc,phases   ] GC(95)   Other: 0.4ms
[2023-07-09T18:47:42.392+0000][29442][gc,heap     ] GC(95) Eden regions: 613->0(613)
[2023-07-09T18:47:42.392+0000][29442][gc,heap     ] GC(95) Survivor regions: 1->1(77)
[2023-07-09T18:47:42.392+0000][29442][gc,heap     ] GC(95) Old regions: 81->81
[2023-07-09T18:47:42.392+0000][29442][gc,heap     ] GC(95) Archive regions: 2->2
[2023-07-09T18:47:42.392+0000][29442][gc,heap     ] GC(95) Humongous regions: 1->1
[2023-07-09T18:47:42.392+0000][29442][gc,metaspace] GC(95) Metaspace: 102522K(104064K)->102522K(104064K) NonClass: 89529K(90496K)->89529K(90496K) Class: 12993K(13568K)->12993K(13568K)
[2023-07-09T18:47:42.392+0000][29442][gc          ] GC(95) Pause Young (Normal) (G1 Evacuation Pause) 695M->82M(1024M) 5.079ms
[2023-07-09T18:47:42.392+0000][29442][gc,cpu      ] GC(95) User=0.01s Sys=0.00s Real=0.01s
[2023-07-09T18:47:42.392+0000][29442][safepoint   ] Safepoint "G1CollectForAllocation", Time since last: 4462640194672 ns, Reaching safepoint: 131412 ns, At safepoint: 5247116 ns, Total: 5378528 ns
[2023-07-09T20:02:05.117+0000][29442][gc,start    ] GC(96) Pause Young (Concurrent Start) (G1 Evacuation Pause)
[2023-07-09T20:02:05.117+0000][29442][gc,task     ] GC(96) Using 4 workers of 4 for evacuation
[2023-07-09T20:02:05.117+0000][29442][gc,age      ] GC(96) Desired survivor size 40370176 bytes, new threshold 15 (max threshold 15)
[2023-07-09T20:02:05.122+0000][29442][gc,age      ] GC(96) Age table with threshold 15 (max threshold 15)
[2023-07-09T20:02:05.122+0000][29442][gc,age      ] GC(96) - age   1:       4384 bytes,       4384 total
[2023-07-09T20:02:05.122+0000][29442][gc,phases   ] GC(96)   Pre Evacuate Collection Set: 0.5ms
[2023-07-09T20:02:05.122+0000][29442][gc,phases   ] GC(96)   Merge Heap Roots: 0.4ms
[2023-07-09T20:02:05.122+0000][29442][gc,phases   ] GC(96)   Evacuate Collection Set: 2.2ms
[2023-07-09T20:02:05.122+0000][29442][gc,phases   ] GC(96)   Post Evacuate Collection Set: 1.9ms
[2023-07-09T20:02:05.122+0000][29442][gc,phases   ] GC(96)   Other: 0.5ms
[2023-07-09T20:02:05.122+0000][29442][gc,heap     ] GC(96) Eden regions: 613->0(613)
[2023-07-09T20:02:05.122+0000][29442][gc,heap     ] GC(96) Survivor regions: 1->1(77)
[2023-07-09T20:02:05.122+0000][29442][gc,heap     ] GC(96) Old regions: 81->81
[2023-07-09T20:02:05.122+0000][29442][gc,heap     ] GC(96) Archive regions: 2->2
[2023-07-09T20:02:05.122+0000][29442][gc,heap     ] GC(96) Humongous regions: 1->1
[2023-07-09T20:02:05.122+0000][29442][gc,metaspace] GC(96) Metaspace: 102522K(104064K)->102522K(104064K) NonClass: 89529K(90496K)->89529K(90496K) Class: 12993K(13568K)->12993K(13568K)
[2023-07-09T20:02:05.122+0000][29442][gc          ] GC(96) Pause Young (Concurrent Start) (G1 Evacuation Pause) 695M->82M(1024M) 5.754ms
[2023-07-09T20:02:05.122+0000][29442][gc,cpu      ] GC(96) User=0.01s Sys=0.01s Real=0.01s
[2023-07-09T20:02:05.122+0000][29442][safepoint   ] Safepoint "G1CollectForAllocation", Time since last: 4462724568060 ns, Reaching safepoint: 130992 ns, At safepoint: 5938336 ns, Total: 6069328 ns
[2023-07-09T20:02:05.123+0000][29442][gc          ] GC(97) Concurrent Mark Cycle
[2023-07-09T20:02:05.123+0000][29442][gc,marking  ] GC(97) Concurrent Clear Claimed Marks
[2023-07-09T20:02:05.123+0000][29442][gc,marking  ] GC(97) Concurrent Clear Claimed Marks 0.076ms
[2023-07-09T20:02:05.123+0000][29442][gc,marking  ] GC(97) Concurrent Scan Root Regions
[2023-07-09T20:02:05.124+0000][29442][gc,marking  ] GC(97) Concurrent Scan Root Regions 1.745ms
[2023-07-09T20:02:05.125+0000][29442][gc,marking  ] GC(97) Concurrent Mark
[2023-07-09T20:02:05.125+0000][29442][gc,marking  ] GC(97) Concurrent Mark From Roots
[2023-07-09T20:02:05.125+0000][29442][gc,task     ] GC(97) Using 1 workers of 1 for marking
[2023-07-09T20:02:05.214+0000][29442][gc,marking  ] GC(97) Concurrent Mark From Roots 89.289ms
[2023-07-09T20:02:05.214+0000][29442][gc,marking  ] GC(97) Concurrent Preclean
[2023-07-09T20:02:05.214+0000][29442][gc,marking  ] GC(97) Concurrent Preclean 0.218ms
[2023-07-09T20:02:05.214+0000][29442][gc,start    ] GC(97) Pause Remark
[2023-07-09T20:02:05.217+0000][29442][gc          ] GC(97) Pause Remark 83M->83M(1024M) 3.225ms
[2023-07-09T20:02:05.217+0000][29442][gc,cpu      ] GC(97) User=0.00s Sys=0.00s Real=0.00s
[2023-07-09T20:02:05.218+0000][29442][safepoint   ] Safepoint "G1Concurrent", Time since last: 91641856 ns, Reaching safepoint: 80237 ns, At safepoint: 3295721 ns, Total: 3375958 ns
[2023-07-09T20:02:05.218+0000][29442][gc,marking  ] GC(97) Concurrent Mark 93.039ms
[2023-07-09T20:02:05.218+0000][29442][gc,marking  ] GC(97) Concurrent Rebuild Remembered Sets
[2023-07-09T20:02:05.257+0000][29442][gc,marking  ] GC(97) Concurrent Rebuild Remembered Sets 39.066ms
[2023-07-09T20:02:05.257+0000][29442][gc,start    ] GC(97) Pause Cleanup
[2023-07-09T20:02:05.257+0000][29442][gc          ] GC(97) Pause Cleanup 83M->83M(1024M) 0.160ms
[2023-07-09T20:02:05.257+0000][29442][gc,cpu      ] GC(97) User=0.00s Sys=0.00s Real=0.00s
[2023-07-09T20:02:05.257+0000][29442][safepoint   ] Safepoint "G1Concurrent", Time since last: 39190037 ns, Reaching safepoint: 49608 ns, At safepoint: 222980 ns, Total: 272588 ns
[2023-07-09T20:02:05.257+0000][29442][gc,marking  ] GC(97) Concurrent Cleanup for Next Mark
[2023-07-09T20:02:05.258+0000][29442][gc,marking  ] GC(97) Concurrent Cleanup for Next Mark 1.365ms
[2023-07-09T20:02:05.258+0000][29442][gc          ] GC(97) Concurrent Mark Cycle 135.865ms
[2023-07-09T21:16:29.773+0000][29442][gc,start    ] GC(98) Pause Young (Normal) (G1 Evacuation Pause)
[2023-07-09T21:16:29.773+0000][29442][gc,task     ] GC(98) Using 4 workers of 4 for evacuation
[2023-07-09T21:16:29.773+0000][29442][gc,age      ] GC(98) Desired survivor size 40370176 bytes, new threshold 15 (max threshold 15)
[2023-07-09T21:16:29.778+0000][29442][gc,age      ] GC(98) Age table with threshold 15 (max threshold 15)
[2023-07-09T21:16:29.778+0000][29442][gc,age      ] GC(98) - age   1:      12672 bytes,      12672 total
[2023-07-09T21:16:29.778+0000][29442][gc,phases   ] GC(98)   Pre Evacuate Collection Set: 0.4ms
[2023-07-09T21:16:29.778+0000][29442][gc,phases   ] GC(98)   Merge Heap Roots: 0.4ms
[2023-07-09T21:16:29.778+0000][29442][gc,phases   ] GC(98)   Evacuate Collection Set: 1.9ms
[2023-07-09T21:16:29.778+0000][29442][gc,phases   ] GC(98)   Post Evacuate Collection Set: 1.7ms
[2023-07-09T21:16:29.778+0000][29442][gc,phases   ] GC(98)   Other: 0.4ms
[2023-07-09T21:16:29.778+0000][29442][gc,heap     ] GC(98) Eden regions: 613->0(613)
[2023-07-09T21:16:29.778+0000][29442][gc,heap     ] GC(98) Survivor regions: 1->1(77)
[2023-07-09T21:16:29.778+0000][29442][gc,heap     ] GC(98) Old regions: 81->81
[2023-07-09T21:16:29.778+0000][29442][gc,heap     ] GC(98) Archive regions: 2->2
[2023-07-09T21:16:29.778+0000][29442][gc,heap     ] GC(98) Humongous regions: 1->1
[2023-07-09T21:16:29.778+0000][29442][gc,metaspace] GC(98) Metaspace: 102522K(104064K)->102522K(104064K) NonClass: 89529K(90496K)->89529K(90496K) Class: 12993K(13568K)->12993K(13568K)
[2023-07-09T21:16:29.778+0000][29442][gc          ] GC(98) Pause Young (Normal) (G1 Evacuation Pause) 695M->82M(1024M) 5.080ms
[2023-07-09T21:16:29.778+0000][29442][gc,cpu      ] GC(98) User=0.01s Sys=0.00s Real=0.00s
[2023-07-09T21:16:29.778+0000][29442][safepoint   ] Safepoint "G1CollectForAllocation", Time since last: 4464515737367 ns, Reaching safepoint: 112272 ns, At safepoint: 5255013 ns, Total: 5367285 ns
[2023-07-09T22:30:50.704+0000][29442][gc,start    ] GC(99) Pause Young (Concurrent Start) (G1 Evacuation Pause)
[2023-07-09T22:30:50.704+0000][29442][gc,task     ] GC(99) Using 4 workers of 4 for evacuation
[2023-07-09T22:30:50.704+0000][29442][gc,age      ] GC(99) Desired survivor size 40370176 bytes, new threshold 15 (max threshold 15)
[2023-07-09T22:30:50.709+0000][29442][gc,age      ] GC(99) Age table with threshold 15 (max threshold 15)
[2023-07-09T22:30:50.709+0000][29442][gc,age      ] GC(99) - age   1:       4624 bytes,       4624 total
[2023-07-09T22:30:50.709+0000][29442][gc,phases   ] GC(99)   Pre Evacuate Collection Set: 0.4ms
[2023-07-09T22:30:50.709+0000][29442][gc,phases   ] GC(99)   Merge Heap Roots: 0.4ms
[2023-07-09T22:30:50.709+0000][29442][gc,phases   ] GC(99)   Evacuate Collection Set: 2.3ms
[2023-07-09T22:30:50.709+0000][29442][gc,phases   ] GC(99)   Post Evacuate Collection Set: 1.7ms
[2023-07-09T22:30:50.709+0000][29442][gc,phases   ] GC(99)   Other: 0.6ms
[2023-07-09T22:30:50.709+0000][29442][gc,heap     ] GC(99) Eden regions: 613->0(613)
[2023-07-09T22:30:50.709+0000][29442][gc,heap     ] GC(99) Survivor regions: 1->1(77)
[2023-07-09T22:30:50.709+0000][29442][gc,heap     ] GC(99) Old regions: 81->81
[2023-07-09T22:30:50.709+0000][29442][gc,heap     ] GC(99) Archive regions: 2->2
[2023-07-09T22:30:50.709+0000][29442][gc,heap     ] GC(99) Humongous regions: 1->1
[2023-07-09T22:30:50.709+0000][29442][gc,metaspace] GC(99) Metaspace: 102522K(104064K)->102522K(104064K) NonClass: 89529K(90496K)->89529K(90496K) Class: 12993K(13568K)->12993K(13568K)
[2023-07-09T22:30:50.709+0000][29442][gc          ] GC(99) Pause Young (Concurrent Start) (G1 Evacuation Pause) 695M->82M(1024M) 5.508ms
[2023-07-09T22:30:50.709+0000][29442][gc,cpu      ] GC(99) User=0.01s Sys=0.00s Real=0.00s
[2023-07-09T22:30:50.709+0000][29442][safepoint   ] Safepoint "G1CollectForAllocation", Time since last: 4460925259451 ns, Reaching safepoint: 139549 ns, At safepoint: 5705124 ns, Total: 5844673 ns
[2023-07-09T22:30:50.709+0000][29442][gc          ] GC(100) Concurrent Mark Cycle
[2023-07-09T22:30:50.709+0000][29442][gc,marking  ] GC(100) Concurrent Clear Claimed Marks
[2023-07-09T22:30:50.709+0000][29442][gc,marking  ] GC(100) Concurrent Clear Claimed Marks 0.086ms
[2023-07-09T22:30:50.709+0000][29442][gc,marking  ] GC(100) Concurrent Scan Root Regions
[2023-07-09T22:30:50.711+0000][29442][gc,marking  ] GC(100) Concurrent Scan Root Regions 1.633ms
[2023-07-09T22:30:50.711+0000][29442][gc,marking  ] GC(100) Concurrent Mark
[2023-07-09T22:30:50.711+0000][29442][gc,marking  ] GC(100) Concurrent Mark From Roots
[2023-07-09T22:30:50.711+0000][29442][gc,task     ] GC(100) Using 1 workers of 1 for marking
[2023-07-09T22:30:50.826+0000][29442][gc,marking  ] GC(100) Concurrent Mark From Roots 115.304ms
[2023-07-09T22:30:50.826+0000][29442][gc,marking  ] GC(100) Concurrent Preclean
[2023-07-09T22:30:50.827+0000][29442][gc,marking  ] GC(100) Concurrent Preclean 0.236ms
[2023-07-09T22:30:50.827+0000][29442][gc,start    ] GC(100) Pause Remark
[2023-07-09T22:30:50.830+0000][29442][gc          ] GC(100) Pause Remark 83M->83M(1024M) 3.319ms
[2023-07-09T22:30:50.830+0000][29442][gc,cpu      ] GC(100) User=0.00s Sys=0.00s Real=0.00s
[2023-07-09T22:30:50.830+0000][29442][safepoint   ] Safepoint "G1Concurrent", Time since last: 117559987 ns, Reaching safepoint: 135681 ns, At safepoint: 3381948 ns, Total: 3517629 ns
[2023-07-09T22:30:50.830+0000][29442][gc,marking  ] GC(100) Concurrent Mark 119.225ms
[2023-07-09T22:30:50.830+0000][29442][gc,marking  ] GC(100) Concurrent Rebuild Remembered Sets
[2023-07-09T22:30:50.873+0000][29442][gc,marking  ] GC(100) Concurrent Rebuild Remembered Sets 42.623ms
[2023-07-09T22:30:50.873+0000][29442][gc,start    ] GC(100) Pause Cleanup
[2023-07-09T22:30:50.873+0000][29442][gc          ] GC(100) Pause Cleanup 83M->83M(1024M) 0.162ms
[2023-07-09T22:30:50.873+0000][29442][gc,cpu      ] GC(100) User=0.00s Sys=0.00s Real=0.00s
[2023-07-09T22:30:50.873+0000][29442][safepoint   ] Safepoint "G1Concurrent", Time since last: 42786387 ns, Reaching safepoint: 15943 ns, At safepoint: 201164 ns, Total: 217107 ns
[2023-07-09T22:30:50.873+0000][29442][gc,marking  ] GC(100) Concurrent Cleanup for Next Mark
[2023-07-09T22:30:50.875+0000][29442][gc,marking  ] GC(100) Concurrent Cleanup for Next Mark 1.549ms
[2023-07-09T22:30:50.875+0000][29442][gc          ] GC(100) Concurrent Mark Cycle 165.678ms
[2023-07-09T23:45:16.586+0000][29442][gc,start    ] GC(101) Pause Young (Normal) (G1 Evacuation Pause)
[2023-07-09T23:45:16.586+0000][29442][gc,task     ] GC(101) Using 4 workers of 4 for evacuation
[2023-07-09T23:45:16.586+0000][29442][gc,age      ] GC(101) Desired survivor size 40370176 bytes, new threshold 15 (max threshold 15)
[2023-07-09T23:45:16.588+0000][29442][gc,age      ] GC(101) Age table with threshold 15 (max threshold 15)
[2023-07-09T23:45:16.588+0000][29442][gc,age      ] GC(101) - age   1:      12640 bytes,      12640 total
[2023-07-09T23:45:16.588+0000][29442][gc,phases   ] GC(101)   Pre Evacuate Collection Set: 0.1ms
[2023-07-09T23:45:16.588+0000][29442][gc,phases   ] GC(101)   Merge Heap Roots: 0.2ms
[2023-07-09T23:45:16.588+0000][29442][gc,phases   ] GC(101)   Evacuate Collection Set: 1.3ms
[2023-07-09T23:45:16.588+0000][29442][gc,phases   ] GC(101)   Post Evacuate Collection Set: 0.6ms
[2023-07-09T23:45:16.588+0000][29442][gc,phases   ] GC(101)   Other: 0.1ms
[2023-07-09T23:45:16.588+0000][29442][gc,heap     ] GC(101) Eden regions: 613->0(613)
[2023-07-09T23:45:16.588+0000][29442][gc,heap     ] GC(101) Survivor regions: 1->1(77)
[2023-07-09T23:45:16.588+0000][29442][gc,heap     ] GC(101) Old regions: 81->81
[2023-07-09T23:45:16.588+0000][29442][gc,heap     ] GC(101) Archive regions: 2->2
[2023-07-09T23:45:16.588+0000][29442][gc,heap     ] GC(101) Humongous regions: 1->1
[2023-07-09T23:45:16.588+0000][29442][gc,metaspace] GC(101) Metaspace: 102522K(104064K)->102522K(104064K) NonClass: 89529K(90496K)->89529K(90496K) Class: 12993K(13568K)->12993K(13568K)
[2023-07-09T23:45:16.588+0000][29442][gc          ] GC(101) Pause Young (Normal) (G1 Evacuation Pause) 695M->82M(1024M) 2.409ms
[2023-07-09T23:45:16.588+0000][29442][gc,cpu      ] GC(101) User=0.00s Sys=0.00s Real=0.00s
[2023-07-09T23:45:16.588+0000][29442][safepoint   ] Safepoint "G1CollectForAllocation", Time since last: 4465712386304 ns, Reaching safepoint: 50597 ns, At safepoint: 2474495 ns, Total: 2525092 ns
[2023-07-10T00:59:37.607+0000][29442][gc,start    ] GC(102) Pause Young (Concurrent Start) (G1 Evacuation Pause)
[2023-07-10T00:59:37.607+0000][29442][gc,task     ] GC(102) Using 4 workers of 4 for evacuation
[2023-07-10T00:59:37.607+0000][29442][gc,age      ] GC(102) Desired survivor size 40370176 bytes, new threshold 15 (max threshold 15)
[2023-07-10T00:59:37.612+0000][29442][gc,age      ] GC(102) Age table with threshold 15 (max threshold 15)
[2023-07-10T00:59:37.612+0000][29442][gc,age      ] GC(102) - age   1:       4384 bytes,       4384 total
[2023-07-10T00:59:37.613+0000][29442][gc,phases   ] GC(102)   Pre Evacuate Collection Set: 0.5ms
[2023-07-10T00:59:37.613+0000][29442][gc,phases   ] GC(102)   Merge Heap Roots: 0.4ms
[2023-07-10T00:59:37.613+0000][29442][gc,phases   ] GC(102)   Evacuate Collection Set: 2.2ms
[2023-07-10T00:59:37.613+0000][29442][gc,phases   ] GC(102)   Post Evacuate Collection Set: 1.9ms
[2023-07-10T00:59:37.613+0000][29442][gc,phases   ] GC(102)   Other: 0.6ms
[2023-07-10T00:59:37.613+0000][29442][gc,heap     ] GC(102) Eden regions: 613->0(613)
[2023-07-10T00:59:37.613+0000][29442][gc,heap     ] GC(102) Survivor regions: 1->1(77)
[2023-07-10T00:59:37.613+0000][29442][gc,heap     ] GC(102) Old regions: 81->81
[2023-07-10T00:59:37.613+0000][29442][gc,heap     ] GC(102) Archive regions: 2->2
[2023-07-10T00:59:37.613+0000][29442][gc,heap     ] GC(102) Humongous regions: 1->1
[2023-07-10T00:59:37.613+0000][29442][gc,metaspace] GC(102) Metaspace: 102522K(104064K)->102522K(104064K) NonClass: 89529K(90496K)->89529K(90496K) Class: 12993K(13568K)->12993K(13568K)
[2023-07-10T00:59:37.613+0000][29442][gc          ] GC(102) Pause Young (Concurrent Start) (G1 Evacuation Pause) 695M->82M(1024M) 5.786ms
[2023-07-10T00:59:37.613+0000][29442][gc,cpu      ] GC(102) User=0.01s Sys=0.00s Real=0.01s
[2023-07-10T00:59:37.613+0000][29442][safepoint   ] Safepoint "G1CollectForAllocation", Time since last: 4461018686487 ns, Reaching safepoint: 143220 ns, At safepoint: 5976557 ns, Total: 6119777 ns
[2023-07-10T00:59:37.613+0000][29442][gc          ] GC(103) Concurrent Mark Cycle
[2023-07-10T00:59:37.613+0000][29442][gc,marking  ] GC(103) Concurrent Clear Claimed Marks
[2023-07-10T00:59:37.613+0000][29442][gc,marking  ] GC(103) Concurrent Clear Claimed Marks 0.125ms
[2023-07-10T00:59:37.613+0000][29442][gc,marking  ] GC(103) Concurrent Scan Root Regions
[2023-07-10T00:59:37.615+0000][29442][gc,marking  ] GC(103) Concurrent Scan Root Regions 1.676ms
[2023-07-10T00:59:37.615+0000][29442][gc,marking  ] GC(103) Concurrent Mark
[2023-07-10T00:59:37.615+0000][29442][gc,marking  ] GC(103) Concurrent Mark From Roots
[2023-07-10T00:59:37.615+0000][29442][gc,task     ] GC(103) Using 1 workers of 1 for marking
[2023-07-10T00:59:37.705+0000][29442][gc,marking  ] GC(103) Concurrent Mark From Roots 90.407ms
[2023-07-10T00:59:37.705+0000][29442][gc,marking  ] GC(103) Concurrent Preclean
[2023-07-10T00:59:37.706+0000][29442][gc,marking  ] GC(103) Concurrent Preclean 0.231ms
[2023-07-10T00:59:37.706+0000][29442][gc,start    ] GC(103) Pause Remark
[2023-07-10T00:59:37.708+0000][29442][gc          ] GC(103) Pause Remark 83M->83M(1024M) 2.683ms
[2023-07-10T00:59:37.708+0000][29442][gc,cpu      ] GC(103) User=0.01s Sys=0.00s Real=0.00s
[2023-07-10T00:59:37.709+0000][29442][safepoint   ] Safepoint "G1Concurrent", Time since last: 92739216 ns, Reaching safepoint: 43779 ns, At safepoint: 2745555 ns, Total: 2789334 ns
[2023-07-10T00:59:37.709+0000][29442][gc,marking  ] GC(103) Concurrent Mark 93.568ms
[2023-07-10T00:59:37.709+0000][29442][gc,marking  ] GC(103) Concurrent Rebuild Remembered Sets
[2023-07-10T00:59:37.748+0000][29442][gc,marking  ] GC(103) Concurrent Rebuild Remembered Sets 39.739ms
[2023-07-10T00:59:37.748+0000][29442][gc,start    ] GC(103) Pause Cleanup
[2023-07-10T00:59:37.749+0000][29442][gc          ] GC(103) Pause Cleanup 83M->83M(1024M) 0.172ms
[2023-07-10T00:59:37.749+0000][29442][gc,cpu      ] GC(103) User=0.00s Sys=0.00s Real=0.00s
[2023-07-10T00:59:37.749+0000][29442][safepoint   ] Safepoint "G1Concurrent", Time since last: 39852919 ns, Reaching safepoint: 28952 ns, At safepoint: 208537 ns, Total: 237489 ns
[2023-07-10T00:59:37.749+0000][29442][gc,marking  ] GC(103) Concurrent Cleanup for Next Mark
[2023-07-10T00:59:37.750+0000][29442][gc,marking  ] GC(103) Concurrent Cleanup for Next Mark 1.352ms
[2023-07-10T00:59:37.750+0000][29442][gc          ] GC(103) Concurrent Mark Cycle 137.017ms
[2023-07-10T02:14:00.743+0000][29442][gc,start    ] GC(104) Pause Young (Normal) (G1 Evacuation Pause)
[2023-07-10T02:14:00.743+0000][29442][gc,task     ] GC(104) Using 4 workers of 4 for evacuation
[2023-07-10T02:14:00.743+0000][29442][gc,age      ] GC(104) Desired survivor size 40370176 bytes, new threshold 15 (max threshold 15)
[2023-07-10T02:14:00.747+0000][29442][gc,age      ] GC(104) Age table with threshold 15 (max threshold 15)
[2023-07-10T02:14:00.747+0000][29442][gc,age      ] GC(104) - age   1:      12672 bytes,      12672 total
[2023-07-10T02:14:00.747+0000][29442][gc,phases   ] GC(104)   Pre Evacuate Collection Set: 0.4ms
[2023-07-10T02:14:00.747+0000][29442][gc,phases   ] GC(104)   Merge Heap Roots: 0.5ms
[2023-07-10T02:14:00.747+0000][29442][gc,phases   ] GC(104)   Evacuate Collection Set: 2.1ms
[2023-07-10T02:14:00.747+0000][29442][gc,phases   ] GC(104)   Post Evacuate Collection Set: 0.5ms
[2023-07-10T02:14:00.747+0000][29442][gc,phases   ] GC(104)   Other: 0.3ms
[2023-07-10T02:14:00.747+0000][29442][gc,heap     ] GC(104) Eden regions: 613->0(613)
[2023-07-10T02:14:00.747+0000][29442][gc,heap     ] GC(104) Survivor regions: 1->1(77)
[2023-07-10T02:14:00.747+0000][29442][gc,heap     ] GC(104) Old regions: 81->81
[2023-07-10T02:14:00.747+0000][29442][gc,heap     ] GC(104) Archive regions: 2->2
[2023-07-10T02:14:00.747+0000][29442][gc,heap     ] GC(104) Humongous regions: 1->1
[2023-07-10T02:14:00.747+0000][29442][gc,metaspace] GC(104) Metaspace: 102522K(104064K)->102522K(104064K) NonClass: 89529K(90496K)->89529K(90496K) Class: 12993K(13568K)->12993K(13568K)
[2023-07-10T02:14:00.747+0000][29442][gc          ] GC(104) Pause Young (Normal) (G1 Evacuation Pause) 695M->82M(1024M) 3.814ms
[2023-07-10T02:14:00.747+0000][29442][gc,cpu      ] GC(104) User=0.00s Sys=0.00s Real=0.00s
[2023-07-10T02:14:00.747+0000][29442][safepoint   ] Safepoint "G1CollectForAllocation", Time since last: 4462994352912 ns, Reaching safepoint: 136951 ns, At safepoint: 3935222 ns, Total: 4072173 ns
[2023-07-10T03:28:22.787+0000][29442][gc,start    ] GC(105) Pause Young (Concurrent Start) (G1 Evacuation Pause)
[2023-07-10T03:28:22.787+0000][29442][gc,task     ] GC(105) Using 4 workers of 4 for evacuation
[2023-07-10T03:28:22.788+0000][29442][gc,age      ] GC(105) Desired survivor size 40370176 bytes, new threshold 15 (max threshold 15)
[2023-07-10T03:28:22.793+0000][29442][gc,age      ] GC(105) Age table with threshold 15 (max threshold 15)
[2023-07-10T03:28:22.793+0000][29442][gc,age      ] GC(105) - age   1:       4384 bytes,       4384 total
[2023-07-10T03:28:22.793+0000][29442][gc,phases   ] GC(105)   Pre Evacuate Collection Set: 0.5ms
[2023-07-10T03:28:22.793+0000][29442][gc,phases   ] GC(105)   Merge Heap Roots: 0.4ms
[2023-07-10T03:28:22.793+0000][29442][gc,phases   ] GC(105)   Evacuate Collection Set: 2.2ms
[2023-07-10T03:28:22.793+0000][29442][gc,phases   ] GC(105)   Post Evacuate Collection Set: 1.7ms
[2023-07-10T03:28:22.793+0000][29442][gc,phases   ] GC(105)   Other: 0.5ms
[2023-07-10T03:28:22.793+0000][29442][gc,heap     ] GC(105) Eden regions: 613->0(613)
[2023-07-10T03:28:22.793+0000][29442][gc,heap     ] GC(105) Survivor regions: 1->1(77)
[2023-07-10T03:28:22.793+0000][29442][gc,heap     ] GC(105) Old regions: 81->81
[2023-07-10T03:28:22.793+0000][29442][gc,heap     ] GC(105) Archive regions: 2->2
[2023-07-10T03:28:22.793+0000][29442][gc,heap     ] GC(105) Humongous regions: 1->1
[2023-07-10T03:28:22.793+0000][29442][gc,metaspace] GC(105) Metaspace: 102522K(104064K)->102522K(104064K) NonClass: 89529K(90496K)->89529K(90496K) Class: 12993K(13568K)->12993K(13568K)
[2023-07-10T03:28:22.793+0000][29442][gc          ] GC(105) Pause Young (Concurrent Start) (G1 Evacuation Pause) 695M->82M(1024M) 5.573ms
[2023-07-10T03:28:22.793+0000][29442][gc,cpu      ] GC(105) User=0.01s Sys=0.00s Real=0.01s
[2023-07-10T03:28:22.793+0000][29442][safepoint   ] Safepoint "G1CollectForAllocation", Time since last: 4462040172709 ns, Reaching safepoint: 116337 ns, At safepoint: 5762039 ns, Total: 5878376 ns
[2023-07-10T03:28:22.793+0000][29442][gc          ] GC(106) Concurrent Mark Cycle
[2023-07-10T03:28:22.793+0000][29442][gc,marking  ] GC(106) Concurrent Clear Claimed Marks
[2023-07-10T03:28:22.793+0000][29442][gc,marking  ] GC(106) Concurrent Clear Claimed Marks 0.097ms
[2023-07-10T03:28:22.793+0000][29442][gc,marking  ] GC(106) Concurrent Scan Root Regions
[2023-07-10T03:28:22.795+0000][29442][gc,marking  ] GC(106) Concurrent Scan Root Regions 1.677ms
[2023-07-10T03:28:22.795+0000][29442][gc,marking  ] GC(106) Concurrent Mark
[2023-07-10T03:28:22.795+0000][29442][gc,marking  ] GC(106) Concurrent Mark From Roots
[2023-07-10T03:28:22.795+0000][29442][gc,task     ] GC(106) Using 1 workers of 1 for marking
[2023-07-10T03:28:22.885+0000][29442][gc,marking  ] GC(106) Concurrent Mark From Roots 89.494ms
[2023-07-10T03:28:22.885+0000][29442][gc,marking  ] GC(106) Concurrent Preclean
[2023-07-10T03:28:22.885+0000][29442][gc,marking  ] GC(106) Concurrent Preclean 0.218ms
[2023-07-10T03:28:22.885+0000][29442][gc,start    ] GC(106) Pause Remark
[2023-07-10T03:28:22.888+0000][29442][gc          ] GC(106) Pause Remark 83M->83M(1024M) 2.807ms
[2023-07-10T03:28:22.888+0000][29442][gc,cpu      ] GC(106) User=0.01s Sys=0.00s Real=0.00s
[2023-07-10T03:28:22.888+0000][29442][safepoint   ] Safepoint "G1Concurrent", Time since last: 91826470 ns, Reaching safepoint: 76145 ns, At safepoint: 2866797 ns, Total: 2942942 ns
[2023-07-10T03:28:22.888+0000][29442][gc,marking  ] GC(106) Concurrent Mark 92.804ms
[2023-07-10T03:28:22.888+0000][29442][gc,marking  ] GC(106) Concurrent Rebuild Remembered Sets
[2023-07-10T03:28:22.927+0000][29442][gc,marking  ] GC(106) Concurrent Rebuild Remembered Sets 38.643ms
[2023-07-10T03:28:22.927+0000][29442][gc,start    ] GC(106) Pause Cleanup
[2023-07-10T03:28:22.927+0000][29442][gc          ] GC(106) Pause Cleanup 83M->83M(1024M) 0.242ms
[2023-07-10T03:28:22.927+0000][29442][gc,cpu      ] GC(106) User=0.00s Sys=0.00s Real=0.00s
[2023-07-10T03:28:22.927+0000][29442][safepoint   ] Safepoint "G1Concurrent", Time since last: 38765506 ns, Reaching safepoint: 51033 ns, At safepoint: 293499 ns, Total: 344532 ns
[2023-07-10T03:28:22.927+0000][29442][gc,marking  ] GC(106) Concurrent Cleanup for Next Mark
[2023-07-10T03:28:22.928+0000][29442][gc,marking  ] GC(106) Concurrent Cleanup for Next Mark 1.398ms
[2023-07-10T03:28:22.928+0000][29442][gc          ] GC(106) Concurrent Mark Cycle 135.318ms
[2023-07-10T04:42:44.793+0000][29442][gc,start    ] GC(107) Pause Young (Normal) (G1 Evacuation Pause)
[2023-07-10T04:42:44.794+0000][29442][gc,task     ] GC(107) Using 4 workers of 4 for evacuation
[2023-07-10T04:42:44.794+0000][29442][gc,age      ] GC(107) Desired survivor size 40370176 bytes, new threshold 15 (max threshold 15)
[2023-07-10T04:42:44.799+0000][29442][gc,age      ] GC(107) Age table with threshold 15 (max threshold 15)
[2023-07-10T04:42:44.799+0000][29442][gc,age      ] GC(107) - age   1:      12656 bytes,      12656 total
[2023-07-10T04:42:44.799+0000][29442][gc,phases   ] GC(107)   Pre Evacuate Collection Set: 0.6ms
[2023-07-10T04:42:44.799+0000][29442][gc,phases   ] GC(107)   Merge Heap Roots: 0.4ms
[2023-07-10T04:42:44.799+0000][29442][gc,phases   ] GC(107)   Evacuate Collection Set: 1.9ms
[2023-07-10T04:42:44.799+0000][29442][gc,phases   ] GC(107)   Post Evacuate Collection Set: 1.9ms
[2023-07-10T04:42:44.799+0000][29442][gc,phases   ] GC(107)   Other: 0.9ms
[2023-07-10T04:42:44.799+0000][29442][gc,heap     ] GC(107) Eden regions: 613->0(613)
[2023-07-10T04:42:44.799+0000][29442][gc,heap     ] GC(107) Survivor regions: 1->1(77)
[2023-07-10T04:42:44.799+0000][29442][gc,heap     ] GC(107) Old regions: 81->81
[2023-07-10T04:42:44.799+0000][29442][gc,heap     ] GC(107) Archive regions: 2->2
[2023-07-10T04:42:44.799+0000][29442][gc,heap     ] GC(107) Humongous regions: 1->1
[2023-07-10T04:42:44.799+0000][29442][gc,metaspace] GC(107) Metaspace: 102522K(104064K)->102522K(104064K) NonClass: 89529K(90496K)->89529K(90496K) Class: 12993K(13568K)->12993K(13568K)
[2023-07-10T04:42:44.799+0000][29442][gc          ] GC(107) Pause Young (Normal) (G1 Evacuation Pause) 695M->82M(1024M) 6.033ms
[2023-07-10T04:42:44.799+0000][29442][gc,cpu      ] GC(107) User=0.01s Sys=0.00s Real=0.00s
[2023-07-10T04:42:44.800+0000][29442][safepoint   ] Safepoint "G1CollectForAllocation", Time since last: 4461865896947 ns, Reaching safepoint: 232170 ns, At safepoint: 6422169 ns, Total: 6654339 ns
[2023-07-10T05:57:10.218+0000][29442][gc,start    ] GC(108) Pause Young (Concurrent Start) (G1 Evacuation Pause)
[2023-07-10T05:57:10.218+0000][29442][gc,task     ] GC(108) Using 4 workers of 4 for evacuation
[2023-07-10T05:57:10.218+0000][29442][gc,age      ] GC(108) Desired survivor size 40370176 bytes, new threshold 15 (max threshold 15)
[2023-07-10T05:57:10.224+0000][29442][gc,age      ] GC(108) Age table with threshold 15 (max threshold 15)
[2023-07-10T05:57:10.224+0000][29442][gc,age      ] GC(108) - age   1:       4392 bytes,       4392 total
[2023-07-10T05:57:10.224+0000][29442][gc,phases   ] GC(108)   Pre Evacuate Collection Set: 0.7ms
[2023-07-10T05:57:10.224+0000][29442][gc,phases   ] GC(108)   Merge Heap Roots: 0.4ms
[2023-07-10T05:57:10.224+0000][29442][gc,phases   ] GC(108)   Evacuate Collection Set: 2.5ms
[2023-07-10T05:57:10.224+0000][29442][gc,phases   ] GC(108)   Post Evacuate Collection Set: 1.7ms
[2023-07-10T05:57:10.224+0000][29442][gc,phases   ] GC(108)   Other: 0.8ms
[2023-07-10T05:57:10.224+0000][29442][gc,heap     ] GC(108) Eden regions: 613->0(613)
[2023-07-10T05:57:10.224+0000][29442][gc,heap     ] GC(108) Survivor regions: 1->1(77)
[2023-07-10T05:57:10.224+0000][29442][gc,heap     ] GC(108) Old regions: 81->81
[2023-07-10T05:57:10.224+0000][29442][gc,heap     ] GC(108) Archive regions: 2->2
[2023-07-10T05:57:10.224+0000][29442][gc,heap     ] GC(108) Humongous regions: 1->1
[2023-07-10T05:57:10.224+0000][29442][gc,metaspace] GC(108) Metaspace: 102522K(104064K)->102522K(104064K) NonClass: 89529K(90496K)->89529K(90496K) Class: 12993K(13568K)->12993K(13568K)
[2023-07-10T05:57:10.224+0000][29442][gc          ] GC(108) Pause Young (Concurrent Start) (G1 Evacuation Pause) 695M->82M(1024M) 6.270ms
[2023-07-10T05:57:10.224+0000][29442][gc,cpu      ] GC(108) User=0.01s Sys=0.00s Real=0.01s
[2023-07-10T05:57:10.224+0000][29442][safepoint   ] Safepoint "G1CollectForAllocation", Time since last: 4465418048924 ns, Reaching safepoint: 135618 ns, At safepoint: 6567596 ns, Total: 6703214 ns
[2023-07-10T05:57:10.224+0000][29442][gc          ] GC(109) Concurrent Mark Cycle
[2023-07-10T05:57:10.224+0000][29442][gc,marking  ] GC(109) Concurrent Clear Claimed Marks
[2023-07-10T05:57:10.225+0000][29442][gc,marking  ] GC(109) Concurrent Clear Claimed Marks 0.116ms
[2023-07-10T05:57:10.225+0000][29442][gc,marking  ] GC(109) Concurrent Scan Root Regions
[2023-07-10T05:57:10.226+0000][29442][gc,marking  ] GC(109) Concurrent Scan Root Regions 1.784ms
[2023-07-10T05:57:10.226+0000][29442][gc,marking  ] GC(109) Concurrent Mark
[2023-07-10T05:57:10.226+0000][29442][gc,marking  ] GC(109) Concurrent Mark From Roots
[2023-07-10T05:57:10.226+0000][29442][gc,task     ] GC(109) Using 1 workers of 1 for marking
[2023-07-10T05:57:10.318+0000][29442][gc,marking  ] GC(109) Concurrent Mark From Roots 91.368ms
[2023-07-10T05:57:10.318+0000][29442][gc,marking  ] GC(109) Concurrent Preclean
[2023-07-10T05:57:10.318+0000][29442][gc,marking  ] GC(109) Concurrent Preclean 0.221ms
[2023-07-10T05:57:10.318+0000][29442][gc,start    ] GC(109) Pause Remark
[2023-07-10T05:57:10.322+0000][29442][gc          ] GC(109) Pause Remark 83M->83M(1024M) 3.432ms
[2023-07-10T05:57:10.322+0000][29442][gc,cpu      ] GC(109) User=0.01s Sys=0.00s Real=0.01s
[2023-07-10T05:57:10.322+0000][29442][safepoint   ] Safepoint "G1Concurrent", Time since last: 93840807 ns, Reaching safepoint: 107125 ns, At safepoint: 3489217 ns, Total: 3596342 ns
[2023-07-10T05:57:10.322+0000][29442][gc,marking  ] GC(109) Concurrent Mark 95.329ms
[2023-07-10T05:57:10.322+0000][29442][gc,marking  ] GC(109) Concurrent Rebuild Remembered Sets
[2023-07-10T05:57:10.361+0000][29442][gc,marking  ] GC(109) Concurrent Rebuild Remembered Sets 39.024ms
[2023-07-10T05:57:10.361+0000][29442][gc,start    ] GC(109) Pause Cleanup
[2023-07-10T05:57:10.361+0000][29442][gc          ] GC(109) Pause Cleanup 83M->83M(1024M) 0.139ms
[2023-07-10T05:57:10.361+0000][29442][gc,cpu      ] GC(109) User=0.00s Sys=0.00s Real=0.00s
[2023-07-10T05:57:10.361+0000][29442][safepoint   ] Safepoint "G1Concurrent", Time since last: 39133783 ns, Reaching safepoint: 92628 ns, At safepoint: 180312 ns, Total: 272940 ns
[2023-07-10T05:57:10.361+0000][29442][gc,marking  ] GC(109) Concurrent Cleanup for Next Mark
[2023-07-10T05:57:10.363+0000][29442][gc,marking  ] GC(109) Concurrent Cleanup for Next Mark 1.396ms
[2023-07-10T05:57:10.363+0000][29442][gc          ] GC(109) Concurrent Mark Cycle 138.249ms
[2023-07-10T07:11:31.907+0000][29442][gc,start    ] GC(110) Pause Young (Normal) (G1 Evacuation Pause)
[2023-07-10T07:11:31.907+0000][29442][gc,task     ] GC(110) Using 4 workers of 4 for evacuation
[2023-07-10T07:11:31.907+0000][29442][gc,age      ] GC(110) Desired survivor size 40370176 bytes, new threshold 15 (max threshold 15)
[2023-07-10T07:11:31.911+0000][29442][gc,age      ] GC(110) Age table with threshold 15 (max threshold 15)
[2023-07-10T07:11:31.911+0000][29442][gc,age      ] GC(110) - age   1:      12640 bytes,      12640 total
[2023-07-10T07:11:31.912+0000][29442][gc,phases   ] GC(110)   Pre Evacuate Collection Set: 0.5ms
[2023-07-10T07:11:31.912+0000][29442][gc,phases   ] GC(110)   Merge Heap Roots: 0.4ms
[2023-07-10T07:11:31.912+0000][29442][gc,phases   ] GC(110)   Evacuate Collection Set: 1.7ms
[2023-07-10T07:11:31.912+0000][29442][gc,phases   ] GC(110)   Post Evacuate Collection Set: 1.6ms
[2023-07-10T07:11:31.912+0000][29442][gc,phases   ] GC(110)   Other: 0.4ms
[2023-07-10T07:11:31.912+0000][29442][gc,heap     ] GC(110) Eden regions: 613->0(613)
[2023-07-10T07:11:31.912+0000][29442][gc,heap     ] GC(110) Survivor regions: 1->1(77)
[2023-07-10T07:11:31.912+0000][29442][gc,heap     ] GC(110) Old regions: 81->81
[2023-07-10T07:11:31.912+0000][29442][gc,heap     ] GC(110) Archive regions: 2->2
[2023-07-10T07:11:31.912+0000][29442][gc,heap     ] GC(110) Humongous regions: 1->1
[2023-07-10T07:11:31.912+0000][29442][gc,metaspace] GC(110) Metaspace: 102522K(104064K)->102522K(104064K) NonClass: 89529K(90496K)->89529K(90496K) Class: 12993K(13568K)->12993K(13568K)
[2023-07-10T07:11:31.912+0000][29442][gc          ] GC(110) Pause Young (Normal) (G1 Evacuation Pause) 695M->82M(1024M) 4.822ms
[2023-07-10T07:11:31.912+0000][29442][gc,cpu      ] GC(110) User=0.01s Sys=0.00s Real=0.01s
[2023-07-10T07:11:31.912+0000][29442][safepoint   ] Safepoint "G1CollectForAllocation", Time since last: 4461545754225 ns, Reaching safepoint: 93931 ns, At safepoint: 5013048 ns, Total: 5106979 ns
[2023-07-10T08:25:54.580+0000][29442][gc,start    ] GC(111) Pause Young (Concurrent Start) (G1 Evacuation Pause)
[2023-07-10T08:25:54.580+0000][29442][gc,task     ] GC(111) Using 4 workers of 4 for evacuation
[2023-07-10T08:25:54.580+0000][29442][gc,age      ] GC(111) Desired survivor size 40370176 bytes, new threshold 15 (max threshold 15)
[2023-07-10T08:25:54.582+0000][29442][gc,age      ] GC(111) Age table with threshold 15 (max threshold 15)
[2023-07-10T08:25:54.582+0000][29442][gc,age      ] GC(111) - age   1:       4736 bytes,       4736 total
[2023-07-10T08:25:54.582+0000][29442][gc,phases   ] GC(111)   Pre Evacuate Collection Set: 0.2ms
[2023-07-10T08:25:54.582+0000][29442][gc,phases   ] GC(111)   Merge Heap Roots: 0.1ms
[2023-07-10T08:25:54.582+0000][29442][gc,phases   ] GC(111)   Evacuate Collection Set: 0.9ms
[2023-07-10T08:25:54.582+0000][29442][gc,phases   ] GC(111)   Post Evacuate Collection Set: 0.8ms
[2023-07-10T08:25:54.582+0000][29442][gc,phases   ] GC(111)   Other: 0.2ms
[2023-07-10T08:25:54.582+0000][29442][gc,heap     ] GC(111) Eden regions: 613->0(613)
[2023-07-10T08:25:54.582+0000][29442][gc,heap     ] GC(111) Survivor regions: 1->1(77)
[2023-07-10T08:25:54.582+0000][29442][gc,heap     ] GC(111) Old regions: 81->81
[2023-07-10T08:25:54.582+0000][29442][gc,heap     ] GC(111) Archive regions: 2->2
[2023-07-10T08:25:54.582+0000][29442][gc,heap     ] GC(111) Humongous regions: 1->1
[2023-07-10T08:25:54.582+0000][29442][gc,metaspace] GC(111) Metaspace: 102522K(104064K)->102522K(104064K) NonClass: 89529K(90496K)->89529K(90496K) Class: 12993K(13568K)->12993K(13568K)
[2023-07-10T08:25:54.582+0000][29442][gc          ] GC(111) Pause Young (Concurrent Start) (G1 Evacuation Pause) 695M->82M(1024M) 2.303ms
[2023-07-10T08:25:54.582+0000][29442][gc,cpu      ] GC(111) User=0.00s Sys=0.00s Real=0.01s
[2023-07-10T08:25:54.582+0000][29442][gc          ] GC(112) Concurrent Mark Cycle
[2023-07-10T08:25:54.582+0000][29442][safepoint   ] Safepoint "G1CollectForAllocation", Time since last: 4462667500172 ns, Reaching safepoint: 49748 ns, At safepoint: 2374118 ns, Total: 2423866 ns
[2023-07-10T08:25:54.582+0000][29442][gc,marking  ] GC(112) Concurrent Clear Claimed Marks
[2023-07-10T08:25:54.582+0000][29442][gc,marking  ] GC(112) Concurrent Clear Claimed Marks 0.065ms
[2023-07-10T08:25:54.582+0000][29442][gc,marking  ] GC(112) Concurrent Scan Root Regions
[2023-07-10T08:25:54.583+0000][29442][gc,marking  ] GC(112) Concurrent Scan Root Regions 0.678ms
[2023-07-10T08:25:54.583+0000][29442][gc,marking  ] GC(112) Concurrent Mark
[2023-07-10T08:25:54.583+0000][29442][gc,marking  ] GC(112) Concurrent Mark From Roots
[2023-07-10T08:25:54.583+0000][29442][gc,task     ] GC(112) Using 1 workers of 1 for marking
[2023-07-10T08:25:54.681+0000][29442][gc,marking  ] GC(112) Concurrent Mark From Roots 98.589ms
[2023-07-10T08:25:54.681+0000][29442][gc,marking  ] GC(112) Concurrent Preclean
[2023-07-10T08:25:54.682+0000][29442][gc,marking  ] GC(112) Concurrent Preclean 0.235ms
[2023-07-10T08:25:54.682+0000][29442][gc,start    ] GC(112) Pause Remark
[2023-07-10T08:25:54.685+0000][29442][gc          ] GC(112) Pause Remark 83M->83M(1024M) 3.235ms
[2023-07-10T08:25:54.685+0000][29442][gc,cpu      ] GC(112) User=0.01s Sys=0.00s Real=0.00s
[2023-07-10T08:25:54.685+0000][29442][safepoint   ] Safepoint "G1Concurrent", Time since last: 99721670 ns, Reaching safepoint: 68726 ns, At safepoint: 3286255 ns, Total: 3354981 ns
[2023-07-10T08:25:54.685+0000][29442][gc,marking  ] GC(112) Concurrent Mark 102.321ms
[2023-07-10T08:25:54.685+0000][29442][gc,marking  ] GC(112) Concurrent Rebuild Remembered Sets
[2023-07-10T08:25:54.728+0000][29442][gc,marking  ] GC(112) Concurrent Rebuild Remembered Sets 42.596ms
[2023-07-10T08:25:54.728+0000][29442][gc,start    ] GC(112) Pause Cleanup
[2023-07-10T08:25:54.728+0000][29442][gc          ] GC(112) Pause Cleanup 83M->83M(1024M) 0.158ms
[2023-07-10T08:25:54.728+0000][29442][gc,cpu      ] GC(112) User=0.00s Sys=0.00s Real=0.00s
[2023-07-10T08:25:54.728+0000][29442][safepoint   ] Safepoint "G1Concurrent", Time since last: 42753366 ns, Reaching safepoint: 59642 ns, At safepoint: 186920 ns, Total: 246562 ns
[2023-07-10T08:25:54.728+0000][29442][gc,marking  ] GC(112) Concurrent Cleanup for Next Mark
[2023-07-10T08:25:54.730+0000][29442][gc,marking  ] GC(112) Concurrent Cleanup for Next Mark 1.704ms
[2023-07-10T08:25:54.730+0000][29442][gc          ] GC(112) Concurrent Mark Cycle 147.833ms
[2023-07-10T09:40:17.281+0000][29442][gc,start    ] GC(113) Pause Young (Normal) (G1 Evacuation Pause)
[2023-07-10T09:40:17.281+0000][29442][gc,task     ] GC(113) Using 4 workers of 4 for evacuation
[2023-07-10T09:40:17.281+0000][29442][gc,age      ] GC(113) Desired survivor size 40370176 bytes, new threshold 15 (max threshold 15)
[2023-07-10T09:40:17.283+0000][29442][gc,age      ] GC(113) Age table with threshold 15 (max threshold 15)
[2023-07-10T09:40:17.283+0000][29442][gc,age      ] GC(113) - age   1:       4384 bytes,       4384 total
[2023-07-10T09:40:17.283+0000][29442][gc,phases   ] GC(113)   Pre Evacuate Collection Set: 0.2ms
[2023-07-10T09:40:17.283+0000][29442][gc,phases   ] GC(113)   Merge Heap Roots: 0.1ms
[2023-07-10T09:40:17.283+0000][29442][gc,phases   ] GC(113)   Evacuate Collection Set: 0.7ms
[2023-07-10T09:40:17.283+0000][29442][gc,phases   ] GC(113)   Post Evacuate Collection Set: 0.5ms
[2023-07-10T09:40:17.283+0000][29442][gc,phases   ] GC(113)   Other: 0.1ms
[2023-07-10T09:40:17.283+0000][29442][gc,heap     ] GC(113) Eden regions: 613->0(613)
[2023-07-10T09:40:17.283+0000][29442][gc,heap     ] GC(113) Survivor regions: 1->1(77)
[2023-07-10T09:40:17.283+0000][29442][gc,heap     ] GC(113) Old regions: 81->81
[2023-07-10T09:40:17.283+0000][29442][gc,heap     ] GC(113) Archive regions: 2->2
[2023-07-10T09:40:17.283+0000][29442][gc,heap     ] GC(113) Humongous regions: 1->1
[2023-07-10T09:40:17.283+0000][29442][gc,metaspace] GC(113) Metaspace: 102522K(104064K)->102522K(104064K) NonClass: 89529K(90496K)->89529K(90496K) Class: 12993K(13568K)->12993K(13568K)
[2023-07-10T09:40:17.283+0000][29442][gc          ] GC(113) Pause Young (Normal) (G1 Evacuation Pause) 695M->82M(1024M) 1.660ms
[2023-07-10T09:40:17.283+0000][29442][gc,cpu      ] GC(113) User=0.00s Sys=0.00s Real=0.00s
[2023-07-10T09:40:17.283+0000][29442][safepoint   ] Safepoint "G1CollectForAllocation", Time since last: 4462553127383 ns, Reaching safepoint: 39848 ns, At safepoint: 1715644 ns, Total: 1755492 ns
[2023-07-10T10:54:38.138+0000][29442][gc,start    ] GC(114) Pause Young (Concurrent Start) (G1 Evacuation Pause)
[2023-07-10T10:54:38.138+0000][29442][gc,task     ] GC(114) Using 4 workers of 4 for evacuation
[2023-07-10T10:54:38.138+0000][29442][gc,age      ] GC(114) Desired survivor size 40370176 bytes, new threshold 15 (max threshold 15)
[2023-07-10T10:54:38.143+0000][29442][gc,age      ] GC(114) Age table with threshold 15 (max threshold 15)
[2023-07-10T10:54:38.143+0000][29442][gc,age      ] GC(114) - age   1:       4744 bytes,       4744 total
[2023-07-10T10:54:38.143+0000][29442][gc,phases   ] GC(114)   Pre Evacuate Collection Set: 0.5ms
[2023-07-10T10:54:38.143+0000][29442][gc,phases   ] GC(114)   Merge Heap Roots: 0.4ms
[2023-07-10T10:54:38.143+0000][29442][gc,phases   ] GC(114)   Evacuate Collection Set: 2.2ms
[2023-07-10T10:54:38.143+0000][29442][gc,phases   ] GC(114)   Post Evacuate Collection Set: 1.5ms
[2023-07-10T10:54:38.143+0000][29442][gc,phases   ] GC(114)   Other: 0.6ms
[2023-07-10T10:54:38.143+0000][29442][gc,heap     ] GC(114) Eden regions: 613->0(613)
[2023-07-10T10:54:38.143+0000][29442][gc,heap     ] GC(114) Survivor regions: 1->1(77)
[2023-07-10T10:54:38.143+0000][29442][gc,heap     ] GC(114) Old regions: 81->81
[2023-07-10T10:54:38.143+0000][29442][gc,heap     ] GC(114) Archive regions: 2->2
[2023-07-10T10:54:38.143+0000][29442][gc,heap     ] GC(114) Humongous regions: 1->1
[2023-07-10T10:54:38.143+0000][29442][gc,metaspace] GC(114) Metaspace: 102522K(104064K)->102522K(104064K) NonClass: 89529K(90496K)->89529K(90496K) Class: 12993K(13568K)->12993K(13568K)
[2023-07-10T10:54:38.143+0000][29442][gc          ] GC(114) Pause Young (Concurrent Start) (G1 Evacuation Pause) 695M->82M(1024M) 5.486ms
[2023-07-10T10:54:38.143+0000][29442][gc,cpu      ] GC(114) User=0.00s Sys=0.00s Real=0.01s
[2023-07-10T10:54:38.143+0000][29442][safepoint   ] Safepoint "G1CollectForAllocation", Time since last: 4460854748514 ns, Reaching safepoint: 153970 ns, At safepoint: 5708464 ns, Total: 5862434 ns
[2023-07-10T10:54:38.144+0000][29442][gc          ] GC(115) Concurrent Mark Cycle
[2023-07-10T10:54:38.144+0000][29442][gc,marking  ] GC(115) Concurrent Clear Claimed Marks
[2023-07-10T10:54:38.144+0000][29442][gc,marking  ] GC(115) Concurrent Clear Claimed Marks 0.091ms
[2023-07-10T10:54:38.144+0000][29442][gc,marking  ] GC(115) Concurrent Scan Root Regions
[2023-07-10T10:54:38.145+0000][29442][gc,marking  ] GC(115) Concurrent Scan Root Regions 1.682ms
[2023-07-10T10:54:38.145+0000][29442][gc,marking  ] GC(115) Concurrent Mark
[2023-07-10T10:54:38.145+0000][29442][gc,marking  ] GC(115) Concurrent Mark From Roots
[2023-07-10T10:54:38.145+0000][29442][gc,task     ] GC(115) Using 1 workers of 1 for marking
[2023-07-10T10:54:38.236+0000][29442][gc,marking  ] GC(115) Concurrent Mark From Roots 90.412ms
[2023-07-10T10:54:38.236+0000][29442][gc,marking  ] GC(115) Concurrent Preclean
[2023-07-10T10:54:38.236+0000][29442][gc,marking  ] GC(115) Concurrent Preclean 0.220ms
[2023-07-10T10:54:38.236+0000][29442][gc,start    ] GC(115) Pause Remark
[2023-07-10T10:54:38.239+0000][29442][gc          ] GC(115) Pause Remark 83M->83M(1024M) 3.040ms
[2023-07-10T10:54:38.239+0000][29442][gc,cpu      ] GC(115) User=0.01s Sys=0.00s Real=0.00s
[2023-07-10T10:54:38.239+0000][29442][safepoint   ] Safepoint "G1Concurrent", Time since last: 92702340 ns, Reaching safepoint: 71784 ns, At safepoint: 3083609 ns, Total: 3155393 ns
[2023-07-10T10:54:38.239+0000][29442][gc,marking  ] GC(115) Concurrent Mark 93.939ms
[2023-07-10T10:54:38.239+0000][29442][gc,marking  ] GC(115) Concurrent Rebuild Remembered Sets
[2023-07-10T10:54:38.279+0000][29442][gc,marking  ] GC(115) Concurrent Rebuild Remembered Sets 39.300ms
[2023-07-10T10:54:38.279+0000][29442][gc,start    ] GC(115) Pause Cleanup
[2023-07-10T10:54:38.279+0000][29442][gc          ] GC(115) Pause Cleanup 83M->83M(1024M) 0.218ms
[2023-07-10T10:54:38.279+0000][29442][gc,cpu      ] GC(115) User=0.00s Sys=0.00s Real=0.00s
[2023-07-10T10:54:38.279+0000][29442][safepoint   ] Safepoint "G1Concurrent", Time since last: 39436328 ns, Reaching safepoint: 68899 ns, At safepoint: 264314 ns, Total: 333213 ns
[2023-07-10T10:54:38.279+0000][29442][gc,marking  ] GC(115) Concurrent Cleanup for Next Mark
[2023-07-10T10:54:38.280+0000][29442][gc,marking  ] GC(115) Concurrent Cleanup for Next Mark 1.364ms
[2023-07-10T10:54:38.281+0000][29442][gc          ] GC(115) Concurrent Mark Cycle 136.995ms
[2023-07-10T12:09:02.535+0000][29442][gc,start    ] GC(116) Pause Young (Normal) (G1 Evacuation Pause)
[2023-07-10T12:09:02.535+0000][29442][gc,task     ] GC(116) Using 4 workers of 4 for evacuation
[2023-07-10T12:09:02.536+0000][29442][gc,age      ] GC(116) Desired survivor size 40370176 bytes, new threshold 15 (max threshold 15)
[2023-07-10T12:09:02.540+0000][29442][gc,age      ] GC(116) Age table with threshold 15 (max threshold 15)
[2023-07-10T12:09:02.540+0000][29442][gc,age      ] GC(116) - age   1:      12688 bytes,      12688 total
[2023-07-10T12:09:02.541+0000][29442][gc,phases   ] GC(116)   Pre Evacuate Collection Set: 0.4ms
[2023-07-10T12:09:02.541+0000][29442][gc,phases   ] GC(116)   Merge Heap Roots: 0.4ms
[2023-07-10T12:09:02.541+0000][29442][gc,phases   ] GC(116)   Evacuate Collection Set: 2.7ms
[2023-07-10T12:09:02.541+0000][29442][gc,phases   ] GC(116)   Post Evacuate Collection Set: 1.3ms
[2023-07-10T12:09:02.541+0000][29442][gc,phases   ] GC(116)   Other: 0.6ms
[2023-07-10T12:09:02.541+0000][29442][gc,heap     ] GC(116) Eden regions: 613->0(613)
[2023-07-10T12:09:02.541+0000][29442][gc,heap     ] GC(116) Survivor regions: 1->1(77)
[2023-07-10T12:09:02.541+0000][29442][gc,heap     ] GC(116) Old regions: 81->81
[2023-07-10T12:09:02.541+0000][29442][gc,heap     ] GC(116) Archive regions: 2->2
[2023-07-10T12:09:02.541+0000][29442][gc,heap     ] GC(116) Humongous regions: 1->1
[2023-07-10T12:09:02.541+0000][29442][gc,metaspace] GC(116) Metaspace: 102522K(104064K)->102522K(104064K) NonClass: 89529K(90496K)->89529K(90496K) Class: 12993K(13568K)->12993K(13568K)
[2023-07-10T12:09:02.541+0000][29442][gc          ] GC(116) Pause Young (Normal) (G1 Evacuation Pause) 695M->82M(1024M) 5.348ms
[2023-07-10T12:09:02.541+0000][29442][gc,cpu      ] GC(116) User=0.01s Sys=0.00s Real=0.00s
[2023-07-10T12:09:02.541+0000][29442][safepoint   ] Safepoint "G1CollectForAllocation", Time since last: 4464255849631 ns, Reaching safepoint: 145625 ns, At safepoint: 5562779 ns, Total: 5708404 ns
[2023-07-10T13:23:29.265+0000][29442][gc,start    ] GC(117) Pause Young (Concurrent Start) (G1 Evacuation Pause)
[2023-07-10T13:23:29.265+0000][29442][gc,task     ] GC(117) Using 4 workers of 4 for evacuation
[2023-07-10T13:23:29.265+0000][29442][gc,age      ] GC(117) Desired survivor size 40370176 bytes, new threshold 15 (max threshold 15)
[2023-07-10T13:23:29.271+0000][29442][gc,age      ] GC(117) Age table with threshold 15 (max threshold 15)
[2023-07-10T13:23:29.271+0000][29442][gc,age      ] GC(117) - age   1:      12744 bytes,      12744 total
[2023-07-10T13:23:29.271+0000][29442][gc,age      ] GC(117) - age   2:         32 bytes,      12776 total
[2023-07-10T13:23:29.271+0000][29442][gc,phases   ] GC(117)   Pre Evacuate Collection Set: 0.5ms
[2023-07-10T13:23:29.271+0000][29442][gc,phases   ] GC(117)   Merge Heap Roots: 0.4ms
[2023-07-10T13:23:29.271+0000][29442][gc,phases   ] GC(117)   Evacuate Collection Set: 2.2ms
[2023-07-10T13:23:29.271+0000][29442][gc,phases   ] GC(117)   Post Evacuate Collection Set: 2.1ms
[2023-07-10T13:23:29.271+0000][29442][gc,phases   ] GC(117)   Other: 0.6ms
[2023-07-10T13:23:29.271+0000][29442][gc,heap     ] GC(117) Eden regions: 613->0(613)
[2023-07-10T13:23:29.271+0000][29442][gc,heap     ] GC(117) Survivor regions: 1->1(77)
[2023-07-10T13:23:29.271+0000][29442][gc,heap     ] GC(117) Old regions: 81->81
[2023-07-10T13:23:29.271+0000][29442][gc,heap     ] GC(117) Archive regions: 2->2
[2023-07-10T13:23:29.271+0000][29442][gc,heap     ] GC(117) Humongous regions: 1->1
[2023-07-10T13:23:29.271+0000][29442][gc,metaspace] GC(117) Metaspace: 102522K(104064K)->102522K(104064K) NonClass: 89529K(90496K)->89529K(90496K) Class: 12993K(13568K)->12993K(13568K)
[2023-07-10T13:23:29.271+0000][29442][gc          ] GC(117) Pause Young (Concurrent Start) (G1 Evacuation Pause) 695M->82M(1024M) 5.960ms
[2023-07-10T13:23:29.271+0000][29442][gc,cpu      ] GC(117) User=0.01s Sys=0.01s Real=0.01s
[2023-07-10T13:23:29.271+0000][29442][safepoint   ] Safepoint "G1CollectForAllocation", Time since last: 4466724431283 ns, Reaching safepoint: 133024 ns, At safepoint: 6145266 ns, Total: 6278290 ns
[2023-07-10T13:23:29.271+0000][29442][gc          ] GC(118) Concurrent Mark Cycle
[2023-07-10T13:23:29.271+0000][29442][gc,marking  ] GC(118) Concurrent Clear Claimed Marks
[2023-07-10T13:23:29.272+0000][29442][gc,marking  ] GC(118) Concurrent Clear Claimed Marks 0.101ms
[2023-07-10T13:23:29.272+0000][29442][gc,marking  ] GC(118) Concurrent Scan Root Regions
[2023-07-10T13:23:29.273+0000][29442][gc,marking  ] GC(118) Concurrent Scan Root Regions 1.689ms
[2023-07-10T13:23:29.273+0000][29442][gc,marking  ] GC(118) Concurrent Mark
[2023-07-10T13:23:29.273+0000][29442][gc,marking  ] GC(118) Concurrent Mark From Roots
[2023-07-10T13:23:29.273+0000][29442][gc,task     ] GC(118) Using 1 workers of 1 for marking
[2023-07-10T13:23:29.393+0000][29442][gc,marking  ] GC(118) Concurrent Mark From Roots 119.956ms
[2023-07-10T13:23:29.393+0000][29442][gc,marking  ] GC(118) Concurrent Preclean
[2023-07-10T13:23:29.394+0000][29442][gc,marking  ] GC(118) Concurrent Preclean 0.218ms
[2023-07-10T13:23:29.394+0000][29442][gc,start    ] GC(118) Pause Remark
[2023-07-10T13:23:29.397+0000][29442][gc          ] GC(118) Pause Remark 83M->83M(1024M) 3.433ms
[2023-07-10T13:23:29.397+0000][29442][gc,cpu      ] GC(118) User=0.01s Sys=0.00s Real=0.00s
[2023-07-10T13:23:29.397+0000][29442][safepoint   ] Safepoint "G1Concurrent", Time since last: 122279069 ns, Reaching safepoint: 72538 ns, At safepoint: 3491374 ns, Total: 3563912 ns
[2023-07-10T13:23:29.397+0000][29442][gc,marking  ] GC(118) Concurrent Mark 123.890ms
[2023-07-10T13:23:29.397+0000][29442][gc,marking  ] GC(118) Concurrent Rebuild Remembered Sets
[2023-07-10T13:23:29.437+0000][29442][gc,marking  ] GC(118) Concurrent Rebuild Remembered Sets 39.441ms
[2023-07-10T13:23:29.437+0000][29442][gc,start    ] GC(118) Pause Cleanup
[2023-07-10T13:23:29.437+0000][29442][gc          ] GC(118) Pause Cleanup 83M->83M(1024M) 0.224ms
[2023-07-10T13:23:29.437+0000][29442][gc,cpu      ] GC(118) User=0.00s Sys=0.00s Real=0.00s
[2023-07-10T13:23:29.437+0000][29442][safepoint   ] Safepoint "G1Concurrent", Time since last: 39585454 ns, Reaching safepoint: 70338 ns, At safepoint: 261848 ns, Total: 332186 ns
[2023-07-10T13:23:29.437+0000][29442][gc,marking  ] GC(118) Concurrent Cleanup for Next Mark
[2023-07-10T13:23:29.439+0000][29442][gc,marking  ] GC(118) Concurrent Cleanup for Next Mark 1.409ms
[2023-07-10T13:23:29.439+0000][29442][gc          ] GC(118) Concurrent Mark Cycle 167.235ms
[2023-07-10T14:37:51.824+0000][29442][gc,start    ] GC(119) Pause Young (Normal) (G1 Evacuation Pause)
[2023-07-10T14:37:51.824+0000][29442][gc,task     ] GC(119) Using 4 workers of 4 for evacuation
[2023-07-10T14:37:51.824+0000][29442][gc,age      ] GC(119) Desired survivor size 40370176 bytes, new threshold 15 (max threshold 15)
[2023-07-10T14:37:51.829+0000][29442][gc,age      ] GC(119) Age table with threshold 15 (max threshold 15)
[2023-07-10T14:37:51.829+0000][29442][gc,age      ] GC(119) - age   1:      12640 bytes,      12640 total
[2023-07-10T14:37:51.829+0000][29442][gc,age      ] GC(119) - age   2:         88 bytes,      12728 total
[2023-07-10T14:37:51.829+0000][29442][gc,age      ] GC(119) - age   3:         32 bytes,      12760 total
[2023-07-10T14:37:51.829+0000][29442][gc,phases   ] GC(119)   Pre Evacuate Collection Set: 0.4ms
[2023-07-10T14:37:51.829+0000][29442][gc,phases   ] GC(119)   Merge Heap Roots: 0.4ms
[2023-07-10T14:37:51.829+0000][29442][gc,phases   ] GC(119)   Evacuate Collection Set: 1.6ms
[2023-07-10T14:37:51.829+0000][29442][gc,phases   ] GC(119)   Post Evacuate Collection Set: 1.8ms
[2023-07-10T14:37:51.829+0000][29442][gc,phases   ] GC(119)   Other: 0.4ms
[2023-07-10T14:37:51.829+0000][29442][gc,heap     ] GC(119) Eden regions: 613->0(613)
[2023-07-10T14:37:51.829+0000][29442][gc,heap     ] GC(119) Survivor regions: 1->1(77)
[2023-07-10T14:37:51.829+0000][29442][gc,heap     ] GC(119) Old regions: 81->81
[2023-07-10T14:37:51.829+0000][29442][gc,heap     ] GC(119) Archive regions: 2->2
[2023-07-10T14:37:51.829+0000][29442][gc,heap     ] GC(119) Humongous regions: 1->1
[2023-07-10T14:37:51.829+0000][29442][gc,metaspace] GC(119) Metaspace: 102522K(104064K)->102522K(104064K) NonClass: 89529K(90496K)->89529K(90496K) Class: 12993K(13568K)->12993K(13568K)
[2023-07-10T14:37:51.829+0000][29442][gc          ] GC(119) Pause Young (Normal) (G1 Evacuation Pause) 695M->82M(1024M) 4.875ms
[2023-07-10T14:37:51.829+0000][29442][gc,cpu      ] GC(119) User=0.01s Sys=0.00s Real=0.00s
[2023-07-10T14:37:51.829+0000][29442][safepoint   ] Safepoint "G1CollectForAllocation", Time since last: 4462386886161 ns, Reaching safepoint: 160340 ns, At safepoint: 5063627 ns, Total: 5223967 ns
[2023-07-10T15:52:15.511+0000][29442][gc,start    ] GC(120) Pause Young (Concurrent Start) (G1 Evacuation Pause)
[2023-07-10T15:52:15.511+0000][29442][gc,task     ] GC(120) Using 4 workers of 4 for evacuation
[2023-07-10T15:52:15.511+0000][29442][gc,age      ] GC(120) Desired survivor size 40370176 bytes, new threshold 15 (max threshold 15)
[2023-07-10T15:52:15.513+0000][29442][gc,age      ] GC(120) Age table with threshold 15 (max threshold 15)
[2023-07-10T15:52:15.513+0000][29442][gc,age      ] GC(120) - age   1:      12672 bytes,      12672 total
[2023-07-10T15:52:15.513+0000][29442][gc,age      ] GC(120) - age   3:         88 bytes,      12760 total
[2023-07-10T15:52:15.513+0000][29442][gc,age      ] GC(120) - age   4:         32 bytes,      12792 total
[2023-07-10T15:52:15.513+0000][29442][gc,phases   ] GC(120)   Pre Evacuate Collection Set: 0.2ms
[2023-07-10T15:52:15.513+0000][29442][gc,phases   ] GC(120)   Merge Heap Roots: 0.1ms
[2023-07-10T15:52:15.513+0000][29442][gc,phases   ] GC(120)   Evacuate Collection Set: 0.6ms
[2023-07-10T15:52:15.513+0000][29442][gc,phases   ] GC(120)   Post Evacuate Collection Set: 0.7ms
[2023-07-10T15:52:15.513+0000][29442][gc,phases   ] GC(120)   Other: 0.2ms
[2023-07-10T15:52:15.513+0000][29442][gc,heap     ] GC(120) Eden regions: 613->0(613)
[2023-07-10T15:52:15.513+0000][29442][gc,heap     ] GC(120) Survivor regions: 1->1(77)
[2023-07-10T15:52:15.513+0000][29442][gc,heap     ] GC(120) Old regions: 81->81
[2023-07-10T15:52:15.513+0000][29442][gc,heap     ] GC(120) Archive regions: 2->2
[2023-07-10T15:52:15.513+0000][29442][gc,heap     ] GC(120) Humongous regions: 1->1
[2023-07-10T15:52:15.513+0000][29442][gc,metaspace] GC(120) Metaspace: 102522K(104064K)->102522K(104064K) NonClass: 89529K(90496K)->89529K(90496K) Class: 12993K(13568K)->12993K(13568K)
[2023-07-10T15:52:15.513+0000][29442][gc          ] GC(120) Pause Young (Concurrent Start) (G1 Evacuation Pause) 695M->82M(1024M) 1.812ms
[2023-07-10T15:52:15.513+0000][29442][gc,cpu      ] GC(120) User=0.00s Sys=0.00s Real=0.01s
[2023-07-10T15:52:15.513+0000][29442][safepoint   ] Safepoint "G1CollectForAllocation", Time since last: 4463681644580 ns, Reaching safepoint: 31249 ns, At safepoint: 1876446 ns, Total: 1907695 ns
[2023-07-10T15:52:15.513+0000][29442][gc          ] GC(121) Concurrent Mark Cycle
[2023-07-10T15:52:15.513+0000][29442][gc,marking  ] GC(121) Concurrent Clear Claimed Marks
[2023-07-10T15:52:15.513+0000][29442][gc,marking  ] GC(121) Concurrent Clear Claimed Marks 0.048ms
[2023-07-10T15:52:15.513+0000][29442][gc,marking  ] GC(121) Concurrent Scan Root Regions
[2023-07-10T15:52:15.513+0000][29442][gc,marking  ] GC(121) Concurrent Scan Root Regions 0.599ms
[2023-07-10T15:52:15.513+0000][29442][gc,marking  ] GC(121) Concurrent Mark
[2023-07-10T15:52:15.513+0000][29442][gc,marking  ] GC(121) Concurrent Mark From Roots
[2023-07-10T15:52:15.513+0000][29442][gc,task     ] GC(121) Using 1 workers of 1 for marking
[2023-07-10T15:52:15.605+0000][29442][gc,marking  ] GC(121) Concurrent Mark From Roots 91.039ms
[2023-07-10T15:52:15.605+0000][29442][gc,marking  ] GC(121) Concurrent Preclean
[2023-07-10T15:52:15.605+0000][29442][gc,marking  ] GC(121) Concurrent Preclean 0.223ms
[2023-07-10T15:52:15.605+0000][29442][gc,start    ] GC(121) Pause Remark
[2023-07-10T15:52:15.608+0000][29442][gc          ] GC(121) Pause Remark 83M->83M(1024M) 3.063ms
[2023-07-10T15:52:15.608+0000][29442][gc,cpu      ] GC(121) User=0.01s Sys=0.00s Real=0.00s
[2023-07-10T15:52:15.608+0000][29442][safepoint   ] Safepoint "G1Concurrent", Time since last: 92019473 ns, Reaching safepoint: 64055 ns, At safepoint: 3109595 ns, Total: 3173650 ns
[2023-07-10T15:52:15.608+0000][29442][gc,marking  ] GC(121) Concurrent Mark 94.513ms
[2023-07-10T15:52:15.608+0000][29442][gc,marking  ] GC(121) Concurrent Rebuild Remembered Sets
[2023-07-10T15:52:15.649+0000][29442][gc,marking  ] GC(121) Concurrent Rebuild Remembered Sets 41.033ms
[2023-07-10T15:52:15.649+0000][29442][gc,start    ] GC(121) Pause Cleanup
[2023-07-10T15:52:15.649+0000][29442][gc          ] GC(121) Pause Cleanup 83M->83M(1024M) 0.241ms
[2023-07-10T15:52:15.649+0000][29442][gc,cpu      ] GC(121) User=0.01s Sys=0.00s Real=0.00s
[2023-07-10T15:52:15.649+0000][29442][safepoint   ] Safepoint "G1Concurrent", Time since last: 41150512 ns, Reaching safepoint: 45114 ns, At safepoint: 293403 ns, Total: 338517 ns
[2023-07-10T15:52:15.650+0000][29442][gc,marking  ] GC(121) Concurrent Cleanup for Next Mark
[2023-07-10T15:52:15.651+0000][29442][gc,marking  ] GC(121) Concurrent Cleanup for Next Mark 1.434ms
[2023-07-10T15:52:15.651+0000][29442][gc          ] GC(121) Concurrent Mark Cycle 138.205ms
[2023-07-10T16:23:21.016+0000][29442][safepoint   ] Safepoint "Cleanup", Time since last: 1865366305163 ns, Reaching safepoint: 51929 ns, At safepoint: 7827 ns, Total: 59756 ns
[2023-07-10T17:06:39.460+0000][29442][gc,start    ] GC(122) Pause Young (Normal) (G1 Evacuation Pause)
[2023-07-10T17:06:39.460+0000][29442][gc,task     ] GC(122) Using 4 workers of 4 for evacuation
[2023-07-10T17:06:39.460+0000][29442][gc,age      ] GC(122) Desired survivor size 40370176 bytes, new threshold 15 (max threshold 15)
[2023-07-10T17:06:39.462+0000][29442][gc,age      ] GC(122) Age table with threshold 15 (max threshold 15)
[2023-07-10T17:06:39.462+0000][29442][gc,age      ] GC(122) - age   1:       8016 bytes,       8016 total
[2023-07-10T17:06:39.462+0000][29442][gc,age      ] GC(122) - age   4:         88 bytes,       8104 total
[2023-07-10T17:06:39.462+0000][29442][gc,age      ] GC(122) - age   5:         32 bytes,       8136 total
[2023-07-10T17:06:39.462+0000][29442][gc,phases   ] GC(122)   Pre Evacuate Collection Set: 0.2ms
[2023-07-10T17:06:39.462+0000][29442][gc,phases   ] GC(122)   Merge Heap Roots: 0.2ms
[2023-07-10T17:06:39.462+0000][29442][gc,phases   ] GC(122)   Evacuate Collection Set: 1.0ms
[2023-07-10T17:06:39.462+0000][29442][gc,phases   ] GC(122)   Post Evacuate Collection Set: 0.8ms
[2023-07-10T17:06:39.462+0000][29442][gc,phases   ] GC(122)   Other: 0.3ms
[2023-07-10T17:06:39.462+0000][29442][gc,heap     ] GC(122) Eden regions: 613->0(613)
[2023-07-10T17:06:39.462+0000][29442][gc,heap     ] GC(122) Survivor regions: 1->1(77)
[2023-07-10T17:06:39.462+0000][29442][gc,heap     ] GC(122) Old regions: 81->81
[2023-07-10T17:06:39.462+0000][29442][gc,heap     ] GC(122) Archive regions: 2->2
[2023-07-10T17:06:39.462+0000][29442][gc,heap     ] GC(122) Humongous regions: 1->1
[2023-07-10T17:06:39.462+0000][29442][gc,metaspace] GC(122) Metaspace: 102522K(104064K)->102522K(104064K) NonClass: 89529K(90496K)->89529K(90496K) Class: 12993K(13568K)->12993K(13568K)
[2023-07-10T17:06:39.462+0000][29442][gc          ] GC(122) Pause Young (Normal) (G1 Evacuation Pause) 695M->82M(1024M) 2.731ms
[2023-07-10T17:06:39.462+0000][29442][gc,cpu      ] GC(122) User=0.00s Sys=0.00s Real=0.01s
[2023-07-10T17:06:39.463+0000][29442][safepoint   ] Safepoint "G1CollectForAllocation", Time since last: 2598443797692 ns, Reaching safepoint: 57283 ns, At safepoint: 2827187 ns, Total: 2884470 ns
[2023-07-10T18:20:58.532+0000][29442][gc,start    ] GC(123) Pause Young (Concurrent Start) (G1 Evacuation Pause)
[2023-07-10T18:20:58.532+0000][29442][gc,task     ] GC(123) Using 4 workers of 4 for evacuation
[2023-07-10T18:20:58.532+0000][29442][gc,age      ] GC(123) Desired survivor size 40370176 bytes, new threshold 15 (max threshold 15)
[2023-07-10T18:20:58.537+0000][29442][gc,age      ] GC(123) Age table with threshold 15 (max threshold 15)
[2023-07-10T18:20:58.537+0000][29442][gc,age      ] GC(123) - age   1:       4496 bytes,       4496 total
[2023-07-10T18:20:58.537+0000][29442][gc,age      ] GC(123) - age   2:       3528 bytes,       8024 total
[2023-07-10T18:20:58.537+0000][29442][gc,age      ] GC(123) - age   5:         88 bytes,       8112 total
[2023-07-10T18:20:58.537+0000][29442][gc,age      ] GC(123) - age   6:         32 bytes,       8144 total
[2023-07-10T18:20:58.537+0000][29442][gc,phases   ] GC(123)   Pre Evacuate Collection Set: 0.4ms
[2023-07-10T18:20:58.537+0000][29442][gc,phases   ] GC(123)   Merge Heap Roots: 0.4ms
[2023-07-10T18:20:58.537+0000][29442][gc,phases   ] GC(123)   Evacuate Collection Set: 2.2ms
[2023-07-10T18:20:58.538+0000][29442][gc,phases   ] GC(123)   Post Evacuate Collection Set: 1.6ms
[2023-07-10T18:20:58.538+0000][29442][gc,phases   ] GC(123)   Other: 0.6ms
[2023-07-10T18:20:58.538+0000][29442][gc,heap     ] GC(123) Eden regions: 613->0(613)
[2023-07-10T18:20:58.538+0000][29442][gc,heap     ] GC(123) Survivor regions: 1->1(77)
[2023-07-10T18:20:58.538+0000][29442][gc,heap     ] GC(123) Old regions: 81->81
[2023-07-10T18:20:58.538+0000][29442][gc,heap     ] GC(123) Archive regions: 2->2
[2023-07-10T18:20:58.538+0000][29442][gc,heap     ] GC(123) Humongous regions: 1->1
[2023-07-10T18:20:58.538+0000][29442][gc,metaspace] GC(123) Metaspace: 102522K(104064K)->102522K(104064K) NonClass: 89529K(90496K)->89529K(90496K) Class: 12993K(13568K)->12993K(13568K)
[2023-07-10T18:20:58.538+0000][29442][gc          ] GC(123) Pause Young (Concurrent Start) (G1 Evacuation Pause) 695M->82M(1024M) 5.478ms
[2023-07-10T18:20:58.538+0000][29442][gc,cpu      ] GC(123) User=0.00s Sys=0.00s Real=0.00s
[2023-07-10T18:20:58.538+0000][29442][safepoint   ] Safepoint "G1CollectForAllocation", Time since last: 4459069534008 ns, Reaching safepoint: 153623 ns, At safepoint: 5660827 ns, Total: 5814450 ns
[2023-07-10T18:20:58.538+0000][29442][gc          ] GC(124) Concurrent Mark Cycle
[2023-07-10T18:20:58.538+0000][29442][gc,marking  ] GC(124) Concurrent Clear Claimed Marks
[2023-07-10T18:20:58.538+0000][29442][gc,marking  ] GC(124) Concurrent Clear Claimed Marks 0.080ms
[2023-07-10T18:20:58.538+0000][29442][gc,marking  ] GC(124) Concurrent Scan Root Regions
[2023-07-10T18:20:58.540+0000][29442][gc,marking  ] GC(124) Concurrent Scan Root Regions 1.703ms
[2023-07-10T18:20:58.540+0000][29442][gc,marking  ] GC(124) Concurrent Mark
[2023-07-10T18:20:58.540+0000][29442][gc,marking  ] GC(124) Concurrent Mark From Roots
[2023-07-10T18:20:58.540+0000][29442][gc,task     ] GC(124) Using 1 workers of 1 for marking
[2023-07-10T18:20:58.630+0000][29442][gc,marking  ] GC(124) Concurrent Mark From Roots 90.251ms
[2023-07-10T18:20:58.630+0000][29442][gc,marking  ] GC(124) Concurrent Preclean
[2023-07-10T18:20:58.630+0000][29442][gc,marking  ] GC(124) Concurrent Preclean 0.217ms
[2023-07-10T18:20:58.631+0000][29442][gc,start    ] GC(124) Pause Remark
[2023-07-10T18:20:58.634+0000][29442][gc          ] GC(124) Pause Remark 83M->83M(1024M) 3.233ms
[2023-07-10T18:20:58.634+0000][29442][gc,cpu      ] GC(124) User=0.01s Sys=0.00s Real=0.01s
[2023-07-10T18:20:58.634+0000][29442][safepoint   ] Safepoint "G1Concurrent", Time since last: 92571911 ns, Reaching safepoint: 125138 ns, At safepoint: 3320561 ns, Total: 3445699 ns
[2023-07-10T18:20:58.634+0000][29442][gc,marking  ] GC(124) Concurrent Mark 94.057ms
[2023-07-10T18:20:58.634+0000][29442][gc,marking  ] GC(124) Concurrent Rebuild Remembered Sets
[2023-07-10T18:20:58.673+0000][29442][gc,marking  ] GC(124) Concurrent Rebuild Remembered Sets 39.295ms
[2023-07-10T18:20:58.673+0000][29442][gc,start    ] GC(124) Pause Cleanup
[2023-07-10T18:20:58.674+0000][29442][gc          ] GC(124) Pause Cleanup 83M->83M(1024M) 0.188ms
[2023-07-10T18:20:58.674+0000][29442][gc,cpu      ] GC(124) User=0.00s Sys=0.00s Real=0.00s
[2023-07-10T18:20:58.674+0000][29442][safepoint   ] Safepoint "G1Concurrent", Time since last: 39394786 ns, Reaching safepoint: 127124 ns, At safepoint: 252594 ns, Total: 379718 ns
[2023-07-10T18:20:58.674+0000][29442][gc,marking  ] GC(124) Concurrent Cleanup for Next Mark
[2023-07-10T18:20:58.675+0000][29442][gc,marking  ] GC(124) Concurrent Cleanup for Next Mark 1.360ms
[2023-07-10T18:20:58.675+0000][29442][gc          ] GC(124) Concurrent Mark Cycle 137.201ms
[2023-07-10T18:43:21.944+0000][29442][safepoint   ] Safepoint "Cleanup", Time since last: 1343270152475 ns, Reaching safepoint: 148921 ns, At safepoint: 23346 ns, Total: 172267 ns
[2023-07-10T19:35:23.544+0000][29442][gc,start    ] GC(125) Pause Young (Normal) (G1 Evacuation Pause)
[2023-07-10T19:35:23.544+0000][29442][gc,task     ] GC(125) Using 4 workers of 4 for evacuation
[2023-07-10T19:35:23.544+0000][29442][gc,age      ] GC(125) Desired survivor size 40370176 bytes, new threshold 15 (max threshold 15)
[2023-07-10T19:35:23.548+0000][29442][gc,age      ] GC(125) Age table with threshold 15 (max threshold 15)
[2023-07-10T19:35:23.548+0000][29442][gc,age      ] GC(125) - age   1:      13128 bytes,      13128 total
[2023-07-10T19:35:23.548+0000][29442][gc,age      ] GC(125) - age   3:       3528 bytes,      16656 total
[2023-07-10T19:35:23.548+0000][29442][gc,age      ] GC(125) - age   6:         88 bytes,      16744 total
[2023-07-10T19:35:23.548+0000][29442][gc,age      ] GC(125) - age   7:         32 bytes,      16776 total
[2023-07-10T19:35:23.548+0000][29442][gc,phases   ] GC(125)   Pre Evacuate Collection Set: 0.4ms
[2023-07-10T19:35:23.548+0000][29442][gc,phases   ] GC(125)   Merge Heap Roots: 0.4ms
[2023-07-10T19:35:23.548+0000][29442][gc,phases   ] GC(125)   Evacuate Collection Set: 1.4ms
[2023-07-10T19:35:23.548+0000][29442][gc,phases   ] GC(125)   Post Evacuate Collection Set: 2.1ms
[2023-07-10T19:35:23.548+0000][29442][gc,phases   ] GC(125)   Other: 0.5ms
[2023-07-10T19:35:23.548+0000][29442][gc,heap     ] GC(125) Eden regions: 613->0(613)
[2023-07-10T19:35:23.548+0000][29442][gc,heap     ] GC(125) Survivor regions: 1->1(77)
[2023-07-10T19:35:23.548+0000][29442][gc,heap     ] GC(125) Old regions: 81->81
[2023-07-10T19:35:23.548+0000][29442][gc,heap     ] GC(125) Archive regions: 2->2
[2023-07-10T19:35:23.548+0000][29442][gc,heap     ] GC(125) Humongous regions: 1->1
[2023-07-10T19:35:23.548+0000][29442][gc,metaspace] GC(125) Metaspace: 102522K(104064K)->102522K(104064K) NonClass: 89529K(90496K)->89529K(90496K) Class: 12993K(13568K)->12993K(13568K)
[2023-07-10T19:35:23.549+0000][29442][gc          ] GC(125) Pause Young (Normal) (G1 Evacuation Pause) 695M->82M(1024M) 4.975ms
[2023-07-10T19:35:23.549+0000][29442][gc,cpu      ] GC(125) User=0.01s Sys=0.00s Real=0.00s
[2023-07-10T19:35:23.549+0000][29442][safepoint   ] Safepoint "G1CollectForAllocation", Time since last: 3121599390584 ns, Reaching safepoint: 143188 ns, At safepoint: 5143709 ns, Total: 5286897 ns
[2023-07-10T20:49:44.602+0000][29442][gc,start    ] GC(126) Pause Young (Concurrent Start) (G1 Evacuation Pause)
[2023-07-10T20:49:44.602+0000][29442][gc,task     ] GC(126) Using 4 workers of 4 for evacuation
[2023-07-10T20:49:44.602+0000][29442][gc,age      ] GC(126) Desired survivor size 40370176 bytes, new threshold 15 (max threshold 15)
[2023-07-10T20:49:44.603+0000][29442][gc,age      ] GC(126) Age table with threshold 15 (max threshold 15)
[2023-07-10T20:49:44.603+0000][29442][gc,age      ] GC(126) - age   1:       4720 bytes,       4720 total
[2023-07-10T20:49:44.603+0000][29442][gc,age      ] GC(126) - age   2:        408 bytes,       5128 total
[2023-07-10T20:49:44.603+0000][29442][gc,age      ] GC(126) - age   4:       3528 bytes,       8656 total
[2023-07-10T20:49:44.603+0000][29442][gc,age      ] GC(126) - age   7:         88 bytes,       8744 total
[2023-07-10T20:49:44.603+0000][29442][gc,age      ] GC(126) - age   8:         32 bytes,       8776 total
[2023-07-10T20:49:44.603+0000][29442][gc,phases   ] GC(126)   Pre Evacuate Collection Set: 0.2ms
[2023-07-10T20:49:44.603+0000][29442][gc,phases   ] GC(126)   Merge Heap Roots: 0.1ms
[2023-07-10T20:49:44.603+0000][29442][gc,phases   ] GC(126)   Evacuate Collection Set: 0.7ms
[2023-07-10T20:49:44.603+0000][29442][gc,phases   ] GC(126)   Post Evacuate Collection Set: 0.6ms
[2023-07-10T20:49:44.603+0000][29442][gc,phases   ] GC(126)   Other: 0.2ms
[2023-07-10T20:49:44.603+0000][29442][gc,heap     ] GC(126) Eden regions: 613->0(613)
[2023-07-10T20:49:44.603+0000][29442][gc,heap     ] GC(126) Survivor regions: 1->1(77)
[2023-07-10T20:49:44.603+0000][29442][gc,heap     ] GC(126) Old regions: 81->81
[2023-07-10T20:49:44.603+0000][29442][gc,heap     ] GC(126) Archive regions: 2->2
[2023-07-10T20:49:44.603+0000][29442][gc,heap     ] GC(126) Humongous regions: 1->1
[2023-07-10T20:49:44.603+0000][29442][gc,metaspace] GC(126) Metaspace: 102522K(104064K)->102522K(104064K) NonClass: 89529K(90496K)->89529K(90496K) Class: 12993K(13568K)->12993K(13568K)
[2023-07-10T20:49:44.603+0000][29442][gc          ] GC(126) Pause Young (Concurrent Start) (G1 Evacuation Pause) 695M->82M(1024M) 1.923ms
[2023-07-10T20:49:44.603+0000][29442][gc,cpu      ] GC(126) User=0.01s Sys=0.00s Real=0.00s
[2023-07-10T20:49:44.603+0000][29442][safepoint   ] Safepoint "G1CollectForAllocation", Time since last: 4461052807846 ns, Reaching safepoint: 48436 ns, At safepoint: 1985243 ns, Total: 2033679 ns
[2023-07-10T20:49:44.604+0000][29442][gc          ] GC(127) Concurrent Mark Cycle
[2023-07-10T20:49:44.604+0000][29442][gc,marking  ] GC(127) Concurrent Clear Claimed Marks
[2023-07-10T20:49:44.604+0000][29442][gc,marking  ] GC(127) Concurrent Clear Claimed Marks 0.039ms
[2023-07-10T20:49:44.604+0000][29442][gc,marking  ] GC(127) Concurrent Scan Root Regions
[2023-07-10T20:49:44.604+0000][29442][gc,marking  ] GC(127) Concurrent Scan Root Regions 0.548ms
[2023-07-10T20:49:44.604+0000][29442][gc,marking  ] GC(127) Concurrent Mark
[2023-07-10T20:49:44.604+0000][29442][gc,marking  ] GC(127) Concurrent Mark From Roots
[2023-07-10T20:49:44.604+0000][29442][gc,task     ] GC(127) Using 1 workers of 1 for marking
[2023-07-10T20:49:44.695+0000][29442][gc,marking  ] GC(127) Concurrent Mark From Roots 90.657ms
[2023-07-10T20:49:44.695+0000][29442][gc,marking  ] GC(127) Concurrent Preclean
[2023-07-10T20:49:44.695+0000][29442][gc,marking  ] GC(127) Concurrent Preclean 0.224ms
[2023-07-10T20:49:44.695+0000][29442][gc,start    ] GC(127) Pause Remark
[2023-07-10T20:49:44.698+0000][29442][gc          ] GC(127) Pause Remark 83M->83M(1024M) 2.923ms
[2023-07-10T20:49:44.698+0000][29442][gc,cpu      ] GC(127) User=0.01s Sys=0.00s Real=0.00s
[2023-07-10T20:49:44.698+0000][29442][safepoint   ] Safepoint "G1Concurrent", Time since last: 91626909 ns, Reaching safepoint: 49283 ns, At safepoint: 2968973 ns, Total: 3018256 ns
[2023-07-10T20:49:44.698+0000][29442][gc,marking  ] GC(127) Concurrent Mark 94.051ms
[2023-07-10T20:49:44.698+0000][29442][gc,marking  ] GC(127) Concurrent Rebuild Remembered Sets
[2023-07-10T20:49:44.737+0000][29442][gc,marking  ] GC(127) Concurrent Rebuild Remembered Sets 39.098ms
[2023-07-10T20:49:44.737+0000][29442][gc,start    ] GC(127) Pause Cleanup
[2023-07-10T20:49:44.738+0000][29442][gc          ] GC(127) Pause Cleanup 83M->83M(1024M) 0.161ms
[2023-07-10T20:49:44.738+0000][29442][gc,cpu      ] GC(127) User=0.00s Sys=0.00s Real=0.00s
[2023-07-10T20:49:44.738+0000][29442][safepoint   ] Safepoint "G1Concurrent", Time since last: 39248012 ns, Reaching safepoint: 80022 ns, At safepoint: 189522 ns, Total: 269544 ns
[2023-07-10T20:49:44.738+0000][29442][gc,marking  ] GC(127) Concurrent Cleanup for Next Mark
[2023-07-10T20:49:44.739+0000][29442][gc,marking  ] GC(127) Concurrent Cleanup for Next Mark 1.382ms
[2023-07-10T20:49:44.739+0000][29442][gc          ] GC(127) Concurrent Mark Cycle 135.597ms
[2023-07-10T22:04:05.321+0000][29442][gc,start    ] GC(128) Pause Young (Normal) (G1 Evacuation Pause)
[2023-07-10T22:04:05.322+0000][29442][gc,task     ] GC(128) Using 4 workers of 4 for evacuation
[2023-07-10T22:04:05.322+0000][29442][gc,age      ] GC(128) Desired survivor size 40370176 bytes, new threshold 15 (max threshold 15)
[2023-07-10T22:04:05.323+0000][29442][gc,age      ] GC(128) Age table with threshold 15 (max threshold 15)
[2023-07-10T22:04:05.323+0000][29442][gc,age      ] GC(128) - age   1:       4384 bytes,       4384 total
[2023-07-10T22:04:05.323+0000][29442][gc,age      ] GC(128) - age   3:        408 bytes,       4792 total
[2023-07-10T22:04:05.324+0000][29442][gc,age      ] GC(128) - age   5:       3528 bytes,       8320 total
[2023-07-10T22:04:05.324+0000][29442][gc,age      ] GC(128) - age   8:         88 bytes,       8408 total
[2023-07-10T22:04:05.324+0000][29442][gc,age      ] GC(128) - age   9:         32 bytes,       8440 total
[2023-07-10T22:04:05.324+0000][29442][gc,phases   ] GC(128)   Pre Evacuate Collection Set: 0.2ms
[2023-07-10T22:04:05.324+0000][29442][gc,phases   ] GC(128)   Merge Heap Roots: 0.2ms
[2023-07-10T22:04:05.324+0000][29442][gc,phases   ] GC(128)   Evacuate Collection Set: 0.8ms
[2023-07-10T22:04:05.324+0000][29442][gc,phases   ] GC(128)   Post Evacuate Collection Set: 0.7ms
[2023-07-10T22:04:05.324+0000][29442][gc,phases   ] GC(128)   Other: 0.2ms
[2023-07-10T22:04:05.324+0000][29442][gc,heap     ] GC(128) Eden regions: 613->0(613)
[2023-07-10T22:04:05.324+0000][29442][gc,heap     ] GC(128) Survivor regions: 1->1(77)
[2023-07-10T22:04:05.324+0000][29442][gc,heap     ] GC(128) Old regions: 81->81
[2023-07-10T22:04:05.324+0000][29442][gc,heap     ] GC(128) Archive regions: 2->2
[2023-07-10T22:04:05.324+0000][29442][gc,heap     ] GC(128) Humongous regions: 1->1
[2023-07-10T22:04:05.324+0000][29442][gc,metaspace] GC(128) Metaspace: 102522K(104064K)->102522K(104064K) NonClass: 89529K(90496K)->89529K(90496K) Class: 12993K(13568K)->12993K(13568K)
[2023-07-10T22:04:05.324+0000][29442][gc          ] GC(128) Pause Young (Normal) (G1 Evacuation Pause) 695M->82M(1024M) 2.194ms
[2023-07-10T22:04:05.324+0000][29442][gc,cpu      ] GC(128) User=0.01s Sys=0.00s Real=0.00s
[2023-07-10T22:04:05.324+0000][29442][safepoint   ] Safepoint "G1CollectForAllocation", Time since last: 4460583752423 ns, Reaching safepoint: 52990 ns, At safepoint: 2266405 ns, Total: 2319395 ns
[2023-07-10T23:18:30.274+0000][29442][gc,start    ] GC(129) Pause Young (Concurrent Start) (G1 Evacuation Pause)
[2023-07-10T23:18:30.274+0000][29442][gc,task     ] GC(129) Using 4 workers of 4 for evacuation
[2023-07-10T23:18:30.274+0000][29442][gc,age      ] GC(129) Desired survivor size 40370176 bytes, new threshold 15 (max threshold 15)
[2023-07-10T23:18:30.279+0000][29442][gc,age      ] GC(129) Age table with threshold 15 (max threshold 15)
[2023-07-10T23:18:30.279+0000][29442][gc,age      ] GC(129) - age   1:       4384 bytes,       4384 total
[2023-07-10T23:18:30.279+0000][29442][gc,age      ] GC(129) - age   4:        408 bytes,       4792 total
[2023-07-10T23:18:30.279+0000][29442][gc,age      ] GC(129) - age   6:       3528 bytes,       8320 total
[2023-07-10T23:18:30.279+0000][29442][gc,age      ] GC(129) - age   9:         88 bytes,       8408 total
[2023-07-10T23:18:30.279+0000][29442][gc,age      ] GC(129) - age  10:         32 bytes,       8440 total
[2023-07-10T23:18:30.279+0000][29442][gc,phases   ] GC(129)   Pre Evacuate Collection Set: 0.5ms
[2023-07-10T23:18:30.279+0000][29442][gc,phases   ] GC(129)   Merge Heap Roots: 0.3ms
[2023-07-10T23:18:30.279+0000][29442][gc,phases   ] GC(129)   Evacuate Collection Set: 2.2ms
[2023-07-10T23:18:30.279+0000][29442][gc,phases   ] GC(129)   Post Evacuate Collection Set: 1.8ms
[2023-07-10T23:18:30.279+0000][29442][gc,phases   ] GC(129)   Other: 0.7ms
[2023-07-10T23:18:30.279+0000][29442][gc,heap     ] GC(129) Eden regions: 613->0(613)
[2023-07-10T23:18:30.279+0000][29442][gc,heap     ] GC(129) Survivor regions: 1->1(77)
[2023-07-10T23:18:30.279+0000][29442][gc,heap     ] GC(129) Old regions: 81->81
[2023-07-10T23:18:30.279+0000][29442][gc,heap     ] GC(129) Archive regions: 2->2
[2023-07-10T23:18:30.279+0000][29442][gc,heap     ] GC(129) Humongous regions: 1->1
[2023-07-10T23:18:30.279+0000][29442][gc,metaspace] GC(129) Metaspace: 102522K(104064K)->102522K(104064K) NonClass: 89529K(90496K)->89529K(90496K) Class: 12993K(13568K)->12993K(13568K)
[2023-07-10T23:18:30.279+0000][29442][gc          ] GC(129) Pause Young (Concurrent Start) (G1 Evacuation Pause) 695M->82M(1024M) 5.768ms
[2023-07-10T23:18:30.280+0000][29442][gc,cpu      ] GC(129) User=0.01s Sys=0.00s Real=0.00s
[2023-07-10T23:18:30.280+0000][29442][safepoint   ] Safepoint "G1CollectForAllocation", Time since last: 4464949809374 ns, Reaching safepoint: 99766 ns, At safepoint: 5958471 ns, Total: 6058237 ns
[2023-07-10T23:18:30.280+0000][29442][gc          ] GC(130) Concurrent Mark Cycle
[2023-07-10T23:18:30.280+0000][29442][gc,marking  ] GC(130) Concurrent Clear Claimed Marks
[2023-07-10T23:18:30.280+0000][29442][gc,marking  ] GC(130) Concurrent Clear Claimed Marks 0.081ms
[2023-07-10T23:18:30.280+0000][29442][gc,marking  ] GC(130) Concurrent Scan Root Regions
[2023-07-10T23:18:30.282+0000][29442][gc,marking  ] GC(130) Concurrent Scan Root Regions 1.697ms
[2023-07-10T23:18:30.282+0000][29442][gc,marking  ] GC(130) Concurrent Mark
[2023-07-10T23:18:30.282+0000][29442][gc,marking  ] GC(130) Concurrent Mark From Roots
[2023-07-10T23:18:30.282+0000][29442][gc,task     ] GC(130) Using 1 workers of 1 for marking
[2023-07-10T23:18:30.372+0000][29442][gc,marking  ] GC(130) Concurrent Mark From Roots 90.790ms
[2023-07-10T23:18:30.372+0000][29442][gc,marking  ] GC(130) Concurrent Preclean
[2023-07-10T23:18:30.373+0000][29442][gc,marking  ] GC(130) Concurrent Preclean 0.261ms
[2023-07-10T23:18:30.373+0000][29442][gc,start    ] GC(130) Pause Remark
[2023-07-10T23:18:30.376+0000][29442][gc          ] GC(130) Pause Remark 83M->83M(1024M) 3.036ms
[2023-07-10T23:18:30.376+0000][29442][gc,cpu      ] GC(130) User=0.01s Sys=0.00s Real=0.00s
[2023-07-10T23:18:30.376+0000][29442][safepoint   ] Safepoint "G1Concurrent", Time since last: 93154865 ns, Reaching safepoint: 72813 ns, At safepoint: 3095966 ns, Total: 3168779 ns
[2023-07-10T23:18:30.376+0000][29442][gc,marking  ] GC(130) Concurrent Mark 94.386ms
[2023-07-10T23:18:30.376+0000][29442][gc,marking  ] GC(130) Concurrent Rebuild Remembered Sets
[2023-07-10T23:18:30.415+0000][29442][gc,marking  ] GC(130) Concurrent Rebuild Remembered Sets 38.961ms
[2023-07-10T23:18:30.415+0000][29442][gc,start    ] GC(130) Pause Cleanup
[2023-07-10T23:18:30.415+0000][29442][gc          ] GC(130) Pause Cleanup 83M->83M(1024M) 0.227ms
[2023-07-10T23:18:30.415+0000][29442][gc,cpu      ] GC(130) User=0.00s Sys=0.00s Real=0.00s
[2023-07-10T23:18:30.415+0000][29442][safepoint   ] Safepoint "G1Concurrent", Time since last: 39105230 ns, Reaching safepoint: 25417 ns, At safepoint: 274131 ns, Total: 299548 ns
[2023-07-10T23:18:30.415+0000][29442][gc,marking  ] GC(130) Concurrent Cleanup for Next Mark
[2023-07-10T23:18:30.417+0000][29442][gc,marking  ] GC(130) Concurrent Cleanup for Next Mark 1.426ms
[2023-07-10T23:18:30.417+0000][29442][gc          ] GC(130) Concurrent Mark Cycle 137.213ms
[2023-07-11T00:32:50.286+0000][29442][gc,start    ] GC(131) Pause Young (Normal) (G1 Evacuation Pause)
[2023-07-11T00:32:50.286+0000][29442][gc,task     ] GC(131) Using 4 workers of 4 for evacuation
[2023-07-11T00:32:50.286+0000][29442][gc,age      ] GC(131) Desired survivor size 40370176 bytes, new threshold 15 (max threshold 15)
[2023-07-11T00:32:50.290+0000][29442][gc,age      ] GC(131) Age table with threshold 15 (max threshold 15)
[2023-07-11T00:32:50.290+0000][29442][gc,age      ] GC(131) - age   1:      12672 bytes,      12672 total
[2023-07-11T00:32:50.290+0000][29442][gc,age      ] GC(131) - age   5:        408 bytes,      13080 total
[2023-07-11T00:32:50.290+0000][29442][gc,age      ] GC(131) - age   7:       3528 bytes,      16608 total
[2023-07-11T00:32:50.290+0000][29442][gc,age      ] GC(131) - age  10:         88 bytes,      16696 total
[2023-07-11T00:32:50.290+0000][29442][gc,age      ] GC(131) - age  11:         32 bytes,      16728 total
[2023-07-11T00:32:50.290+0000][29442][gc,phases   ] GC(131)   Pre Evacuate Collection Set: 0.3ms
[2023-07-11T00:32:50.290+0000][29442][gc,phases   ] GC(131)   Merge Heap Roots: 0.4ms
[2023-07-11T00:32:50.290+0000][29442][gc,phases   ] GC(131)   Evacuate Collection Set: 1.5ms
[2023-07-11T00:32:50.290+0000][29442][gc,phases   ] GC(131)   Post Evacuate Collection Set: 1.6ms
[2023-07-11T00:32:50.290+0000][29442][gc,phases   ] GC(131)   Other: 0.5ms
[2023-07-11T00:32:50.290+0000][29442][gc,heap     ] GC(131) Eden regions: 613->0(613)
[2023-07-11T00:32:50.290+0000][29442][gc,heap     ] GC(131) Survivor regions: 1->1(77)
[2023-07-11T00:32:50.290+0000][29442][gc,heap     ] GC(131) Old regions: 81->81
[2023-07-11T00:32:50.290+0000][29442][gc,heap     ] GC(131) Archive regions: 2->2
[2023-07-11T00:32:50.290+0000][29442][gc,heap     ] GC(131) Humongous regions: 1->1
[2023-07-11T00:32:50.290+0000][29442][gc,metaspace] GC(131) Metaspace: 102522K(104064K)->102522K(104064K) NonClass: 89529K(90496K)->89529K(90496K) Class: 12993K(13568K)->12993K(13568K)
[2023-07-11T00:32:50.290+0000][29442][gc          ] GC(131) Pause Young (Normal) (G1 Evacuation Pause) 695M->82M(1024M) 4.616ms
[2023-07-11T00:32:50.290+0000][29442][gc,cpu      ] GC(131) User=0.01s Sys=0.01s Real=0.00s
[2023-07-11T00:32:50.290+0000][29442][safepoint   ] Safepoint "G1CollectForAllocation", Time since last: 4459870110851 ns, Reaching safepoint: 166915 ns, At safepoint: 4786948 ns, Total: 4953863 ns
[2023-07-11T01:47:12.255+0000][29442][gc,start    ] GC(132) Pause Young (Concurrent Start) (G1 Evacuation Pause)
[2023-07-11T01:47:12.255+0000][29442][gc,task     ] GC(132) Using 4 workers of 4 for evacuation
[2023-07-11T01:47:12.255+0000][29442][gc,age      ] GC(132) Desired survivor size 40370176 bytes, new threshold 15 (max threshold 15)
[2023-07-11T01:47:12.261+0000][29442][gc,age      ] GC(132) Age table with threshold 15 (max threshold 15)
[2023-07-11T01:47:12.261+0000][29442][gc,age      ] GC(132) - age   1:       4416 bytes,       4416 total
[2023-07-11T01:47:12.261+0000][29442][gc,age      ] GC(132) - age   6:        408 bytes,       4824 total
[2023-07-11T01:47:12.261+0000][29442][gc,age      ] GC(132) - age   8:       3528 bytes,       8352 total
[2023-07-11T01:47:12.261+0000][29442][gc,age      ] GC(132) - age  11:         88 bytes,       8440 total
[2023-07-11T01:47:12.261+0000][29442][gc,age      ] GC(132) - age  12:         32 bytes,       8472 total
[2023-07-11T01:47:12.261+0000][29442][gc,phases   ] GC(132)   Pre Evacuate Collection Set: 0.4ms
[2023-07-11T01:47:12.261+0000][29442][gc,phases   ] GC(132)   Merge Heap Roots: 0.4ms
[2023-07-11T01:47:12.261+0000][29442][gc,phases   ] GC(132)   Evacuate Collection Set: 2.2ms
[2023-07-11T01:47:12.261+0000][29442][gc,phases   ] GC(132)   Post Evacuate Collection Set: 2.0ms
[2023-07-11T01:47:12.261+0000][29442][gc,phases   ] GC(132)   Other: 0.6ms
[2023-07-11T01:47:12.261+0000][29442][gc,heap     ] GC(132) Eden regions: 613->0(613)
[2023-07-11T01:47:12.261+0000][29442][gc,heap     ] GC(132) Survivor regions: 1->1(77)
[2023-07-11T01:47:12.261+0000][29442][gc,heap     ] GC(132) Old regions: 81->81
[2023-07-11T01:47:12.261+0000][29442][gc,heap     ] GC(132) Archive regions: 2->2
[2023-07-11T01:47:12.261+0000][29442][gc,heap     ] GC(132) Humongous regions: 1->1
[2023-07-11T01:47:12.261+0000][29442][gc,metaspace] GC(132) Metaspace: 102522K(104064K)->102522K(104064K) NonClass: 89529K(90496K)->89529K(90496K) Class: 12993K(13568K)->12993K(13568K)
[2023-07-11T01:47:12.261+0000][29442][gc          ] GC(132) Pause Young (Concurrent Start) (G1 Evacuation Pause) 695M->82M(1024M) 5.894ms
[2023-07-11T01:47:12.261+0000][29442][gc,cpu      ] GC(132) User=0.01s Sys=0.00s Real=0.01s
[2023-07-11T01:47:12.261+0000][29442][safepoint   ] Safepoint "G1CollectForAllocation", Time since last: 4461964707872 ns, Reaching safepoint: 176078 ns, At safepoint: 6083416 ns, Total: 6259494 ns
[2023-07-11T01:47:12.261+0000][29442][gc          ] GC(133) Concurrent Mark Cycle
[2023-07-11T01:47:12.261+0000][29442][gc,marking  ] GC(133) Concurrent Clear Claimed Marks
[2023-07-11T01:47:12.262+0000][29442][gc,marking  ] GC(133) Concurrent Clear Claimed Marks 0.097ms
[2023-07-11T01:47:12.262+0000][29442][gc,marking  ] GC(133) Concurrent Scan Root Regions
[2023-07-11T01:47:12.263+0000][29442][gc,marking  ] GC(133) Concurrent Scan Root Regions 1.697ms
[2023-07-11T01:47:12.263+0000][29442][gc,marking  ] GC(133) Concurrent Mark
[2023-07-11T01:47:12.263+0000][29442][gc,marking  ] GC(133) Concurrent Mark From Roots
[2023-07-11T01:47:12.263+0000][29442][gc,task     ] GC(133) Using 1 workers of 1 for marking
[2023-07-11T01:47:12.355+0000][29442][gc,marking  ] GC(133) Concurrent Mark From Roots 91.147ms
[2023-07-11T01:47:12.355+0000][29442][gc,marking  ] GC(133) Concurrent Preclean
[2023-07-11T01:47:12.355+0000][29442][gc,marking  ] GC(133) Concurrent Preclean 0.233ms
[2023-07-11T01:47:12.355+0000][29442][gc,start    ] GC(133) Pause Remark
[2023-07-11T01:47:12.358+0000][29442][gc          ] GC(133) Pause Remark 83M->83M(1024M) 2.743ms
[2023-07-11T01:47:12.358+0000][29442][gc,cpu      ] GC(133) User=0.01s Sys=0.00s Real=0.00s
[2023-07-11T01:47:12.358+0000][29442][safepoint   ] Safepoint "G1Concurrent", Time since last: 93481326 ns, Reaching safepoint: 70482 ns, At safepoint: 2805556 ns, Total: 2876038 ns
[2023-07-11T01:47:12.358+0000][29442][gc,marking  ] GC(133) Concurrent Mark 94.376ms
[2023-07-11T01:47:12.358+0000][29442][gc,marking  ] GC(133) Concurrent Rebuild Remembered Sets
[2023-07-11T01:47:12.397+0000][29442][gc,marking  ] GC(133) Concurrent Rebuild Remembered Sets 39.511ms
[2023-07-11T01:47:12.397+0000][29442][gc,start    ] GC(133) Pause Cleanup
[2023-07-11T01:47:12.398+0000][29442][gc          ] GC(133) Pause Cleanup 83M->83M(1024M) 0.205ms
[2023-07-11T01:47:12.398+0000][29442][gc,cpu      ] GC(133) User=0.00s Sys=0.00s Real=0.00s
[2023-07-11T01:47:12.398+0000][29442][safepoint   ] Safepoint "G1Concurrent", Time since last: 39613976 ns, Reaching safepoint: 70461 ns, At safepoint: 251562 ns, Total: 322023 ns
[2023-07-11T01:47:12.398+0000][29442][gc,marking  ] GC(133) Concurrent Cleanup for Next Mark
[2023-07-11T01:47:12.399+0000][29442][gc,marking  ] GC(133) Concurrent Cleanup for Next Mark 1.364ms
[2023-07-11T01:47:12.399+0000][29442][gc          ] GC(133) Concurrent Mark Cycle 137.670ms
[2023-07-11T03:01:37.148+0000][29442][gc,start    ] GC(134) Pause Young (Normal) (G1 Evacuation Pause)
[2023-07-11T03:01:37.148+0000][29442][gc,task     ] GC(134) Using 4 workers of 4 for evacuation
[2023-07-11T03:01:37.148+0000][29442][gc,age      ] GC(134) Desired survivor size 40370176 bytes, new threshold 15 (max threshold 15)
[2023-07-11T03:01:37.153+0000][29442][gc,age      ] GC(134) Age table with threshold 15 (max threshold 15)
[2023-07-11T03:01:37.153+0000][29442][gc,age      ] GC(134) - age   1:      12640 bytes,      12640 total
[2023-07-11T03:01:37.153+0000][29442][gc,age      ] GC(134) - age   7:        408 bytes,      13048 total
[2023-07-11T03:01:37.153+0000][29442][gc,age      ] GC(134) - age   9:       3528 bytes,      16576 total
[2023-07-11T03:01:37.153+0000][29442][gc,age      ] GC(134) - age  12:         88 bytes,      16664 total
[2023-07-11T03:01:37.153+0000][29442][gc,age      ] GC(134) - age  13:         32 bytes,      16696 total
[2023-07-11T03:01:37.153+0000][29442][gc,phases   ] GC(134)   Pre Evacuate Collection Set: 0.4ms
[2023-07-11T03:01:37.153+0000][29442][gc,phases   ] GC(134)   Merge Heap Roots: 0.4ms
[2023-07-11T03:01:37.153+0000][29442][gc,phases   ] GC(134)   Evacuate Collection Set: 1.8ms
[2023-07-11T03:01:37.153+0000][29442][gc,phases   ] GC(134)   Post Evacuate Collection Set: 1.9ms
[2023-07-11T03:01:37.153+0000][29442][gc,phases   ] GC(134)   Other: 0.5ms
[2023-07-11T03:01:37.153+0000][29442][gc,heap     ] GC(134) Eden regions: 613->0(613)
[2023-07-11T03:01:37.153+0000][29442][gc,heap     ] GC(134) Survivor regions: 1->1(77)
[2023-07-11T03:01:37.153+0000][29442][gc,heap     ] GC(134) Old regions: 81->81
[2023-07-11T03:01:37.153+0000][29442][gc,heap     ] GC(134) Archive regions: 2->2
[2023-07-11T03:01:37.154+0000][29442][gc,heap     ] GC(134) Humongous regions: 1->1
[2023-07-11T03:01:37.154+0000][29442][gc,metaspace] GC(134) Metaspace: 102522K(104064K)->102522K(104064K) NonClass: 89529K(90496K)->89529K(90496K) Class: 12993K(13568K)->12993K(13568K)
[2023-07-11T03:01:37.154+0000][29442][gc          ] GC(134) Pause Young (Normal) (G1 Evacuation Pause) 695M->82M(1024M) 5.346ms
[2023-07-11T03:01:37.154+0000][29442][gc,cpu      ] GC(134) User=0.01s Sys=0.00s Real=0.01s
[2023-07-11T03:01:37.154+0000][29442][safepoint   ] Safepoint "G1CollectForAllocation", Time since last: 4464750360700 ns, Reaching safepoint: 164500 ns, At safepoint: 5514726 ns, Total: 5679226 ns
[2023-07-11T04:16:03.977+0000][29442][gc,start    ] GC(135) Pause Young (Concurrent Start) (G1 Evacuation Pause)
[2023-07-11T04:16:03.977+0000][29442][gc,task     ] GC(135) Using 4 workers of 4 for evacuation
[2023-07-11T04:16:03.977+0000][29442][gc,age      ] GC(135) Desired survivor size 40370176 bytes, new threshold 15 (max threshold 15)
[2023-07-11T04:16:03.982+0000][29442][gc,age      ] GC(135) Age table with threshold 15 (max threshold 15)
[2023-07-11T04:16:03.982+0000][29442][gc,age      ] GC(135) - age   1:       4384 bytes,       4384 total
[2023-07-11T04:16:03.982+0000][29442][gc,age      ] GC(135) - age   8:        408 bytes,       4792 total
[2023-07-11T04:16:03.983+0000][29442][gc,age      ] GC(135) - age  10:       3528 bytes,       8320 total
[2023-07-11T04:16:03.983+0000][29442][gc,age      ] GC(135) - age  13:         88 bytes,       8408 total
[2023-07-11T04:16:03.983+0000][29442][gc,age      ] GC(135) - age  14:         32 bytes,       8440 total
[2023-07-11T04:16:03.983+0000][29442][gc,phases   ] GC(135)   Pre Evacuate Collection Set: 0.5ms
[2023-07-11T04:16:03.983+0000][29442][gc,phases   ] GC(135)   Merge Heap Roots: 0.4ms
[2023-07-11T04:16:03.983+0000][29442][gc,phases   ] GC(135)   Evacuate Collection Set: 2.2ms
[2023-07-11T04:16:03.983+0000][29442][gc,phases   ] GC(135)   Post Evacuate Collection Set: 1.9ms
[2023-07-11T04:16:03.983+0000][29442][gc,phases   ] GC(135)   Other: 0.7ms
[2023-07-11T04:16:03.983+0000][29442][gc,heap     ] GC(135) Eden regions: 613->0(613)
[2023-07-11T04:16:03.983+0000][29442][gc,heap     ] GC(135) Survivor regions: 1->1(77)
[2023-07-11T04:16:03.983+0000][29442][gc,heap     ] GC(135) Old regions: 81->81
[2023-07-11T04:16:03.983+0000][29442][gc,heap     ] GC(135) Archive regions: 2->2
[2023-07-11T04:16:03.983+0000][29442][gc,heap     ] GC(135) Humongous regions: 1->1
[2023-07-11T04:16:03.983+0000][29442][gc,metaspace] GC(135) Metaspace: 102522K(104064K)->102522K(104064K) NonClass: 89529K(90496K)->89529K(90496K) Class: 12993K(13568K)->12993K(13568K)
[2023-07-11T04:16:03.983+0000][29442][gc          ] GC(135) Pause Young (Concurrent Start) (G1 Evacuation Pause) 695M->82M(1024M) 5.858ms
[2023-07-11T04:16:03.983+0000][29442][gc,cpu      ] GC(135) User=0.02s Sys=0.00s Real=0.01s
[2023-07-11T04:16:03.983+0000][29442][safepoint   ] Safepoint "G1CollectForAllocation", Time since last: 4466823166938 ns, Reaching safepoint: 141525 ns, At safepoint: 6048176 ns, Total: 6189701 ns
[2023-07-11T04:16:03.983+0000][29442][gc          ] GC(136) Concurrent Mark Cycle
[2023-07-11T04:16:03.983+0000][29442][gc,marking  ] GC(136) Concurrent Clear Claimed Marks
[2023-07-11T04:16:03.983+0000][29442][gc,marking  ] GC(136) Concurrent Clear Claimed Marks 0.100ms
[2023-07-11T04:16:03.983+0000][29442][gc,marking  ] GC(136) Concurrent Scan Root Regions
[2023-07-11T04:16:03.985+0000][29442][gc,marking  ] GC(136) Concurrent Scan Root Regions 1.689ms
[2023-07-11T04:16:03.985+0000][29442][gc,marking  ] GC(136) Concurrent Mark
[2023-07-11T04:16:03.985+0000][29442][gc,marking  ] GC(136) Concurrent Mark From Roots
[2023-07-11T04:16:03.985+0000][29442][gc,task     ] GC(136) Using 1 workers of 1 for marking
[2023-07-11T04:16:04.104+0000][29442][gc,marking  ] GC(136) Concurrent Mark From Roots 118.660ms
[2023-07-11T04:16:04.104+0000][29442][gc,marking  ] GC(136) Concurrent Preclean
[2023-07-11T04:16:04.104+0000][29442][gc,marking  ] GC(136) Concurrent Preclean 0.216ms
[2023-07-11T04:16:04.104+0000][29442][gc,start    ] GC(136) Pause Remark
[2023-07-11T04:16:04.107+0000][29442][gc          ] GC(136) Pause Remark 83M->83M(1024M) 2.865ms
[2023-07-11T04:16:04.107+0000][29442][gc,cpu      ] GC(136) User=0.01s Sys=0.00s Real=0.00s
[2023-07-11T04:16:04.107+0000][29442][safepoint   ] Safepoint "G1Concurrent", Time since last: 121002989 ns, Reaching safepoint: 29129 ns, At safepoint: 2951124 ns, Total: 2980253 ns
[2023-07-11T04:16:04.107+0000][29442][gc,marking  ] GC(136) Concurrent Mark 121.988ms
[2023-07-11T04:16:04.107+0000][29442][gc,marking  ] GC(136) Concurrent Rebuild Remembered Sets
[2023-07-11T04:16:04.146+0000][29442][gc,marking  ] GC(136) Concurrent Rebuild Remembered Sets 39.011ms
[2023-07-11T04:16:04.146+0000][29442][gc,start    ] GC(136) Pause Cleanup
[2023-07-11T04:16:04.146+0000][29442][gc          ] GC(136) Pause Cleanup 83M->83M(1024M) 0.147ms
[2023-07-11T04:16:04.146+0000][29442][gc,cpu      ] GC(136) User=0.00s Sys=0.00s Real=0.00s
[2023-07-11T04:16:04.146+0000][29442][safepoint   ] Safepoint "G1Concurrent", Time since last: 39134865 ns, Reaching safepoint: 105122 ns, At safepoint: 200293 ns, Total: 305415 ns
[2023-07-11T04:16:04.147+0000][29442][gc,marking  ] GC(136) Concurrent Cleanup for Next Mark
[2023-07-11T04:16:04.148+0000][29442][gc,marking  ] GC(136) Concurrent Cleanup for Next Mark 1.361ms
[2023-07-11T04:16:04.148+0000][29442][gc          ] GC(136) Concurrent Mark Cycle 164.842ms
[2023-07-11T05:30:29.839+0000][29442][gc,start    ] GC(137) Pause Young (Normal) (G1 Evacuation Pause)
[2023-07-11T05:30:29.839+0000][29442][gc,task     ] GC(137) Using 4 workers of 4 for evacuation
[2023-07-11T05:30:29.839+0000][29442][gc,age      ] GC(137) Desired survivor size 40370176 bytes, new threshold 15 (max threshold 15)
[2023-07-11T05:30:29.843+0000][29442][gc,age      ] GC(137) Age table with threshold 15 (max threshold 15)
[2023-07-11T05:30:29.843+0000][29442][gc,age      ] GC(137) - age   1:      12640 bytes,      12640 total
[2023-07-11T05:30:29.843+0000][29442][gc,age      ] GC(137) - age   9:        408 bytes,      13048 total
[2023-07-11T05:30:29.843+0000][29442][gc,age      ] GC(137) - age  11:       3528 bytes,      16576 total
[2023-07-11T05:30:29.843+0000][29442][gc,age      ] GC(137) - age  14:         88 bytes,      16664 total
[2023-07-11T05:30:29.843+0000][29442][gc,age      ] GC(137) - age  15:         32 bytes,      16696 total
[2023-07-11T05:30:29.843+0000][29442][gc,phases   ] GC(137)   Pre Evacuate Collection Set: 0.4ms
[2023-07-11T05:30:29.843+0000][29442][gc,phases   ] GC(137)   Merge Heap Roots: 0.4ms
[2023-07-11T05:30:29.843+0000][29442][gc,phases   ] GC(137)   Evacuate Collection Set: 1.9ms
[2023-07-11T05:30:29.844+0000][29442][gc,phases   ] GC(137)   Post Evacuate Collection Set: 1.6ms
[2023-07-11T05:30:29.844+0000][29442][gc,phases   ] GC(137)   Other: 0.5ms
[2023-07-11T05:30:29.844+0000][29442][gc,heap     ] GC(137) Eden regions: 613->0(613)
[2023-07-11T05:30:29.844+0000][29442][gc,heap     ] GC(137) Survivor regions: 1->1(77)
[2023-07-11T05:30:29.844+0000][29442][gc,heap     ] GC(137) Old regions: 81->81
[2023-07-11T05:30:29.844+0000][29442][gc,heap     ] GC(137) Archive regions: 2->2
[2023-07-11T05:30:29.844+0000][29442][gc,heap     ] GC(137) Humongous regions: 1->1
[2023-07-11T05:30:29.844+0000][29442][gc,metaspace] GC(137) Metaspace: 102522K(104064K)->102522K(104064K) NonClass: 89529K(90496K)->89529K(90496K) Class: 12993K(13568K)->12993K(13568K)
[2023-07-11T05:30:29.844+0000][29442][gc          ] GC(137) Pause Young (Normal) (G1 Evacuation Pause) 695M->82M(1024M) 4.932ms
[2023-07-11T05:30:29.844+0000][29442][gc,cpu      ] GC(137) User=0.01s Sys=0.00s Real=0.01s
[2023-07-11T05:30:29.844+0000][29442][safepoint   ] Safepoint "G1CollectForAllocation", Time since last: 4465692131939 ns, Reaching safepoint: 153737 ns, At safepoint: 5106837 ns, Total: 5260574 ns
[2023-07-11T06:44:52.722+0000][29442][gc,start    ] GC(138) Pause Young (Concurrent Start) (G1 Evacuation Pause)
[2023-07-11T06:44:52.722+0000][29442][gc,task     ] GC(138) Using 4 workers of 4 for evacuation
[2023-07-11T06:44:52.722+0000][29442][gc,age      ] GC(138) Desired survivor size 40370176 bytes, new threshold 15 (max threshold 15)
[2023-07-11T06:44:52.727+0000][29442][gc,age      ] GC(138) Age table with threshold 15 (max threshold 15)
[2023-07-11T06:44:52.727+0000][29442][gc,age      ] GC(138) - age   1:       4944 bytes,       4944 total
[2023-07-11T06:44:52.727+0000][29442][gc,age      ] GC(138) - age  10:        408 bytes,       5352 total
[2023-07-11T06:44:52.727+0000][29442][gc,age      ] GC(138) - age  12:       3528 bytes,       8880 total
[2023-07-11T06:44:52.727+0000][29442][gc,age      ] GC(138) - age  15:         88 bytes,       8968 total
[2023-07-11T06:44:52.727+0000][29442][gc,phases   ] GC(138)   Pre Evacuate Collection Set: 0.5ms
[2023-07-11T06:44:52.727+0000][29442][gc,phases   ] GC(138)   Merge Heap Roots: 0.4ms
[2023-07-11T06:44:52.727+0000][29442][gc,phases   ] GC(138)   Evacuate Collection Set: 2.3ms
[2023-07-11T06:44:52.727+0000][29442][gc,phases   ] GC(138)   Post Evacuate Collection Set: 1.7ms
[2023-07-11T06:44:52.727+0000][29442][gc,phases   ] GC(138)   Other: 0.6ms
[2023-07-11T06:44:52.727+0000][29442][gc,heap     ] GC(138) Eden regions: 613->0(613)
[2023-07-11T06:44:52.727+0000][29442][gc,heap     ] GC(138) Survivor regions: 1->1(77)
[2023-07-11T06:44:52.727+0000][29442][gc,heap     ] GC(138) Old regions: 81->81
[2023-07-11T06:44:52.727+0000][29442][gc,heap     ] GC(138) Archive regions: 2->2
[2023-07-11T06:44:52.727+0000][29442][gc,heap     ] GC(138) Humongous regions: 1->1
[2023-07-11T06:44:52.727+0000][29442][gc,metaspace] GC(138) Metaspace: 102522K(104064K)->102522K(104064K) NonClass: 89529K(90496K)->89529K(90496K) Class: 12993K(13568K)->12993K(13568K)
[2023-07-11T06:44:52.727+0000][29442][gc          ] GC(138) Pause Young (Concurrent Start) (G1 Evacuation Pause) 695M->82M(1024M) 5.695ms
[2023-07-11T06:44:52.727+0000][29442][gc,cpu      ] GC(138) User=0.01s Sys=0.00s Real=0.00s
[2023-07-11T06:44:52.728+0000][29442][safepoint   ] Safepoint "G1CollectForAllocation", Time since last: 4462877721355 ns, Reaching safepoint: 94444 ns, At safepoint: 5879491 ns, Total: 5973935 ns
[2023-07-11T06:44:52.728+0000][29442][gc          ] GC(139) Concurrent Mark Cycle
[2023-07-11T06:44:52.728+0000][29442][gc,marking  ] GC(139) Concurrent Clear Claimed Marks
[2023-07-11T06:44:52.728+0000][29442][gc,marking  ] GC(139) Concurrent Clear Claimed Marks 0.077ms
[2023-07-11T06:44:52.728+0000][29442][gc,marking  ] GC(139) Concurrent Scan Root Regions
[2023-07-11T06:44:52.729+0000][29442][gc,marking  ] GC(139) Concurrent Scan Root Regions 1.697ms
[2023-07-11T06:44:52.730+0000][29442][gc,marking  ] GC(139) Concurrent Mark
[2023-07-11T06:44:52.730+0000][29442][gc,marking  ] GC(139) Concurrent Mark From Roots
[2023-07-11T06:44:52.730+0000][29442][gc,task     ] GC(139) Using 1 workers of 1 for marking
[2023-07-11T06:44:52.821+0000][29442][gc,marking  ] GC(139) Concurrent Mark From Roots 91.461ms
[2023-07-11T06:44:52.821+0000][29442][gc,marking  ] GC(139) Concurrent Preclean
[2023-07-11T06:44:52.821+0000][29442][gc,marking  ] GC(139) Concurrent Preclean 0.238ms
[2023-07-11T06:44:52.821+0000][29442][gc,start    ] GC(139) Pause Remark
[2023-07-11T06:44:52.824+0000][29442][gc          ] GC(139) Pause Remark 83M->83M(1024M) 2.775ms
[2023-07-11T06:44:52.824+0000][29442][gc,cpu      ] GC(139) User=0.01s Sys=0.00s Real=0.00s
[2023-07-11T06:44:52.824+0000][29442][safepoint   ] Safepoint "G1Concurrent", Time since last: 93774610 ns, Reaching safepoint: 121777 ns, At safepoint: 2835014 ns, Total: 2956791 ns
[2023-07-11T06:44:52.824+0000][29442][gc,marking  ] GC(139) Concurrent Mark 94.795ms
[2023-07-11T06:44:52.824+0000][29442][gc,marking  ] GC(139) Concurrent Rebuild Remembered Sets
[2023-07-11T06:44:52.864+0000][29442][gc,marking  ] GC(139) Concurrent Rebuild Remembered Sets 39.844ms
[2023-07-11T06:44:52.864+0000][29442][gc,start    ] GC(139) Pause Cleanup
[2023-07-11T06:44:52.865+0000][29442][gc          ] GC(139) Pause Cleanup 83M->83M(1024M) 0.243ms
[2023-07-11T06:44:52.865+0000][29442][gc,cpu      ] GC(139) User=0.00s Sys=0.00s Real=0.00s
[2023-07-11T06:44:52.865+0000][29442][safepoint   ] Safepoint "G1Concurrent", Time since last: 40003601 ns, Reaching safepoint: 88060 ns, At safepoint: 278517 ns, Total: 366577 ns
[2023-07-11T06:44:52.865+0000][29442][gc,marking  ] GC(139) Concurrent Cleanup for Next Mark
[2023-07-11T06:44:52.866+0000][29442][gc,marking  ] GC(139) Concurrent Cleanup for Next Mark 1.393ms
[2023-07-11T06:44:52.866+0000][29442][gc          ] GC(139) Concurrent Mark Cycle 138.518ms
[2023-07-11T07:59:15.667+0000][29442][gc,start    ] GC(140) Pause Young (Normal) (G1 Evacuation Pause)
[2023-07-11T07:59:15.667+0000][29442][gc,task     ] GC(140) Using 4 workers of 4 for evacuation
[2023-07-11T07:59:15.667+0000][29442][gc,age      ] GC(140) Desired survivor size 40370176 bytes, new threshold 15 (max threshold 15)
[2023-07-11T07:59:15.671+0000][29442][gc,age      ] GC(140) Age table with threshold 15 (max threshold 15)
[2023-07-11T07:59:15.671+0000][29442][gc,age      ] GC(140) - age   1:       4944 bytes,       4944 total
[2023-07-11T07:59:15.671+0000][29442][gc,age      ] GC(140) - age  11:        408 bytes,       5352 total
[2023-07-11T07:59:15.671+0000][29442][gc,age      ] GC(140) - age  13:       3528 bytes,       8880 total
[2023-07-11T07:59:15.671+0000][29442][gc,phases   ] GC(140)   Pre Evacuate Collection Set: 0.4ms
[2023-07-11T07:59:15.671+0000][29442][gc,phases   ] GC(140)   Merge Heap Roots: 0.4ms
[2023-07-11T07:59:15.671+0000][29442][gc,phases   ] GC(140)   Evacuate Collection Set: 1.7ms
[2023-07-11T07:59:15.671+0000][29442][gc,phases   ] GC(140)   Post Evacuate Collection Set: 1.7ms
[2023-07-11T07:59:15.671+0000][29442][gc,phases   ] GC(140)   Other: 0.5ms
[2023-07-11T07:59:15.671+0000][29442][gc,heap     ] GC(140) Eden regions: 613->0(613)
[2023-07-11T07:59:15.671+0000][29442][gc,heap     ] GC(140) Survivor regions: 1->1(77)
[2023-07-11T07:59:15.671+0000][29442][gc,heap     ] GC(140) Old regions: 81->81
[2023-07-11T07:59:15.671+0000][29442][gc,heap     ] GC(140) Archive regions: 2->2
[2023-07-11T07:59:15.671+0000][29442][gc,heap     ] GC(140) Humongous regions: 1->1
[2023-07-11T07:59:15.672+0000][29442][gc,metaspace] GC(140) Metaspace: 102522K(104064K)->102522K(104064K) NonClass: 89529K(90496K)->89529K(90496K) Class: 12993K(13568K)->12993K(13568K)
[2023-07-11T07:59:15.672+0000][29442][gc          ] GC(140) Pause Young (Normal) (G1 Evacuation Pause) 695M->82M(1024M) 5.008ms
[2023-07-11T07:59:15.672+0000][29442][gc,cpu      ] GC(140) User=0.01s Sys=0.00s Real=0.01s
[2023-07-11T07:59:15.672+0000][29442][safepoint   ] Safepoint "G1CollectForAllocation", Time since last: 4462801703536 ns, Reaching safepoint: 136306 ns, At safepoint: 5172266 ns, Total: 5308572 ns
[2023-07-11T09:13:44.553+0000][29442][gc,start    ] GC(141) Pause Young (Concurrent Start) (G1 Evacuation Pause)
[2023-07-11T09:13:44.553+0000][29442][gc,task     ] GC(141) Using 4 workers of 4 for evacuation
[2023-07-11T09:13:44.553+0000][29442][gc,age      ] GC(141) Desired survivor size 40370176 bytes, new threshold 15 (max threshold 15)
[2023-07-11T09:13:44.558+0000][29442][gc,age      ] GC(141) Age table with threshold 15 (max threshold 15)
[2023-07-11T09:13:44.558+0000][29442][gc,age      ] GC(141) - age   1:      12672 bytes,      12672 total
[2023-07-11T09:13:44.558+0000][29442][gc,age      ] GC(141) - age  12:        408 bytes,      13080 total
[2023-07-11T09:13:44.558+0000][29442][gc,age      ] GC(141) - age  14:       3528 bytes,      16608 total
[2023-07-11T09:13:44.558+0000][29442][gc,phases   ] GC(141)   Pre Evacuate Collection Set: 0.5ms
[2023-07-11T09:13:44.558+0000][29442][gc,phases   ] GC(141)   Merge Heap Roots: 0.3ms
[2023-07-11T09:13:44.558+0000][29442][gc,phases   ] GC(141)   Evacuate Collection Set: 2.2ms
[2023-07-11T09:13:44.558+0000][29442][gc,phases   ] GC(141)   Post Evacuate Collection Set: 1.8ms
[2023-07-11T09:13:44.558+0000][29442][gc,phases   ] GC(141)   Other: 0.6ms
[2023-07-11T09:13:44.558+0000][29442][gc,heap     ] GC(141) Eden regions: 613->0(613)
[2023-07-11T09:13:44.558+0000][29442][gc,heap     ] GC(141) Survivor regions: 1->1(77)
[2023-07-11T09:13:44.558+0000][29442][gc,heap     ] GC(141) Old regions: 81->81
[2023-07-11T09:13:44.558+0000][29442][gc,heap     ] GC(141) Archive regions: 2->2
[2023-07-11T09:13:44.558+0000][29442][gc,heap     ] GC(141) Humongous regions: 1->1
[2023-07-11T09:13:44.558+0000][29442][gc,metaspace] GC(141) Metaspace: 102522K(104064K)->102522K(104064K) NonClass: 89529K(90496K)->89529K(90496K) Class: 12993K(13568K)->12993K(13568K)
[2023-07-11T09:13:44.558+0000][29442][gc          ] GC(141) Pause Young (Concurrent Start) (G1 Evacuation Pause) 695M->82M(1024M) 5.683ms
[2023-07-11T09:13:44.558+0000][29442][gc,cpu      ] GC(141) User=0.01s Sys=0.01s Real=0.00s
[2023-07-11T09:13:44.559+0000][29442][safepoint   ] Safepoint "G1CollectForAllocation", Time since last: 4468880936770 ns, Reaching safepoint: 86227 ns, At safepoint: 5872143 ns, Total: 5958370 ns
[2023-07-11T09:13:44.559+0000][29442][gc          ] GC(142) Concurrent Mark Cycle
[2023-07-11T09:13:44.559+0000][29442][gc,marking  ] GC(142) Concurrent Clear Claimed Marks
[2023-07-11T09:13:44.559+0000][29442][gc,marking  ] GC(142) Concurrent Clear Claimed Marks 0.098ms
[2023-07-11T09:13:44.559+0000][29442][gc,marking  ] GC(142) Concurrent Scan Root Regions
[2023-07-11T09:13:44.561+0000][29442][gc,marking  ] GC(142) Concurrent Scan Root Regions 1.725ms
[2023-07-11T09:13:44.561+0000][29442][gc,marking  ] GC(142) Concurrent Mark
[2023-07-11T09:13:44.561+0000][29442][gc,marking  ] GC(142) Concurrent Mark From Roots
[2023-07-11T09:13:44.561+0000][29442][gc,task     ] GC(142) Using 1 workers of 1 for marking
[2023-07-11T09:13:44.652+0000][29442][gc,marking  ] GC(142) Concurrent Mark From Roots 91.324ms
[2023-07-11T09:13:44.652+0000][29442][gc,marking  ] GC(142) Concurrent Preclean
[2023-07-11T09:13:44.652+0000][29442][gc,marking  ] GC(142) Concurrent Preclean 0.246ms
[2023-07-11T09:13:44.652+0000][29442][gc,start    ] GC(142) Pause Remark
[2023-07-11T09:13:44.655+0000][29442][gc          ] GC(142) Pause Remark 83M->83M(1024M) 2.844ms
[2023-07-11T09:13:44.655+0000][29442][gc,cpu      ] GC(142) User=0.01s Sys=0.00s Real=0.00s
[2023-07-11T09:13:44.655+0000][29442][safepoint   ] Safepoint "G1Concurrent", Time since last: 93760728 ns, Reaching safepoint: 137782 ns, At safepoint: 2931540 ns, Total: 3069322 ns
[2023-07-11T09:13:44.655+0000][29442][gc,marking  ] GC(142) Concurrent Mark 94.843ms
[2023-07-11T09:13:44.655+0000][29442][gc,marking  ] GC(142) Concurrent Rebuild Remembered Sets
[2023-07-11T09:13:44.694+0000][29442][gc,marking  ] GC(142) Concurrent Rebuild Remembered Sets 38.801ms
[2023-07-11T09:13:44.694+0000][29442][gc,start    ] GC(142) Pause Cleanup
[2023-07-11T09:13:44.695+0000][29442][gc          ] GC(142) Pause Cleanup 83M->83M(1024M) 0.209ms
[2023-07-11T09:13:44.695+0000][29442][gc,cpu      ] GC(142) User=0.00s Sys=0.00s Real=0.00s
[2023-07-11T09:13:44.695+0000][29442][safepoint   ] Safepoint "G1Concurrent", Time since last: 38937171 ns, Reaching safepoint: 70110 ns, At safepoint: 244587 ns, Total: 314697 ns
[2023-07-11T09:13:44.695+0000][29442][gc,marking  ] GC(142) Concurrent Cleanup for Next Mark
[2023-07-11T09:13:44.696+0000][29442][gc,marking  ] GC(142) Concurrent Cleanup for Next Mark 1.380ms
[2023-07-11T09:13:44.696+0000][29442][gc          ] GC(142) Concurrent Mark Cycle 137.568ms
[2023-07-11T09:39:24.977+0000][29442][safepoint   ] Safepoint "Cleanup", Time since last: 1540282030630 ns, Reaching safepoint: 164965 ns, At safepoint: 23228 ns, Total: 188193 ns
[2023-07-11T10:28:08.310+0000][29442][gc,start    ] GC(143) Pause Young (Normal) (G1 Evacuation Pause)
[2023-07-11T10:28:08.310+0000][29442][gc,task     ] GC(143) Using 4 workers of 4 for evacuation
[2023-07-11T10:28:08.310+0000][29442][gc,age      ] GC(143) Desired survivor size 40370176 bytes, new threshold 15 (max threshold 15)
[2023-07-11T10:28:08.314+0000][29442][gc,age      ] GC(143) Age table with threshold 15 (max threshold 15)
[2023-07-11T10:28:08.314+0000][29442][gc,age      ] GC(143) - age   1:       4384 bytes,       4384 total
[2023-07-11T10:28:08.314+0000][29442][gc,age      ] GC(143) - age   2:         32 bytes,       4416 total
[2023-07-11T10:28:08.314+0000][29442][gc,age      ] GC(143) - age  13:        408 bytes,       4824 total
[2023-07-11T10:28:08.314+0000][29442][gc,age      ] GC(143) - age  15:       3528 bytes,       8352 total
[2023-07-11T10:28:08.314+0000][29442][gc,phases   ] GC(143)   Pre Evacuate Collection Set: 0.3ms
[2023-07-11T10:28:08.314+0000][29442][gc,phases   ] GC(143)   Merge Heap Roots: 0.4ms
[2023-07-11T10:28:08.314+0000][29442][gc,phases   ] GC(143)   Evacuate Collection Set: 1.7ms
[2023-07-11T10:28:08.314+0000][29442][gc,phases   ] GC(143)   Post Evacuate Collection Set: 1.5ms
[2023-07-11T10:28:08.314+0000][29442][gc,phases   ] GC(143)   Other: 0.5ms
[2023-07-11T10:28:08.314+0000][29442][gc,heap     ] GC(143) Eden regions: 613->0(613)
[2023-07-11T10:28:08.314+0000][29442][gc,heap     ] GC(143) Survivor regions: 1->1(77)
[2023-07-11T10:28:08.314+0000][29442][gc,heap     ] GC(143) Old regions: 81->81
[2023-07-11T10:28:08.314+0000][29442][gc,heap     ] GC(143) Archive regions: 2->2
[2023-07-11T10:28:08.314+0000][29442][gc,heap     ] GC(143) Humongous regions: 1->1
[2023-07-11T10:28:08.314+0000][29442][gc,metaspace] GC(143) Metaspace: 102522K(104064K)->102522K(104064K) NonClass: 89529K(90496K)->89529K(90496K) Class: 12993K(13568K)->12993K(13568K)
[2023-07-11T10:28:08.314+0000][29442][gc          ] GC(143) Pause Young (Normal) (G1 Evacuation Pause) 695M->82M(1024M) 4.578ms
[2023-07-11T10:28:08.314+0000][29442][gc,cpu      ] GC(143) User=0.01s Sys=0.00s Real=0.01s
[2023-07-11T10:28:08.314+0000][29442][safepoint   ] Safepoint "G1CollectForAllocation", Time since last: 2923332676031 ns, Reaching safepoint: 100259 ns, At safepoint: 4750093 ns, Total: 4850352 ns
[2023-07-11T11:42:29.097+0000][29442][gc,start    ] GC(144) Pause Young (Concurrent Start) (G1 Evacuation Pause)
[2023-07-11T11:42:29.097+0000][29442][gc,task     ] GC(144) Using 4 workers of 4 for evacuation
[2023-07-11T11:42:29.097+0000][29442][gc,age      ] GC(144) Desired survivor size 40370176 bytes, new threshold 15 (max threshold 15)
[2023-07-11T11:42:29.102+0000][29442][gc,age      ] GC(144) Age table with threshold 15 (max threshold 15)
[2023-07-11T11:42:29.102+0000][29442][gc,age      ] GC(144) - age   1:       4872 bytes,       4872 total
[2023-07-11T11:42:29.102+0000][29442][gc,age      ] GC(144) - age   3:         32 bytes,       4904 total
[2023-07-11T11:42:29.102+0000][29442][gc,age      ] GC(144) - age  14:        408 bytes,       5312 total
[2023-07-11T11:42:29.102+0000][29442][gc,phases   ] GC(144)   Pre Evacuate Collection Set: 0.5ms
[2023-07-11T11:42:29.102+0000][29442][gc,phases   ] GC(144)   Merge Heap Roots: 0.4ms
[2023-07-11T11:42:29.102+0000][29442][gc,phases   ] GC(144)   Evacuate Collection Set: 2.2ms
[2023-07-11T11:42:29.102+0000][29442][gc,phases   ] GC(144)   Post Evacuate Collection Set: 1.5ms
[2023-07-11T11:42:29.102+0000][29442][gc,phases   ] GC(144)   Other: 0.6ms
[2023-07-11T11:42:29.102+0000][29442][gc,heap     ] GC(144) Eden regions: 613->0(613)
[2023-07-11T11:42:29.102+0000][29442][gc,heap     ] GC(144) Survivor regions: 1->1(77)
[2023-07-11T11:42:29.102+0000][29442][gc,heap     ] GC(144) Old regions: 81->81
[2023-07-11T11:42:29.102+0000][29442][gc,heap     ] GC(144) Archive regions: 2->2
[2023-07-11T11:42:29.102+0000][29442][gc,heap     ] GC(144) Humongous regions: 1->1
[2023-07-11T11:42:29.102+0000][29442][gc,metaspace] GC(144) Metaspace: 102522K(104064K)->102522K(104064K) NonClass: 89529K(90496K)->89529K(90496K) Class: 12993K(13568K)->12993K(13568K)
[2023-07-11T11:42:29.102+0000][29442][gc          ] GC(144) Pause Young (Concurrent Start) (G1 Evacuation Pause) 695M->82M(1024M) 5.512ms
[2023-07-11T11:42:29.102+0000][29442][gc,cpu      ] GC(144) User=0.01s Sys=0.00s Real=0.01s
[2023-07-11T11:42:29.102+0000][29442][safepoint   ] Safepoint "G1CollectForAllocation", Time since last: 4460782063003 ns, Reaching safepoint: 155790 ns, At safepoint: 5705838 ns, Total: 5861628 ns
[2023-07-11T11:42:29.102+0000][29442][gc          ] GC(145) Concurrent Mark Cycle
[2023-07-11T11:42:29.102+0000][29442][gc,marking  ] GC(145) Concurrent Clear Claimed Marks
[2023-07-11T11:42:29.103+0000][29442][gc,marking  ] GC(145) Concurrent Clear Claimed Marks 0.077ms
[2023-07-11T11:42:29.103+0000][29442][gc,marking  ] GC(145) Concurrent Scan Root Regions
[2023-07-11T11:42:29.104+0000][29442][gc,marking  ] GC(145) Concurrent Scan Root Regions 1.685ms
[2023-07-11T11:42:29.104+0000][29442][gc,marking  ] GC(145) Concurrent Mark
[2023-07-11T11:42:29.104+0000][29442][gc,marking  ] GC(145) Concurrent Mark From Roots
[2023-07-11T11:42:29.104+0000][29442][gc,task     ] GC(145) Using 1 workers of 1 for marking
[2023-07-11T11:42:29.196+0000][29442][gc,marking  ] GC(145) Concurrent Mark From Roots 91.232ms
[2023-07-11T11:42:29.196+0000][29442][gc,marking  ] GC(145) Concurrent Preclean
[2023-07-11T11:42:29.196+0000][29442][gc,marking  ] GC(145) Concurrent Preclean 0.217ms
[2023-07-11T11:42:29.196+0000][29442][gc,start    ] GC(145) Pause Remark
[2023-07-11T11:42:29.199+0000][29442][gc          ] GC(145) Pause Remark 82M->82M(1024M) 3.172ms
[2023-07-11T11:42:29.199+0000][29442][gc,cpu      ] GC(145) User=0.01s Sys=0.00s Real=0.00s
[2023-07-11T11:42:29.199+0000][29442][safepoint   ] Safepoint "G1Concurrent", Time since last: 93539157 ns, Reaching safepoint: 74024 ns, At safepoint: 3221661 ns, Total: 3295685 ns
[2023-07-11T11:42:29.199+0000][29442][gc,marking  ] GC(145) Concurrent Mark 94.906ms
[2023-07-11T11:42:29.199+0000][29442][gc,marking  ] GC(145) Concurrent Rebuild Remembered Sets
[2023-07-11T11:42:29.239+0000][29442][gc,marking  ] GC(145) Concurrent Rebuild Remembered Sets 39.610ms
[2023-07-11T11:42:29.239+0000][29442][gc,start    ] GC(145) Pause Cleanup
[2023-07-11T11:42:29.239+0000][29442][gc          ] GC(145) Pause Cleanup 82M->82M(1024M) 0.168ms
[2023-07-11T11:42:29.239+0000][29442][gc,cpu      ] GC(145) User=0.00s Sys=0.00s Real=0.00s
[2023-07-11T11:42:29.239+0000][29442][safepoint   ] Safepoint "G1Concurrent", Time since last: 39714236 ns, Reaching safepoint: 30636 ns, At safepoint: 232452 ns, Total: 263088 ns
[2023-07-11T11:42:29.239+0000][29442][gc,marking  ] GC(145) Concurrent Cleanup for Next Mark
[2023-07-11T11:42:29.241+0000][29442][gc,marking  ] GC(145) Concurrent Cleanup for Next Mark 1.400ms
[2023-07-11T11:42:29.241+0000][29442][gc          ] GC(145) Concurrent Mark Cycle 138.253ms
[2023-07-11T12:56:54.850+0000][29442][gc,start    ] GC(146) Pause Young (Normal) (G1 Evacuation Pause)
[2023-07-11T12:56:54.850+0000][29442][gc,task     ] GC(146) Using 4 workers of 4 for evacuation
[2023-07-11T12:56:54.850+0000][29442][gc,age      ] GC(146) Desired survivor size 40370176 bytes, new threshold 15 (max threshold 15)
[2023-07-11T12:56:54.852+0000][29442][gc,age      ] GC(146) Age table with threshold 15 (max threshold 15)
[2023-07-11T12:56:54.852+0000][29442][gc,age      ] GC(146) - age   1:      12672 bytes,      12672 total
[2023-07-11T12:56:54.852+0000][29442][gc,age      ] GC(146) - age   4:         32 bytes,      12704 total
[2023-07-11T12:56:54.852+0000][29442][gc,age      ] GC(146) - age  15:        408 bytes,      13112 total
[2023-07-11T12:56:54.852+0000][29442][gc,phases   ] GC(146)   Pre Evacuate Collection Set: 0.2ms
[2023-07-11T12:56:54.852+0000][29442][gc,phases   ] GC(146)   Merge Heap Roots: 0.2ms
[2023-07-11T12:56:54.852+0000][29442][gc,phases   ] GC(146)   Evacuate Collection Set: 0.7ms
[2023-07-11T12:56:54.852+0000][29442][gc,phases   ] GC(146)   Post Evacuate Collection Set: 0.9ms
[2023-07-11T12:56:54.852+0000][29442][gc,phases   ] GC(146)   Other: 0.1ms
[2023-07-11T12:56:54.852+0000][29442][gc,heap     ] GC(146) Eden regions: 613->0(613)
[2023-07-11T12:56:54.852+0000][29442][gc,heap     ] GC(146) Survivor regions: 1->1(77)
[2023-07-11T12:56:54.852+0000][29442][gc,heap     ] GC(146) Old regions: 81->81
[2023-07-11T12:56:54.852+0000][29442][gc,heap     ] GC(146) Archive regions: 2->2
[2023-07-11T12:56:54.852+0000][29442][gc,heap     ] GC(146) Humongous regions: 1->1
[2023-07-11T12:56:54.852+0000][29442][gc,metaspace] GC(146) Metaspace: 102522K(104064K)->102522K(104064K) NonClass: 89529K(90496K)->89529K(90496K) Class: 12993K(13568K)->12993K(13568K)
[2023-07-11T12:56:54.852+0000][29442][gc          ] GC(146) Pause Young (Normal) (G1 Evacuation Pause) 695M->82M(1024M) 2.157ms
[2023-07-11T12:56:54.852+0000][29442][gc,cpu      ] GC(146) User=0.01s Sys=0.00s Real=0.01s
[2023-07-11T12:56:54.852+0000][29442][safepoint   ] Safepoint "G1CollectForAllocation", Time since last: 4465610540149 ns, Reaching safepoint: 40341 ns, At safepoint: 2214146 ns, Total: 2254487 ns
[2023-07-11T14:11:14.598+0000][29442][gc,start    ] GC(147) Pause Young (Concurrent Start) (G1 Evacuation Pause)
[2023-07-11T14:11:14.598+0000][29442][gc,task     ] GC(147) Using 4 workers of 4 for evacuation
[2023-07-11T14:11:14.598+0000][29442][gc,age      ] GC(147) Desired survivor size 40370176 bytes, new threshold 15 (max threshold 15)
[2023-07-11T14:11:14.603+0000][29442][gc,age      ] GC(147) Age table with threshold 15 (max threshold 15)
[2023-07-11T14:11:14.603+0000][29442][gc,age      ] GC(147) - age   1:      12640 bytes,      12640 total
[2023-07-11T14:11:14.603+0000][29442][gc,age      ] GC(147) - age   5:         32 bytes,      12672 total
[2023-07-11T14:11:14.603+0000][29442][gc,phases   ] GC(147)   Pre Evacuate Collection Set: 0.5ms
[2023-07-11T14:11:14.603+0000][29442][gc,phases   ] GC(147)   Merge Heap Roots: 0.4ms
[2023-07-11T14:11:14.603+0000][29442][gc,phases   ] GC(147)   Evacuate Collection Set: 2.2ms
[2023-07-11T14:11:14.603+0000][29442][gc,phases   ] GC(147)   Post Evacuate Collection Set: 1.7ms
[2023-07-11T14:11:14.603+0000][29442][gc,phases   ] GC(147)   Other: 0.6ms
[2023-07-11T14:11:14.603+0000][29442][gc,heap     ] GC(147) Eden regions: 613->0(613)
[2023-07-11T14:11:14.603+0000][29442][gc,heap     ] GC(147) Survivor regions: 1->1(77)
[2023-07-11T14:11:14.603+0000][29442][gc,heap     ] GC(147) Old regions: 81->81
[2023-07-11T14:11:14.603+0000][29442][gc,heap     ] GC(147) Archive regions: 2->2
[2023-07-11T14:11:14.603+0000][29442][gc,heap     ] GC(147) Humongous regions: 1->1
[2023-07-11T14:11:14.603+0000][29442][gc,metaspace] GC(147) Metaspace: 102522K(104064K)->102522K(104064K) NonClass: 89529K(90496K)->89529K(90496K) Class: 12993K(13568K)->12993K(13568K)
[2023-07-11T14:11:14.604+0000][29442][gc          ] GC(147) Pause Young (Concurrent Start) (G1 Evacuation Pause) 695M->82M(1024M) 5.654ms
[2023-07-11T14:11:14.604+0000][29442][gc,cpu      ] GC(147) User=0.01s Sys=0.00s Real=0.01s
[2023-07-11T14:11:14.604+0000][29442][safepoint   ] Safepoint "G1CollectForAllocation", Time since last: 4459745733557 ns, Reaching safepoint: 129777 ns, At safepoint: 5838724 ns, Total: 5968501 ns
[2023-07-11T14:11:14.604+0000][29442][gc          ] GC(148) Concurrent Mark Cycle
[2023-07-11T14:11:14.604+0000][29442][gc,marking  ] GC(148) Concurrent Clear Claimed Marks
[2023-07-11T14:11:14.604+0000][29442][gc,marking  ] GC(148) Concurrent Clear Claimed Marks 0.073ms
[2023-07-11T14:11:14.604+0000][29442][gc,marking  ] GC(148) Concurrent Scan Root Regions
[2023-07-11T14:11:14.606+0000][29442][gc,marking  ] GC(148) Concurrent Scan Root Regions 1.704ms
[2023-07-11T14:11:14.606+0000][29442][gc,marking  ] GC(148) Concurrent Mark
[2023-07-11T14:11:14.606+0000][29442][gc,marking  ] GC(148) Concurrent Mark From Roots
[2023-07-11T14:11:14.606+0000][29442][gc,task     ] GC(148) Using 1 workers of 1 for marking
[2023-07-11T14:11:14.726+0000][29442][gc,marking  ] GC(148) Concurrent Mark From Roots 120.701ms
[2023-07-11T14:11:14.726+0000][29442][gc,marking  ] GC(148) Concurrent Preclean
[2023-07-11T14:11:14.727+0000][29442][gc,marking  ] GC(148) Concurrent Preclean 0.218ms
[2023-07-11T14:11:14.727+0000][29442][gc,start    ] GC(148) Pause Remark
[2023-07-11T14:11:14.730+0000][29442][gc          ] GC(148) Pause Remark 83M->83M(1024M) 2.889ms
[2023-07-11T14:11:14.730+0000][29442][gc,cpu      ] GC(148) User=0.00s Sys=0.00s Real=0.00s
[2023-07-11T14:11:14.730+0000][29442][safepoint   ] Safepoint "G1Concurrent", Time since last: 123016291 ns, Reaching safepoint: 71223 ns, At safepoint: 2934792 ns, Total: 3006015 ns
[2023-07-11T14:11:14.730+0000][29442][gc,marking  ] GC(148) Concurrent Mark 124.116ms
[2023-07-11T14:11:14.730+0000][29442][gc,marking  ] GC(148) Concurrent Rebuild Remembered Sets
[2023-07-11T14:11:14.771+0000][29442][gc,marking  ] GC(148) Concurrent Rebuild Remembered Sets 41.460ms
[2023-07-11T14:11:14.771+0000][29442][gc,start    ] GC(148) Pause Cleanup
[2023-07-11T14:11:14.771+0000][29442][gc          ] GC(148) Pause Cleanup 83M->83M(1024M) 0.138ms
[2023-07-11T14:11:14.771+0000][29442][gc,cpu      ] GC(148) User=0.00s Sys=0.00s Real=0.00s
[2023-07-11T14:11:14.771+0000][29442][safepoint   ] Safepoint "G1Concurrent", Time since last: 41598466 ns, Reaching safepoint: 46366 ns, At safepoint: 178178 ns, Total: 224544 ns
[2023-07-11T14:11:14.771+0000][29442][gc,marking  ] GC(148) Concurrent Cleanup for Next Mark
[2023-07-11T14:11:14.773+0000][29442][gc,marking  ] GC(148) Concurrent Cleanup for Next Mark 1.609ms
[2023-07-11T14:11:14.773+0000][29442][gc          ] GC(148) Concurrent Mark Cycle 169.447ms
